ts=2026-08-15T11:21:02Z caller=logging.go:85 method=Health result=2 took=27.293碌s
ts=2026-08-15T11:21:04Z caller=logging.go:85 method=Health result=2 took=27.333碌s
ts=2026-08-15T11:21:05Z caller=logging.go:85 method=Health result=2 took=28.675碌s
ts=2026-08-15T11:21:07Z caller=logging.go:85 method=Health result=2 took=26.982碌s
ts=2026-08-15T11:21:08Z caller=logging.go:85 method=Health result=2 took=27.433碌s
ts=2026-08-15T11:21:10Z caller=logging.go:85 method=Health result=2 took=28.084碌s
ts=2026-08-15T11:21:11Z caller=logging.go:85 method=Health result=2 took=34.587碌s
ts=2026-08-15T11:21:13Z caller=logging.go:85 method=Health result=2 took=33.455碌s
ts=2026-08-15T11:21:14Z caller=logging.go:85 method=Health result=2 took=31.821碌s
ts=2026-08-15T11:21:16Z caller=logging.go:85 method=Health result=2 took=34.156碌s
ts=2026-08-15T11:21:17Z caller=logging.go:85 method=Health result=2 took=38.094碌s
ts=2026-08-15T11:21:19Z caller=logging.go:85 method=Health result=2 took=26.862碌s
ts=2026-08-15T11:21:20Z caller=logging.go:85 method=Health result=2 took=26.993碌s
ts=2026-08-15T11:21:22Z caller=logging.go:85 method=Health result=2 took=26.792碌s
ts=2026-08-15T11:21:23Z caller=logging.go:85 method=Health result=2 took=28.024碌s
ts=2026-08-15T11:21:25Z caller=logging.go:85 method=Health result=2 took=27.543碌s
ts=2026-08-15T11:21:26Z caller=logging.go:85 method=Health result=2 took=25.61碌s
ts=2026-08-15T11:21:28Z caller=logging.go:85 method=Health result=2 took=30.85碌s
ts=2026-08-15T11:21:29Z caller=logging.go:85 method=Health result=2 took=29.016碌s
ts=2026-08-15T11:21:31Z caller=logging.go:85 method=Health result=2 took=27.293碌s
ts=2026-08-15T11:21:32Z caller=logging.go:85 method=Health result=2 took=27.303碌s
ts=2026-08-15T11:21:34Z caller=logging.go:85 method=Health result=2 took=30.349碌s
ts=2026-08-15T11:21:35Z caller=logging.go:85 method=Health result=2 took=30.519碌s
ts=2026-08-15T11:21:37Z caller=logging.go:85 method=Health result=2 took=54.972碌s
ts=2026-08-15T11:21:38Z caller=logging.go:85 method=Health result=2 took=32.733碌s
ts=2026-08-15T11:21:40Z caller=logging.go:85 method=Health result=2 took=26.752碌s
ts=2026-08-15T11:21:41Z caller=logging.go:85 method=Health result=2 took=27.513碌s
ts=2026-08-15T11:21:43Z caller=logging.go:85 method=Health result=2 took=28.765碌s
ts=2026-08-15T11:21:44Z caller=logging.go:85 method=Health result=2 took=27.403碌s
ts=2026-08-15T11:21:46Z caller=logging.go:85 method=Health result=2 took=29.978碌s
ts=2026-08-15T11:21:47Z caller=logging.go:85 method=Health result=2 took=28.595碌s
ts=2026-08-15T11:21:49Z caller=logging.go:85 method=Health result=2 took=28.114碌s
ts=2026-08-15T11:21:50Z caller=logging.go:85 method=Health result=2 took=26.311碌s
ts=2026-08-15T11:21:52Z caller=logging.go:85 method=Health result=2 took=34.217碌s
ts=2026-08-15T11:21:53Z caller=logging.go:85 method=Health result=2 took=34.797碌s
ts=2026-08-15T11:21:55Z caller=logging.go:85 method=Health result=2 took=28.596碌s
ts=2026-08-15T11:21:56Z caller=logging.go:85 method=Health result=2 took=27.403碌s
ts=2026-08-15T11:21:58Z caller=logging.go:85 method=Health result=2 took=27.393碌s
ts=2026-08-15T11:21:59Z caller=logging.go:85 method=Health result=2 took=28.174碌s
ts=2026-08-15T11:22:01Z caller=logging.go:85 method=Health result=2 took=31.841碌s
ts=2026-08-15T11:22:02Z caller=logging.go:85 method=Health result=2 took=25.7碌s
ts=2026-08-15T11:22:04Z caller=logging.go:85 method=Health result=2 took=29.918碌s
ts=2026-08-15T11:22:05Z caller=logging.go:85 method=Health result=2 took=37.893碌s
ts=2026-08-15T11:22:07Z caller=logging.go:85 method=Health result=2 took=26.371碌s
ts=2026-08-15T11:22:08Z caller=logging.go:85 method=Health result=2 took=27.473碌s
ts=2026-08-15T11:22:10Z caller=logging.go:85 method=Health result=2 took=28.505碌s
ts=2026-08-15T11:22:11Z caller=logging.go:85 method=Health result=2 took=35.198碌s
ts=2026-08-15T11:22:13Z caller=logging.go:85 method=Health result=2 took=30.189碌s
ts=2026-08-15T11:22:14Z caller=logging.go:85 method=Health result=2 took=27.343碌s
ts=2026-08-15T11:22:16Z caller=logging.go:85 method=Health result=2 took=29.247碌s
ts=2026-08-15T11:22:17Z caller=logging.go:85 method=Health result=2 took=26.621碌s
ts=2026-08-15T11:22:19Z caller=logging.go:85 method=Health result=2 took=26.692碌s
ts=2026-08-15T11:22:20Z caller=logging.go:85 method=Health result=2 took=41.51碌s
ts=2026-08-15T11:22:22Z caller=logging.go:85 method=Health result=2 took=25.719碌s
ts=2026-08-15T11:22:23Z caller=logging.go:85 method=Health result=2 took=27.393碌s
ts=2026-08-15T11:22:25Z caller=logging.go:85 method=Health result=2 took=33.295碌s
ts=2026-08-15T11:22:26Z caller=logging.go:85 method=Health result=2 took=26.902碌s
ts=2026-08-15T11:22:28Z caller=logging.go:85 method=Health result=2 took=27.784碌s
ts=2026-08-15T11:22:29Z caller=logging.go:85 method=Health result=2 took=26.661碌s
ts=2026-08-15T11:22:31Z caller=logging.go:85 method=Health result=2 took=35.208碌s
ts=2026-08-15T11:22:32Z caller=logging.go:85 method=Health result=2 took=25.77碌s
ts=2026-08-15T11:22:34Z caller=logging.go:85 method=Health result=2 took=29.076碌s
ts=2026-08-15T11:22:35Z caller=logging.go:85 method=Health result=2 took=32.182碌s
ts=2026-08-15T11:22:37Z caller=logging.go:85 method=Health result=2 took=35.679碌s
ts=2026-08-15T11:22:38Z caller=logging.go:85 method=Health result=2 took=26.662碌s
ts=2026-08-15T11:22:40Z caller=logging.go:85 method=Health result=2 took=35.769碌s
ts=2026-08-15T11:22:41Z caller=logging.go:85 method=Health result=2 took=28.365碌s
ts=2026-08-15T11:22:43Z caller=logging.go:85 method=Health result=2 took=32.804碌s
ts=2026-08-15T11:22:44Z caller=logging.go:85 method=Health result=2 took=32.884碌s
ts=2026-08-15T11:22:46Z caller=logging.go:85 method=Health result=2 took=30.84碌s
ts=2026-08-15T11:22:47Z caller=logging.go:85 method=Health result=2 took=32.112碌s
ts=2026-08-15T11:22:49Z caller=logging.go:85 method=Health result=2 took=27.253碌s
ts=2026-08-15T11:22:50Z caller=logging.go:85 method=Health result=2 took=27.223碌s
ts=2026-08-15T11:22:52Z caller=logging.go:85 method=Health result=2 took=35.449碌s
ts=2026-08-15T11:22:53Z caller=logging.go:85 method=Health result=2 took=35.078碌s
ts=2026-08-15T11:22:55Z caller=logging.go:85 method=Health result=2 took=27.644碌s
ts=2026-08-15T11:22:56Z caller=logging.go:85 method=Health result=2 took=31.461碌s
ts=2026-08-15T11:22:58Z caller=logging.go:85 method=Health result=2 took=28.946碌s
ts=2026-08-15T11:22:59Z caller=logging.go:85 method=Health result=2 took=31.912碌s
ts=2026-08-15T11:23:01Z caller=logging.go:85 method=Health result=2 took=38.094碌s
ts=2026-08-15T11:23:02Z caller=logging.go:85 method=Health result=2 took=33.074碌s
ts=2026-08-15T11:23:04Z caller=logging.go:85 method=Health result=2 took=36.16碌s
ts=2026-08-15T11:23:05Z caller=logging.go:36 method=List tags= order=id pageNum=1 pageSize=10 result=9 err=null took=785.81碌s
ts=2026-08-15T11:23:05Z caller=logging.go:85 method=Health result=2 took=26.261碌s
ts=2026-08-15T11:23:07Z caller=logging.go:85 method=Health result=2 took=27.724碌s
ts=2026-08-15T11:23:08Z caller=logging.go:36 method=List tags= order=id pageNum=1 pageSize=10 result=9 err=null took=777.68碌s
ts=2026-08-15T11:23:08Z caller=logging.go:85 method=Health result=2 took=36.931碌s
ts=2026-08-15T11:23:10Z caller=logging.go:36 method=List tags= order=id pageNum=1 pageSize=10 result=9 err=null took=702.304碌s
ts=2026-08-15T11:23:10Z caller=logging.go:85 method=Health result=2 took=29.577碌s
ts=2026-08-15T11:23:11Z caller=logging.go:85 method=Health result=2 took=27.854碌s
ts=2026-08-15T11:23:12Z caller=logging.go:36 method=List tags= order=id pageNum=1 pageSize=10 result=9 err=null took=720.89碌s
ts=2026-08-15T11:23:13Z caller=logging.go:85 method=Health result=2 took=32.603碌s
ts=2026-08-15T11:23:14Z caller=logging.go:36 method=List tags= order=id pageNum=1 pageSize=10 result=9 err=null took=859.649碌s
ts=2026-08-15T11:23:14Z caller=logging.go:85 method=Health result=2 took=35.208碌s
ts=2026-08-15T11:23:16Z caller=logging.go:85 method=Health result=2 took=35.97碌s
ts=2026-08-15T11:23:16Z caller=logging.go:36 method=List tags= order=id pageNum=1 pageSize=10 result=9 err=null took=828.694碌s
ts=2026-08-15T11:23:17Z caller=logging.go:85 method=Health result=2 took=25.83碌s
ts=2026-08-15T11:23:19Z caller=logging.go:85 method=Health result=2 took=26.091碌s
ts=2026-08-15T11:23:19Z caller=logging.go:36 method=List tags= order=id pageNum=1 pageSize=10 result=9 err=null took=742.647碌s
ts=2026-08-15T11:23:20Z caller=logging.go:85 method=Health result=2 took=29.206碌s
ts=2026-08-15T11:23:22Z caller=logging.go:85 method=Health result=2 took=52.181碌s
ts=2026-08-15T11:23:22Z caller=logging.go:36 method=List tags= order=id pageNum=1 pageSize=10 result=9 err=null took=772.195碌s
ts=2026-08-15T11:23:23Z caller=logging.go:85 method=Health result=2 took=71.749碌s
ts=2026-08-15T11:23:25Z caller=logging.go:85 method=Health result=2 took=35.519碌s
ts=2026-08-15T11:23:25Z caller=logging.go:36 method=List tags= order=id pageNum=1 pageSize=10 result=9 err=null took=714.984碌s
ts=2026-08-15T11:23:26Z caller=logging.go:85 method=Health result=2 took=30.95碌s
ts=2026-08-15T11:23:28Z caller=logging.go:85 method=Health result=2 took=27.373碌s
ts=2026-08-15T11:23:29Z caller=logging.go:36 method=List tags= order=id pageNum=1 pageSize=10 result=9 err=null took=749.3碌s
ts=2026-08-15T11:23:29Z caller=logging.go:85 method=Health result=2 took=27.353碌s
ts=2026-08-15T11:23:31Z caller=logging.go:85 method=Health result=2 took=26.902碌s
ts=2026-08-15T11:23:32Z caller=logging.go:36 method=List tags= order=id pageNum=1 pageSize=10 result=9 err=null took=794.689碌s
ts=2026-08-15T11:23:32Z caller=logging.go:85 method=Health result=2 took=33.776碌s
ts=2026-08-15T11:23:34Z caller=logging.go:85 method=Health result=2 took=35.689碌s
ts=2026-08-15T11:23:35Z caller=logging.go:36 method=List tags= order=id pageNum=1 pageSize=10 result=9 err=null took=797.259碌s
ts=2026-08-15T11:23:35Z caller=logging.go:85 method=Health result=2 took=30.85碌s
ts=2026-08-15T11:23:37Z caller=logging.go:85 method=Health result=2 took=38.224碌s
ts=2026-08-15T11:23:38Z caller=logging.go:36 method=List tags= order=id pageNum=1 pageSize=10 result=9 err=null took=1.300893ms
ts=2026-08-15T11:23:38Z caller=logging.go:85 method=Health result=2 took=44.567碌s
ts=2026-08-15T11:23:40Z caller=logging.go:85 method=Health result=2 took=27.152碌s
ts=2026-08-15T11:23:41Z caller=logging.go:36 method=List tags= order=id pageNum=1 pageSize=10 result=9 err=null took=793.972碌s
ts=2026-08-15T11:23:41Z caller=logging.go:85 method=Health result=2 took=33.635碌s
ts=2026-08-15T11:23:43Z caller=logging.go:85 method=Health result=2 took=29.567碌s
ts=2026-08-15T11:23:44Z caller=logging.go:36 method=List tags= order=id pageNum=1 pageSize=10 result=9 err=null took=836.358碌s
ts=2026-08-15T11:23:44Z caller=logging.go:85 method=Health result=2 took=35.058碌s
ts=2026-08-15T11:23:46Z caller=logging.go:85 method=Health result=2 took=34.327碌s
ts=2026-08-15T11:23:47Z caller=logging.go:36 method=List tags= order=id pageNum=1 pageSize=10 result=9 err=null took=776.412碌s
ts=2026-08-15T11:23:47Z caller=logging.go:85 method=Health result=2 took=27.263碌s
ts=2026-08-15T11:23:49Z caller=logging.go:85 method=Health result=2 took=26.662碌s
ts=2026-08-15T11:23:50Z caller=logging.go:36 method=List tags= order=id pageNum=1 pageSize=10 result=9 err=null took=888.798碌s
ts=2026-08-15T11:23:50Z caller=logging.go:85 method=Health result=2 took=27.112碌s
ts=2026-08-15T11:23:52Z caller=logging.go:85 method=Health result=2 took=25.679碌s
ts=2026-08-15T11:23:53Z caller=logging.go:36 method=List tags= order=id pageNum=1 pageSize=10 result=9 err=null took=841.605碌s
ts=2026-08-15T11:23:53Z caller=logging.go:85 method=Health result=2 took=21.982碌s
ts=2026-08-15T11:23:55Z caller=logging.go:85 method=Health result=2 took=34.738碌s
ts=2026-08-15T11:23:56Z caller=logging.go:85 method=Health result=2 took=27.623碌s
ts=2026-08-15T11:23:56Z caller=logging.go:36 method=List tags= order=id pageNum=1 pageSize=10 result=9 err=null took=792.979碌s
ts=2026-08-15T11:23:58Z caller=logging.go:85 method=Health result=2 took=35.118碌s
ts=2026-08-15T11:23:59Z caller=logging.go:85 method=Health result=2 took=27.443碌s
ts=2026-08-15T11:23:59Z caller=logging.go:36 method=List tags= order=id pageNum=1 pageSize=10 result=9 err=null took=757.695碌s
ts=2026-08-15T11:24:01Z caller=logging.go:85 method=Health result=2 took=26.792碌s
ts=2026-08-15T11:24:02Z caller=logging.go:85 method=Health result=2 took=27.563碌s
ts=2026-08-15T11:24:03Z caller=logging.go:36 method=List tags= order=id pageNum=1 pageSize=10 result=9 err=null took=781.868碌s
ts=2026-08-15T11:24:04Z caller=logging.go:85 method=Health result=2 took=28.576碌s
ts=2026-08-15T11:24:05Z caller=logging.go:85 method=Health result=2 took=27.464碌s
ts=2026-08-15T11:24:06Z caller=logging.go:36 method=List tags= order=id pageNum=1 pageSize=10 result=9 err=null took=746.212碌s
ts=2026-08-15T11:24:07Z caller=logging.go:85 method=Health result=2 took=26.03碌s
ts=2026-08-15T11:24:08Z caller=logging.go:85 method=Health result=2 took=27.303碌s
ts=2026-08-15T11:24:09Z caller=logging.go:36 method=List tags= order=id pageNum=1 pageSize=10 result=9 err=null took=751.101碌s
ts=2026-08-15T11:24:10Z caller=logging.go:85 method=Health result=2 took=29.527碌s
ts=2026-08-15T11:24:11Z caller=logging.go:85 method=Health result=2 took=32.153碌s
ts=2026-08-15T11:24:12Z caller=logging.go:36 method=List tags= order=id pageNum=1 pageSize=10 result=9 err=null took=731.97碌s
ts=2026-08-15T11:24:13Z caller=logging.go:85 method=Health result=2 took=33.735碌s
ts=2026-08-15T11:24:14Z caller=logging.go:85 method=Health result=2 took=27.263碌s
ts=2026-08-15T11:24:15Z caller=logging.go:36 method=List tags= order=id pageNum=1 pageSize=10 result=9 err=null took=752.84碌s
ts=2026-08-15T11:24:16Z caller=logging.go:85 method=Health result=2 took=30.429碌s
ts=2026-08-15T11:24:17Z caller=logging.go:85 method=Health result=2 took=29.407碌s
ts=2026-08-15T11:24:18Z caller=logging.go:36 method=List tags= order=id pageNum=1 pageSize=10 result=9 err=null took=719.125碌s
ts=2026-08-15T11:24:19Z caller=logging.go:85 method=Health result=2 took=29.187碌s
ts=2026-08-15T11:24:20Z caller=logging.go:36 method=List tags= order=id pageNum=1 pageSize=10 result=9 err=null took=779.173碌s
ts=2026-08-15T11:24:20Z caller=logging.go:36 method=List tags= order=id pageNum=1 pageSize=10 result=9 err=null took=825.587碌s
ts=2026-08-15T11:24:20Z caller=logging.go:36 method=List tags= order=id pageNum=1 pageSize=10 result=9 err=null took=739.734碌s
ts=2026-08-15T11:24:20Z caller=logging.go:36 method=List tags= order=id pageNum=1 pageSize=10 result=9 err=null took=780.383碌s
ts=2026-08-15T11:24:20Z caller=logging.go:36 method=List tags= order=id pageNum=1 pageSize=10 result=9 err=null took=717.251碌s
ts=2026-08-15T11:24:20Z caller=logging.go:85 method=Health result=2 took=26.992碌s
ts=2026-08-15T11:24:21Z caller=logging.go:36 method=List tags= order=id pageNum=1 pageSize=10 result=9 err=null took=862.207碌s
ts=2026-08-15T11:24:21Z caller=logging.go:36 method=List tags= order=id pageNum=1 pageSize=10 result=9 err=null took=788.911碌s
ts=2026-08-15T11:24:21Z caller=logging.go:36 method=List tags= order=id pageNum=1 pageSize=10 result=9 err=null took=789.805碌s
ts=2026-08-15T11:24:21Z caller=logging.go:36 method=List tags= order=id pageNum=1 pageSize=10 result=9 err=null took=877.29碌s
ts=2026-08-15T11:24:21Z caller=logging.go:36 method=List tags= order=id pageNum=1 pageSize=10 result=9 err=null took=726.318碌s
ts=2026-08-15T11:24:22Z caller=logging.go:85 method=Health result=2 took=28.385碌s
ts=2026-08-15T11:24:23Z caller=logging.go:85 method=Health result=2 took=31.16碌s
ts=2026-08-15T11:24:25Z caller=logging.go:85 method=Health result=2 took=26.562碌s
ts=2026-08-15T11:24:26Z caller=logging.go:85 method=Health result=2 took=27.643碌s
ts=2026-08-15T11:24:28Z caller=logging.go:85 method=Health result=2 took=28.735碌s
ts=2026-08-15T11:24:29Z caller=logging.go:85 method=Health result=2 took=29.297碌s
ts=2026-08-15T11:24:31Z caller=logging.go:85 method=Health result=2 took=27.554碌s
ts=2026-08-15T11:24:32Z caller=logging.go:85 method=Health result=2 took=26.221碌s
ts=2026-08-15T11:24:34Z caller=logging.go:85 method=Health result=2 took=26.19碌s
ts=2026-08-15T11:24:35Z caller=logging.go:85 method=Health result=2 took=38.926碌s
ts=2026-08-15T11:24:37Z caller=logging.go:85 method=Health result=2 took=26.492碌s
ts=2026-08-15T11:24:38Z caller=logging.go:85 method=Health result=2 took=28.475碌s
ts=2026-08-15T11:24:40Z caller=logging.go:85 method=Health result=2 took=26.06碌s
ts=2026-08-15T11:24:41Z caller=logging.go:85 method=Health result=2 took=30.038碌s
ts=2026-08-15T11:24:43Z caller=logging.go:85 method=Health result=2 took=26.842碌s
ts=2026-08-15T11:24:44Z caller=logging.go:85 method=Health result=2 took=28.034碌s
ts=2026-08-15T11:24:46Z caller=logging.go:85 method=Health result=2 took=30.028碌s
ts=2026-08-15T11:24:47Z caller=logging.go:85 method=Health result=2 took=34.286碌s
ts=2026-08-15T11:24:49Z caller=logging.go:85 method=Health result=2 took=27.683碌s
ts=2026-08-15T11:24:50Z caller=logging.go:85 method=Health result=2 took=34.146碌s
ts=2026-08-15T11:24:52Z caller=logging.go:85 method=Health result=2 took=34.778碌s
ts=2026-08-15T11:24:53Z caller=logging.go:85 method=Health result=2 took=38.044碌s
ts=2026-08-15T11:24:55Z caller=logging.go:85 method=Health result=2 took=28.254碌s
ts=2026-08-15T11:24:56Z caller=logging.go:85 method=Health result=2 took=27.954碌s
ts=2026-08-15T11:24:58Z caller=logging.go:85 method=Health result=2 took=26.993碌s
ts=2026-08-15T11:24:59Z caller=logging.go:85 method=Health result=2 took=32.713碌s
ts=2026-08-15T11:25:01Z caller=logging.go:85 method=Health result=2 took=27.313碌s
ts=2026-08-15T11:25:02Z caller=logging.go:85 method=Health result=2 took=27.223碌s
ts=2026-08-15T11:25:04Z caller=logging.go:85 method=Health result=2 took=27.924碌s
ts=2026-08-15T11:25:05Z caller=logging.go:85 method=Health result=2 took=26.131碌s
ts=2026-08-15T11:25:07Z caller=logging.go:85 method=Health result=2 took=26.852碌s
ts=2026-08-15T11:25:08Z caller=logging.go:85 method=Health result=2 took=29.417碌s
ts=2026-08-15T11:25:10Z caller=logging.go:85 method=Health result=2 took=27.223碌s
ts=2026-08-15T11:25:11Z caller=logging.go:85 method=Health result=2 took=34.467碌s
ts=2026-08-15T11:25:13Z caller=logging.go:85 method=Health result=2 took=27.643碌s
ts=2026-08-15T11:25:14Z caller=logging.go:85 method=Health result=2 took=29.006碌s
ts=2026-08-15T11:25:16Z caller=logging.go:85 method=Health result=2 took=37.463碌s
ts=2026-08-15T11:25:17Z caller=logging.go:85 method=Health result=2 took=37.602碌s
ts=2026-08-15T11:25:19Z caller=logging.go:85 method=Health result=2 took=35.959碌s
ts=2026-08-15T11:25:20Z caller=logging.go:85 method=Health result=2 took=28.275碌s
ts=2026-08-15T11:25:22Z caller=logging.go:85 method=Health result=2 took=30.249碌s
ts=2026-08-15T11:25:23Z caller=logging.go:85 method=Health result=2 took=26.091碌s
ts=2026-08-15T11:25:25Z caller=logging.go:85 method=Health result=2 took=40.709碌s
ts=2026-08-15T11:25:26Z caller=logging.go:85 method=Health result=2 took=26.592碌s
ts=2026-08-15T11:25:28Z caller=logging.go:85 method=Health result=2 took=27.172碌s
ts=2026-08-15T11:25:29Z caller=logging.go:85 method=Health result=2 took=33.285碌s
ts=2026-08-15T11:25:31Z caller=logging.go:85 method=Health result=2 took=33.214碌s
ts=2026-08-15T11:25:32Z caller=logging.go:85 method=Health result=2 took=26.892碌s
ts=2026-08-15T11:25:34Z caller=logging.go:85 method=Health result=2 took=33.645碌s
ts=2026-08-15T11:25:35Z caller=logging.go:85 method=Health result=2 took=27.724碌s
ts=2026-08-15T11:25:37Z caller=logging.go:85 method=Health result=2 took=36.32碌s
ts=2026-08-15T11:25:38Z caller=logging.go:85 method=Health result=2 took=24.227碌s
ts=2026-08-15T11:25:40Z caller=logging.go:85 method=Health result=2 took=26.321碌s
ts=2026-08-15T11:25:41Z caller=logging.go:85 method=Health result=2 took=35.378碌s
ts=2026-08-15T11:25:43Z caller=logging.go:85 method=Health result=2 took=26.892碌s
ts=2026-08-15T11:25:44Z caller=logging.go:85 method=Health result=2 took=28.134碌s
ts=2026-08-15T11:25:46Z caller=logging.go:85 method=Health result=2 took=27.102碌s
ts=2026-08-15T11:25:47Z caller=logging.go:85 method=Health result=2 took=27.763碌s
ts=2026-08-15T11:25:49Z caller=logging.go:85 method=Health result=2 took=26.962碌s
ts=2026-08-15T11:25:50Z caller=logging.go:85 method=Health result=2 took=26.301碌s
ts=2026-08-15T11:25:52Z caller=logging.go:85 method=Health result=2 took=27.604碌s
ts=2026-08-15T11:25:53Z caller=logging.go:85 method=Health result=2 took=26.612碌s
ts=2026-08-15T11:25:55Z caller=logging.go:85 method=Health result=2 took=30.389碌s
ts=2026-08-15T11:25:56Z caller=logging.go:85 method=Health result=2 took=26.712碌s
ts=2026-08-15T11:25:58Z caller=logging.go:85 method=Health result=2 took=27.173碌s
ts=2026-08-15T11:25:59Z caller=logging.go:85 method=Health result=2 took=28.084碌s
ts=2026-08-15T11:26:01Z caller=logging.go:85 method=Health result=2 took=27.243碌s
ts=2026-08-15T11:26:02Z caller=logging.go:85 method=Health result=2 took=26.341碌s
ts=2026-08-15T11:26:04Z caller=logging.go:85 method=Health result=2 took=27.874碌s
ts=2026-08-15T11:26:05Z caller=logging.go:85 method=Health result=2 took=26.942碌s
ts=2026-08-15T11:26:07Z caller=logging.go:85 method=Health result=2 took=27.182碌s
ts=2026-08-15T11:26:08Z caller=logging.go:85 method=Health result=2 took=26.04碌s
ts=2026-08-15T11:26:10Z caller=logging.go:85 method=Health result=2 took=34.467碌s
ts=2026-08-15T11:26:11Z caller=logging.go:85 method=Health result=2 took=27.042碌s
ts=2026-08-15T11:26:13Z caller=logging.go:85 method=Health result=2 took=25.69碌s
ts=2026-08-15T11:26:14Z caller=logging.go:85 method=Health result=2 took=33.956碌s
ts=2026-08-15T11:26:16Z caller=logging.go:85 method=Health result=2 took=34.717碌s
ts=2026-08-15T11:26:17Z caller=logging.go:85 method=Health result=2 took=28.455碌s
ts=2026-08-15T11:26:19Z caller=logging.go:85 method=Health result=2 took=26.882碌s
ts=2026-08-15T11:26:20Z caller=logging.go:85 method=Health result=2 took=34.958碌s
ts=2026-08-15T11:26:22Z caller=logging.go:85 method=Health result=2 took=28.976碌s
ts=2026-08-15T11:26:23Z caller=logging.go:85 method=Health result=2 took=27.133碌s
ts=2026-08-15T11:26:25Z caller=logging.go:85 method=Health result=2 took=28.986碌s
ts=2026-08-15T11:26:26Z caller=logging.go:85 method=Health result=2 took=27.253碌s
ts=2026-08-15T11:26:28Z caller=logging.go:85 method=Health result=2 took=33.815碌s
ts=2026-08-15T11:26:29Z caller=logging.go:85 method=Health result=2 took=27.884碌s
ts=2026-08-15T11:26:31Z caller=logging.go:85 method=Health result=2 took=27.153碌s
ts=2026-08-15T11:26:32Z caller=logging.go:85 method=Health result=2 took=26.311碌s
ts=2026-08-15T11:26:34Z caller=logging.go:85 method=Health result=2 took=33.264碌s
ts=2026-08-15T11:26:35Z caller=logging.go:85 method=Health result=2 took=34.757碌s
ts=2026-08-15T11:26:37Z caller=logging.go:85 method=Health result=2 took=43.795碌s
ts=2026-08-15T11:26:38Z caller=logging.go:85 method=Health result=2 took=26.482碌s
ts=2026-08-15T11:26:40Z caller=logging.go:85 method=Health result=2 took=26.14碌s
ts=2026-08-15T11:26:41Z caller=logging.go:85 method=Health result=2 took=29.547碌s
ts=2026-08-15T11:26:43Z caller=logging.go:85 method=Health result=2 took=30.719碌s
ts=2026-08-15T11:26:44Z caller=logging.go:85 method=Health result=2 took=28.355碌s
ts=2026-08-15T11:26:46Z caller=logging.go:85 method=Health result=2 took=26.712碌s
ts=2026-08-15T11:26:47Z caller=logging.go:85 method=Health result=2 took=28.816碌s
ts=2026-08-15T11:26:49Z caller=logging.go:85 method=Health result=2 took=37.803碌s
ts=2026-08-15T11:26:50Z caller=logging.go:85 method=Health result=2 took=28.024碌s
ts=2026-08-15T11:26:52Z caller=logging.go:85 method=Health result=2 took=27.914碌s
ts=2026-08-15T11:26:53Z caller=logging.go:85 method=Health result=2 took=31.24碌s
ts=2026-08-15T11:26:55Z caller=logging.go:85 method=Health result=2 took=26.23碌s
ts=2026-08-15T11:26:56Z caller=logging.go:85 method=Health result=2 took=29.627碌s
ts=2026-08-15T11:26:58Z caller=logging.go:85 method=Health result=2 took=26.642碌s
ts=2026-08-15T11:26:59Z caller=logging.go:85 method=Health result=2 took=27.433碌s
ts=2026-08-15T11:27:01Z caller=logging.go:85 method=Health result=2 took=29.497碌s
ts=2026-08-15T11:27:02Z caller=logging.go:85 method=Health result=2 took=26.652碌s
ts=2026-08-15T11:27:04Z caller=logging.go:85 method=Health result=2 took=29.166碌s
ts=2026-08-15T11:27:05Z caller=logging.go:85 method=Health result=2 took=27.804碌s
ts=2026-08-15T11:27:07Z caller=logging.go:85 method=Health result=2 took=26.902碌s
ts=2026-08-15T11:27:08Z caller=logging.go:85 method=Health result=2 took=27.183碌s
ts=2026-08-15T11:27:10Z caller=logging.go:85 method=Health result=2 took=27.213碌s
ts=2026-08-15T11:27:11Z caller=logging.go:85 method=Health result=2 took=28.074碌s
ts=2026-08-15T11:27:13Z caller=logging.go:85 method=Health result=2 took=27.503碌s
ts=2026-08-15T11:27:14Z caller=logging.go:85 method=Health result=2 took=27.723碌s
ts=2026-08-15T11:27:16Z caller=logging.go:85 method=Health result=2 took=28.495碌s
ts=2026-08-15T11:27:17Z caller=logging.go:85 method=Health result=2 took=28.255碌s
ts=2026-08-15T11:27:19Z caller=logging.go:85 method=Health result=2 took=26.371碌s
ts=2026-08-15T11:27:20Z caller=logging.go:85 method=Health result=2 took=28.124碌s
ts=2026-08-15T11:27:22Z caller=logging.go:85 method=Health result=2 took=27.433碌s
ts=2026-08-15T11:27:23Z caller=logging.go:85 method=Health result=2 took=33.976碌s
ts=2026-08-15T11:27:25Z caller=logging.go:85 method=Health result=2 took=29.908碌s
ts=2026-08-15T11:27:26Z caller=logging.go:85 method=Health result=2 took=28.936碌s
ts=2026-08-15T11:27:27Z caller=logging.go:36 method=List tags= order=id pageNum=1 pageSize=10 result=9 err=null took=811.093碌s
ts=2026-08-15T11:27:28Z caller=logging.go:85 method=Health result=2 took=34.337碌s
ts=2026-08-15T11:27:29Z caller=logging.go:36 method=List tags= order=id pageNum=1 pageSize=10 result=9 err=null took=732.848碌s
ts=2026-08-15T11:27:29Z caller=logging.go:85 method=Health result=2 took=35.229碌s
ts=2026-08-15T11:27:31Z caller=logging.go:36 method=List tags= order=id pageNum=1 pageSize=10 result=9 err=null took=773.156碌s
ts=2026-08-15T11:27:31Z caller=logging.go:85 method=Health result=2 took=26.862碌s
ts=2026-08-15T11:27:32Z caller=logging.go:85 method=Health result=2 took=25.72碌s
ts=2026-08-15T11:27:33Z caller=logging.go:36 method=List tags= order=id pageNum=1 pageSize=10 result=9 err=null took=731.35碌s
ts=2026-08-15T11:27:34Z caller=logging.go:85 method=Health result=2 took=59.705碌s
ts=2026-08-15T11:27:35Z caller=logging.go:36 method=List tags= order=id pageNum=1 pageSize=10 result=9 err=null took=713.606碌s
ts=2026-08-15T11:27:35Z caller=logging.go:85 method=Health result=2 took=27.383碌s
ts=2026-08-15T11:27:37Z caller=logging.go:36 method=List tags= order=id pageNum=1 pageSize=10 result=9 err=null took=743.243碌s
ts=2026-08-15T11:27:37Z caller=logging.go:85 method=Health result=2 took=24.577碌s
ts=2026-08-15T11:27:38Z caller=logging.go:85 method=Health result=2 took=33.445碌s
ts=2026-08-15T11:27:40Z caller=logging.go:85 method=Health result=2 took=44.496碌s
ts=2026-08-15T11:27:40Z caller=logging.go:36 method=List tags= order=id pageNum=1 pageSize=10 result=9 err=null took=769.102碌s
ts=2026-08-15T11:27:41Z caller=logging.go:85 method=Health result=2 took=36.26碌s
ts=2026-08-15T11:27:43Z caller=logging.go:85 method=Health result=2 took=27.964碌s
ts=2026-08-15T11:27:43Z caller=logging.go:36 method=List tags= order=id pageNum=1 pageSize=10 result=9 err=null took=779.469碌s
ts=2026-08-15T11:27:44Z caller=logging.go:85 method=Health result=2 took=29.557碌s
ts=2026-08-15T11:27:46Z caller=logging.go:85 method=Health result=2 took=25.729碌s
ts=2026-08-15T11:27:46Z caller=logging.go:36 method=List tags= order=id pageNum=1 pageSize=10 result=9 err=null took=772.149碌s
ts=2026-08-15T11:27:47Z caller=logging.go:85 method=Health result=2 took=28.114碌s
ts=2026-08-15T11:27:49Z caller=logging.go:85 method=Health result=2 took=26.191碌s
ts=2026-08-15T11:27:49Z caller=logging.go:36 method=List tags= order=id pageNum=1 pageSize=10 result=9 err=null took=710.575碌s
ts=2026-08-15T11:27:50Z caller=logging.go:85 method=Health result=2 took=35.258碌s
ts=2026-08-15T11:27:52Z caller=logging.go:85 method=Health result=2 took=26.23碌s
ts=2026-08-15T11:27:52Z caller=logging.go:36 method=List tags= order=id pageNum=1 pageSize=10 result=9 err=null took=766.243碌s
ts=2026-08-15T11:27:53Z caller=logging.go:85 method=Health result=2 took=32.894碌s
ts=2026-08-15T11:27:55Z caller=logging.go:85 method=Health result=2 took=28.255碌s
ts=2026-08-15T11:27:56Z caller=logging.go:36 method=List tags= order=id pageNum=1 pageSize=10 result=9 err=null took=786.617碌s
ts=2026-08-15T11:27:56Z caller=logging.go:85 method=Health result=2 took=34.597碌s
ts=2026-08-15T11:27:58Z caller=logging.go:85 method=Health result=2 took=32.212碌s
ts=2026-08-15T11:27:59Z caller=logging.go:36 method=List tags= order=id pageNum=1 pageSize=10 result=9 err=null took=751.208碌s
ts=2026-08-15T11:27:59Z caller=logging.go:85 method=Health result=2 took=32.553碌s
ts=2026-08-15T11:28:01Z caller=logging.go:85 method=Health result=2 took=26碌s
ts=2026-08-15T11:28:02Z caller=logging.go:36 method=List tags= order=id pageNum=1 pageSize=10 result=9 err=null took=773.958碌s
ts=2026-08-15T11:28:02Z caller=logging.go:85 method=Health result=2 took=26.652碌s
ts=2026-08-15T11:28:04Z caller=logging.go:85 method=Health result=2 took=28.084碌s
ts=2026-08-15T11:28:05Z caller=logging.go:36 method=List tags= order=id pageNum=1 pageSize=10 result=9 err=null took=768.518碌s
ts=2026-08-15T11:28:05Z caller=logging.go:85 method=Health result=2 took=37.242碌s
ts=2026-08-15T11:28:07Z caller=logging.go:85 method=Health result=2 took=26.522碌s
ts=2026-08-15T11:28:08Z caller=logging.go:36 method=List tags= order=id pageNum=1 pageSize=10 result=9 err=null took=805.83碌s
ts=2026-08-15T11:28:08Z caller=logging.go:85 method=Health result=2 took=28.705碌s
ts=2026-08-15T11:28:10Z caller=logging.go:85 method=Health result=2 took=27.313碌s
ts=2026-08-15T11:28:11Z caller=logging.go:36 method=List tags= order=id pageNum=1 pageSize=10 result=9 err=null took=797.909碌s
ts=2026-08-15T11:28:11Z caller=logging.go:85 method=Health result=2 took=36.341碌s
ts=2026-08-15T11:28:13Z caller=logging.go:85 method=Health result=2 took=26.181碌s
ts=2026-08-15T11:28:14Z caller=logging.go:36 method=List tags= order=id pageNum=1 pageSize=10 result=9 err=null took=791.152碌s
ts=2026-08-15T11:28:14Z caller=logging.go:85 method=Health result=2 took=32.413碌s
ts=2026-08-15T11:28:16Z caller=logging.go:85 method=Health result=2 took=36.079碌s
ts=2026-08-15T11:28:17Z caller=logging.go:36 method=List tags= order=id pageNum=1 pageSize=10 result=9 err=null took=797.31碌s
ts=2026-08-15T11:28:17Z caller=logging.go:85 method=Health result=2 took=44.526碌s
ts=2026-08-15T11:28:19Z caller=logging.go:85 method=Health result=2 took=28.064碌s
ts=2026-08-15T11:28:20Z caller=logging.go:85 method=Health result=2 took=26.732碌s
ts=2026-08-15T11:28:20Z caller=logging.go:36 method=List tags= order=id pageNum=1 pageSize=10 result=9 err=null took=736.63碌s
ts=2026-08-15T11:28:22Z caller=logging.go:85 method=Health result=2 took=27.863碌s
ts=2026-08-15T11:28:23Z caller=logging.go:85 method=Health result=2 took=28.585碌s
ts=2026-08-15T11:28:23Z caller=logging.go:36 method=List tags= order=id pageNum=1 pageSize=10 result=9 err=null took=773.898碌s
ts=2026-08-15T11:28:25Z caller=logging.go:85 method=Health result=2 took=28.705碌s
ts=2026-08-15T11:28:26Z caller=logging.go:85 method=Health result=2 took=35.078碌s
ts=2026-08-15T11:28:26Z caller=logging.go:36 method=List tags= order=id pageNum=1 pageSize=10 result=9 err=null took=734.562碌s
ts=2026-08-15T11:28:28Z caller=logging.go:85 method=Health result=2 took=28.215碌s
ts=2026-08-15T11:28:29Z caller=logging.go:85 method=Health result=2 took=26.942碌s
ts=2026-08-15T11:28:30Z caller=logging.go:36 method=List tags= order=id pageNum=1 pageSize=10 result=9 err=null took=828.362碌s
ts=2026-08-15T11:28:31Z caller=logging.go:85 method=Health result=2 took=30.158碌s
ts=2026-08-15T11:28:32Z caller=logging.go:85 method=Health result=2 took=33.354碌s
ts=2026-08-15T11:28:33Z caller=logging.go:36 method=List tags= order=id pageNum=1 pageSize=10 result=9 err=null took=793.834碌s
ts=2026-08-15T11:28:34Z caller=logging.go:85 method=Health result=2 took=27.434碌s
ts=2026-08-15T11:28:35Z caller=logging.go:85 method=Health result=2 took=29.527碌s
ts=2026-08-15T11:28:36Z caller=logging.go:36 method=List tags= order=id pageNum=1 pageSize=10 result=9 err=null took=975.266碌s
ts=2026-08-15T11:28:37Z caller=logging.go:85 method=Health result=2 took=29.698碌s
ts=2026-08-15T11:28:38Z caller=logging.go:85 method=Health result=2 took=32.643碌s
ts=2026-08-15T11:28:39Z caller=logging.go:36 method=List tags= order=id pageNum=1 pageSize=10 result=9 err=null took=726.436碌s
ts=2026-08-15T11:28:40Z caller=logging.go:85 method=Health result=2 took=27.934碌s
ts=2026-08-15T11:28:40Z caller=logging.go:36 method=List tags= order=id pageNum=1 pageSize=10 result=9 err=null took=792.52碌s
ts=2026-08-15T11:28:41Z caller=logging.go:36 method=List tags= order=id pageNum=1 pageSize=10 result=9 err=null took=866.147碌s
ts=2026-08-15T11:28:41Z caller=logging.go:36 method=List tags= order=id pageNum=1 pageSize=10 result=9 err=null took=784.678碌s
ts=2026-08-15T11:28:41Z caller=logging.go:36 method=List tags= order=id pageNum=1 pageSize=10 result=9 err=null took=747.106碌s
ts=2026-08-15T11:28:41Z caller=logging.go:36 method=List tags= order=id pageNum=1 pageSize=10 result=9 err=null took=784.816碌s
ts=2026-08-15T11:28:41Z caller=logging.go:36 method=List tags= order=id pageNum=1 pageSize=10 result=0 err="database connection error" took=519.62碌s
ts=2026-08-15T11:28:41Z caller=server.go:94 err="database connection error"
[mysql] 2026/08/15 11:28:41 packets.go:33: unexpected EOF
[mysql] 2026/08/15 11:28:41 packets.go:130: write tcp 10.244.2.79:45142->10.108.173.210:3306: write: broken pipe
ts=2026-08-15T11:28:41Z caller=logging.go:36 method=List tags= order=id pageNum=1 pageSize=10 result=0 err="database connection error" took=911.3碌s
ts=2026-08-15T11:28:41Z caller=server.go:94 err="database connection error"
ts=2026-08-15T11:28:41Z caller=logging.go:85 method=Health result=2 took=652.243碌s
ts=2026-08-15T11:28:41Z caller=logging.go:36 method=List tags= order=id pageNum=1 pageSize=10 result=0 err="database connection error" took=629.961碌s
ts=2026-08-15T11:28:41Z caller=server.go:94 err="database connection error"
ts=2026-08-15T11:28:41Z caller=logging.go:36 method=List tags= order=id pageNum=1 pageSize=10 result=0 err="database connection error" took=543.382碌s
ts=2026-08-15T11:28:41Z caller=server.go:94 err="database connection error"
ts=2026-08-15T11:28:41Z caller=logging.go:36 method=List tags= order=id pageNum=1 pageSize=10 result=0 err="database connection error" took=629.428碌s
ts=2026-08-15T11:28:41Z caller=server.go:94 err="database connection error"
ts=2026-08-15T11:28:44Z caller=logging.go:85 method=Health result=2 took=876.357碌s
ts=2026-08-15T11:28:45Z caller=logging.go:36 method=List tags= order=id pageNum=1 pageSize=10 result=0 err="database connection error" took=629.329碌s
ts=2026-08-15T11:28:45Z caller=server.go:94 err="database connection error"
ts=2026-08-15T11:28:46Z caller=logging.go:85 method=Health result=2 took=801.742碌s
ts=2026-08-15T11:28:47Z caller=server.go:94 err="circuit breaker 'List' is open"
ts=2026-08-15T11:28:47Z caller=logging.go:85 method=Health result=2 took=821.906碌s
[mysql] 2026/08/15 11:28:48 packets.go:33: unexpected EOF
ts=2026-08-15T11:28:48Z caller=logging.go:85 method=Health result=2 took=5.004965264s
ts=2026-08-15T11:28:49Z caller=logging.go:85 method=Health result=2 took=796.096碌s
ts=2026-08-15T11:28:49Z caller=server.go:94 err="circuit breaker 'List' is open"
ts=2026-08-15T11:28:50Z caller=logging.go:85 method=Health result=2 took=794.765碌s
ts=2026-08-15T11:28:51Z caller=server.go:94 err="circuit breaker 'List' is open"
ts=2026-08-15T11:28:52Z caller=logging.go:85 method=Health result=2 took=1.518323ms
ts=2026-08-15T11:28:53Z caller=logging.go:85 method=Health result=2 took=31.962碌s
ts=2026-08-15T11:28:54Z caller=server.go:94 err="circuit breaker 'List' is open"
ts=2026-08-15T11:28:55Z caller=logging.go:85 method=Health result=2 took=34.587碌s
ts=2026-08-15T11:28:56Z caller=server.go:94 err="circuit breaker 'List' is open"
ts=2026-08-15T11:28:56Z caller=logging.go:85 method=Health result=2 took=29.296碌s
ts=2026-08-15T11:28:58Z caller=server.go:94 err="circuit breaker 'List' is open"
ts=2026-08-15T11:28:58Z caller=logging.go:85 method=Health result=2 took=26.832碌s
ts=2026-08-15T11:28:59Z caller=logging.go:85 method=Health result=2 took=34.386碌s
ts=2026-08-15T11:29:00Z caller=server.go:94 err="circuit breaker 'List' is open"
ts=2026-08-15T11:29:01Z caller=logging.go:85 method=Health result=2 took=27.713碌s
ts=2026-08-15T11:29:02Z caller=server.go:94 err="circuit breaker 'List' is open"
ts=2026-08-15T11:29:02Z caller=logging.go:85 method=Health result=2 took=29.638碌s
ts=2026-08-15T11:29:04Z caller=server.go:94 err="circuit breaker 'List' is open"
ts=2026-08-15T11:29:04Z caller=logging.go:85 method=Health result=2 took=27.353碌s
ts=2026-08-15T11:29:05Z caller=logging.go:85 method=Health result=2 took=33.234碌s
ts=2026-08-15T11:29:06Z caller=server.go:94 err="circuit breaker 'List' is open"
ts=2026-08-15T11:29:07Z caller=logging.go:85 method=Health result=2 took=26.782碌s
ts=2026-08-15T11:29:08Z caller=server.go:94 err="circuit breaker 'List' is open"
ts=2026-08-15T11:29:08Z caller=logging.go:85 method=Health result=2 took=26.121碌s
ts=2026-08-15T11:29:10Z caller=server.go:94 err="circuit breaker 'List' is open"
ts=2026-08-15T11:29:10Z caller=logging.go:85 method=Health result=2 took=21.291碌s
ts=2026-08-15T11:29:11Z caller=logging.go:85 method=Health result=2 took=27.223碌s
ts=2026-08-15T11:29:12Z caller=server.go:94 err="circuit breaker 'List' is open"
ts=2026-08-15T11:29:13Z caller=logging.go:85 method=Health result=2 took=30.028碌s
ts=2026-08-15T11:29:14Z caller=logging.go:85 method=Health result=2 took=31.05碌s
ts=2026-08-15T11:29:14Z caller=server.go:94 err="circuit breaker 'List' is open"
ts=2026-08-15T11:29:16Z caller=logging.go:85 method=Health result=2 took=26.451碌s
ts=2026-08-15T11:29:16Z caller=logging.go:36 method=List tags= order=id pageNum=1 pageSize=10 result=9 err=null took=3.051216ms
ts=2026-08-15T11:29:17Z caller=logging.go:85 method=Health result=2 took=27.514碌s
ts=2026-08-15T11:29:19Z caller=logging.go:36 method=List tags= order=id pageNum=1 pageSize=10 result=9 err=null took=768.388碌s
ts=2026-08-15T11:29:19Z caller=logging.go:85 method=Health result=2 took=34.156碌s
ts=2026-08-15T11:29:20Z caller=logging.go:85 method=Health result=2 took=28.024碌s
ts=2026-08-15T11:29:21Z caller=logging.go:36 method=List tags= order=id pageNum=1 pageSize=10 result=9 err=null took=746.605碌s
ts=2026-08-15T11:29:22Z caller=logging.go:85 method=Health result=2 took=29.247碌s
ts=2026-08-15T11:29:23Z caller=logging.go:36 method=List tags= order=id pageNum=1 pageSize=10 result=9 err=null took=710.516碌s
ts=2026-08-15T11:29:23Z caller=logging.go:85 method=Health result=2 took=35.619碌s
ts=2026-08-15T11:29:25Z caller=logging.go:36 method=List tags= order=id pageNum=1 pageSize=10 result=9 err=null took=775.057碌s
ts=2026-08-15T11:29:25Z caller=logging.go:85 method=Health result=2 took=28.515碌s
ts=2026-08-15T11:29:26Z caller=logging.go:85 method=Health result=2 took=34.296碌s
ts=2026-08-15T11:29:27Z caller=logging.go:36 method=List tags= order=id pageNum=1 pageSize=10 result=9 err=null took=726.903碌s
ts=2026-08-15T11:29:28Z caller=logging.go:85 method=Health result=2 took=27.162碌s
ts=2026-08-15T11:29:29Z caller=logging.go:85 method=Health result=2 took=32.603碌s
ts=2026-08-15T11:29:30Z caller=logging.go:36 method=List tags= order=id pageNum=1 pageSize=10 result=9 err=null took=750.023碌s
ts=2026-08-15T11:29:31Z caller=logging.go:85 method=Health result=2 took=55.878碌s
ts=2026-08-15T11:29:32Z caller=logging.go:85 method=Health result=2 took=34.407碌s
ts=2026-08-15T11:29:33Z caller=logging.go:36 method=List tags= order=id pageNum=1 pageSize=10 result=9 err=null took=791.281碌s
ts=2026-08-15T11:29:34Z caller=logging.go:85 method=Health result=2 took=30.87碌s
ts=2026-08-15T11:29:35Z caller=logging.go:85 method=Health result=2 took=35.389碌s
ts=2026-08-15T11:29:36Z caller=logging.go:36 method=List tags= order=id pageNum=1 pageSize=10 result=9 err=null took=769.268碌s
ts=2026-08-15T11:29:37Z caller=logging.go:85 method=Health result=2 took=27.313碌s
ts=2026-08-15T11:29:38Z caller=logging.go:85 method=Health result=2 took=27.544碌s
ts=2026-08-15T11:29:39Z caller=logging.go:36 method=List tags= order=id pageNum=1 pageSize=10 result=9 err=null took=1.340294ms
ts=2026-08-15T11:29:40Z caller=logging.go:85 method=Health result=2 took=31.481碌s
ts=2026-08-15T11:29:41Z caller=logging.go:85 method=Health result=2 took=35.799碌s
ts=2026-08-15T11:29:42Z caller=logging.go:36 method=List tags= order=id pageNum=1 pageSize=10 result=9 err=null took=762.626碌s
ts=2026-08-15T11:29:43Z caller=logging.go:85 method=Health result=2 took=27.824碌s
ts=2026-08-15T11:29:44Z caller=logging.go:85 method=Health result=2 took=27.784碌s
ts=2026-08-15T11:29:45Z caller=logging.go:36 method=List tags= order=id pageNum=1 pageSize=10 result=9 err=null took=716.473碌s
ts=2026-08-15T11:29:46Z caller=logging.go:85 method=Health result=2 took=27.223碌s
ts=2026-08-15T11:29:47Z caller=logging.go:85 method=Health result=2 took=34.006碌s
ts=2026-08-15T11:29:48Z caller=logging.go:36 method=List tags= order=id pageNum=1 pageSize=10 result=9 err=null took=866.302碌s
ts=2026-08-15T11:29:49Z caller=logging.go:85 method=Health result=2 took=27.774碌s
ts=2026-08-15T11:29:50Z caller=logging.go:85 method=Health result=2 took=29.517碌s
ts=2026-08-15T11:29:51Z caller=logging.go:36 method=List tags= order=id pageNum=1 pageSize=10 result=9 err=null took=739.792碌s
ts=2026-08-15T11:29:52Z caller=logging.go:85 method=Health result=2 took=26.792碌s
ts=2026-08-15T11:29:53Z caller=logging.go:85 method=Health result=2 took=33.264碌s
ts=2026-08-15T11:29:55Z caller=logging.go:36 method=List tags= order=id pageNum=1 pageSize=10 result=9 err=null took=876.967碌s
ts=2026-08-15T11:29:55Z caller=logging.go:85 method=Health result=2 took=32.503碌s
ts=2026-08-15T11:29:56Z caller=logging.go:85 method=Health result=2 took=35.649碌s
ts=2026-08-15T11:29:58Z caller=logging.go:36 method=List tags= order=id pageNum=1 pageSize=10 result=9 err=null took=722.489碌s
ts=2026-08-15T11:29:58Z caller=logging.go:85 method=Health result=2 took=27.373碌s
ts=2026-08-15T11:29:59Z caller=logging.go:85 method=Health result=2 took=27.433碌s
ts=2026-08-15T11:30:01Z caller=logging.go:36 method=List tags= order=id pageNum=1 pageSize=10 result=9 err=null took=740.193碌s
ts=2026-08-15T11:30:01Z caller=logging.go:85 method=Health result=2 took=33.124碌s
ts=2026-08-15T11:30:02Z caller=logging.go:85 method=Health result=2 took=39.115碌s
ts=2026-08-15T11:30:04Z caller=logging.go:36 method=List tags= order=id pageNum=1 pageSize=10 result=9 err=null took=816.481碌s
ts=2026-08-15T11:30:04Z caller=logging.go:85 method=Health result=2 took=30.279碌s
ts=2026-08-15T11:30:05Z caller=logging.go:85 method=Health result=2 took=31.802碌s
ts=2026-08-15T11:30:07Z caller=logging.go:36 method=List tags= order=id pageNum=1 pageSize=10 result=9 err=null took=813.466碌s
ts=2026-08-15T11:30:07Z caller=logging.go:85 method=Health result=2 took=33.134碌s
ts=2026-08-15T11:30:08Z caller=logging.go:85 method=Health result=2 took=35.619碌s
ts=2026-08-15T11:30:10Z caller=logging.go:36 method=List tags= order=id pageNum=1 pageSize=10 result=9 err=null took=755.417碌s
ts=2026-08-15T11:30:10Z caller=logging.go:85 method=Health result=2 took=26.141碌s
ts=2026-08-15T11:30:11Z caller=logging.go:85 method=Health result=2 took=35.97碌s
ts=2026-08-15T11:30:13Z caller=logging.go:36 method=List tags= order=id pageNum=1 pageSize=10 result=9 err=null took=720.021碌s
ts=2026-08-15T11:30:13Z caller=logging.go:85 method=Health result=2 took=27.824碌s
ts=2026-08-15T11:30:14Z caller=logging.go:85 method=Health result=2 took=30.028碌s
ts=2026-08-15T11:30:16Z caller=logging.go:36 method=List tags= order=id pageNum=1 pageSize=10 result=9 err=null took=710.237碌s
ts=2026-08-15T11:30:16Z caller=logging.go:85 method=Health result=2 took=26.351碌s
ts=2026-08-15T11:30:17Z caller=logging.go:85 method=Health result=2 took=32.493碌s
ts=2026-08-15T11:30:19Z caller=logging.go:36 method=List tags= order=id pageNum=1 pageSize=10 result=9 err=null took=750.566碌s
ts=2026-08-15T11:30:19Z caller=logging.go:85 method=Health result=2 took=27.033碌s
ts=2026-08-15T11:30:20Z caller=logging.go:85 method=Health result=2 took=27.624碌s
ts=2026-08-15T11:30:22Z caller=logging.go:85 method=Health result=2 took=29.086碌s
ts=2026-08-15T11:30:22Z caller=logging.go:36 method=List tags= order=id pageNum=1 pageSize=10 result=9 err=null took=810.459碌s
ts=2026-08-15T11:30:23Z caller=logging.go:85 method=Health result=2 took=33.324碌s
ts=2026-08-15T11:30:25Z caller=logging.go:85 method=Health result=2 took=42.593碌s
ts=2026-08-15T11:30:25Z caller=logging.go:36 method=List tags= order=id pageNum=1 pageSize=10 result=9 err=null took=772.013碌s
ts=2026-08-15T11:30:26Z caller=logging.go:85 method=Health result=2 took=29.226碌s
ts=2026-08-15T11:30:28Z caller=logging.go:85 method=Health result=2 took=26.502碌s
ts=2026-08-15T11:30:28Z caller=logging.go:36 method=List tags= order=id pageNum=1 pageSize=10 result=9 err=null took=761.31碌s
