    at Function.process_params (/usr/src/app/node_modules/express/lib/router/index.js:335:12)
    at next (/usr/src/app/node_modules/express/lib/router/index.js:275:10)
Received login request
{"user":{"firstName":"User","lastName":"Name","username":"user","id":"57a98d98e4b00679b4a830b2","_links":{"addresses":{"href":"http://user/customers/57a98d98e4b00679b4a830b2/addresses"},"cards":{"href":"http://user/customers/57a98d98e4b00679b4a830b2/cards"},"customer":{"href":"http://user/customers/57a98d98e4b00679b4a830b2"},"self":{"href":"http://user/customers/57a98d98e4b00679b4a830b2"}}}}

57a98d98e4b00679b4a830b2
Merging carts for customer id: 57a98d98e4b00679b4a830b2 and session id: T8wV1ONdhnTaSzMV2Jn1p8bZbhtLaz_x
{ [Error: connect ECONNREFUSED 10.103.18.163:80]
  code: 'ECONNREFUSED',
  errno: 'ECONNREFUSED',
  syscall: 'connect',
  address: '10.103.18.163',
  port: 80 }
Carts merged.
Sent cookies.
[0mGET /login [32m200 [0m4.342 ms - 13[0m
Error: Can't set headers after they are sent.
    at ServerResponse.OutgoingMessage.setHeader (_http_outgoing.js:356:11)
    at ServerResponse.header (/usr/src/app/node_modules/express/lib/response.js:725:10)
    at ServerResponse.send (/usr/src/app/node_modules/express/lib/response.js:170:12)
    at ServerResponse.json (/usr/src/app/node_modules/express/lib/response.js:256:15)
    at ServerResponse.send (/usr/src/app/node_modules/express/lib/response.js:158:21)
    at helpers.errorHandler (/usr/src/app/helpers/index.js:22:7)
    at Layer.handle_error (/usr/src/app/node_modules/express/lib/router/layer.js:71:5)
    at trim_prefix (/usr/src/app/node_modules/express/lib/router/index.js:315:13)
    at /usr/src/app/node_modules/express/lib/router/index.js:284:7
    at Function.process_params (/usr/src/app/node_modules/express/lib/router/index.js:335:12)
Request received with body: {}
Received response: "{\n  \"_embedded\" : {\n    \"customerOrders\" : [ ]\n  },\n  \"_links\" : {\n    \"self\" : {\n      \"href\" : \"http://orders/orders/search/customerId?sort=date&custId=undefined\"\n    }\n  }\n}"
[0mGET /orders [32m201 [0m5.595 ms - -[0m
Error: Can't set headers after they are sent.
    at ServerResponse.OutgoingMessage.setHeader (_http_outgoing.js:356:11)
    at ServerResponse.header (/usr/src/app/node_modules/express/lib/response.js:725:10)
    at ServerResponse.json (/usr/src/app/node_modules/express/lib/response.js:253:10)
    at ServerResponse.send (/usr/src/app/node_modules/express/lib/response.js:158:21)
    at helpers.errorHandler (/usr/src/app/helpers/index.js:22:7)
    at Layer.handle_error (/usr/src/app/node_modules/express/lib/router/layer.js:71:5)
    at trim_prefix (/usr/src/app/node_modules/express/lib/router/index.js:315:13)
    at /usr/src/app/node_modules/express/lib/router/index.js:284:7
    at Function.process_params (/usr/src/app/node_modules/express/lib/router/index.js:335:12)
    at next (/usr/src/app/node_modules/express/lib/router/index.js:275:10)
[0mGET /catalogue [32m200 [0m2.878 ms - -[0m
Error: Can't set headers after they are sent.
    at ServerResponse.OutgoingMessage.setHeader (_http_outgoing.js:356:11)
    at ServerResponse.header (/usr/src/app/node_modules/express/lib/response.js:725:10)
    at ServerResponse.json (/usr/src/app/node_modules/express/lib/response.js:253:10)
    at ServerResponse.send (/usr/src/app/node_modules/express/lib/response.js:158:21)
    at helpers.errorHandler (/usr/src/app/helpers/index.js:22:7)
    at Layer.handle_error (/usr/src/app/node_modules/express/lib/router/layer.js:71:5)
    at trim_prefix (/usr/src/app/node_modules/express/lib/router/index.js:315:13)
    at /usr/src/app/node_modules/express/lib/router/index.js:284:7
    at Function.process_params (/usr/src/app/node_modules/express/lib/router/index.js:335:12)
    at next (/usr/src/app/node_modules/express/lib/router/index.js:275:10)
Received login request
{"user":{"firstName":"User","lastName":"Name","username":"user","id":"57a98d98e4b00679b4a830b2","_links":{"addresses":{"href":"http://user/customers/57a98d98e4b00679b4a830b2/addresses"},"cards":{"href":"http://user/customers/57a98d98e4b00679b4a830b2/cards"},"customer":{"href":"http://user/customers/57a98d98e4b00679b4a830b2"},"self":{"href":"http://user/customers/57a98d98e4b00679b4a830b2"}}}}

57a98d98e4b00679b4a830b2
Merging carts for customer id: 57a98d98e4b00679b4a830b2 and session id: e3d2TG5208y4DYdln3IlsNSW0BdLYRj_
{ [Error: connect ECONNREFUSED 10.103.18.163:80]
  code: 'ECONNREFUSED',
  errno: 'ECONNREFUSED',
  syscall: 'connect',
  address: '10.103.18.163',
  port: 80 }
Carts merged.
Sent cookies.
[0mGET /login [32m200 [0m4.302 ms - 13[0m
Error: Can't set headers after they are sent.
    at ServerResponse.OutgoingMessage.setHeader (_http_outgoing.js:356:11)
    at ServerResponse.header (/usr/src/app/node_modules/express/lib/response.js:725:10)
    at ServerResponse.send (/usr/src/app/node_modules/express/lib/response.js:170:12)
    at ServerResponse.json (/usr/src/app/node_modules/express/lib/response.js:256:15)
    at ServerResponse.send (/usr/src/app/node_modules/express/lib/response.js:158:21)
    at helpers.errorHandler (/usr/src/app/helpers/index.js:22:7)
    at Layer.handle_error (/usr/src/app/node_modules/express/lib/router/layer.js:71:5)
    at trim_prefix (/usr/src/app/node_modules/express/lib/router/index.js:315:13)
    at /usr/src/app/node_modules/express/lib/router/index.js:284:7
    at Function.process_params (/usr/src/app/node_modules/express/lib/router/index.js:335:12)
Request received with body: {}
Received response: "{\n  \"_embedded\" : {\n    \"customerOrders\" : [ ]\n  },\n  \"_links\" : {\n    \"self\" : {\n      \"href\" : \"http://orders/orders/search/customerId?sort=date&custId=undefined\"\n    }\n  }\n}"
[0mGET /orders [32m201 [0m5.364 ms - -[0m
Error: Can't set headers after they are sent.
    at ServerResponse.OutgoingMessage.setHeader (_http_outgoing.js:356:11)
    at ServerResponse.header (/usr/src/app/node_modules/express/lib/response.js:725:10)
    at ServerResponse.json (/usr/src/app/node_modules/express/lib/response.js:253:10)
    at ServerResponse.send (/usr/src/app/node_modules/express/lib/response.js:158:21)
    at helpers.errorHandler (/usr/src/app/helpers/index.js:22:7)
    at Layer.handle_error (/usr/src/app/node_modules/express/lib/router/layer.js:71:5)
    at trim_prefix (/usr/src/app/node_modules/express/lib/router/index.js:315:13)
    at /usr/src/app/node_modules/express/lib/router/index.js:284:7
    at Function.process_params (/usr/src/app/node_modules/express/lib/router/index.js:335:12)
    at next (/usr/src/app/node_modules/express/lib/router/index.js:275:10)
[0mGET /catalogue [32m200 [0m2.849 ms - -[0m
Error: Can't set headers after they are sent.
    at ServerResponse.OutgoingMessage.setHeader (_http_outgoing.js:356:11)
    at ServerResponse.header (/usr/src/app/node_modules/express/lib/response.js:725:10)
    at ServerResponse.json (/usr/src/app/node_modules/express/lib/response.js:253:10)
    at ServerResponse.send (/usr/src/app/node_modules/express/lib/response.js:158:21)
    at helpers.errorHandler (/usr/src/app/helpers/index.js:22:7)
    at Layer.handle_error (/usr/src/app/node_modules/express/lib/router/layer.js:71:5)
    at trim_prefix (/usr/src/app/node_modules/express/lib/router/index.js:315:13)
    at /usr/src/app/node_modules/express/lib/router/index.js:284:7
    at Function.process_params (/usr/src/app/node_modules/express/lib/router/index.js:335:12)
    at next (/usr/src/app/node_modules/express/lib/router/index.js:275:10)
Received login request
{"user":{"firstName":"User","lastName":"Name","username":"user","id":"57a98d98e4b00679b4a830b2","_links":{"addresses":{"href":"http://user/customers/57a98d98e4b00679b4a830b2/addresses"},"cards":{"href":"http://user/customers/57a98d98e4b00679b4a830b2/cards"},"customer":{"href":"http://user/customers/57a98d98e4b00679b4a830b2"},"self":{"href":"http://user/customers/57a98d98e4b00679b4a830b2"}}}}

57a98d98e4b00679b4a830b2
Merging carts for customer id: 57a98d98e4b00679b4a830b2 and session id: OeEWNySdESFO5xWkh6eHyHn5QRqkmin-
{ [Error: connect ECONNREFUSED 10.103.18.163:80]
  code: 'ECONNREFUSED',
  errno: 'ECONNREFUSED',
  syscall: 'connect',
  address: '10.103.18.163',
  port: 80 }
Carts merged.
Sent cookies.
[0mGET /login [32m200 [0m4.354 ms - 13[0m
Error: Can't set headers after they are sent.
    at ServerResponse.OutgoingMessage.setHeader (_http_outgoing.js:356:11)
    at ServerResponse.header (/usr/src/app/node_modules/express/lib/response.js:725:10)
    at ServerResponse.send (/usr/src/app/node_modules/express/lib/response.js:170:12)
    at ServerResponse.json (/usr/src/app/node_modules/express/lib/response.js:256:15)
    at ServerResponse.send (/usr/src/app/node_modules/express/lib/response.js:158:21)
    at helpers.errorHandler (/usr/src/app/helpers/index.js:22:7)
    at Layer.handle_error (/usr/src/app/node_modules/express/lib/router/layer.js:71:5)
    at trim_prefix (/usr/src/app/node_modules/express/lib/router/index.js:315:13)
    at /usr/src/app/node_modules/express/lib/router/index.js:284:7
    at Function.process_params (/usr/src/app/node_modules/express/lib/router/index.js:335:12)
Request received with body: {}
Received response: "{\n  \"_embedded\" : {\n    \"customerOrders\" : [ ]\n  },\n  \"_links\" : {\n    \"self\" : {\n      \"href\" : \"http://orders/orders/search/customerId?sort=date&custId=undefined\"\n    }\n  }\n}"
[0mGET /orders [32m201 [0m4.967 ms - -[0m
Error: Can't set headers after they are sent.
    at ServerResponse.OutgoingMessage.setHeader (_http_outgoing.js:356:11)
    at ServerResponse.header (/usr/src/app/node_modules/express/lib/response.js:725:10)
    at ServerResponse.json (/usr/src/app/node_modules/express/lib/response.js:253:10)
    at ServerResponse.send (/usr/src/app/node_modules/express/lib/response.js:158:21)
    at helpers.errorHandler (/usr/src/app/helpers/index.js:22:7)
    at Layer.handle_error (/usr/src/app/node_modules/express/lib/router/layer.js:71:5)
    at trim_prefix (/usr/src/app/node_modules/express/lib/router/index.js:315:13)
    at /usr/src/app/node_modules/express/lib/router/index.js:284:7
    at Function.process_params (/usr/src/app/node_modules/express/lib/router/index.js:335:12)
    at next (/usr/src/app/node_modules/express/lib/router/index.js:275:10)
[0mGET /catalogue [32m200 [0m2.828 ms - -[0m
Error: Can't set headers after they are sent.
    at ServerResponse.OutgoingMessage.setHeader (_http_outgoing.js:356:11)
    at ServerResponse.header (/usr/src/app/node_modules/express/lib/response.js:725:10)
    at ServerResponse.json (/usr/src/app/node_modules/express/lib/response.js:253:10)
    at ServerResponse.send (/usr/src/app/node_modules/express/lib/response.js:158:21)
    at helpers.errorHandler (/usr/src/app/helpers/index.js:22:7)
    at Layer.handle_error (/usr/src/app/node_modules/express/lib/router/layer.js:71:5)
    at trim_prefix (/usr/src/app/node_modules/express/lib/router/index.js:315:13)
    at /usr/src/app/node_modules/express/lib/router/index.js:284:7
    at Function.process_params (/usr/src/app/node_modules/express/lib/router/index.js:335:12)
    at next (/usr/src/app/node_modules/express/lib/router/index.js:275:10)
Received login request
{"user":{"firstName":"User","lastName":"Name","username":"user","id":"57a98d98e4b00679b4a830b2","_links":{"addresses":{"href":"http://user/customers/57a98d98e4b00679b4a830b2/addresses"},"cards":{"href":"http://user/customers/57a98d98e4b00679b4a830b2/cards"},"customer":{"href":"http://user/customers/57a98d98e4b00679b4a830b2"},"self":{"href":"http://user/customers/57a98d98e4b00679b4a830b2"}}}}

57a98d98e4b00679b4a830b2
Merging carts for customer id: 57a98d98e4b00679b4a830b2 and session id: vks42FpFlMiLyv5QPKFJtP_st2g-8dJR
{ [Error: connect ECONNREFUSED 10.103.18.163:80]
  code: 'ECONNREFUSED',
  errno: 'ECONNREFUSED',
  syscall: 'connect',
  address: '10.103.18.163',
  port: 80 }
Carts merged.
Sent cookies.
[0mGET /login [32m200 [0m4.675 ms - 13[0m
Error: Can't set headers after they are sent.
    at ServerResponse.OutgoingMessage.setHeader (_http_outgoing.js:356:11)
    at ServerResponse.header (/usr/src/app/node_modules/express/lib/response.js:725:10)
    at ServerResponse.send (/usr/src/app/node_modules/express/lib/response.js:170:12)
    at ServerResponse.json (/usr/src/app/node_modules/express/lib/response.js:256:15)
    at ServerResponse.send (/usr/src/app/node_modules/express/lib/response.js:158:21)
    at helpers.errorHandler (/usr/src/app/helpers/index.js:22:7)
    at Layer.handle_error (/usr/src/app/node_modules/express/lib/router/layer.js:71:5)
    at trim_prefix (/usr/src/app/node_modules/express/lib/router/index.js:315:13)
    at /usr/src/app/node_modules/express/lib/router/index.js:284:7
    at Function.process_params (/usr/src/app/node_modules/express/lib/router/index.js:335:12)
Request received with body: {}
Received response: "{\n  \"_embedded\" : {\n    \"customerOrders\" : [ ]\n  },\n  \"_links\" : {\n    \"self\" : {\n      \"href\" : \"http://orders/orders/search/customerId?sort=date&custId=undefined\"\n    }\n  }\n}"
[0mGET /orders [32m201 [0m5.457 ms - -[0m
Error: Can't set headers after they are sent.
    at ServerResponse.OutgoingMessage.setHeader (_http_outgoing.js:356:11)
    at ServerResponse.header (/usr/src/app/node_modules/express/lib/response.js:725:10)
    at ServerResponse.json (/usr/src/app/node_modules/express/lib/response.js:253:10)
    at ServerResponse.send (/usr/src/app/node_modules/express/lib/response.js:158:21)
    at helpers.errorHandler (/usr/src/app/helpers/index.js:22:7)
    at Layer.handle_error (/usr/src/app/node_modules/express/lib/router/layer.js:71:5)
    at trim_prefix (/usr/src/app/node_modules/express/lib/router/index.js:315:13)
    at /usr/src/app/node_modules/express/lib/router/index.js:284:7
    at Function.process_params (/usr/src/app/node_modules/express/lib/router/index.js:335:12)
    at next (/usr/src/app/node_modules/express/lib/router/index.js:275:10)
[0mGET /catalogue [32m200 [0m3.115 ms - -[0m
Error: Can't set headers after they are sent.
    at ServerResponse.OutgoingMessage.setHeader (_http_outgoing.js:356:11)
    at ServerResponse.header (/usr/src/app/node_modules/express/lib/response.js:725:10)
    at ServerResponse.json (/usr/src/app/node_modules/express/lib/response.js:253:10)
    at ServerResponse.send (/usr/src/app/node_modules/express/lib/response.js:158:21)
    at helpers.errorHandler (/usr/src/app/helpers/index.js:22:7)
    at Layer.handle_error (/usr/src/app/node_modules/express/lib/router/layer.js:71:5)
    at trim_prefix (/usr/src/app/node_modules/express/lib/router/index.js:315:13)
    at /usr/src/app/node_modules/express/lib/router/index.js:284:7
    at Function.process_params (/usr/src/app/node_modules/express/lib/router/index.js:335:12)
    at next (/usr/src/app/node_modules/express/lib/router/index.js:275:10)
Received login request
{"user":{"firstName":"User","lastName":"Name","username":"user","id":"57a98d98e4b00679b4a830b2","_links":{"addresses":{"href":"http://user/customers/57a98d98e4b00679b4a830b2/addresses"},"cards":{"href":"http://user/customers/57a98d98e4b00679b4a830b2/cards"},"customer":{"href":"http://user/customers/57a98d98e4b00679b4a830b2"},"self":{"href":"http://user/customers/57a98d98e4b00679b4a830b2"}}}}

57a98d98e4b00679b4a830b2
Merging carts for customer id: 57a98d98e4b00679b4a830b2 and session id: f9jOS3ozRJDr2zuoUjnLG3O57B8vDwVc
{ [Error: connect ECONNREFUSED 10.103.18.163:80]
  code: 'ECONNREFUSED',
  errno: 'ECONNREFUSED',
  syscall: 'connect',
  address: '10.103.18.163',
  port: 80 }
Carts merged.
Sent cookies.
[0mGET /login [32m200 [0m5.648 ms - 13[0m
Error: Can't set headers after they are sent.
    at ServerResponse.OutgoingMessage.setHeader (_http_outgoing.js:356:11)
    at ServerResponse.header (/usr/src/app/node_modules/express/lib/response.js:725:10)
    at ServerResponse.send (/usr/src/app/node_modules/express/lib/response.js:170:12)
    at ServerResponse.json (/usr/src/app/node_modules/express/lib/response.js:256:15)
    at ServerResponse.send (/usr/src/app/node_modules/express/lib/response.js:158:21)
    at helpers.errorHandler (/usr/src/app/helpers/index.js:22:7)
    at Layer.handle_error (/usr/src/app/node_modules/express/lib/router/layer.js:71:5)
    at trim_prefix (/usr/src/app/node_modules/express/lib/router/index.js:315:13)
    at /usr/src/app/node_modules/express/lib/router/index.js:284:7
    at Function.process_params (/usr/src/app/node_modules/express/lib/router/index.js:335:12)
Request received with body: {}
Received response: "{\n  \"_embedded\" : {\n    \"customerOrders\" : [ ]\n  },\n  \"_links\" : {\n    \"self\" : {\n      \"href\" : \"http://orders/orders/search/customerId?sort=date&custId=undefined\"\n    }\n  }\n}"
[0mGET /orders [32m201 [0m6.017 ms - -[0m
Error: Can't set headers after they are sent.
    at ServerResponse.OutgoingMessage.setHeader (_http_outgoing.js:356:11)
    at ServerResponse.header (/usr/src/app/node_modules/express/lib/response.js:725:10)
    at ServerResponse.json (/usr/src/app/node_modules/express/lib/response.js:253:10)
    at ServerResponse.send (/usr/src/app/node_modules/express/lib/response.js:158:21)
    at helpers.errorHandler (/usr/src/app/helpers/index.js:22:7)
    at Layer.handle_error (/usr/src/app/node_modules/express/lib/router/layer.js:71:5)
    at trim_prefix (/usr/src/app/node_modules/express/lib/router/index.js:315:13)
    at /usr/src/app/node_modules/express/lib/router/index.js:284:7
    at Function.process_params (/usr/src/app/node_modules/express/lib/router/index.js:335:12)
    at next (/usr/src/app/node_modules/express/lib/router/index.js:275:10)
[0mGET /catalogue [32m200 [0m2.833 ms - -[0m
Error: Can't set headers after they are sent.
    at ServerResponse.OutgoingMessage.setHeader (_http_outgoing.js:356:11)
    at ServerResponse.header (/usr/src/app/node_modules/express/lib/response.js:725:10)
    at ServerResponse.json (/usr/src/app/node_modules/express/lib/response.js:253:10)
    at ServerResponse.send (/usr/src/app/node_modules/express/lib/response.js:158:21)
    at helpers.errorHandler (/usr/src/app/helpers/index.js:22:7)
    at Layer.handle_error (/usr/src/app/node_modules/express/lib/router/layer.js:71:5)
    at trim_prefix (/usr/src/app/node_modules/express/lib/router/index.js:315:13)
    at /usr/src/app/node_modules/express/lib/router/index.js:284:7
    at Function.process_params (/usr/src/app/node_modules/express/lib/router/index.js:335:12)
    at next (/usr/src/app/node_modules/express/lib/router/index.js:275:10)
Received login request
{"user":{"firstName":"User","lastName":"Name","username":"user","id":"57a98d98e4b00679b4a830b2","_links":{"addresses":{"href":"http://user/customers/57a98d98e4b00679b4a830b2/addresses"},"cards":{"href":"http://user/customers/57a98d98e4b00679b4a830b2/cards"},"customer":{"href":"http://user/customers/57a98d98e4b00679b4a830b2"},"self":{"href":"http://user/customers/57a98d98e4b00679b4a830b2"}}}}

57a98d98e4b00679b4a830b2
Merging carts for customer id: 57a98d98e4b00679b4a830b2 and session id: NllvyNnHGQh-tkN27XG2c7-JofVT81Fh
{ [Error: connect ECONNREFUSED 10.103.18.163:80]
  code: 'ECONNREFUSED',
  errno: 'ECONNREFUSED',
  syscall: 'connect',
  address: '10.103.18.163',
  port: 80 }
Carts merged.
Sent cookies.
[0mGET /login [32m200 [0m4.387 ms - 13[0m
Error: Can't set headers after they are sent.
    at ServerResponse.OutgoingMessage.setHeader (_http_outgoing.js:356:11)
    at ServerResponse.header (/usr/src/app/node_modules/express/lib/response.js:725:10)
    at ServerResponse.send (/usr/src/app/node_modules/express/lib/response.js:170:12)
    at ServerResponse.json (/usr/src/app/node_modules/express/lib/response.js:256:15)
    at ServerResponse.send (/usr/src/app/node_modules/express/lib/response.js:158:21)
    at helpers.errorHandler (/usr/src/app/helpers/index.js:22:7)
    at Layer.handle_error (/usr/src/app/node_modules/express/lib/router/layer.js:71:5)
    at trim_prefix (/usr/src/app/node_modules/express/lib/router/index.js:315:13)
    at /usr/src/app/node_modules/express/lib/router/index.js:284:7
    at Function.process_params (/usr/src/app/node_modules/express/lib/router/index.js:335:12)
Request received with body: {}
Received response: "{\n  \"_embedded\" : {\n    \"customerOrders\" : [ ]\n  },\n  \"_links\" : {\n    \"self\" : {\n      \"href\" : \"http://orders/orders/search/customerId?sort=date&custId=undefined\"\n    }\n  }\n}"
[0mGET /orders [32m201 [0m5.456 ms - -[0m
Error: Can't set headers after they are sent.
    at ServerResponse.OutgoingMessage.setHeader (_http_outgoing.js:356:11)
    at ServerResponse.header (/usr/src/app/node_modules/express/lib/response.js:725:10)
    at ServerResponse.json (/usr/src/app/node_modules/express/lib/response.js:253:10)
    at ServerResponse.send (/usr/src/app/node_modules/express/lib/response.js:158:21)
    at helpers.errorHandler (/usr/src/app/helpers/index.js:22:7)
    at Layer.handle_error (/usr/src/app/node_modules/express/lib/router/layer.js:71:5)
    at trim_prefix (/usr/src/app/node_modules/express/lib/router/index.js:315:13)
    at /usr/src/app/node_modules/express/lib/router/index.js:284:7
    at Function.process_params (/usr/src/app/node_modules/express/lib/router/index.js:335:12)
    at next (/usr/src/app/node_modules/express/lib/router/index.js:275:10)
[0mGET /catalogue [32m200 [0m2.872 ms - -[0m
Error: Can't set headers after they are sent.
    at ServerResponse.OutgoingMessage.setHeader (_http_outgoing.js:356:11)
    at ServerResponse.header (/usr/src/app/node_modules/express/lib/response.js:725:10)
    at ServerResponse.json (/usr/src/app/node_modules/express/lib/response.js:253:10)
    at ServerResponse.send (/usr/src/app/node_modules/express/lib/response.js:158:21)
    at helpers.errorHandler (/usr/src/app/helpers/index.js:22:7)
    at Layer.handle_error (/usr/src/app/node_modules/express/lib/router/layer.js:71:5)
    at trim_prefix (/usr/src/app/node_modules/express/lib/router/index.js:315:13)
    at /usr/src/app/node_modules/express/lib/router/index.js:284:7
    at Function.process_params (/usr/src/app/node_modules/express/lib/router/index.js:335:12)
    at next (/usr/src/app/node_modules/express/lib/router/index.js:275:10)
Received login request
{"user":{"firstName":"User","lastName":"Name","username":"user","id":"57a98d98e4b00679b4a830b2","_links":{"addresses":{"href":"http://user/customers/57a98d98e4b00679b4a830b2/addresses"},"cards":{"href":"http://user/customers/57a98d98e4b00679b4a830b2/cards"},"customer":{"href":"http://user/customers/57a98d98e4b00679b4a830b2"},"self":{"href":"http://user/customers/57a98d98e4b00679b4a830b2"}}}}

57a98d98e4b00679b4a830b2
Merging carts for customer id: 57a98d98e4b00679b4a830b2 and session id: HIzp-1lO7dkuBkJuB3NbVMF3zdGFa3Lq
{ [Error: connect ECONNREFUSED 10.103.18.163:80]
  code: 'ECONNREFUSED',
  errno: 'ECONNREFUSED',
  syscall: 'connect',
  address: '10.103.18.163',
  port: 80 }
Carts merged.
Sent cookies.
[0mGET /login [32m200 [0m4.601 ms - 13[0m
Error: Can't set headers after they are sent.
    at ServerResponse.OutgoingMessage.setHeader (_http_outgoing.js:356:11)
    at ServerResponse.header (/usr/src/app/node_modules/express/lib/response.js:725:10)
    at ServerResponse.send (/usr/src/app/node_modules/express/lib/response.js:170:12)
    at ServerResponse.json (/usr/src/app/node_modules/express/lib/response.js:256:15)
    at ServerResponse.send (/usr/src/app/node_modules/express/lib/response.js:158:21)
    at helpers.errorHandler (/usr/src/app/helpers/index.js:22:7)
    at Layer.handle_error (/usr/src/app/node_modules/express/lib/router/layer.js:71:5)
    at trim_prefix (/usr/src/app/node_modules/express/lib/router/index.js:315:13)
    at /usr/src/app/node_modules/express/lib/router/index.js:284:7
    at Function.process_params (/usr/src/app/node_modules/express/lib/router/index.js:335:12)
Request received with body: {}
Received response: "{\n  \"_embedded\" : {\n    \"customerOrders\" : [ ]\n  },\n  \"_links\" : {\n    \"self\" : {\n      \"href\" : \"http://orders/orders/search/customerId?sort=date&custId=undefined\"\n    }\n  }\n}"
[0mGET /orders [32m201 [0m5.939 ms - -[0m
Error: Can't set headers after they are sent.
    at ServerResponse.OutgoingMessage.setHeader (_http_outgoing.js:356:11)
    at ServerResponse.header (/usr/src/app/node_modules/express/lib/response.js:725:10)
    at ServerResponse.json (/usr/src/app/node_modules/express/lib/response.js:253:10)
    at ServerResponse.send (/usr/src/app/node_modules/express/lib/response.js:158:21)
    at helpers.errorHandler (/usr/src/app/helpers/index.js:22:7)
    at Layer.handle_error (/usr/src/app/node_modules/express/lib/router/layer.js:71:5)
    at trim_prefix (/usr/src/app/node_modules/express/lib/router/index.js:315:13)
    at /usr/src/app/node_modules/express/lib/router/index.js:284:7
    at Function.process_params (/usr/src/app/node_modules/express/lib/router/index.js:335:12)
    at next (/usr/src/app/node_modules/express/lib/router/index.js:275:10)
[0mGET /catalogue [32m200 [0m3.206 ms - -[0m
Error: Can't set headers after they are sent.
    at ServerResponse.OutgoingMessage.setHeader (_http_outgoing.js:356:11)
    at ServerResponse.header (/usr/src/app/node_modules/express/lib/response.js:725:10)
    at ServerResponse.json (/usr/src/app/node_modules/express/lib/response.js:253:10)
    at ServerResponse.send (/usr/src/app/node_modules/express/lib/response.js:158:21)
    at helpers.errorHandler (/usr/src/app/helpers/index.js:22:7)
    at Layer.handle_error (/usr/src/app/node_modules/express/lib/router/layer.js:71:5)
    at trim_prefix (/usr/src/app/node_modules/express/lib/router/index.js:315:13)
    at /usr/src/app/node_modules/express/lib/router/index.js:284:7
    at Function.process_params (/usr/src/app/node_modules/express/lib/router/index.js:335:12)
    at next (/usr/src/app/node_modules/express/lib/router/index.js:275:10)
Received login request
{"user":{"firstName":"User","lastName":"Name","username":"user","id":"57a98d98e4b00679b4a830b2","_links":{"addresses":{"href":"http://user/customers/57a98d98e4b00679b4a830b2/addresses"},"cards":{"href":"http://user/customers/57a98d98e4b00679b4a830b2/cards"},"customer":{"href":"http://user/customers/57a98d98e4b00679b4a830b2"},"self":{"href":"http://user/customers/57a98d98e4b00679b4a830b2"}}}}

57a98d98e4b00679b4a830b2
Merging carts for customer id: 57a98d98e4b00679b4a830b2 and session id: 4d8tOurRC3q6CtAdI8sftdQAjJi5qdh4
{ [Error: connect ECONNREFUSED 10.103.18.163:80]
  code: 'ECONNREFUSED',
  errno: 'ECONNREFUSED',
  syscall: 'connect',
  address: '10.103.18.163',
  port: 80 }
Carts merged.
Sent cookies.
[0mGET /login [32m200 [0m5.217 ms - 13[0m
Error: Can't set headers after they are sent.
    at ServerResponse.OutgoingMessage.setHeader (_http_outgoing.js:356:11)
    at ServerResponse.header (/usr/src/app/node_modules/express/lib/response.js:725:10)
    at ServerResponse.send (/usr/src/app/node_modules/express/lib/response.js:170:12)
    at ServerResponse.json (/usr/src/app/node_modules/express/lib/response.js:256:15)
    at ServerResponse.send (/usr/src/app/node_modules/express/lib/response.js:158:21)
    at helpers.errorHandler (/usr/src/app/helpers/index.js:22:7)
    at Layer.handle_error (/usr/src/app/node_modules/express/lib/router/layer.js:71:5)
    at trim_prefix (/usr/src/app/node_modules/express/lib/router/index.js:315:13)
    at /usr/src/app/node_modules/express/lib/router/index.js:284:7
    at Function.process_params (/usr/src/app/node_modules/express/lib/router/index.js:335:12)
Request received with body: {}
Received response: "{\n  \"_embedded\" : {\n    \"customerOrders\" : [ ]\n  },\n  \"_links\" : {\n    \"self\" : {\n      \"href\" : \"http://orders/orders/search/customerId?sort=date&custId=undefined\"\n    }\n  }\n}"
[0mGET /orders [32m201 [0m5.696 ms - -[0m
Error: Can't set headers after they are sent.
    at ServerResponse.OutgoingMessage.setHeader (_http_outgoing.js:356:11)
    at ServerResponse.header (/usr/src/app/node_modules/express/lib/response.js:725:10)
    at ServerResponse.json (/usr/src/app/node_modules/express/lib/response.js:253:10)
    at ServerResponse.send (/usr/src/app/node_modules/express/lib/response.js:158:21)
    at helpers.errorHandler (/usr/src/app/helpers/index.js:22:7)
    at Layer.handle_error (/usr/src/app/node_modules/express/lib/router/layer.js:71:5)
    at trim_prefix (/usr/src/app/node_modules/express/lib/router/index.js:315:13)
    at /usr/src/app/node_modules/express/lib/router/index.js:284:7
    at Function.process_params (/usr/src/app/node_modules/express/lib/router/index.js:335:12)
    at next (/usr/src/app/node_modules/express/lib/router/index.js:275:10)
[0mGET /catalogue [32m200 [0m3.698 ms - -[0m
Error: Can't set headers after they are sent.
    at ServerResponse.OutgoingMessage.setHeader (_http_outgoing.js:356:11)
    at ServerResponse.header (/usr/src/app/node_modules/express/lib/response.js:725:10)
    at ServerResponse.json (/usr/src/app/node_modules/express/lib/response.js:253:10)
    at ServerResponse.send (/usr/src/app/node_modules/express/lib/response.js:158:21)
    at helpers.errorHandler (/usr/src/app/helpers/index.js:22:7)
    at Layer.handle_error (/usr/src/app/node_modules/express/lib/router/layer.js:71:5)
    at trim_prefix (/usr/src/app/node_modules/express/lib/router/index.js:315:13)
    at /usr/src/app/node_modules/express/lib/router/index.js:284:7
    at Function.process_params (/usr/src/app/node_modules/express/lib/router/index.js:335:12)
    at next (/usr/src/app/node_modules/express/lib/router/index.js:275:10)
Received login request
{"user":{"firstName":"User","lastName":"Name","username":"user","id":"57a98d98e4b00679b4a830b2","_links":{"addresses":{"href":"http://user/customers/57a98d98e4b00679b4a830b2/addresses"},"cards":{"href":"http://user/customers/57a98d98e4b00679b4a830b2/cards"},"customer":{"href":"http://user/customers/57a98d98e4b00679b4a830b2"},"self":{"href":"http://user/customers/57a98d98e4b00679b4a830b2"}}}}

57a98d98e4b00679b4a830b2
Merging carts for customer id: 57a98d98e4b00679b4a830b2 and session id: KnC_RgqNkRMUUaURcU57dQHkVgkM3vmS
{ [Error: connect ECONNREFUSED 10.103.18.163:80]
  code: 'ECONNREFUSED',
  errno: 'ECONNREFUSED',
  syscall: 'connect',
  address: '10.103.18.163',
  port: 80 }
Carts merged.
Sent cookies.
[0mGET /login [32m200 [0m4.497 ms - 13[0m
Error: Can't set headers after they are sent.
    at ServerResponse.OutgoingMessage.setHeader (_http_outgoing.js:356:11)
    at ServerResponse.header (/usr/src/app/node_modules/express/lib/response.js:725:10)
    at ServerResponse.send (/usr/src/app/node_modules/express/lib/response.js:170:12)
    at ServerResponse.json (/usr/src/app/node_modules/express/lib/response.js:256:15)
    at ServerResponse.send (/usr/src/app/node_modules/express/lib/response.js:158:21)
    at helpers.errorHandler (/usr/src/app/helpers/index.js:22:7)
    at Layer.handle_error (/usr/src/app/node_modules/express/lib/router/layer.js:71:5)
    at trim_prefix (/usr/src/app/node_modules/express/lib/router/index.js:315:13)
    at /usr/src/app/node_modules/express/lib/router/index.js:284:7
    at Function.process_params (/usr/src/app/node_modules/express/lib/router/index.js:335:12)
Request received with body: {}
Received response: "{\n  \"_embedded\" : {\n    \"customerOrders\" : [ ]\n  },\n  \"_links\" : {\n    \"self\" : {\n      \"href\" : \"http://orders/orders/search/customerId?sort=date&custId=undefined\"\n    }\n  }\n}"
[0mGET /orders [32m201 [0m5.102 ms - -[0m
Error: Can't set headers after they are sent.
    at ServerResponse.OutgoingMessage.setHeader (_http_outgoing.js:356:11)
    at ServerResponse.header (/usr/src/app/node_modules/express/lib/response.js:725:10)
    at ServerResponse.json (/usr/src/app/node_modules/express/lib/response.js:253:10)
    at ServerResponse.send (/usr/src/app/node_modules/express/lib/response.js:158:21)
    at helpers.errorHandler (/usr/src/app/helpers/index.js:22:7)
    at Layer.handle_error (/usr/src/app/node_modules/express/lib/router/layer.js:71:5)
    at trim_prefix (/usr/src/app/node_modules/express/lib/router/index.js:315:13)
    at /usr/src/app/node_modules/express/lib/router/index.js:284:7
    at Function.process_params (/usr/src/app/node_modules/express/lib/router/index.js:335:12)
    at next (/usr/src/app/node_modules/express/lib/router/index.js:275:10)
[0mGET /catalogue [32m200 [0m2.891 ms - -[0m
Error: Can't set headers after they are sent.
    at ServerResponse.OutgoingMessage.setHeader (_http_outgoing.js:356:11)
    at ServerResponse.header (/usr/src/app/node_modules/express/lib/response.js:725:10)
    at ServerResponse.json (/usr/src/app/node_modules/express/lib/response.js:253:10)
    at ServerResponse.send (/usr/src/app/node_modules/express/lib/response.js:158:21)
    at helpers.errorHandler (/usr/src/app/helpers/index.js:22:7)
    at Layer.handle_error (/usr/src/app/node_modules/express/lib/router/layer.js:71:5)
    at trim_prefix (/usr/src/app/node_modules/express/lib/router/index.js:315:13)
    at /usr/src/app/node_modules/express/lib/router/index.js:284:7
    at Function.process_params (/usr/src/app/node_modules/express/lib/router/index.js:335:12)
    at next (/usr/src/app/node_modules/express/lib/router/index.js:275:10)
Received login request
{"user":{"firstName":"User","lastName":"Name","username":"user","id":"57a98d98e4b00679b4a830b2","_links":{"addresses":{"href":"http://user/customers/57a98d98e4b00679b4a830b2/addresses"},"cards":{"href":"http://user/customers/57a98d98e4b00679b4a830b2/cards"},"customer":{"href":"http://user/customers/57a98d98e4b00679b4a830b2"},"self":{"href":"http://user/customers/57a98d98e4b00679b4a830b2"}}}}

57a98d98e4b00679b4a830b2
Merging carts for customer id: 57a98d98e4b00679b4a830b2 and session id: kKpWKsFyPwUeS60dm5uhs6BpXBvLhguY
{ [Error: connect ECONNREFUSED 10.103.18.163:80]
  code: 'ECONNREFUSED',
  errno: 'ECONNREFUSED',
  syscall: 'connect',
  address: '10.103.18.163',
  port: 80 }
Carts merged.
Sent cookies.
[0mGET /login [32m200 [0m4.781 ms - 13[0m
Error: Can't set headers after they are sent.
    at ServerResponse.OutgoingMessage.setHeader (_http_outgoing.js:356:11)
    at ServerResponse.header (/usr/src/app/node_modules/express/lib/response.js:725:10)
    at ServerResponse.send (/usr/src/app/node_modules/express/lib/response.js:170:12)
    at ServerResponse.json (/usr/src/app/node_modules/express/lib/response.js:256:15)
    at ServerResponse.send (/usr/src/app/node_modules/express/lib/response.js:158:21)
    at helpers.errorHandler (/usr/src/app/helpers/index.js:22:7)
    at Layer.handle_error (/usr/src/app/node_modules/express/lib/router/layer.js:71:5)
    at trim_prefix (/usr/src/app/node_modules/express/lib/router/index.js:315:13)
    at /usr/src/app/node_modules/express/lib/router/index.js:284:7
    at Function.process_params (/usr/src/app/node_modules/express/lib/router/index.js:335:12)
Request received with body: {}
Received response: "{\n  \"_embedded\" : {\n    \"customerOrders\" : [ ]\n  },\n  \"_links\" : {\n    \"self\" : {\n      \"href\" : \"http://orders/orders/search/customerId?sort=date&custId=undefined\"\n    }\n  }\n}"
[0mGET /orders [32m201 [0m5.288 ms - -[0m
Error: Can't set headers after they are sent.
    at ServerResponse.OutgoingMessage.setHeader (_http_outgoing.js:356:11)
    at ServerResponse.header (/usr/src/app/node_modules/express/lib/response.js:725:10)
    at ServerResponse.json (/usr/src/app/node_modules/express/lib/response.js:253:10)
    at ServerResponse.send (/usr/src/app/node_modules/express/lib/response.js:158:21)
    at helpers.errorHandler (/usr/src/app/helpers/index.js:22:7)
    at Layer.handle_error (/usr/src/app/node_modules/express/lib/router/layer.js:71:5)
    at trim_prefix (/usr/src/app/node_modules/express/lib/router/index.js:315:13)
    at /usr/src/app/node_modules/express/lib/router/index.js:284:7
    at Function.process_params (/usr/src/app/node_modules/express/lib/router/index.js:335:12)
    at next (/usr/src/app/node_modules/express/lib/router/index.js:275:10)
