ts=2026-08-15T11:28:14Z caller=logging.go:85 method=Health result=2 took=32.413碌s
ts=2026-08-15T11:28:16Z caller=logging.go:85 method=Health result=2 took=36.079碌s
ts=2026-08-15T11:28:17Z caller=logging.go:36 method=List tags= order=id pageNum=1 pageSize=10 result=9 err=null took=797.31碌s
ts=2026-08-15T11:28:17Z caller=logging.go:85 method=Health result=2 took=44.526碌s
ts=2026-08-15T11:28:19Z caller=logging.go:85 method=Health result=2 took=28.064碌s
ts=2026-08-15T11:28:20Z caller=logging.go:85 method=Health result=2 took=26.732碌s
ts=2026-08-15T11:28:20Z caller=logging.go:36 method=List tags= order=id pageNum=1 pageSize=10 result=9 err=null took=736.63碌s
ts=2026-08-15T11:28:22Z caller=logging.go:85 method=Health result=2 took=27.863碌s
ts=2026-08-15T11:28:23Z caller=logging.go:85 method=Health result=2 took=28.585碌s
ts=2026-08-15T11:28:23Z caller=logging.go:36 method=List tags= order=id pageNum=1 pageSize=10 result=9 err=null took=773.898碌s
ts=2026-08-15T11:28:25Z caller=logging.go:85 method=Health result=2 took=28.705碌s
ts=2026-08-15T11:28:26Z caller=logging.go:85 method=Health result=2 took=35.078碌s
ts=2026-08-15T11:28:26Z caller=logging.go:36 method=List tags= order=id pageNum=1 pageSize=10 result=9 err=null took=734.562碌s
ts=2026-08-15T11:28:28Z caller=logging.go:85 method=Health result=2 took=28.215碌s
ts=2026-08-15T11:28:29Z caller=logging.go:85 method=Health result=2 took=26.942碌s
ts=2026-08-15T11:28:30Z caller=logging.go:36 method=List tags= order=id pageNum=1 pageSize=10 result=9 err=null took=828.362碌s
ts=2026-08-15T11:28:31Z caller=logging.go:85 method=Health result=2 took=30.158碌s
ts=2026-08-15T11:28:32Z caller=logging.go:85 method=Health result=2 took=33.354碌s
ts=2026-08-15T11:28:33Z caller=logging.go:36 method=List tags= order=id pageNum=1 pageSize=10 result=9 err=null took=793.834碌s
ts=2026-08-15T11:28:34Z caller=logging.go:85 method=Health result=2 took=27.434碌s
ts=2026-08-15T11:28:35Z caller=logging.go:85 method=Health result=2 took=29.527碌s
ts=2026-08-15T11:28:36Z caller=logging.go:36 method=List tags= order=id pageNum=1 pageSize=10 result=9 err=null took=975.266碌s
ts=2026-08-15T11:28:37Z caller=logging.go:85 method=Health result=2 took=29.698碌s
ts=2026-08-15T11:28:38Z caller=logging.go:85 method=Health result=2 took=32.643碌s
ts=2026-08-15T11:28:39Z caller=logging.go:36 method=List tags= order=id pageNum=1 pageSize=10 result=9 err=null took=726.436碌s
ts=2026-08-15T11:28:40Z caller=logging.go:85 method=Health result=2 took=27.934碌s
ts=2026-08-15T11:28:40Z caller=logging.go:36 method=List tags= order=id pageNum=1 pageSize=10 result=9 err=null took=792.52碌s
ts=2026-08-15T11:28:41Z caller=logging.go:36 method=List tags= order=id pageNum=1 pageSize=10 result=9 err=null took=866.147碌s
ts=2026-08-15T11:28:41Z caller=logging.go:36 method=List tags= order=id pageNum=1 pageSize=10 result=9 err=null took=784.678碌s
ts=2026-08-15T11:28:41Z caller=logging.go:36 method=List tags= order=id pageNum=1 pageSize=10 result=9 err=null took=747.106碌s
ts=2026-08-15T11:28:41Z caller=logging.go:36 method=List tags= order=id pageNum=1 pageSize=10 result=9 err=null took=784.816碌s
ts=2026-08-15T11:28:41Z caller=logging.go:36 method=List tags= order=id pageNum=1 pageSize=10 result=0 err="database connection error" took=519.62碌s
ts=2026-08-15T11:28:41Z caller=server.go:94 err="database connection error"
[mysql] 2026/08/15 11:28:41 packets.go:33: unexpected EOF
[mysql] 2026/08/15 11:28:41 packets.go:130: write tcp 10.244.2.79:45142->10.108.173.210:3306: write: broken pipe
ts=2026-08-15T11:28:41Z caller=logging.go:36 method=List tags= order=id pageNum=1 pageSize=10 result=0 err="database connection error" took=911.3碌s
ts=2026-08-15T11:28:41Z caller=server.go:94 err="database connection error"
ts=2026-08-15T11:28:41Z caller=logging.go:85 method=Health result=2 took=652.243碌s
ts=2026-08-15T11:28:41Z caller=logging.go:36 method=List tags= order=id pageNum=1 pageSize=10 result=0 err="database connection error" took=629.961碌s
ts=2026-08-15T11:28:41Z caller=server.go:94 err="database connection error"
ts=2026-08-15T11:28:41Z caller=logging.go:36 method=List tags= order=id pageNum=1 pageSize=10 result=0 err="database connection error" took=543.382碌s
ts=2026-08-15T11:28:41Z caller=server.go:94 err="database connection error"
ts=2026-08-15T11:28:41Z caller=logging.go:36 method=List tags= order=id pageNum=1 pageSize=10 result=0 err="database connection error" took=629.428碌s
ts=2026-08-15T11:28:41Z caller=server.go:94 err="database connection error"
ts=2026-08-15T11:28:44Z caller=logging.go:85 method=Health result=2 took=876.357碌s
ts=2026-08-15T11:28:45Z caller=logging.go:36 method=List tags= order=id pageNum=1 pageSize=10 result=0 err="database connection error" took=629.329碌s
ts=2026-08-15T11:28:45Z caller=server.go:94 err="database connection error"
ts=2026-08-15T11:28:46Z caller=logging.go:85 method=Health result=2 took=801.742碌s
ts=2026-08-15T11:28:47Z caller=server.go:94 err="circuit breaker 'List' is open"
ts=2026-08-15T11:28:47Z caller=logging.go:85 method=Health result=2 took=821.906碌s
[mysql] 2026/08/15 11:28:48 packets.go:33: unexpected EOF
ts=2026-08-15T11:28:48Z caller=logging.go:85 method=Health result=2 took=5.004965264s
ts=2026-08-15T11:28:49Z caller=logging.go:85 method=Health result=2 took=796.096碌s
ts=2026-08-15T11:28:49Z caller=server.go:94 err="circuit breaker 'List' is open"
ts=2026-08-15T11:28:50Z caller=logging.go:85 method=Health result=2 took=794.765碌s
ts=2026-08-15T11:28:51Z caller=server.go:94 err="circuit breaker 'List' is open"
ts=2026-08-15T11:28:52Z caller=logging.go:85 method=Health result=2 took=1.518323ms
ts=2026-08-15T11:28:53Z caller=logging.go:85 method=Health result=2 took=31.962碌s
ts=2026-08-15T11:28:54Z caller=server.go:94 err="circuit breaker 'List' is open"
ts=2026-08-15T11:28:55Z caller=logging.go:85 method=Health result=2 took=34.587碌s
ts=2026-08-15T11:28:56Z caller=server.go:94 err="circuit breaker 'List' is open"
ts=2026-08-15T11:28:56Z caller=logging.go:85 method=Health result=2 took=29.296碌s
ts=2026-08-15T11:28:58Z caller=server.go:94 err="circuit breaker 'List' is open"
ts=2026-08-15T11:28:58Z caller=logging.go:85 method=Health result=2 took=26.832碌s
ts=2026-08-15T11:28:59Z caller=logging.go:85 method=Health result=2 took=34.386碌s
ts=2026-08-15T11:29:00Z caller=server.go:94 err="circuit breaker 'List' is open"
ts=2026-08-15T11:29:01Z caller=logging.go:85 method=Health result=2 took=27.713碌s
ts=2026-08-15T11:29:02Z caller=server.go:94 err="circuit breaker 'List' is open"
ts=2026-08-15T11:29:02Z caller=logging.go:85 method=Health result=2 took=29.638碌s
ts=2026-08-15T11:29:04Z caller=server.go:94 err="circuit breaker 'List' is open"
ts=2026-08-15T11:29:04Z caller=logging.go:85 method=Health result=2 took=27.353碌s
ts=2026-08-15T11:29:05Z caller=logging.go:85 method=Health result=2 took=33.234碌s
ts=2026-08-15T11:29:06Z caller=server.go:94 err="circuit breaker 'List' is open"
ts=2026-08-15T11:29:07Z caller=logging.go:85 method=Health result=2 took=26.782碌s
ts=2026-08-15T11:29:08Z caller=server.go:94 err="circuit breaker 'List' is open"
ts=2026-08-15T11:29:08Z caller=logging.go:85 method=Health result=2 took=26.121碌s
ts=2026-08-15T11:29:10Z caller=server.go:94 err="circuit breaker 'List' is open"
ts=2026-08-15T11:29:10Z caller=logging.go:85 method=Health result=2 took=21.291碌s
ts=2026-08-15T11:29:11Z caller=logging.go:85 method=Health result=2 took=27.223碌s
ts=2026-08-15T11:29:12Z caller=server.go:94 err="circuit breaker 'List' is open"
ts=2026-08-15T11:29:13Z caller=logging.go:85 method=Health result=2 took=30.028碌s
ts=2026-08-15T11:29:14Z caller=logging.go:85 method=Health result=2 took=31.05碌s
ts=2026-08-15T11:29:14Z caller=server.go:94 err="circuit breaker 'List' is open"
ts=2026-08-15T11:29:16Z caller=logging.go:85 method=Health result=2 took=26.451碌s
ts=2026-08-15T11:29:16Z caller=logging.go:36 method=List tags= order=id pageNum=1 pageSize=10 result=9 err=null took=3.051216ms
ts=2026-08-15T11:29:17Z caller=logging.go:85 method=Health result=2 took=27.514碌s
ts=2026-08-15T11:29:19Z caller=logging.go:36 method=List tags= order=id pageNum=1 pageSize=10 result=9 err=null took=768.388碌s
ts=2026-08-15T11:29:19Z caller=logging.go:85 method=Health result=2 took=34.156碌s
ts=2026-08-15T11:29:20Z caller=logging.go:85 method=Health result=2 took=28.024碌s
ts=2026-08-15T11:29:21Z caller=logging.go:36 method=List tags= order=id pageNum=1 pageSize=10 result=9 err=null took=746.605碌s
ts=2026-08-15T11:29:22Z caller=logging.go:85 method=Health result=2 took=29.247碌s
ts=2026-08-15T11:29:23Z caller=logging.go:36 method=List tags= order=id pageNum=1 pageSize=10 result=9 err=null took=710.516碌s
ts=2026-08-15T11:29:23Z caller=logging.go:85 method=Health result=2 took=35.619碌s
ts=2026-08-15T11:29:25Z caller=logging.go:36 method=List tags= order=id pageNum=1 pageSize=10 result=9 err=null took=775.057碌s
ts=2026-08-15T11:29:25Z caller=logging.go:85 method=Health result=2 took=28.515碌s
ts=2026-08-15T11:29:26Z caller=logging.go:85 method=Health result=2 took=34.296碌s
ts=2026-08-15T11:29:27Z caller=logging.go:36 method=List tags= order=id pageNum=1 pageSize=10 result=9 err=null took=726.903碌s
ts=2026-08-15T11:29:28Z caller=logging.go:85 method=Health result=2 took=27.162碌s
ts=2026-08-15T11:29:29Z caller=logging.go:85 method=Health result=2 took=32.603碌s
ts=2026-08-15T11:29:30Z caller=logging.go:36 method=List tags= order=id pageNum=1 pageSize=10 result=9 err=null took=750.023碌s
ts=2026-08-15T11:29:31Z caller=logging.go:85 method=Health result=2 took=55.878碌s
ts=2026-08-15T11:29:32Z caller=logging.go:85 method=Health result=2 took=34.407碌s
ts=2026-08-15T11:29:33Z caller=logging.go:36 method=List tags= order=id pageNum=1 pageSize=10 result=9 err=null took=791.281碌s
ts=2026-08-15T11:29:34Z caller=logging.go:85 method=Health result=2 took=30.87碌s
ts=2026-08-15T11:29:35Z caller=logging.go:85 method=Health result=2 took=35.389碌s
ts=2026-08-15T11:29:36Z caller=logging.go:36 method=List tags= order=id pageNum=1 pageSize=10 result=9 err=null took=769.268碌s
ts=2026-08-15T11:29:37Z caller=logging.go:85 method=Health result=2 took=27.313碌s
ts=2026-08-15T11:29:38Z caller=logging.go:85 method=Health result=2 took=27.544碌s
ts=2026-08-15T11:29:39Z caller=logging.go:36 method=List tags= order=id pageNum=1 pageSize=10 result=9 err=null took=1.340294ms
ts=2026-08-15T11:29:40Z caller=logging.go:85 method=Health result=2 took=31.481碌s
ts=2026-08-15T11:29:41Z caller=logging.go:85 method=Health result=2 took=35.799碌s
ts=2026-08-15T11:29:42Z caller=logging.go:36 method=List tags= order=id pageNum=1 pageSize=10 result=9 err=null took=762.626碌s
ts=2026-08-15T11:29:43Z caller=logging.go:85 method=Health result=2 took=27.824碌s
ts=2026-08-15T11:29:44Z caller=logging.go:85 method=Health result=2 took=27.784碌s
ts=2026-08-15T11:29:45Z caller=logging.go:36 method=List tags= order=id pageNum=1 pageSize=10 result=9 err=null took=716.473碌s
ts=2026-08-15T11:29:46Z caller=logging.go:85 method=Health result=2 took=27.223碌s
ts=2026-08-15T11:29:47Z caller=logging.go:85 method=Health result=2 took=34.006碌s
ts=2026-08-15T11:29:48Z caller=logging.go:36 method=List tags= order=id pageNum=1 pageSize=10 result=9 err=null took=866.302碌s
ts=2026-08-15T11:29:49Z caller=logging.go:85 method=Health result=2 took=27.774碌s
ts=2026-08-15T11:29:50Z caller=logging.go:85 method=Health result=2 took=29.517碌s
ts=2026-08-15T11:29:51Z caller=logging.go:36 method=List tags= order=id pageNum=1 pageSize=10 result=9 err=null took=739.792碌s
ts=2026-08-15T11:29:52Z caller=logging.go:85 method=Health result=2 took=26.792碌s
ts=2026-08-15T11:29:53Z caller=logging.go:85 method=Health result=2 took=33.264碌s
ts=2026-08-15T11:29:55Z caller=logging.go:36 method=List tags= order=id pageNum=1 pageSize=10 result=9 err=null took=876.967碌s
ts=2026-08-15T11:29:55Z caller=logging.go:85 method=Health result=2 took=32.503碌s
ts=2026-08-15T11:29:56Z caller=logging.go:85 method=Health result=2 took=35.649碌s
ts=2026-08-15T11:29:58Z caller=logging.go:36 method=List tags= order=id pageNum=1 pageSize=10 result=9 err=null took=722.489碌s
ts=2026-08-15T11:29:58Z caller=logging.go:85 method=Health result=2 took=27.373碌s
ts=2026-08-15T11:29:59Z caller=logging.go:85 method=Health result=2 took=27.433碌s
ts=2026-08-15T11:30:01Z caller=logging.go:36 method=List tags= order=id pageNum=1 pageSize=10 result=9 err=null took=740.193碌s
ts=2026-08-15T11:30:01Z caller=logging.go:85 method=Health result=2 took=33.124碌s
ts=2026-08-15T11:30:02Z caller=logging.go:85 method=Health result=2 took=39.115碌s
ts=2026-08-15T11:30:04Z caller=logging.go:36 method=List tags= order=id pageNum=1 pageSize=10 result=9 err=null took=816.481碌s
ts=2026-08-15T11:30:04Z caller=logging.go:85 method=Health result=2 took=30.279碌s
ts=2026-08-15T11:30:05Z caller=logging.go:85 method=Health result=2 took=31.802碌s
ts=2026-08-15T11:30:07Z caller=logging.go:36 method=List tags= order=id pageNum=1 pageSize=10 result=9 err=null took=813.466碌s
ts=2026-08-15T11:30:07Z caller=logging.go:85 method=Health result=2 took=33.134碌s
ts=2026-08-15T11:30:08Z caller=logging.go:85 method=Health result=2 took=35.619碌s
ts=2026-08-15T11:30:10Z caller=logging.go:36 method=List tags= order=id pageNum=1 pageSize=10 result=9 err=null took=755.417碌s
ts=2026-08-15T11:30:10Z caller=logging.go:85 method=Health result=2 took=26.141碌s
ts=2026-08-15T11:30:11Z caller=logging.go:85 method=Health result=2 took=35.97碌s
ts=2026-08-15T11:30:13Z caller=logging.go:36 method=List tags= order=id pageNum=1 pageSize=10 result=9 err=null took=720.021碌s
ts=2026-08-15T11:30:13Z caller=logging.go:85 method=Health result=2 took=27.824碌s
ts=2026-08-15T11:30:14Z caller=logging.go:85 method=Health result=2 took=30.028碌s
ts=2026-08-15T11:30:16Z caller=logging.go:36 method=List tags= order=id pageNum=1 pageSize=10 result=9 err=null took=710.237碌s
ts=2026-08-15T11:30:16Z caller=logging.go:85 method=Health result=2 took=26.351碌s
ts=2026-08-15T11:30:17Z caller=logging.go:85 method=Health result=2 took=32.493碌s
ts=2026-08-15T11:30:19Z caller=logging.go:36 method=List tags= order=id pageNum=1 pageSize=10 result=9 err=null took=750.566碌s
ts=2026-08-15T11:30:19Z caller=logging.go:85 method=Health result=2 took=27.033碌s
ts=2026-08-15T11:30:20Z caller=logging.go:85 method=Health result=2 took=27.624碌s
ts=2026-08-15T11:30:22Z caller=logging.go:85 method=Health result=2 took=29.086碌s
ts=2026-08-15T11:30:22Z caller=logging.go:36 method=List tags= order=id pageNum=1 pageSize=10 result=9 err=null took=810.459碌s
ts=2026-08-15T11:30:23Z caller=logging.go:85 method=Health result=2 took=33.324碌s
ts=2026-08-15T11:30:25Z caller=logging.go:85 method=Health result=2 took=42.593碌s
ts=2026-08-15T11:30:25Z caller=logging.go:36 method=List tags= order=id pageNum=1 pageSize=10 result=9 err=null took=772.013碌s
ts=2026-08-15T11:30:26Z caller=logging.go:85 method=Health result=2 took=29.226碌s
ts=2026-08-15T11:30:28Z caller=logging.go:85 method=Health result=2 took=26.502碌s
ts=2026-08-15T11:30:28Z caller=logging.go:36 method=List tags= order=id pageNum=1 pageSize=10 result=9 err=null took=761.31碌s
ts=2026-08-15T11:30:29Z caller=logging.go:85 method=Health result=2 took=59.255碌s
ts=2026-08-15T11:30:30Z caller=logging.go:36 method=List tags= order=id pageNum=1 pageSize=10 result=9 err=null took=783.514碌s
ts=2026-08-15T11:30:30Z caller=logging.go:36 method=List tags= order=id pageNum=1 pageSize=10 result=9 err=null took=743.24碌s
ts=2026-08-15T11:30:30Z caller=logging.go:36 method=List tags= order=id pageNum=1 pageSize=10 result=9 err=null took=687.292碌s
ts=2026-08-15T11:30:30Z caller=logging.go:36 method=List tags= order=id pageNum=1 pageSize=10 result=9 err=null took=659.818碌s
ts=2026-08-15T11:30:30Z caller=logging.go:36 method=List tags= order=id pageNum=1 pageSize=10 result=9 err=null took=663.261碌s
ts=2026-08-15T11:30:31Z caller=logging.go:36 method=List tags= order=id pageNum=1 pageSize=10 result=0 err="database connection error" took=288.89碌s
ts=2026-08-15T11:30:31Z caller=server.go:94 err="database connection error"
[mysql] 2026/08/15 11:30:31 packets.go:33: unexpected EOF
[mysql] 2026/08/15 11:30:31 packets.go:130: write tcp 10.244.2.79:54938->10.108.173.210:3306: write: broken pipe
ts=2026-08-15T11:30:31Z caller=logging.go:36 method=List tags= order=id pageNum=1 pageSize=10 result=0 err="database connection error" took=910.143碌s
ts=2026-08-15T11:30:31Z caller=server.go:94 err="database connection error"
ts=2026-08-15T11:30:31Z caller=logging.go:36 method=List tags= order=id pageNum=1 pageSize=10 result=0 err="database connection error" took=585.595碌s
ts=2026-08-15T11:30:31Z caller=server.go:94 err="database connection error"
ts=2026-08-15T11:30:31Z caller=logging.go:36 method=List tags= order=id pageNum=1 pageSize=10 result=0 err="database connection error" took=581.106碌s
ts=2026-08-15T11:30:31Z caller=server.go:94 err="database connection error"
ts=2026-08-15T11:30:31Z caller=logging.go:36 method=List tags= order=id pageNum=1 pageSize=10 result=0 err="database connection error" took=574.912碌s
ts=2026-08-15T11:30:31Z caller=server.go:94 err="database connection error"
ts=2026-08-15T11:30:31Z caller=logging.go:85 method=Health result=2 took=880.872碌s
ts=2026-08-15T11:30:32Z caller=logging.go:85 method=Health result=2 took=900.69碌s
ts=2026-08-15T11:30:34Z caller=logging.go:85 method=Health result=2 took=967.254碌s
ts=2026-08-15T11:30:35Z caller=logging.go:85 method=Health result=2 took=841.324碌s
ts=2026-08-15T11:30:36Z caller=logging.go:36 method=List tags= order=id pageNum=1 pageSize=10 result=0 err="database connection error" took=547.05碌s
ts=2026-08-15T11:30:36Z caller=server.go:94 err="database connection error"
ts=2026-08-15T11:30:37Z caller=logging.go:85 method=Health result=2 took=915.656碌s
ts=2026-08-15T11:30:38Z caller=server.go:94 err="circuit breaker 'List' is open"
ts=2026-08-15T11:30:38Z caller=logging.go:85 method=Health result=2 took=750.392碌s
ts=2026-08-15T11:30:40Z caller=server.go:94 err="circuit breaker 'List' is open"
ts=2026-08-15T11:30:40Z caller=logging.go:85 method=Health result=2 took=1.641458ms
ts=2026-08-15T11:30:41Z caller=logging.go:85 method=Health result=2 took=32.794碌s
ts=2026-08-15T11:30:42Z caller=server.go:94 err="circuit breaker 'List' is open"
ts=2026-08-15T11:30:43Z caller=logging.go:85 method=Health result=2 took=34.326碌s
ts=2026-08-15T11:30:44Z caller=server.go:94 err="circuit breaker 'List' is open"
ts=2026-08-15T11:30:44Z caller=logging.go:85 method=Health result=2 took=28.305碌s
ts=2026-08-15T11:30:46Z caller=logging.go:85 method=Health result=2 took=27.383碌s
ts=2026-08-15T11:30:46Z caller=server.go:94 err="circuit breaker 'List' is open"
ts=2026-08-15T11:30:47Z caller=logging.go:85 method=Health result=2 took=28.725碌s
ts=2026-08-15T11:30:48Z caller=server.go:94 err="circuit breaker 'List' is open"
ts=2026-08-15T11:30:49Z caller=logging.go:85 method=Health result=2 took=27.623碌s
ts=2026-08-15T11:30:50Z caller=logging.go:85 method=Health result=2 took=28.225碌s
ts=2026-08-15T11:30:50Z caller=server.go:94 err="circuit breaker 'List' is open"
ts=2026-08-15T11:30:52Z caller=logging.go:85 method=Health result=2 took=38.264碌s
ts=2026-08-15T11:30:53Z caller=server.go:94 err="circuit breaker 'List' is open"
ts=2026-08-15T11:30:53Z caller=logging.go:85 method=Health result=2 took=26.882碌s
ts=2026-08-15T11:30:55Z caller=server.go:94 err="circuit breaker 'List' is open"
ts=2026-08-15T11:30:55Z caller=logging.go:85 method=Health result=2 took=30.318碌s
ts=2026-08-15T11:30:56Z caller=logging.go:85 method=Health result=2 took=37.202碌s
ts=2026-08-15T11:30:57Z caller=server.go:94 err="circuit breaker 'List' is open"
ts=2026-08-15T11:30:58Z caller=logging.go:85 method=Health result=2 took=25.91碌s
ts=2026-08-15T11:30:59Z caller=server.go:94 err="circuit breaker 'List' is open"
ts=2026-08-15T11:30:59Z caller=logging.go:85 method=Health result=2 took=33.675碌s
ts=2026-08-15T11:31:01Z caller=server.go:94 err="circuit breaker 'List' is open"
ts=2026-08-15T11:31:01Z caller=logging.go:85 method=Health result=2 took=35.308碌s
ts=2026-08-15T11:31:02Z caller=logging.go:85 method=Health result=2 took=27.393碌s
ts=2026-08-15T11:31:03Z caller=server.go:94 err="circuit breaker 'List' is open"
ts=2026-08-15T11:31:04Z caller=logging.go:85 method=Health result=2 took=27.062碌s
ts=2026-08-15T11:31:05Z caller=server.go:94 err="circuit breaker 'List' is open"
ts=2026-08-15T11:31:05Z caller=logging.go:85 method=Health result=2 took=36.37碌s
ts=2026-08-15T11:31:07Z caller=logging.go:36 method=List tags= order=id pageNum=1 pageSize=10 result=9 err=null took=3.198645ms
ts=2026-08-15T11:31:07Z caller=logging.go:85 method=Health result=2 took=33.655碌s
ts=2026-08-15T11:31:08Z caller=logging.go:85 method=Health result=2 took=55.357碌s
ts=2026-08-15T11:31:09Z caller=logging.go:36 method=List tags= order=id pageNum=1 pageSize=10 result=9 err=null took=800.876碌s
ts=2026-08-15T11:31:10Z caller=logging.go:85 method=Health result=2 took=26.101碌s
ts=2026-08-15T11:31:11Z caller=logging.go:85 method=Health result=2 took=35.198碌s
ts=2026-08-15T11:31:11Z caller=logging.go:36 method=List tags= order=id pageNum=1 pageSize=10 result=9 err=null took=786.648碌s
ts=2026-08-15T11:31:13Z caller=logging.go:85 method=Health result=2 took=26.882碌s
ts=2026-08-15T11:31:13Z caller=logging.go:36 method=List tags= order=id pageNum=1 pageSize=10 result=9 err=null took=746.886碌s
ts=2026-08-15T11:31:14Z caller=logging.go:85 method=Health result=2 took=37.302碌s
ts=2026-08-15T11:31:15Z caller=logging.go:36 method=List tags= order=id pageNum=1 pageSize=10 result=9 err=null took=911.285碌s
ts=2026-08-15T11:31:16Z caller=logging.go:85 method=Health result=2 took=29.337碌s
ts=2026-08-15T11:31:17Z caller=logging.go:85 method=Health result=2 took=27.633碌s
ts=2026-08-15T11:31:18Z caller=logging.go:36 method=List tags= order=id pageNum=1 pageSize=10 result=9 err=null took=781.69碌s
ts=2026-08-15T11:31:19Z caller=logging.go:85 method=Health result=2 took=29.898碌s
ts=2026-08-15T11:31:20Z caller=logging.go:85 method=Health result=2 took=27.413碌s
ts=2026-08-15T11:31:21Z caller=logging.go:36 method=List tags= order=id pageNum=1 pageSize=10 result=9 err=null took=826.793碌s
ts=2026-08-15T11:31:22Z caller=logging.go:85 method=Health result=2 took=27.954碌s
ts=2026-08-15T11:31:23Z caller=logging.go:85 method=Health result=2 took=31.431碌s
ts=2026-08-15T11:31:24Z caller=logging.go:36 method=List tags= order=id pageNum=1 pageSize=10 result=9 err=null took=740.859碌s
ts=2026-08-15T11:31:25Z caller=logging.go:85 method=Health result=2 took=33.515碌s
ts=2026-08-15T11:31:26Z caller=logging.go:85 method=Health result=2 took=26.852碌s
ts=2026-08-15T11:31:27Z caller=logging.go:36 method=List tags= order=id pageNum=1 pageSize=10 result=9 err=null took=770.212碌s
ts=2026-08-15T11:31:28Z caller=logging.go:85 method=Health result=2 took=27.043碌s
ts=2026-08-15T11:31:29Z caller=logging.go:85 method=Health result=2 took=34.718碌s
ts=2026-08-15T11:31:30Z caller=logging.go:36 method=List tags= order=id pageNum=1 pageSize=10 result=9 err=null took=736.432碌s
ts=2026-08-15T11:31:31Z caller=logging.go:85 method=Health result=2 took=28.876碌s
ts=2026-08-15T11:31:32Z caller=logging.go:85 method=Health result=2 took=34.397碌s
ts=2026-08-15T11:31:33Z caller=logging.go:36 method=List tags= order=id pageNum=1 pageSize=10 result=9 err=null took=732.12碌s
ts=2026-08-15T11:31:34Z caller=logging.go:85 method=Health result=2 took=36.882碌s
ts=2026-08-15T11:31:35Z caller=logging.go:85 method=Health result=2 took=26.822碌s
ts=2026-08-15T11:31:36Z caller=logging.go:36 method=List tags= order=id pageNum=1 pageSize=10 result=9 err=null took=738.708碌s
ts=2026-08-15T11:31:37Z caller=logging.go:85 method=Health result=2 took=33.716碌s
ts=2026-08-15T11:31:38Z caller=logging.go:85 method=Health result=2 took=27.233碌s
ts=2026-08-15T11:31:39Z caller=logging.go:36 method=List tags= order=id pageNum=1 pageSize=10 result=9 err=null took=742.871碌s
ts=2026-08-15T11:31:40Z caller=logging.go:85 method=Health result=2 took=40.879碌s
ts=2026-08-15T11:31:41Z caller=logging.go:85 method=Health result=2 took=28.645碌s
ts=2026-08-15T11:31:42Z caller=logging.go:36 method=List tags= order=id pageNum=1 pageSize=10 result=9 err=null took=783.09碌s
ts=2026-08-15T11:31:43Z caller=logging.go:85 method=Health result=2 took=29.327碌s
ts=2026-08-15T11:31:44Z caller=logging.go:85 method=Health result=2 took=33.104碌s
ts=2026-08-15T11:31:45Z caller=logging.go:36 method=List tags= order=id pageNum=1 pageSize=10 result=9 err=null took=781.487碌s
ts=2026-08-15T11:31:46Z caller=logging.go:85 method=Health result=2 took=34.367碌s
ts=2026-08-15T11:31:47Z caller=logging.go:85 method=Health result=2 took=29.266碌s
ts=2026-08-15T11:31:48Z caller=logging.go:36 method=List tags= order=id pageNum=1 pageSize=10 result=9 err=null took=760.202碌s
ts=2026-08-15T11:31:49Z caller=logging.go:85 method=Health result=2 took=29.537碌s
ts=2026-08-15T11:31:50Z caller=logging.go:85 method=Health result=2 took=27.483碌s
ts=2026-08-15T11:31:51Z caller=logging.go:36 method=List tags= order=id pageNum=1 pageSize=10 result=9 err=null took=739.252碌s
ts=2026-08-15T11:31:52Z caller=logging.go:85 method=Health result=2 took=28.675碌s
ts=2026-08-15T11:31:53Z caller=logging.go:85 method=Health result=2 took=34.697碌s
ts=2026-08-15T11:31:55Z caller=logging.go:36 method=List tags= order=id pageNum=1 pageSize=10 result=9 err=null took=753.034碌s
ts=2026-08-15T11:31:55Z caller=logging.go:85 method=Health result=2 took=27.072碌s
ts=2026-08-15T11:31:56Z caller=logging.go:85 method=Health result=2 took=36.25碌s
ts=2026-08-15T11:31:58Z caller=logging.go:36 method=List tags= order=id pageNum=1 pageSize=10 result=9 err=null took=794.779碌s
ts=2026-08-15T11:31:58Z caller=logging.go:85 method=Health result=2 took=34.707碌s
ts=2026-08-15T11:31:59Z caller=logging.go:85 method=Health result=2 took=35.869碌s
ts=2026-08-15T11:32:01Z caller=logging.go:36 method=List tags= order=id pageNum=1 pageSize=10 result=9 err=null took=740.368碌s
ts=2026-08-15T11:32:01Z caller=logging.go:85 method=Health result=2 took=28.234碌s
ts=2026-08-15T11:32:02Z caller=logging.go:85 method=Health result=2 took=34.467碌s
ts=2026-08-15T11:32:04Z caller=logging.go:36 method=List tags= order=id pageNum=1 pageSize=10 result=9 err=null took=736.386碌s
ts=2026-08-15T11:32:04Z caller=logging.go:85 method=Health result=2 took=27.964碌s
ts=2026-08-15T11:32:05Z caller=logging.go:85 method=Health result=2 took=34.607碌s
ts=2026-08-15T11:32:07Z caller=logging.go:36 method=List tags= order=id pageNum=1 pageSize=10 result=9 err=null took=879.775碌s
ts=2026-08-15T11:32:07Z caller=logging.go:85 method=Health result=2 took=34.106碌s
ts=2026-08-15T11:32:08Z caller=logging.go:85 method=Health result=2 took=29.867碌s
ts=2026-08-15T11:32:10Z caller=logging.go:36 method=List tags= order=id pageNum=1 pageSize=10 result=9 err=null took=738.196碌s
ts=2026-08-15T11:32:10Z caller=logging.go:85 method=Health result=2 took=33.165碌s
ts=2026-08-15T11:32:11Z caller=logging.go:85 method=Health result=2 took=28.485碌s
ts=2026-08-15T11:32:13Z caller=logging.go:36 method=List tags= order=id pageNum=1 pageSize=10 result=9 err=null took=747.233碌s
ts=2026-08-15T11:32:13Z caller=logging.go:85 method=Health result=2 took=27.403碌s
ts=2026-08-15T11:32:14Z caller=logging.go:85 method=Health result=2 took=34.447碌s
ts=2026-08-15T11:32:16Z caller=logging.go:36 method=List tags= order=id pageNum=1 pageSize=10 result=9 err=null took=721.763碌s
ts=2026-08-15T11:32:16Z caller=logging.go:85 method=Health result=2 took=32.573碌s
ts=2026-08-15T11:32:17Z caller=logging.go:85 method=Health result=2 took=35.569碌s
ts=2026-08-15T11:32:19Z caller=logging.go:36 method=List tags= order=id pageNum=1 pageSize=10 result=9 err=null took=791.753碌s
ts=2026-08-15T11:32:19Z caller=logging.go:85 method=Health result=2 took=29.046碌s
ts=2026-08-15T11:32:20Z caller=logging.go:85 method=Health result=2 took=34.226碌s
ts=2026-08-15T11:32:21Z caller=logging.go:36 method=List tags= order=id pageNum=1 pageSize=10 result=9 err=null took=723.407碌s
ts=2026-08-15T11:32:21Z caller=logging.go:36 method=List tags= order=id pageNum=1 pageSize=10 result=9 err=null took=844.686碌s
ts=2026-08-15T11:32:21Z caller=logging.go:36 method=List tags= order=id pageNum=1 pageSize=10 result=9 err=null took=777.38碌s
ts=2026-08-15T11:32:21Z caller=logging.go:36 method=List tags= order=id pageNum=1 pageSize=10 result=9 err=null took=700.94碌s
ts=2026-08-15T11:32:21Z caller=logging.go:36 method=List tags= order=id pageNum=1 pageSize=10 result=9 err=null took=745.613碌s
ts=2026-08-15T11:32:22Z caller=logging.go:36 method=List tags= order=id pageNum=1 pageSize=10 result=9 err=null took=712.599碌s
ts=2026-08-15T11:32:22Z caller=logging.go:85 method=Health result=2 took=27.503碌s
ts=2026-08-15T11:32:23Z caller=logging.go:85 method=Health result=2 took=36.681碌s
ts=2026-08-15T11:32:25Z caller=logging.go:85 method=Health result=2 took=29.647碌s
ts=2026-08-15T11:32:26Z caller=logging.go:85 method=Health result=2 took=28.174碌s
ts=2026-08-15T11:32:28Z caller=logging.go:85 method=Health result=2 took=27.023碌s
ts=2026-08-15T11:32:29Z caller=logging.go:85 method=Health result=2 took=27.423碌s
ts=2026-08-15T11:32:31Z caller=logging.go:85 method=Health result=2 took=29.487碌s
ts=2026-08-15T11:32:32Z caller=logging.go:85 method=Health result=2 took=26.431碌s
ts=2026-08-15T11:32:34Z caller=logging.go:85 method=Health result=2 took=26.351碌s
ts=2026-08-15T11:32:35Z caller=logging.go:85 method=Health result=2 took=34.246碌s
ts=2026-08-15T11:32:37Z caller=logging.go:85 method=Health result=2 took=32.373碌s
ts=2026-08-15T11:32:38Z caller=logging.go:85 method=Health result=2 took=27.614碌s
ts=2026-08-15T11:32:40Z caller=logging.go:85 method=Health result=2 took=40.508碌s
ts=2026-08-15T11:32:41Z caller=logging.go:85 method=Health result=2 took=29.558碌s
ts=2026-08-15T11:32:43Z caller=logging.go:85 method=Health result=2 took=26.171碌s
ts=2026-08-15T11:32:44Z caller=logging.go:85 method=Health result=2 took=37.713碌s
ts=2026-08-15T11:32:46Z caller=logging.go:85 method=Health result=2 took=28.345碌s
ts=2026-08-15T11:32:47Z caller=logging.go:85 method=Health result=2 took=26.812碌s
ts=2026-08-15T11:32:49Z caller=logging.go:85 method=Health result=2 took=33.535碌s
ts=2026-08-15T11:32:50Z caller=logging.go:85 method=Health result=2 took=29.787碌s
ts=2026-08-15T11:32:52Z caller=logging.go:85 method=Health result=2 took=34.286碌s
ts=2026-08-15T11:32:53Z caller=logging.go:85 method=Health result=2 took=35.218碌s
ts=2026-08-15T11:32:55Z caller=logging.go:85 method=Health result=2 took=27.223碌s
ts=2026-08-15T11:32:56Z caller=logging.go:36 method=List tags= order=id pageNum=1 pageSize=10 result=9 err=null took=746.55碌s
ts=2026-08-15T11:32:56Z caller=logging.go:85 method=Health result=2 took=35.028碌s
ts=2026-08-15T11:32:58Z caller=logging.go:36 method=List tags= order=id pageNum=1 pageSize=10 result=9 err=null took=836.779碌s
ts=2026-08-15T11:32:58Z caller=logging.go:85 method=Health result=2 took=26.441碌s
ts=2026-08-15T11:32:59Z caller=logging.go:85 method=Health result=2 took=35.92碌s
ts=2026-08-15T11:33:00Z caller=logging.go:36 method=List tags= order=id pageNum=1 pageSize=10 result=9 err=null took=843.242碌s
ts=2026-08-15T11:33:01Z caller=logging.go:85 method=Health result=2 took=33.685碌s
ts=2026-08-15T11:33:02Z caller=logging.go:36 method=List tags= order=id pageNum=1 pageSize=10 result=9 err=null took=709.858碌s
ts=2026-08-15T11:33:02Z caller=logging.go:85 method=Health result=2 took=30.029碌s
ts=2026-08-15T11:33:04Z caller=logging.go:36 method=List tags= order=id pageNum=1 pageSize=10 result=9 err=null took=734.051碌s
ts=2026-08-15T11:33:04Z caller=logging.go:85 method=Health result=2 took=27.543碌s
ts=2026-08-15T11:33:05Z caller=logging.go:85 method=Health result=2 took=36.641碌s
ts=2026-08-15T11:33:06Z caller=logging.go:36 method=List tags= order=id pageNum=1 pageSize=10 result=9 err=null took=781.952碌s
ts=2026-08-15T11:33:07Z caller=logging.go:85 method=Health result=2 took=32.823碌s
ts=2026-08-15T11:33:08Z caller=logging.go:85 method=Health result=2 took=36.13碌s
ts=2026-08-15T11:33:09Z caller=logging.go:36 method=List tags= order=id pageNum=1 pageSize=10 result=9 err=null took=792.747碌s
ts=2026-08-15T11:33:10Z caller=logging.go:85 method=Health result=2 took=29.808碌s
ts=2026-08-15T11:33:11Z caller=logging.go:85 method=Health result=2 took=33.485碌s
ts=2026-08-15T11:33:12Z caller=logging.go:36 method=List tags= order=id pageNum=1 pageSize=10 result=9 err=null took=752.467碌s
ts=2026-08-15T11:33:13Z caller=logging.go:85 method=Health result=2 took=26.902碌s
ts=2026-08-15T11:33:14Z caller=logging.go:85 method=Health result=2 took=34.357碌s
ts=2026-08-15T11:33:15Z caller=logging.go:36 method=List tags= order=id pageNum=1 pageSize=10 result=9 err=null took=938.878碌s
ts=2026-08-15T11:33:16Z caller=logging.go:85 method=Health result=2 took=26.01碌s
ts=2026-08-15T11:33:17Z caller=logging.go:85 method=Health result=2 took=27.884碌s
ts=2026-08-15T11:33:18Z caller=logging.go:36 method=List tags= order=id pageNum=1 pageSize=10 result=9 err=null took=786.899碌s
ts=2026-08-15T11:33:19Z caller=logging.go:85 method=Health result=2 took=27.614碌s
ts=2026-08-15T11:33:20Z caller=logging.go:85 method=Health result=2 took=27.784碌s
ts=2026-08-15T11:33:21Z caller=logging.go:36 method=List tags= order=id pageNum=1 pageSize=10 result=9 err=null took=798.097碌s
ts=2026-08-15T11:33:22Z caller=logging.go:85 method=Health result=2 took=29.267碌s
ts=2026-08-15T11:33:23Z caller=logging.go:85 method=Health result=2 took=36.521碌s
ts=2026-08-15T11:33:25Z caller=logging.go:36 method=List tags= order=id pageNum=1 pageSize=10 result=9 err=null took=722.117碌s
ts=2026-08-15T11:33:25Z caller=logging.go:85 method=Health result=2 took=35.81碌s
ts=2026-08-15T11:33:26Z caller=logging.go:85 method=Health result=2 took=33.384碌s
ts=2026-08-15T11:33:28Z caller=logging.go:36 method=List tags= order=id pageNum=1 pageSize=10 result=9 err=null took=776.123碌s
ts=2026-08-15T11:33:28Z caller=logging.go:85 method=Health result=2 took=31.14碌s
ts=2026-08-15T11:33:29Z caller=logging.go:85 method=Health result=2 took=32.733碌s
ts=2026-08-15T11:33:31Z caller=logging.go:36 method=List tags= order=id pageNum=1 pageSize=10 result=9 err=null took=788.918碌s
ts=2026-08-15T11:33:31Z caller=logging.go:85 method=Health result=2 took=28.305碌s
ts=2026-08-15T11:33:32Z caller=logging.go:85 method=Health result=2 took=28.305碌s
ts=2026-08-15T11:33:34Z caller=logging.go:36 method=List tags= order=id pageNum=1 pageSize=10 result=9 err=null took=802.524碌s
ts=2026-08-15T11:33:34Z caller=logging.go:85 method=Health result=2 took=26.922碌s
ts=2026-08-15T11:33:35Z caller=logging.go:85 method=Health result=2 took=36.531碌s
ts=2026-08-15T11:33:37Z caller=logging.go:36 method=List tags= order=id pageNum=1 pageSize=10 result=9 err=null took=727.143碌s
ts=2026-08-15T11:33:37Z caller=logging.go:85 method=Health result=2 took=33.424碌s
ts=2026-08-15T11:33:38Z caller=logging.go:85 method=Health result=2 took=26.622碌s
ts=2026-08-15T11:33:40Z caller=logging.go:36 method=List tags= order=id pageNum=1 pageSize=10 result=9 err=null took=738.208碌s
ts=2026-08-15T11:33:40Z caller=logging.go:85 method=Health result=2 took=26.852碌s
ts=2026-08-15T11:33:41Z caller=logging.go:85 method=Health result=2 took=575.972碌s
ts=2026-08-15T11:33:43Z caller=logging.go:36 method=List tags= order=id pageNum=1 pageSize=10 result=9 err=null took=730.185碌s
ts=2026-08-15T11:33:43Z caller=logging.go:85 method=Health result=2 took=28.227碌s
ts=2026-08-15T11:33:44Z caller=logging.go:85 method=Health result=2 took=34.186碌s
ts=2026-08-15T11:33:46Z caller=logging.go:36 method=List tags= order=id pageNum=1 pageSize=10 result=9 err=null took=765.611碌s
ts=2026-08-15T11:33:46Z caller=logging.go:85 method=Health result=2 took=28.054碌s
ts=2026-08-15T11:33:47Z caller=logging.go:85 method=Health result=2 took=35.188碌s
ts=2026-08-15T11:33:49Z caller=logging.go:85 method=Health result=2 took=27.241碌s
ts=2026-08-15T11:33:49Z caller=logging.go:36 method=List tags= order=id pageNum=1 pageSize=10 result=9 err=null took=821.503碌s
ts=2026-08-15T11:33:50Z caller=logging.go:85 method=Health result=2 took=29.085碌s
ts=2026-08-15T11:33:52Z caller=logging.go:85 method=Health result=2 took=31.981碌s
ts=2026-08-15T11:33:52Z caller=logging.go:36 method=List tags= order=id pageNum=1 pageSize=10 result=9 err=null took=728.941碌s
ts=2026-08-15T11:33:53Z caller=logging.go:85 method=Health result=2 took=33.485碌s
ts=2026-08-15T11:33:55Z caller=logging.go:85 method=Health result=2 took=56.66碌s
ts=2026-08-15T11:33:55Z caller=logging.go:36 method=List tags= order=id pageNum=1 pageSize=10 result=9 err=null took=817.533碌s
ts=2026-08-15T11:33:56Z caller=logging.go:85 method=Health result=2 took=30.479碌s
ts=2026-08-15T11:33:58Z caller=logging.go:85 method=Health result=2 took=37.612碌s
ts=2026-08-15T11:33:58Z caller=logging.go:36 method=List tags= order=id pageNum=1 pageSize=10 result=9 err=null took=759.622碌s
ts=2026-08-15T11:33:59Z caller=logging.go:85 method=Health result=2 took=29.957碌s
ts=2026-08-15T11:34:01Z caller=logging.go:85 method=Health result=2 took=27.112碌s
ts=2026-08-15T11:34:02Z caller=logging.go:36 method=List tags= order=id pageNum=1 pageSize=10 result=9 err=null took=805.247碌s
ts=2026-08-15T11:34:02Z caller=logging.go:85 method=Health result=2 took=29.807碌s
ts=2026-08-15T11:34:04Z caller=logging.go:85 method=Health result=2 took=34.947碌s
ts=2026-08-15T11:34:05Z caller=logging.go:36 method=List tags= order=id pageNum=1 pageSize=10 result=9 err=null took=791.039碌s
ts=2026-08-15T11:34:05Z caller=logging.go:85 method=Health result=2 took=36.212碌s
ts=2026-08-15T11:34:07Z caller=logging.go:85 method=Health result=2 took=28.757碌s
ts=2026-08-15T11:34:08Z caller=logging.go:36 method=List tags= order=id pageNum=1 pageSize=10 result=9 err=null took=1.278129ms
ts=2026-08-15T11:34:08Z caller=logging.go:85 method=Health result=2 took=31.412碌s
ts=2026-08-15T11:34:10Z caller=logging.go:36 method=List tags= order=id pageNum=1 pageSize=10 result=9 err=null took=791.854碌s
ts=2026-08-15T11:34:10Z caller=logging.go:36 method=List tags= order=id pageNum=1 pageSize=10 result=9 err=null took=711.17碌s
ts=2026-08-15T11:34:10Z caller=logging.go:36 method=List tags= order=id pageNum=1 pageSize=10 result=9 err=null took=771.115碌s
ts=2026-08-15T11:34:10Z caller=logging.go:36 method=List tags= order=id pageNum=1 pageSize=10 result=9 err=null took=819.799碌s
ts=2026-08-15T11:34:10Z caller=logging.go:36 method=List tags= order=id pageNum=1 pageSize=10 result=9 err=null took=736.255碌s
ts=2026-08-15T11:34:10Z caller=logging.go:85 method=Health result=2 took=33.786碌s
ts=2026-08-15T11:34:11Z caller=logging.go:36 method=List tags= order=id pageNum=1 pageSize=10 result=9 err=null took=975.501碌s
ts=2026-08-15T11:34:11Z caller=logging.go:85 method=Health result=2 took=32.464碌s
ts=2026-08-15T11:34:13Z caller=logging.go:85 method=Health result=2 took=28.385碌s
ts=2026-08-15T11:34:14Z caller=logging.go:85 method=Health result=2 took=27.804碌s
ts=2026-08-15T11:34:16Z caller=logging.go:85 method=Health result=2 took=27.754碌s
ts=2026-08-15T11:34:17Z caller=logging.go:85 method=Health result=2 took=29.107碌s
ts=2026-08-15T11:34:19Z caller=logging.go:85 method=Health result=2 took=28.184碌s
ts=2026-08-15T11:34:20Z caller=logging.go:85 method=Health result=2 took=29.146碌s
ts=2026-08-15T11:34:22Z caller=logging.go:85 method=Health result=2 took=33.575碌s
ts=2026-08-15T11:34:23Z caller=logging.go:85 method=Health result=2 took=31.2碌s
ts=2026-08-15T11:34:25Z caller=logging.go:85 method=Health result=2 took=27.904碌s
ts=2026-08-15T11:34:26Z caller=logging.go:85 method=Health result=2 took=27.854碌s
ts=2026-08-15T11:34:28Z caller=logging.go:85 method=Health result=2 took=28.215碌s
ts=2026-08-15T11:34:29Z caller=logging.go:85 method=Health result=2 took=38.063碌s
ts=2026-08-15T11:34:31Z caller=logging.go:85 method=Health result=2 took=26.221碌s
ts=2026-08-15T11:34:32Z caller=logging.go:85 method=Health result=2 took=28.665碌s
ts=2026-08-15T11:34:34Z caller=logging.go:85 method=Health result=2 took=26.592碌s
ts=2026-08-15T11:34:35Z caller=logging.go:85 method=Health result=2 took=28.084碌s
ts=2026-08-15T11:34:37Z caller=logging.go:85 method=Health result=2 took=33.908碌s
ts=2026-08-15T11:34:38Z caller=logging.go:85 method=Health result=2 took=36.242碌s
ts=2026-08-15T11:34:40Z caller=logging.go:85 method=Health result=2 took=31.723碌s
ts=2026-08-15T11:34:41Z caller=logging.go:85 method=Health result=2 took=29.648碌s
ts=2026-08-15T11:34:43Z caller=logging.go:85 method=Health result=2 took=26.573碌s
ts=2026-08-15T11:34:44Z caller=logging.go:85 method=Health result=2 took=28.134碌s
ts=2026-08-15T11:34:44Z caller=logging.go:36 method=List tags= order=id pageNum=1 pageSize=10 result=9 err=null took=774.668碌s
ts=2026-08-15T11:34:46Z caller=logging.go:85 method=Health result=2 took=28.886碌s
ts=2026-08-15T11:34:46Z caller=logging.go:36 method=List tags= order=id pageNum=1 pageSize=10 result=9 err=null took=748.703碌s
ts=2026-08-15T11:34:47Z caller=logging.go:85 method=Health result=2 took=33.184碌s
ts=2026-08-15T11:34:49Z caller=logging.go:36 method=List tags= order=id pageNum=1 pageSize=10 result=9 err=null took=750.867碌s
ts=2026-08-15T11:34:49Z caller=logging.go:85 method=Health result=2 took=27.483碌s
ts=2026-08-15T11:34:50Z caller=logging.go:85 method=Health result=2 took=26.201碌s
ts=2026-08-15T11:34:51Z caller=logging.go:36 method=List tags= order=id pageNum=1 pageSize=10 result=9 err=null took=742.757碌s
ts=2026-08-15T11:34:52Z caller=logging.go:85 method=Health result=2 took=27.683碌s
ts=2026-08-15T11:34:53Z caller=logging.go:36 method=List tags= order=id pageNum=1 pageSize=10 result=9 err=null took=728.668碌s
ts=2026-08-15T11:34:53Z caller=logging.go:85 method=Health result=2 took=33.074碌s
ts=2026-08-15T11:34:55Z caller=logging.go:36 method=List tags= order=id pageNum=1 pageSize=10 result=9 err=null took=729.476碌s
ts=2026-08-15T11:34:55Z caller=logging.go:85 method=Health result=2 took=28.636碌s
ts=2026-08-15T11:34:56Z caller=logging.go:85 method=Health result=2 took=36.28碌s
ts=2026-08-15T11:34:58Z caller=logging.go:36 method=List tags= order=id pageNum=1 pageSize=10 result=9 err=null took=745.691碌s
ts=2026-08-15T11:34:58Z caller=logging.go:85 method=Health result=2 took=27.583碌s
ts=2026-08-15T11:34:59Z caller=logging.go:85 method=Health result=2 took=26.481碌s
ts=2026-08-15T11:35:01Z caller=logging.go:36 method=List tags= order=id pageNum=1 pageSize=10 result=9 err=null took=803.579碌s
ts=2026-08-15T11:35:01Z caller=logging.go:85 method=Health result=2 took=47.031碌s
ts=2026-08-15T11:35:02Z caller=logging.go:85 method=Health result=2 took=34.697碌s
ts=2026-08-15T11:35:04Z caller=logging.go:36 method=List tags= order=id pageNum=1 pageSize=10 result=9 err=null took=758.311碌s
ts=2026-08-15T11:35:04Z caller=logging.go:85 method=Health result=2 took=29.557碌s
ts=2026-08-15T11:35:05Z caller=logging.go:85 method=Health result=2 took=31.962碌s
ts=2026-08-15T11:35:07Z caller=logging.go:36 method=List tags= order=id pageNum=1 pageSize=10 result=9 err=null took=766.096碌s
ts=2026-08-15T11:35:07Z caller=logging.go:85 method=Health result=2 took=27.433碌s
ts=2026-08-15T11:35:08Z caller=logging.go:85 method=Health result=2 took=31.892碌s
ts=2026-08-15T11:35:10Z caller=logging.go:36 method=List tags= order=id pageNum=1 pageSize=10 result=9 err=null took=726.342碌s
ts=2026-08-15T11:35:10Z caller=logging.go:85 method=Health result=2 took=48.725碌s
ts=2026-08-15T11:35:11Z caller=logging.go:85 method=Health result=2 took=27.213碌s
ts=2026-08-15T11:35:13Z caller=logging.go:36 method=List tags= order=id pageNum=1 pageSize=10 result=9 err=null took=714.999碌s
ts=2026-08-15T11:35:13Z caller=logging.go:85 method=Health result=2 took=17.143碌s
ts=2026-08-15T11:35:14Z caller=logging.go:85 method=Health result=2 took=35.008碌s
ts=2026-08-15T11:35:16Z caller=logging.go:85 method=Health result=2 took=26.963碌s
ts=2026-08-15T11:35:16Z caller=logging.go:36 method=List tags= order=id pageNum=1 pageSize=10 result=9 err=null took=754.246碌s
ts=2026-08-15T11:35:17Z caller=logging.go:85 method=Health result=2 took=30.098碌s
ts=2026-08-15T11:35:19Z caller=logging.go:85 method=Health result=2 took=26.932碌s
ts=2026-08-15T11:35:19Z caller=logging.go:36 method=List tags= order=id pageNum=1 pageSize=10 result=9 err=null took=694.278碌s
ts=2026-08-15T11:35:20Z caller=logging.go:85 method=Health result=2 took=29.568碌s
ts=2026-08-15T11:35:22Z caller=logging.go:85 method=Health result=2 took=41.902碌s
ts=2026-08-15T11:35:22Z caller=logging.go:36 method=List tags= order=id pageNum=1 pageSize=10 result=9 err=null took=699.702碌s
ts=2026-08-15T11:35:23Z caller=logging.go:85 method=Health result=2 took=30.069碌s
ts=2026-08-15T11:35:25Z caller=logging.go:85 method=Health result=2 took=29.196碌s
ts=2026-08-15T11:35:25Z caller=logging.go:36 method=List tags= order=id pageNum=1 pageSize=10 result=9 err=null took=940.678碌s
ts=2026-08-15T11:35:26Z caller=logging.go:85 method=Health result=2 took=27.142碌s
ts=2026-08-15T11:35:28Z caller=logging.go:85 method=Health result=2 took=33.465碌s
ts=2026-08-15T11:35:29Z caller=logging.go:36 method=List tags= order=id pageNum=1 pageSize=10 result=9 err=null took=734.04碌s
ts=2026-08-15T11:35:29Z caller=logging.go:85 method=Health result=2 took=27.493碌s
ts=2026-08-15T11:35:31Z caller=logging.go:85 method=Health result=2 took=27.423碌s
ts=2026-08-15T11:35:32Z caller=logging.go:36 method=List tags= order=id pageNum=1 pageSize=10 result=9 err=null took=715.219碌s
ts=2026-08-15T11:35:32Z caller=logging.go:85 method=Health result=2 took=26.912碌s
ts=2026-08-15T11:35:34Z caller=logging.go:85 method=Health result=2 took=32.924碌s
ts=2026-08-15T11:35:35Z caller=logging.go:36 method=List tags= order=id pageNum=1 pageSize=10 result=9 err=null took=725.232碌s
ts=2026-08-15T11:35:35Z caller=logging.go:85 method=Health result=2 took=27.504碌s
ts=2026-08-15T11:35:37Z caller=logging.go:85 method=Health result=2 took=26.993碌s
ts=2026-08-15T11:35:38Z caller=logging.go:36 method=List tags= order=id pageNum=1 pageSize=10 result=9 err=null took=751.153碌s
ts=2026-08-15T11:35:38Z caller=logging.go:85 method=Health result=2 took=32.143碌s
ts=2026-08-15T11:35:40Z caller=logging.go:85 method=Health result=2 took=34.757碌s
ts=2026-08-15T11:35:41Z caller=logging.go:36 method=List tags= order=id pageNum=1 pageSize=10 result=9 err=null took=716.139碌s
ts=2026-08-15T11:35:41Z caller=logging.go:85 method=Health result=2 took=46.29碌s
ts=2026-08-15T11:35:43Z caller=logging.go:85 method=Health result=2 took=39.406碌s
ts=2026-08-15T11:35:44Z caller=logging.go:36 method=List tags= order=id pageNum=1 pageSize=10 result=9 err=null took=761.436碌s
ts=2026-08-15T11:35:44Z caller=logging.go:85 method=Health result=2 took=33.074碌s
ts=2026-08-15T11:35:46Z caller=logging.go:85 method=Health result=2 took=28.134碌s
ts=2026-08-15T11:35:47Z caller=logging.go:36 method=List tags= order=id pageNum=1 pageSize=10 result=9 err=null took=716.496碌s
ts=2026-08-15T11:35:47Z caller=logging.go:85 method=Health result=2 took=34.196碌s
ts=2026-08-15T11:35:49Z caller=logging.go:85 method=Health result=2 took=28.574碌s
ts=2026-08-15T11:35:50Z caller=logging.go:36 method=List tags= order=id pageNum=1 pageSize=10 result=9 err=null took=748.328碌s
ts=2026-08-15T11:35:50Z caller=logging.go:85 method=Health result=2 took=28.735碌s
ts=2026-08-15T11:35:52Z caller=logging.go:85 method=Health result=2 took=29.035碌s
ts=2026-08-15T11:35:53Z caller=logging.go:36 method=List tags= order=id pageNum=1 pageSize=10 result=9 err=null took=757.996碌s
ts=2026-08-15T11:35:53Z caller=logging.go:85 method=Health result=2 took=30.147碌s
ts=2026-08-15T11:35:55Z caller=logging.go:85 method=Health result=2 took=27.253碌s
ts=2026-08-15T11:35:56Z caller=logging.go:36 method=List tags= order=id pageNum=1 pageSize=10 result=9 err=null took=722.787碌s
ts=2026-08-15T11:35:56Z caller=logging.go:85 method=Health result=2 took=23.896碌s
