images: "./images/"
Abs(images): "/images" (<nil>)
Getwd: "/" (<nil>)
ls: ["images/WAT.jpg" "images/WAT2.jpg" "images/bit_of_leg_1.jpeg" "images/bit_of_leg_2.jpeg" "images/catsocks.jpg" "images/catsocks2.jpg" "images/classic.jpg" "images/classic2.jpg" "images/colourful_socks.jpg" "images/cross_1.jpeg" "images/cross_2.jpeg" "images/holy_1.jpeg" "images/holy_2.jpeg" "images/holy_3.jpeg" "images/puma_1.jpeg" "images/puma_2.jpeg" "images/rugby_socks.jpg" "images/sock.jpeg" "images/youtube_1.jpeg" "images/youtube_2.jpeg"]
ts=2026-08-16T07:41:06Z caller=main.go:136 transport=HTTP port=80
ts=2026-08-16T07:44:05Z caller=logging.go:85 method=Health result=2 took=176.212碌s
ts=2026-08-16T07:44:08Z caller=logging.go:36 method=List tags= order=id pageNum=1 pageSize=10 result=9 err=null took=1.867159ms
ts=2026-08-16T07:44:08Z caller=logging.go:85 method=Health result=2 took=29.387碌s
ts=2026-08-16T07:44:10Z caller=logging.go:36 method=List tags= order=id pageNum=1 pageSize=10 result=9 err=null took=864.674碌s
ts=2026-08-16T07:44:11Z caller=logging.go:85 method=Health result=2 took=36.421碌s
ts=2026-08-16T07:44:12Z caller=logging.go:36 method=List tags= order=id pageNum=1 pageSize=10 result=9 err=null took=721.28碌s
ts=2026-08-16T07:44:14Z caller=logging.go:36 method=List tags= order=id pageNum=1 pageSize=10 result=9 err=null took=764.774碌s
ts=2026-08-16T07:44:14Z caller=logging.go:85 method=Health result=2 took=32.082碌s
ts=2026-08-16T07:44:16Z caller=logging.go:36 method=List tags= order=id pageNum=1 pageSize=10 result=9 err=null took=761.678碌s
ts=2026-08-16T07:44:17Z caller=logging.go:85 method=Health result=2 took=27.975碌s
ts=2026-08-16T07:44:18Z caller=logging.go:36 method=List tags= order=id pageNum=1 pageSize=10 result=9 err=null took=751.799碌s
ts=2026-08-16T07:44:20Z caller=logging.go:85 method=Health result=2 took=27.212碌s
ts=2026-08-16T07:44:21Z caller=logging.go:36 method=List tags= order=id pageNum=1 pageSize=10 result=9 err=null took=770.496碌s
ts=2026-08-16T07:44:23Z caller=logging.go:85 method=Health result=2 took=28.365碌s
ts=2026-08-16T07:44:24Z caller=logging.go:36 method=List tags= order=id pageNum=1 pageSize=10 result=9 err=null took=799.548碌s
ts=2026-08-16T07:44:26Z caller=logging.go:85 method=Health result=2 took=26.381碌s
ts=2026-08-16T07:44:27Z caller=logging.go:36 method=List tags= order=id pageNum=1 pageSize=10 result=9 err=null took=765.044碌s
ts=2026-08-16T07:44:29Z caller=logging.go:85 method=Health result=2 took=30.399碌s
ts=2026-08-16T07:44:31Z caller=logging.go:36 method=List tags= order=id pageNum=1 pageSize=10 result=9 err=null took=1.04907ms
ts=2026-08-16T07:44:32Z caller=logging.go:85 method=Health result=2 took=30.179碌s
ts=2026-08-16T07:44:34Z caller=logging.go:36 method=List tags= order=id pageNum=1 pageSize=10 result=9 err=null took=760.863碌s
ts=2026-08-16T07:44:35Z caller=logging.go:85 method=Health result=2 took=27.273碌s
ts=2026-08-16T07:44:37Z caller=logging.go:36 method=List tags= order=id pageNum=1 pageSize=10 result=9 err=null took=834.604碌s
ts=2026-08-16T07:44:38Z caller=logging.go:85 method=Health result=2 took=30.99碌s
ts=2026-08-16T07:44:40Z caller=logging.go:36 method=List tags= order=id pageNum=1 pageSize=10 result=9 err=null took=843.912碌s
ts=2026-08-16T07:44:41Z caller=logging.go:85 method=Health result=2 took=30.369碌s
ts=2026-08-16T07:44:43Z caller=logging.go:36 method=List tags= order=id pageNum=1 pageSize=10 result=9 err=null took=877.312碌s
ts=2026-08-16T07:44:44Z caller=logging.go:85 method=Health result=2 took=35.068碌s
ts=2026-08-16T07:44:46Z caller=logging.go:36 method=List tags= order=id pageNum=1 pageSize=10 result=9 err=null took=735.878碌s
ts=2026-08-16T07:44:47Z caller=logging.go:85 method=Health result=2 took=28.025碌s
ts=2026-08-16T07:44:49Z caller=logging.go:36 method=List tags= order=id pageNum=1 pageSize=10 result=9 err=null took=767.58碌s
ts=2026-08-16T07:44:50Z caller=logging.go:85 method=Health result=2 took=28.876碌s
ts=2026-08-16T07:44:52Z caller=logging.go:36 method=List tags= order=id pageNum=1 pageSize=10 result=9 err=null took=871.822碌s
ts=2026-08-16T07:44:53Z caller=logging.go:85 method=Health result=2 took=27.433碌s
ts=2026-08-16T07:44:55Z caller=logging.go:36 method=List tags= order=id pageNum=1 pageSize=10 result=9 err=null took=776.998碌s
ts=2026-08-16T07:44:56Z caller=logging.go:85 method=Health result=2 took=26.672碌s
ts=2026-08-16T07:44:58Z caller=logging.go:36 method=List tags= order=id pageNum=1 pageSize=10 result=9 err=null took=772.489碌s
ts=2026-08-16T07:44:59Z caller=logging.go:85 method=Health result=2 took=27.834碌s
ts=2026-08-16T07:45:01Z caller=logging.go:36 method=List tags= order=id pageNum=1 pageSize=10 result=9 err=null took=718.925碌s
ts=2026-08-16T07:45:02Z caller=logging.go:85 method=Health result=2 took=27.293碌s
ts=2026-08-16T07:45:04Z caller=logging.go:36 method=List tags= order=id pageNum=1 pageSize=10 result=9 err=null took=756.267碌s
ts=2026-08-16T07:45:05Z caller=logging.go:85 method=Health result=2 took=27.594碌s
ts=2026-08-16T07:45:07Z caller=logging.go:36 method=List tags= order=id pageNum=1 pageSize=10 result=9 err=null took=753.612碌s
ts=2026-08-16T07:45:08Z caller=logging.go:85 method=Health result=2 took=26.171碌s
ts=2026-08-16T07:45:11Z caller=logging.go:36 method=List tags= order=id pageNum=1 pageSize=10 result=9 err=null took=748.161碌s
ts=2026-08-16T07:45:11Z caller=logging.go:85 method=Health result=2 took=31.17碌s
ts=2026-08-16T07:45:14Z caller=logging.go:36 method=List tags= order=id pageNum=1 pageSize=10 result=9 err=null took=783.05碌s
ts=2026-08-16T07:45:14Z caller=logging.go:85 method=Health result=2 took=28.485碌s
ts=2026-08-16T07:45:17Z caller=logging.go:36 method=List tags= order=id pageNum=1 pageSize=10 result=9 err=null took=963.23碌s
ts=2026-08-16T07:45:17Z caller=logging.go:85 method=Health result=2 took=48.043碌s
ts=2026-08-16T07:45:20Z caller=logging.go:36 method=List tags= order=id pageNum=1 pageSize=10 result=9 err=null took=798.44碌s
ts=2026-08-16T07:45:20Z caller=logging.go:85 method=Health result=2 took=32.974碌s
