ts=2026-08-16T07:09:59Z caller=logging.go:36 method=List tags= order=id pageNum=1 pageSize=10 result=9 err=null took=702.498碌s
ts=2026-08-16T07:10:00Z caller=logging.go:85 method=Health result=2 took=28.445碌s
ts=2026-08-16T07:10:01Z caller=logging.go:36 method=List tags= order=id pageNum=1 pageSize=10 result=9 err=null took=720.573碌s
ts=2026-08-16T07:10:02Z caller=logging.go:85 method=Health result=2 took=28.305碌s
ts=2026-08-16T07:10:03Z caller=logging.go:85 method=Health result=2 took=28.235碌s
ts=2026-08-16T07:10:03Z caller=logging.go:36 method=List tags= order=id pageNum=1 pageSize=10 result=9 err=null took=750.05碌s
ts=2026-08-16T07:10:05Z caller=logging.go:85 method=Health result=2 took=28.084碌s
ts=2026-08-16T07:10:05Z caller=logging.go:36 method=List tags= order=id pageNum=1 pageSize=10 result=9 err=null took=707.568碌s
ts=2026-08-16T07:10:06Z caller=logging.go:85 method=Health result=2 took=27.493碌s
ts=2026-08-16T07:10:07Z caller=logging.go:36 method=List tags= order=id pageNum=1 pageSize=10 result=9 err=null took=739.067碌s
ts=2026-08-16T07:10:08Z caller=logging.go:85 method=Health result=2 took=29.797碌s
ts=2026-08-16T07:10:09Z caller=logging.go:85 method=Health result=2 took=38.355碌s
ts=2026-08-16T07:10:09Z caller=logging.go:36 method=List tags= order=id pageNum=1 pageSize=10 result=9 err=null took=771.534碌s
ts=2026-08-16T07:10:11Z caller=logging.go:85 method=Health result=2 took=27.493碌s
ts=2026-08-16T07:10:12Z caller=logging.go:85 method=Health result=2 took=28.896碌s
ts=2026-08-16T07:10:13Z caller=logging.go:36 method=List tags= order=id pageNum=1 pageSize=10 result=9 err=null took=724.182碌s
ts=2026-08-16T07:10:14Z caller=logging.go:85 method=Health result=2 took=27.393碌s
ts=2026-08-16T07:10:15Z caller=logging.go:85 method=Health result=2 took=27.634碌s
ts=2026-08-16T07:10:16Z caller=logging.go:36 method=List tags= order=id pageNum=1 pageSize=10 result=9 err=null took=797.954碌s
ts=2026-08-16T07:10:17Z caller=logging.go:85 method=Health result=2 took=28.976碌s
ts=2026-08-16T07:10:18Z caller=logging.go:85 method=Health result=2 took=30.459碌s
ts=2026-08-16T07:10:19Z caller=logging.go:36 method=List tags= order=id pageNum=1 pageSize=10 result=9 err=null took=778.687碌s
ts=2026-08-16T07:10:20Z caller=logging.go:85 method=Health result=2 took=27.414碌s
ts=2026-08-16T07:10:21Z caller=logging.go:85 method=Health result=2 took=29.357碌s
ts=2026-08-16T07:10:22Z caller=logging.go:36 method=List tags= order=id pageNum=1 pageSize=10 result=9 err=null took=734.766碌s
ts=2026-08-16T07:10:23Z caller=logging.go:85 method=Health result=2 took=30.309碌s
ts=2026-08-16T07:10:24Z caller=logging.go:85 method=Health result=2 took=26.451碌s
ts=2026-08-16T07:10:25Z caller=logging.go:36 method=List tags= order=id pageNum=1 pageSize=10 result=9 err=null took=740.723碌s
ts=2026-08-16T07:10:26Z caller=logging.go:85 method=Health result=2 took=28.164碌s
ts=2026-08-16T07:10:27Z caller=logging.go:85 method=Health result=2 took=27.694碌s
ts=2026-08-16T07:10:28Z caller=logging.go:36 method=List tags= order=id pageNum=1 pageSize=10 result=9 err=null took=721.911碌s
ts=2026-08-16T07:10:29Z caller=logging.go:85 method=Health result=2 took=28.215碌s
ts=2026-08-16T07:10:30Z caller=logging.go:85 method=Health result=2 took=27.613碌s
ts=2026-08-16T07:10:31Z caller=logging.go:36 method=List tags= order=id pageNum=1 pageSize=10 result=9 err=null took=749.716碌s
ts=2026-08-16T07:10:32Z caller=logging.go:85 method=Health result=2 took=27.383碌s
ts=2026-08-16T07:10:33Z caller=logging.go:85 method=Health result=2 took=27.593碌s
ts=2026-08-16T07:10:34Z caller=logging.go:36 method=List tags= order=id pageNum=1 pageSize=10 result=9 err=null took=842.556碌s
ts=2026-08-16T07:10:35Z caller=logging.go:85 method=Health result=2 took=35.669碌s
ts=2026-08-16T07:10:36Z caller=logging.go:85 method=Health result=2 took=26.852碌s
ts=2026-08-16T07:10:37Z caller=logging.go:36 method=List tags= order=id pageNum=1 pageSize=10 result=9 err=null took=805.448碌s
ts=2026-08-16T07:10:38Z caller=logging.go:85 method=Health result=2 took=28.525碌s
ts=2026-08-16T07:10:39Z caller=logging.go:85 method=Health result=2 took=27.744碌s
ts=2026-08-16T07:10:40Z caller=logging.go:36 method=List tags= order=id pageNum=1 pageSize=10 result=9 err=null took=788.185碌s
ts=2026-08-16T07:10:41Z caller=logging.go:85 method=Health result=2 took=30.188碌s
ts=2026-08-16T07:10:42Z caller=logging.go:85 method=Health result=2 took=554.698碌s
ts=2026-08-16T07:10:43Z caller=logging.go:36 method=List tags= order=id pageNum=1 pageSize=10 result=9 err=null took=764.626碌s
ts=2026-08-16T07:10:44Z caller=logging.go:85 method=Health result=2 took=27.994碌s
ts=2026-08-16T07:10:45Z caller=logging.go:85 method=Health result=2 took=28.485碌s
ts=2026-08-16T07:10:46Z caller=logging.go:36 method=List tags= order=id pageNum=1 pageSize=10 result=9 err=null took=771.703碌s
ts=2026-08-16T07:10:47Z caller=logging.go:85 method=Health result=2 took=27.353碌s
ts=2026-08-16T07:10:48Z caller=logging.go:85 method=Health result=2 took=28.104碌s
ts=2026-08-16T07:10:49Z caller=logging.go:36 method=List tags= order=id pageNum=1 pageSize=10 result=9 err=null took=722.548碌s
ts=2026-08-16T07:10:50Z caller=logging.go:85 method=Health result=2 took=28.085碌s
ts=2026-08-16T07:10:51Z caller=logging.go:85 method=Health result=2 took=27.463碌s
ts=2026-08-16T07:10:53Z caller=logging.go:36 method=List tags= order=id pageNum=1 pageSize=10 result=9 err=null took=731.105碌s
ts=2026-08-16T07:10:53Z caller=logging.go:85 method=Health result=2 took=26.531碌s
ts=2026-08-16T07:10:54Z caller=logging.go:85 method=Health result=2 took=31.07碌s
ts=2026-08-16T07:10:56Z caller=logging.go:36 method=List tags= order=id pageNum=1 pageSize=10 result=9 err=null took=718.478碌s
ts=2026-08-16T07:10:56Z caller=logging.go:85 method=Health result=2 took=27.443碌s
ts=2026-08-16T07:10:57Z caller=logging.go:85 method=Health result=2 took=27.834碌s
ts=2026-08-16T07:10:59Z caller=logging.go:36 method=List tags= order=id pageNum=1 pageSize=10 result=9 err=null took=767.598碌s
ts=2026-08-16T07:10:59Z caller=logging.go:85 method=Health result=2 took=31.28碌s
ts=2026-08-16T07:11:00Z caller=logging.go:85 method=Health result=2 took=28.335碌s
ts=2026-08-16T07:11:02Z caller=logging.go:36 method=List tags= order=id pageNum=1 pageSize=10 result=9 err=null took=726.461碌s
ts=2026-08-16T07:11:02Z caller=logging.go:85 method=Health result=2 took=27.242碌s
ts=2026-08-16T07:11:03Z caller=logging.go:85 method=Health result=2 took=27.994碌s
ts=2026-08-16T07:11:05Z caller=logging.go:36 method=List tags= order=id pageNum=1 pageSize=10 result=9 err=null took=797.994碌s
ts=2026-08-16T07:11:05Z caller=logging.go:85 method=Health result=2 took=28.926碌s
ts=2026-08-16T07:11:06Z caller=logging.go:85 method=Health result=2 took=27.083碌s
ts=2026-08-16T07:11:08Z caller=logging.go:36 method=List tags= order=id pageNum=1 pageSize=10 result=9 err=null took=731.126碌s
ts=2026-08-16T07:11:08Z caller=logging.go:85 method=Health result=2 took=26.962碌s
ts=2026-08-16T07:11:09Z caller=logging.go:85 method=Health result=2 took=27.964碌s
ts=2026-08-16T07:11:11Z caller=logging.go:36 method=List tags= order=id pageNum=1 pageSize=10 result=9 err=null took=825.874碌s
ts=2026-08-16T07:11:11Z caller=logging.go:85 method=Health result=2 took=35.98碌s
ts=2026-08-16T07:11:12Z caller=logging.go:85 method=Health result=2 took=29.217碌s
ts=2026-08-16T07:11:13Z caller=logging.go:36 method=List tags= order=id pageNum=1 pageSize=10 result=9 err=null took=743.124碌s
ts=2026-08-16T07:11:13Z caller=logging.go:36 method=List tags= order=id pageNum=1 pageSize=10 result=9 err=null took=713.206碌s
ts=2026-08-16T07:11:13Z caller=logging.go:36 method=List tags= order=id pageNum=1 pageSize=10 result=9 err=null took=724.253碌s
ts=2026-08-16T07:11:13Z caller=logging.go:36 method=List tags= order=id pageNum=1 pageSize=10 result=9 err=null took=774.811碌s
ts=2026-08-16T07:11:13Z caller=logging.go:36 method=List tags= order=id pageNum=1 pageSize=10 result=9 err=null took=728.401碌s
ts=2026-08-16T07:11:14Z caller=logging.go:36 method=List tags= order=id pageNum=1 pageSize=10 result=9 err=null took=695.648碌s
ts=2026-08-16T07:11:14Z caller=logging.go:85 method=Health result=2 took=27.062碌s
ts=2026-08-16T07:11:14Z caller=logging.go:36 method=List tags= order=id pageNum=1 pageSize=10 result=9 err=null took=727.624碌s
ts=2026-08-16T07:11:15Z caller=logging.go:36 method=List tags= order=id pageNum=1 pageSize=10 result=9 err=null took=751.917碌s
ts=2026-08-16T07:11:15Z caller=logging.go:85 method=Health result=2 took=35.849碌s
ts=2026-08-16T07:11:16Z caller=logging.go:36 method=List tags= order=id pageNum=1 pageSize=10 result=9 err=null took=733.828碌s
ts=2026-08-16T07:11:16Z caller=logging.go:36 method=List tags= order=id pageNum=1 pageSize=10 result=9 err=null took=763.098碌s
ts=2026-08-16T07:11:17Z caller=logging.go:85 method=Health result=2 took=28.655碌s
ts=2026-08-16T07:11:18Z caller=logging.go:85 method=Health result=2 took=29.807碌s
ts=2026-08-16T07:11:20Z caller=logging.go:85 method=Health result=2 took=27.123碌s
ts=2026-08-16T07:11:21Z caller=logging.go:85 method=Health result=2 took=27.503碌s
ts=2026-08-16T07:11:23Z caller=logging.go:85 method=Health result=2 took=30.239碌s
ts=2026-08-16T07:11:24Z caller=logging.go:85 method=Health result=2 took=29.206碌s
ts=2026-08-16T07:11:26Z caller=logging.go:85 method=Health result=2 took=30.039碌s
ts=2026-08-16T07:11:27Z caller=logging.go:85 method=Health result=2 took=28.996碌s
ts=2026-08-16T07:11:29Z caller=logging.go:85 method=Health result=2 took=28.145碌s
ts=2026-08-16T07:11:30Z caller=logging.go:85 method=Health result=2 took=27.533碌s
ts=2026-08-16T07:11:32Z caller=logging.go:85 method=Health result=2 took=28.135碌s
ts=2026-08-16T07:11:33Z caller=logging.go:85 method=Health result=2 took=27.814碌s
ts=2026-08-16T07:11:35Z caller=logging.go:85 method=Health result=2 took=26.863碌s
ts=2026-08-16T07:11:36Z caller=logging.go:85 method=Health result=2 took=28.074碌s
ts=2026-08-16T07:11:38Z caller=logging.go:85 method=Health result=2 took=27.994碌s
ts=2026-08-16T07:11:39Z caller=logging.go:85 method=Health result=2 took=28.595碌s
ts=2026-08-16T07:11:41Z caller=logging.go:85 method=Health result=2 took=28.635碌s
ts=2026-08-16T07:11:42Z caller=logging.go:85 method=Health result=2 took=28.154碌s
ts=2026-08-16T07:11:44Z caller=logging.go:85 method=Health result=2 took=27.243碌s
ts=2026-08-16T07:11:45Z caller=logging.go:36 method=List tags= order=id pageNum=1 pageSize=10 result=9 err=null took=820.142碌s
ts=2026-08-16T07:11:45Z caller=logging.go:85 method=Health result=2 took=30.549碌s
ts=2026-08-16T07:11:47Z caller=logging.go:36 method=List tags= order=id pageNum=1 pageSize=10 result=9 err=null took=733.804碌s
ts=2026-08-16T07:11:47Z caller=logging.go:85 method=Health result=2 took=26.712碌s
ts=2026-08-16T07:11:48Z caller=logging.go:85 method=Health result=2 took=28.074碌s
ts=2026-08-16T07:11:49Z caller=logging.go:36 method=List tags= order=id pageNum=1 pageSize=10 result=9 err=null took=769.434碌s
ts=2026-08-16T07:11:50Z caller=logging.go:85 method=Health result=2 took=27.063碌s
ts=2026-08-16T07:11:51Z caller=logging.go:36 method=List tags= order=id pageNum=1 pageSize=10 result=9 err=null took=768.277碌s
ts=2026-08-16T07:11:51Z caller=logging.go:85 method=Health result=2 took=29.537碌s
ts=2026-08-16T07:11:53Z caller=logging.go:85 method=Health result=2 took=27.834碌s
ts=2026-08-16T07:11:53Z caller=logging.go:36 method=List tags= order=id pageNum=1 pageSize=10 result=9 err=null took=733.736碌s
ts=2026-08-16T07:11:54Z caller=logging.go:85 method=Health result=2 took=27.864碌s
ts=2026-08-16T07:11:55Z caller=logging.go:36 method=List tags= order=id pageNum=1 pageSize=10 result=9 err=null took=896.521碌s
ts=2026-08-16T07:11:56Z caller=logging.go:85 method=Health result=2 took=29.307碌s
ts=2026-08-16T07:11:57Z caller=logging.go:85 method=Health result=2 took=33.234碌s
ts=2026-08-16T07:11:58Z caller=logging.go:36 method=List tags= order=id pageNum=1 pageSize=10 result=9 err=null took=718.591碌s
ts=2026-08-16T07:11:59Z caller=logging.go:85 method=Health result=2 took=27.323碌s
ts=2026-08-16T07:12:00Z caller=logging.go:85 method=Health result=2 took=38.204碌s
ts=2026-08-16T07:12:01Z caller=logging.go:36 method=List tags= order=id pageNum=1 pageSize=10 result=9 err=null took=766.343碌s
ts=2026-08-16T07:12:02Z caller=logging.go:85 method=Health result=2 took=28.105碌s
ts=2026-08-16T07:12:03Z caller=logging.go:85 method=Health result=2 took=28.615碌s
ts=2026-08-16T07:12:04Z caller=logging.go:36 method=List tags= order=id pageNum=1 pageSize=10 result=9 err=null took=776.253碌s
ts=2026-08-16T07:12:05Z caller=logging.go:85 method=Health result=2 took=28.345碌s
ts=2026-08-16T07:12:06Z caller=logging.go:85 method=Health result=2 took=29.367碌s
ts=2026-08-16T07:12:08Z caller=logging.go:36 method=List tags= order=id pageNum=1 pageSize=10 result=9 err=null took=747.854碌s
ts=2026-08-16T07:12:08Z caller=logging.go:85 method=Health result=2 took=28.034碌s
ts=2026-08-16T07:12:09Z caller=logging.go:85 method=Health result=2 took=27.773碌s
ts=2026-08-16T07:12:11Z caller=logging.go:36 method=List tags= order=id pageNum=1 pageSize=10 result=9 err=null took=720.375碌s
ts=2026-08-16T07:12:11Z caller=logging.go:85 method=Health result=2 took=25.94碌s
ts=2026-08-16T07:12:12Z caller=logging.go:85 method=Health result=2 took=27.383碌s
ts=2026-08-16T07:12:14Z caller=logging.go:36 method=List tags= order=id pageNum=1 pageSize=10 result=9 err=null took=737.558碌s
ts=2026-08-16T07:12:14Z caller=logging.go:85 method=Health result=2 took=28.446碌s
ts=2026-08-16T07:12:15Z caller=logging.go:85 method=Health result=2 took=28.155碌s
ts=2026-08-16T07:12:17Z caller=logging.go:36 method=List tags= order=id pageNum=1 pageSize=10 result=9 err=null took=778.606碌s
ts=2026-08-16T07:12:17Z caller=logging.go:85 method=Health result=2 took=28.125碌s
ts=2026-08-16T07:12:18Z caller=logging.go:85 method=Health result=2 took=29.016碌s
ts=2026-08-16T07:12:20Z caller=logging.go:36 method=List tags= order=id pageNum=1 pageSize=10 result=9 err=null took=790.714碌s
ts=2026-08-16T07:12:20Z caller=logging.go:85 method=Health result=2 took=30.269碌s
ts=2026-08-16T07:12:21Z caller=logging.go:85 method=Health result=2 took=26.682碌s
ts=2026-08-16T07:12:23Z caller=logging.go:36 method=List tags= order=id pageNum=1 pageSize=10 result=9 err=null took=706.017碌s
ts=2026-08-16T07:12:23Z caller=logging.go:85 method=Health result=2 took=23.595碌s
ts=2026-08-16T07:12:24Z caller=logging.go:85 method=Health result=2 took=27.594碌s
ts=2026-08-16T07:12:26Z caller=logging.go:85 method=Health result=2 took=42.572碌s
ts=2026-08-16T07:12:26Z caller=logging.go:36 method=List tags= order=id pageNum=1 pageSize=10 result=9 err=null took=704.802碌s
ts=2026-08-16T07:12:27Z caller=logging.go:85 method=Health result=2 took=28.445碌s
ts=2026-08-16T07:12:29Z caller=logging.go:85 method=Health result=2 took=28.275碌s
ts=2026-08-16T07:12:29Z caller=logging.go:36 method=List tags= order=id pageNum=1 pageSize=10 result=9 err=null took=756.603碌s
ts=2026-08-16T07:12:30Z caller=logging.go:85 method=Health result=2 took=28.926碌s
ts=2026-08-16T07:12:32Z caller=logging.go:85 method=Health result=2 took=28.836碌s
ts=2026-08-16T07:12:32Z caller=logging.go:36 method=List tags= order=id pageNum=1 pageSize=10 result=9 err=null took=747.876碌s
ts=2026-08-16T07:12:33Z caller=logging.go:85 method=Health result=2 took=28.055碌s
ts=2026-08-16T07:12:35Z caller=logging.go:85 method=Health result=2 took=27.363碌s
ts=2026-08-16T07:12:35Z caller=logging.go:36 method=List tags= order=id pageNum=1 pageSize=10 result=9 err=null took=756.715碌s
ts=2026-08-16T07:12:36Z caller=logging.go:85 method=Health result=2 took=28.385碌s
ts=2026-08-16T07:12:38Z caller=logging.go:85 method=Health result=2 took=29.577碌s
ts=2026-08-16T07:12:38Z caller=logging.go:36 method=List tags= order=id pageNum=1 pageSize=10 result=9 err=null took=756.654碌s
ts=2026-08-16T07:12:39Z caller=logging.go:85 method=Health result=2 took=28.665碌s
ts=2026-08-16T07:12:41Z caller=logging.go:85 method=Health result=2 took=27.413碌s
ts=2026-08-16T07:12:41Z caller=logging.go:36 method=List tags= order=id pageNum=1 pageSize=10 result=9 err=null took=815.087碌s
ts=2026-08-16T07:12:42Z caller=logging.go:85 method=Health result=2 took=28.305碌s
ts=2026-08-16T07:12:44Z caller=logging.go:85 method=Health result=2 took=41.35碌s
ts=2026-08-16T07:12:45Z caller=logging.go:36 method=List tags= order=id pageNum=1 pageSize=10 result=9 err=null took=722.198碌s
ts=2026-08-16T07:12:45Z caller=logging.go:85 method=Health result=2 took=27.813碌s
ts=2026-08-16T07:12:47Z caller=logging.go:85 method=Health result=2 took=27.834碌s
ts=2026-08-16T07:12:48Z caller=logging.go:36 method=List tags= order=id pageNum=1 pageSize=10 result=9 err=null took=696.974碌s
ts=2026-08-16T07:12:48Z caller=logging.go:85 method=Health result=2 took=29.247碌s
ts=2026-08-16T07:12:50Z caller=logging.go:85 method=Health result=2 took=28.846碌s
ts=2026-08-16T07:12:51Z caller=logging.go:36 method=List tags= order=id pageNum=1 pageSize=10 result=9 err=null took=819.877碌s
ts=2026-08-16T07:12:51Z caller=logging.go:85 method=Health result=2 took=31.04碌s
ts=2026-08-16T07:12:53Z caller=logging.go:85 method=Health result=2 took=27.643碌s
ts=2026-08-16T07:12:54Z caller=logging.go:36 method=List tags= order=id pageNum=1 pageSize=10 result=9 err=null took=853.542碌s
ts=2026-08-16T07:12:54Z caller=logging.go:85 method=Health result=2 took=29.567碌s
ts=2026-08-16T07:12:56Z caller=logging.go:85 method=Health result=2 took=28.144碌s
ts=2026-08-16T07:12:57Z caller=logging.go:36 method=List tags= order=id pageNum=1 pageSize=10 result=9 err=null took=809.733碌s
ts=2026-08-16T07:12:57Z caller=logging.go:85 method=Health result=2 took=27.152碌s
ts=2026-08-16T07:12:59Z caller=logging.go:36 method=List tags= order=id pageNum=1 pageSize=10 result=9 err=null took=717.604碌s
ts=2026-08-16T07:12:59Z caller=logging.go:36 method=List tags= order=id pageNum=1 pageSize=10 result=9 err=null took=722.824碌s
ts=2026-08-16T07:12:59Z caller=logging.go:36 method=List tags= order=id pageNum=1 pageSize=10 result=9 err=null took=759.189碌s
ts=2026-08-16T07:12:59Z caller=logging.go:36 method=List tags= order=id pageNum=1 pageSize=10 result=9 err=null took=712.408碌s
ts=2026-08-16T07:12:59Z caller=logging.go:36 method=List tags= order=id pageNum=1 pageSize=10 result=9 err=null took=789.679碌s
ts=2026-08-16T07:12:59Z caller=logging.go:85 method=Health result=2 took=27.242碌s
ts=2026-08-16T07:13:00Z caller=logging.go:85 method=Health result=2 took=28.586碌s
ts=2026-08-16T07:13:01Z caller=logging.go:36 method=List tags= order=id pageNum=1 pageSize=10 result=9 err=null took=1.000896572s
ts=2026-08-16T07:13:02Z caller=logging.go:36 method=List tags= order=id pageNum=1 pageSize=10 result=9 err=null took=1.000932099s
ts=2026-08-16T07:13:02Z caller=logging.go:85 method=Health result=2 took=18.015碌s
ts=2026-08-16T07:13:03Z caller=logging.go:36 method=List tags= order=id pageNum=1 pageSize=10 result=9 err=null took=1.000980564s
ts=2026-08-16T07:13:03Z caller=logging.go:85 method=Health result=2 took=28.315碌s
ts=2026-08-16T07:13:04Z caller=logging.go:36 method=List tags= order=id pageNum=1 pageSize=10 result=9 err=null took=1.000952991s
ts=2026-08-16T07:13:05Z caller=logging.go:85 method=Health result=2 took=29.086碌s
ts=2026-08-16T07:13:05Z caller=logging.go:36 method=List tags= order=id pageNum=1 pageSize=10 result=9 err=null took=1.000980013s
ts=2026-08-16T07:13:06Z caller=logging.go:85 method=Health result=2 took=29.998碌s
ts=2026-08-16T07:13:08Z caller=logging.go:85 method=Health result=2 took=28.105碌s
ts=2026-08-16T07:13:09Z caller=logging.go:85 method=Health result=2 took=28.786碌s
ts=2026-08-16T07:13:11Z caller=logging.go:85 method=Health result=2 took=27.143碌s
ts=2026-08-16T07:13:12Z caller=logging.go:85 method=Health result=2 took=27.133碌s
ts=2026-08-16T07:13:14Z caller=logging.go:85 method=Health result=2 took=33.064碌s
ts=2026-08-16T07:13:15Z caller=logging.go:85 method=Health result=2 took=29.708碌s
ts=2026-08-16T07:13:17Z caller=logging.go:85 method=Health result=2 took=28.996碌s
ts=2026-08-16T07:13:18Z caller=logging.go:85 method=Health result=2 took=27.693碌s
ts=2026-08-16T07:13:20Z caller=logging.go:85 method=Health result=2 took=26.621碌s
ts=2026-08-16T07:13:21Z caller=logging.go:85 method=Health result=2 took=27.072碌s
ts=2026-08-16T07:13:23Z caller=logging.go:85 method=Health result=2 took=28.365碌s
ts=2026-08-16T07:13:24Z caller=logging.go:85 method=Health result=2 took=29.006碌s
ts=2026-08-16T07:13:26Z caller=logging.go:85 method=Health result=2 took=28.546碌s
ts=2026-08-16T07:13:27Z caller=logging.go:85 method=Health result=2 took=25.99碌s
ts=2026-08-16T07:13:29Z caller=logging.go:85 method=Health result=2 took=33.465碌s
ts=2026-08-16T07:13:30Z caller=logging.go:36 method=List tags= order=id pageNum=1 pageSize=10 result=9 err=null took=762.025碌s
ts=2026-08-16T07:13:30Z caller=logging.go:85 method=Health result=2 took=26.842碌s
ts=2026-08-16T07:13:32Z caller=logging.go:85 method=Health result=2 took=29.016碌s
ts=2026-08-16T07:13:32Z caller=logging.go:36 method=List tags= order=id pageNum=1 pageSize=10 result=9 err=null took=742.137碌s
ts=2026-08-16T07:13:33Z caller=logging.go:85 method=Health result=2 took=27.844碌s
ts=2026-08-16T07:13:34Z caller=logging.go:36 method=List tags= order=id pageNum=1 pageSize=10 result=9 err=null took=811.891碌s
ts=2026-08-16T07:13:35Z caller=logging.go:85 method=Health result=2 took=27.674碌s
ts=2026-08-16T07:13:36Z caller=logging.go:85 method=Health result=2 took=29.988碌s
ts=2026-08-16T07:13:36Z caller=logging.go:36 method=List tags= order=id pageNum=1 pageSize=10 result=9 err=null took=733.585碌s
ts=2026-08-16T07:13:38Z caller=logging.go:85 method=Health result=2 took=29.677碌s
ts=2026-08-16T07:13:38Z caller=logging.go:36 method=List tags= order=id pageNum=1 pageSize=10 result=9 err=null took=806.576碌s
ts=2026-08-16T07:13:39Z caller=logging.go:85 method=Health result=2 took=27.574碌s
ts=2026-08-16T07:13:41Z caller=logging.go:36 method=List tags= order=id pageNum=1 pageSize=10 result=9 err=null took=753.2碌s
ts=2026-08-16T07:13:41Z caller=logging.go:85 method=Health result=2 took=28.405碌s
ts=2026-08-16T07:13:42Z caller=logging.go:85 method=Health result=2 took=27.483碌s
ts=2026-08-16T07:13:44Z caller=logging.go:36 method=List tags= order=id pageNum=1 pageSize=10 result=9 err=null took=708.351碌s
ts=2026-08-16T07:13:44Z caller=logging.go:85 method=Health result=2 took=26.281碌s
ts=2026-08-16T07:13:45Z caller=logging.go:85 method=Health result=2 took=29.738碌s
ts=2026-08-16T07:13:47Z caller=logging.go:36 method=List tags= order=id pageNum=1 pageSize=10 result=9 err=null took=808.8碌s
ts=2026-08-16T07:13:47Z caller=logging.go:85 method=Health result=2 took=27.243碌s
ts=2026-08-16T07:13:48Z caller=logging.go:85 method=Health result=2 took=28.234碌s
ts=2026-08-16T07:13:50Z caller=logging.go:36 method=List tags= order=id pageNum=1 pageSize=10 result=9 err=null took=978.009碌s
ts=2026-08-16T07:13:50Z caller=logging.go:85 method=Health result=2 took=25.95碌s
ts=2026-08-16T07:13:51Z caller=logging.go:85 method=Health result=2 took=30.479碌s
ts=2026-08-16T07:13:53Z caller=logging.go:36 method=List tags= order=id pageNum=1 pageSize=10 result=9 err=null took=766.38碌s
ts=2026-08-16T07:13:53Z caller=logging.go:85 method=Health result=2 took=27.833碌s
ts=2026-08-16T07:13:54Z caller=logging.go:85 method=Health result=2 took=27.323碌s
ts=2026-08-16T07:13:56Z caller=logging.go:36 method=List tags= order=id pageNum=1 pageSize=10 result=9 err=null took=771.122碌s
ts=2026-08-16T07:13:56Z caller=logging.go:85 method=Health result=2 took=38.254碌s
ts=2026-08-16T07:13:57Z caller=logging.go:85 method=Health result=2 took=27.633碌s
ts=2026-08-16T07:13:59Z caller=logging.go:36 method=List tags= order=id pageNum=1 pageSize=10 result=9 err=null took=733.369碌s
ts=2026-08-16T07:13:59Z caller=logging.go:85 method=Health result=2 took=28.044碌s
ts=2026-08-16T07:14:00Z caller=logging.go:85 method=Health result=2 took=31.19碌s
ts=2026-08-16T07:14:02Z caller=logging.go:85 method=Health result=2 took=26.982碌s
ts=2026-08-16T07:14:02Z caller=logging.go:36 method=List tags= order=id pageNum=1 pageSize=10 result=9 err=null took=718.37碌s
ts=2026-08-16T07:14:03Z caller=logging.go:85 method=Health result=2 took=26.2碌s
ts=2026-08-16T07:14:05Z caller=logging.go:85 method=Health result=2 took=27.524碌s
ts=2026-08-16T07:14:05Z caller=logging.go:36 method=List tags= order=id pageNum=1 pageSize=10 result=9 err=null took=779.268碌s
ts=2026-08-16T07:14:06Z caller=logging.go:85 method=Health result=2 took=28.515碌s
ts=2026-08-16T07:14:08Z caller=logging.go:85 method=Health result=2 took=26.732碌s
ts=2026-08-16T07:14:08Z caller=logging.go:36 method=List tags= order=id pageNum=1 pageSize=10 result=9 err=null took=866.498碌s
ts=2026-08-16T07:14:09Z caller=logging.go:85 method=Health result=2 took=26.802碌s
ts=2026-08-16T07:14:11Z caller=logging.go:85 method=Health result=2 took=27.684碌s
ts=2026-08-16T07:14:11Z caller=logging.go:36 method=List tags= order=id pageNum=1 pageSize=10 result=9 err=null took=729.733碌s
ts=2026-08-16T07:14:12Z caller=logging.go:85 method=Health result=2 took=42.262碌s
ts=2026-08-16T07:14:14Z caller=logging.go:85 method=Health result=2 took=41.982碌s
ts=2026-08-16T07:14:14Z caller=logging.go:36 method=List tags= order=id pageNum=1 pageSize=10 result=9 err=null took=747.066碌s
ts=2026-08-16T07:14:15Z caller=logging.go:85 method=Health result=2 took=27.253碌s
ts=2026-08-16T07:14:17Z caller=logging.go:85 method=Health result=2 took=27.523碌s
ts=2026-08-16T07:14:17Z caller=logging.go:36 method=List tags= order=id pageNum=1 pageSize=10 result=9 err=null took=815.482碌s
ts=2026-08-16T07:14:18Z caller=logging.go:85 method=Health result=2 took=27.674碌s
ts=2026-08-16T07:14:20Z caller=logging.go:85 method=Health result=2 took=28.304碌s
ts=2026-08-16T07:14:21Z caller=logging.go:36 method=List tags= order=id pageNum=1 pageSize=10 result=9 err=null took=696.163碌s
ts=2026-08-16T07:14:21Z caller=logging.go:85 method=Health result=2 took=27.383碌s
ts=2026-08-16T07:14:23Z caller=logging.go:85 method=Health result=2 took=27.603碌s
ts=2026-08-16T07:14:24Z caller=logging.go:36 method=List tags= order=id pageNum=1 pageSize=10 result=9 err=null took=753.791碌s
ts=2026-08-16T07:14:24Z caller=logging.go:85 method=Health result=2 took=30.308碌s
ts=2026-08-16T07:14:26Z caller=logging.go:85 method=Health result=2 took=28.685碌s
ts=2026-08-16T07:14:27Z caller=logging.go:36 method=List tags= order=id pageNum=1 pageSize=10 result=9 err=null took=715.782碌s
ts=2026-08-16T07:14:27Z caller=logging.go:85 method=Health result=2 took=27.613碌s
ts=2026-08-16T07:14:29Z caller=logging.go:85 method=Health result=2 took=27.213碌s
ts=2026-08-16T07:14:30Z caller=logging.go:36 method=List tags= order=id pageNum=1 pageSize=10 result=9 err=null took=769.87碌s
ts=2026-08-16T07:14:30Z caller=logging.go:85 method=Health result=2 took=27.103碌s
ts=2026-08-16T07:14:32Z caller=logging.go:85 method=Health result=2 took=27.704碌s
ts=2026-08-16T07:14:33Z caller=logging.go:36 method=List tags= order=id pageNum=1 pageSize=10 result=9 err=null took=737.752碌s
ts=2026-08-16T07:14:33Z caller=logging.go:85 method=Health result=2 took=29.638碌s
ts=2026-08-16T07:14:35Z caller=logging.go:85 method=Health result=2 took=27.082碌s
ts=2026-08-16T07:14:36Z caller=logging.go:36 method=List tags= order=id pageNum=1 pageSize=10 result=9 err=null took=743.333碌s
ts=2026-08-16T07:14:36Z caller=logging.go:85 method=Health result=2 took=26.621碌s
ts=2026-08-16T07:14:38Z caller=logging.go:85 method=Health result=2 took=26.902碌s
ts=2026-08-16T07:14:39Z caller=logging.go:36 method=List tags= order=id pageNum=1 pageSize=10 result=9 err=null took=727.702碌s
ts=2026-08-16T07:14:39Z caller=logging.go:85 method=Health result=2 took=29.828碌s
ts=2026-08-16T07:14:41Z caller=logging.go:85 method=Health result=2 took=27.894碌s
ts=2026-08-16T07:14:42Z caller=logging.go:36 method=List tags= order=id pageNum=1 pageSize=10 result=9 err=null took=721.757碌s
ts=2026-08-16T07:14:42Z caller=logging.go:85 method=Health result=2 took=29.117碌s
ts=2026-08-16T07:14:44Z caller=logging.go:36 method=List tags= order=id pageNum=1 pageSize=10 result=9 err=null took=723.23碌s
ts=2026-08-16T07:14:44Z caller=logging.go:36 method=List tags= order=id pageNum=1 pageSize=10 result=9 err=null took=743.259碌s
ts=2026-08-16T07:14:44Z caller=logging.go:85 method=Health result=2 took=27.322碌s
ts=2026-08-16T07:14:44Z caller=logging.go:36 method=List tags= order=id pageNum=1 pageSize=10 result=9 err=null took=1.068613ms
ts=2026-08-16T07:14:44Z caller=logging.go:36 method=List tags= order=id pageNum=1 pageSize=10 result=9 err=null took=692.999碌s
ts=2026-08-16T07:14:44Z caller=logging.go:36 method=List tags= order=id pageNum=1 pageSize=10 result=9 err=null took=721.591碌s
ts=2026-08-16T07:14:45Z caller=logging.go:85 method=Health result=2 took=32.633碌s
ts=2026-08-16T07:14:46Z caller=logging.go:36 method=List tags= order=id pageNum=1 pageSize=10 result=9 err=null took=1.000934793s
ts=2026-08-16T07:14:47Z caller=logging.go:85 method=Health result=2 took=29.216碌s
ts=2026-08-16T07:14:47Z caller=logging.go:36 method=List tags= order=id pageNum=1 pageSize=10 result=9 err=null took=1.000914845s
ts=2026-08-16T07:14:48Z caller=logging.go:36 method=List tags= order=id pageNum=1 pageSize=10 result=9 err=null took=1.000951762s
ts=2026-08-16T07:14:48Z caller=logging.go:85 method=Health result=2 took=27.303碌s
ts=2026-08-16T07:14:49Z caller=logging.go:36 method=List tags= order=id pageNum=1 pageSize=10 result=9 err=null took=1.000919611s
ts=2026-08-16T07:14:50Z caller=logging.go:85 method=Health result=2 took=27.714碌s
ts=2026-08-16T07:14:50Z caller=logging.go:36 method=List tags= order=id pageNum=1 pageSize=10 result=9 err=null took=1.001005648s
ts=2026-08-16T07:14:51Z caller=logging.go:85 method=Health result=2 took=27.614碌s
ts=2026-08-16T07:14:53Z caller=logging.go:85 method=Health result=2 took=26.692碌s
ts=2026-08-16T07:14:54Z caller=logging.go:85 method=Health result=2 took=27.053碌s
ts=2026-08-16T07:14:56Z caller=logging.go:85 method=Health result=2 took=26.311碌s
ts=2026-08-16T07:14:57Z caller=logging.go:85 method=Health result=2 took=32.913碌s
ts=2026-08-16T07:14:59Z caller=logging.go:85 method=Health result=2 took=47.722碌s
ts=2026-08-16T07:15:00Z caller=logging.go:85 method=Health result=2 took=27.854碌s
ts=2026-08-16T07:15:02Z caller=logging.go:85 method=Health result=2 took=27.052碌s
ts=2026-08-16T07:15:03Z caller=logging.go:85 method=Health result=2 took=27.103碌s
ts=2026-08-16T07:15:05Z caller=logging.go:85 method=Health result=2 took=27.393碌s
ts=2026-08-16T07:15:06Z caller=logging.go:85 method=Health result=2 took=27.183碌s
ts=2026-08-16T07:15:08Z caller=logging.go:85 method=Health result=2 took=26.081碌s
ts=2026-08-16T07:15:09Z caller=logging.go:85 method=Health result=2 took=28.725碌s
ts=2026-08-16T07:15:11Z caller=logging.go:85 method=Health result=2 took=27.323碌s
ts=2026-08-16T07:15:12Z caller=logging.go:85 method=Health result=2 took=27.723碌s
ts=2026-08-16T07:15:14Z caller=logging.go:85 method=Health result=2 took=27.042碌s
ts=2026-08-16T07:15:15Z caller=logging.go:85 method=Health result=2 took=28.265碌s
ts=2026-08-16T07:15:15Z caller=logging.go:36 method=List tags= order=id pageNum=1 pageSize=10 result=9 err=null took=798.36碌s
ts=2026-08-16T07:15:17Z caller=logging.go:85 method=Health result=2 took=26.782碌s
ts=2026-08-16T07:15:17Z caller=logging.go:36 method=List tags= order=id pageNum=1 pageSize=10 result=9 err=null took=777.501碌s
ts=2026-08-16T07:15:18Z caller=logging.go:85 method=Health result=2 took=29.367碌s
ts=2026-08-16T07:15:20Z caller=logging.go:36 method=List tags= order=id pageNum=1 pageSize=10 result=9 err=null took=784.799碌s
ts=2026-08-16T07:15:20Z caller=logging.go:85 method=Health result=2 took=26.762碌s
ts=2026-08-16T07:15:21Z caller=logging.go:85 method=Health result=2 took=27.373碌s
ts=2026-08-16T07:15:22Z caller=logging.go:36 method=List tags= order=id pageNum=1 pageSize=10 result=9 err=null took=716.998碌s
ts=2026-08-16T07:15:23Z caller=logging.go:85 method=Health result=2 took=27.043碌s
ts=2026-08-16T07:15:24Z caller=logging.go:36 method=List tags= order=id pageNum=1 pageSize=10 result=9 err=null took=732.648碌s
ts=2026-08-16T07:15:24Z caller=logging.go:85 method=Health result=2 took=27.834碌s
ts=2026-08-16T07:15:26Z caller=logging.go:36 method=List tags= order=id pageNum=1 pageSize=10 result=9 err=null took=714.333碌s
ts=2026-08-16T07:15:26Z caller=logging.go:85 method=Health result=2 took=28.044碌s
ts=2026-08-16T07:15:27Z caller=logging.go:85 method=Health result=2 took=32.183碌s
ts=2026-08-16T07:15:29Z caller=logging.go:36 method=List tags= order=id pageNum=1 pageSize=10 result=9 err=null took=710.485碌s
ts=2026-08-16T07:15:29Z caller=logging.go:85 method=Health result=2 took=27.132碌s
ts=2026-08-16T07:15:30Z caller=logging.go:85 method=Health result=2 took=27.614碌s
ts=2026-08-16T07:15:32Z caller=logging.go:36 method=List tags= order=id pageNum=1 pageSize=10 result=9 err=null took=777.69碌s
ts=2026-08-16T07:15:32Z caller=logging.go:85 method=Health result=2 took=26.311碌s
ts=2026-08-16T07:15:33Z caller=logging.go:85 method=Health result=2 took=52.191碌s
ts=2026-08-16T07:15:35Z caller=logging.go:36 method=List tags= order=id pageNum=1 pageSize=10 result=9 err=null took=801.835碌s
ts=2026-08-16T07:15:35Z caller=logging.go:85 method=Health result=2 took=27.773碌s
ts=2026-08-16T07:15:36Z caller=logging.go:85 method=Health result=2 took=27.233碌s
ts=2026-08-16T07:15:38Z caller=logging.go:85 method=Health result=2 took=28.395碌s
ts=2026-08-16T07:15:38Z caller=logging.go:36 method=List tags= order=id pageNum=1 pageSize=10 result=9 err=null took=774.6碌s
ts=2026-08-16T07:15:39Z caller=logging.go:85 method=Health result=2 took=27.463碌s
ts=2026-08-16T07:15:41Z caller=logging.go:85 method=Health result=2 took=27.022碌s
ts=2026-08-16T07:15:41Z caller=logging.go:36 method=List tags= order=id pageNum=1 pageSize=10 result=9 err=null took=694.305碌s
ts=2026-08-16T07:15:42Z caller=logging.go:85 method=Health result=2 took=26.551碌s
ts=2026-08-16T07:15:44Z caller=logging.go:85 method=Health result=2 took=33.725碌s
ts=2026-08-16T07:15:44Z caller=logging.go:36 method=List tags= order=id pageNum=1 pageSize=10 result=9 err=null took=754.091碌s
ts=2026-08-16T07:15:45Z caller=logging.go:85 method=Health result=2 took=26.842碌s
ts=2026-08-16T07:15:47Z caller=logging.go:85 method=Health result=2 took=27.443碌s
ts=2026-08-16T07:15:47Z caller=logging.go:36 method=List tags= order=id pageNum=1 pageSize=10 result=9 err=null took=764.08碌s
ts=2026-08-16T07:15:48Z caller=logging.go:85 method=Health result=2 took=29.276碌s
ts=2026-08-16T07:15:50Z caller=logging.go:85 method=Health result=2 took=28.214碌s
ts=2026-08-16T07:15:50Z caller=logging.go:36 method=List tags= order=id pageNum=1 pageSize=10 result=9 err=null took=809.558碌s
ts=2026-08-16T07:15:51Z caller=logging.go:85 method=Health result=2 took=27.994碌s
ts=2026-08-16T07:15:53Z caller=logging.go:85 method=Health result=2 took=27.453碌s
ts=2026-08-16T07:15:53Z caller=logging.go:36 method=List tags= order=id pageNum=1 pageSize=10 result=9 err=null took=725.625碌s
ts=2026-08-16T07:15:54Z caller=logging.go:85 method=Health result=2 took=27.614碌s
ts=2026-08-16T07:15:56Z caller=logging.go:85 method=Health result=2 took=27.483碌s
ts=2026-08-16T07:15:57Z caller=logging.go:36 method=List tags= order=id pageNum=1 pageSize=10 result=9 err=null took=1.241886ms
ts=2026-08-16T07:15:57Z caller=logging.go:85 method=Health result=2 took=30.009碌s
ts=2026-08-16T07:15:59Z caller=logging.go:85 method=Health result=2 took=32.072碌s
ts=2026-08-16T07:16:00Z caller=logging.go:36 method=List tags= order=id pageNum=1 pageSize=10 result=9 err=null took=2.420531ms
ts=2026-08-16T07:16:00Z caller=logging.go:85 method=Health result=2 took=27.413碌s
ts=2026-08-16T07:16:02Z caller=logging.go:85 method=Health result=2 took=27.483碌s
ts=2026-08-16T07:16:03Z caller=logging.go:36 method=List tags= order=id pageNum=1 pageSize=10 result=9 err=null took=1.421321ms
ts=2026-08-16T07:16:03Z caller=logging.go:85 method=Health result=2 took=27.844碌s
ts=2026-08-16T07:16:05Z caller=logging.go:85 method=Health result=2 took=27.914碌s
ts=2026-08-16T07:16:06Z caller=logging.go:36 method=List tags= order=id pageNum=1 pageSize=10 result=9 err=null took=815.289碌s
ts=2026-08-16T07:16:06Z caller=logging.go:85 method=Health result=2 took=28.074碌s
ts=2026-08-16T07:16:08Z caller=logging.go:85 method=Health result=2 took=27.925碌s
ts=2026-08-16T07:16:09Z caller=logging.go:36 method=List tags= order=id pageNum=1 pageSize=10 result=9 err=null took=793.39碌s
ts=2026-08-16T07:16:09Z caller=logging.go:85 method=Health result=2 took=49.627碌s
ts=2026-08-16T07:16:11Z caller=logging.go:85 method=Health result=2 took=28.275碌s
ts=2026-08-16T07:16:12Z caller=logging.go:36 method=List tags= order=id pageNum=1 pageSize=10 result=9 err=null took=728.301碌s
ts=2026-08-16T07:16:12Z caller=logging.go:85 method=Health result=2 took=27.534碌s
ts=2026-08-16T07:16:14Z caller=logging.go:85 method=Health result=2 took=27.304碌s
ts=2026-08-16T07:16:15Z caller=logging.go:36 method=List tags= order=id pageNum=1 pageSize=10 result=9 err=null took=820.573碌s
ts=2026-08-16T07:16:15Z caller=logging.go:85 method=Health result=2 took=28.055碌s
ts=2026-08-16T07:16:17Z caller=logging.go:85 method=Health result=2 took=27.864碌s
ts=2026-08-16T07:16:18Z caller=logging.go:36 method=List tags= order=id pageNum=1 pageSize=10 result=9 err=null took=944.563碌s
ts=2026-08-16T07:16:18Z caller=logging.go:85 method=Health result=2 took=24.809碌s
ts=2026-08-16T07:16:20Z caller=logging.go:85 method=Health result=2 took=26.812碌s
ts=2026-08-16T07:16:21Z caller=logging.go:85 method=Health result=2 took=35.859碌s
ts=2026-08-16T07:16:21Z caller=logging.go:36 method=List tags= order=id pageNum=1 pageSize=10 result=9 err=null took=752.803碌s
ts=2026-08-16T07:16:23Z caller=logging.go:85 method=Health result=2 took=27.212碌s
ts=2026-08-16T07:16:24Z caller=logging.go:85 method=Health result=2 took=30.119碌s
ts=2026-08-16T07:16:24Z caller=logging.go:36 method=List tags= order=id pageNum=1 pageSize=10 result=9 err=null took=717.925碌s
ts=2026-08-16T07:16:26Z caller=logging.go:85 method=Health result=2 took=27.474碌s
ts=2026-08-16T07:16:27Z caller=logging.go:85 method=Health result=2 took=26.471碌s
ts=2026-08-16T07:16:27Z caller=logging.go:36 method=List tags= order=id pageNum=1 pageSize=10 result=9 err=null took=828.166碌s
ts=2026-08-16T07:16:29Z caller=logging.go:85 method=Health result=2 took=28.275碌s
ts=2026-08-16T07:16:29Z caller=logging.go:36 method=List tags= order=id pageNum=1 pageSize=10 result=9 err=null took=791.634碌s
ts=2026-08-16T07:16:29Z caller=logging.go:36 method=List tags= order=id pageNum=1 pageSize=10 result=9 err=null took=873.209碌s
ts=2026-08-16T07:16:29Z caller=logging.go:36 method=List tags= order=id pageNum=1 pageSize=10 result=9 err=null took=736.418碌s
ts=2026-08-16T07:16:29Z caller=logging.go:36 method=List tags= order=id pageNum=1 pageSize=10 result=9 err=null took=759.886碌s
ts=2026-08-16T07:16:29Z caller=logging.go:36 method=List tags= order=id pageNum=1 pageSize=10 result=9 err=null took=764.282碌s
ts=2026-08-16T07:16:30Z caller=logging.go:85 method=Health result=2 took=28.245碌s
ts=2026-08-16T07:16:30Z caller=logging.go:36 method=List tags= order=id pageNum=1 pageSize=10 result=9 err=null took=29.639766ms
ts=2026-08-16T07:16:30Z caller=logging.go:36 method=List tags= order=id pageNum=1 pageSize=10 result=9 err=null took=881.074碌s
ts=2026-08-16T07:16:30Z caller=logging.go:36 method=List tags= order=id pageNum=1 pageSize=10 result=9 err=null took=688.762碌s
ts=2026-08-16T07:16:31Z caller=logging.go:36 method=List tags= order=id pageNum=1 pageSize=10 result=9 err=null took=768.807碌s
ts=2026-08-16T07:16:31Z caller=logging.go:36 method=List tags= order=id pageNum=1 pageSize=10 result=9 err=null took=601.363碌s
ts=2026-08-16T07:16:32Z caller=logging.go:85 method=Health result=2 took=46.099碌s
ts=2026-08-16T07:16:33Z caller=logging.go:85 method=Health result=2 took=27.133碌s
ts=2026-08-16T07:16:35Z caller=logging.go:85 method=Health result=2 took=29.176碌s
ts=2026-08-16T07:16:36Z caller=logging.go:85 method=Health result=2 took=27.714碌s
ts=2026-08-16T07:16:38Z caller=logging.go:85 method=Health result=2 took=27.443碌s
ts=2026-08-16T07:16:39Z caller=logging.go:85 method=Health result=2 took=27.243碌s
ts=2026-08-16T07:16:41Z caller=logging.go:85 method=Health result=2 took=27.924碌s
ts=2026-08-16T07:16:42Z caller=logging.go:85 method=Health result=2 took=27.002碌s
ts=2026-08-16T07:16:44Z caller=logging.go:85 method=Health result=2 took=27.092碌s
ts=2026-08-16T07:16:45Z caller=logging.go:85 method=Health result=2 took=26.482碌s
ts=2026-08-16T07:16:47Z caller=logging.go:85 method=Health result=2 took=39.787碌s
ts=2026-08-16T07:16:48Z caller=logging.go:85 method=Health result=2 took=30.299碌s
ts=2026-08-16T07:16:50Z caller=logging.go:85 method=Health result=2 took=27.222碌s
ts=2026-08-16T07:16:51Z caller=logging.go:85 method=Health result=2 took=26.741碌s
ts=2026-08-16T07:16:53Z caller=logging.go:85 method=Health result=2 took=27.514碌s
ts=2026-08-16T07:16:54Z caller=logging.go:85 method=Health result=2 took=75.717碌s
ts=2026-08-16T07:16:56Z caller=logging.go:85 method=Health result=2 took=26.982碌s
ts=2026-08-16T07:16:57Z caller=logging.go:85 method=Health result=2 took=41.039碌s
ts=2026-08-16T07:16:59Z caller=logging.go:85 method=Health result=2 took=26.471碌s
ts=2026-08-16T07:17:00Z caller=logging.go:85 method=Health result=2 took=27.072碌s
ts=2026-08-16T07:17:02Z caller=logging.go:36 method=List tags= order=id pageNum=1 pageSize=10 result=9 err=null took=771.684碌s
ts=2026-08-16T07:17:02Z caller=logging.go:85 method=Health result=2 took=27.322碌s
ts=2026-08-16T07:17:03Z caller=logging.go:85 method=Health result=2 took=28.465碌s
ts=2026-08-16T07:17:04Z caller=logging.go:36 method=List tags= order=id pageNum=1 pageSize=10 result=9 err=null took=741.645碌s
ts=2026-08-16T07:17:05Z caller=logging.go:85 method=Health result=2 took=35.198碌s
ts=2026-08-16T07:17:06Z caller=logging.go:36 method=List tags= order=id pageNum=1 pageSize=10 result=9 err=null took=804.528碌s
ts=2026-08-16T07:17:06Z caller=logging.go:85 method=Health result=2 took=27.753碌s
ts=2026-08-16T07:17:08Z caller=logging.go:85 method=Health result=2 took=27.373碌s
ts=2026-08-16T07:17:08Z caller=logging.go:36 method=List tags= order=id pageNum=1 pageSize=10 result=9 err=null took=737.234碌s
ts=2026-08-16T07:17:09Z caller=logging.go:85 method=Health result=2 took=35.95碌s
ts=2026-08-16T07:17:10Z caller=logging.go:36 method=List tags= order=id pageNum=1 pageSize=10 result=9 err=null took=741.903碌s
ts=2026-08-16T07:17:11Z caller=logging.go:85 method=Health result=2 took=31.511碌s
ts=2026-08-16T07:17:12Z caller=logging.go:85 method=Health result=2 took=28.355碌s
ts=2026-08-16T07:17:12Z caller=logging.go:36 method=List tags= order=id pageNum=1 pageSize=10 result=9 err=null took=722.342碌s
ts=2026-08-16T07:17:14Z caller=logging.go:85 method=Health result=2 took=39.226碌s
ts=2026-08-16T07:17:15Z caller=logging.go:85 method=Health result=2 took=28.034碌s
ts=2026-08-16T07:17:15Z caller=logging.go:36 method=List tags= order=id pageNum=1 pageSize=10 result=9 err=null took=758.331碌s
ts=2026-08-16T07:17:17Z caller=logging.go:85 method=Health result=2 took=29.217碌s
ts=2026-08-16T07:17:18Z caller=logging.go:85 method=Health result=2 took=27.112碌s
ts=2026-08-16T07:17:18Z caller=logging.go:36 method=List tags= order=id pageNum=1 pageSize=10 result=9 err=null took=725.252碌s
ts=2026-08-16T07:17:20Z caller=logging.go:85 method=Health result=2 took=27.643碌s
ts=2026-08-16T07:17:21Z caller=logging.go:85 method=Health result=2 took=27.323碌s
ts=2026-08-16T07:17:21Z caller=logging.go:36 method=List tags= order=id pageNum=1 pageSize=10 result=9 err=null took=723.591碌s
ts=2026-08-16T07:17:23Z caller=logging.go:85 method=Health result=2 took=27.844碌s
ts=2026-08-16T07:17:24Z caller=logging.go:85 method=Health result=2 took=26.571碌s
ts=2026-08-16T07:17:25Z caller=logging.go:36 method=List tags= order=id pageNum=1 pageSize=10 result=9 err=null took=757.972碌s
ts=2026-08-16T07:17:26Z caller=logging.go:85 method=Health result=2 took=28.605碌s
ts=2026-08-16T07:17:27Z caller=logging.go:85 method=Health result=2 took=26.983碌s
ts=2026-08-16T07:17:28Z caller=logging.go:36 method=List tags= order=id pageNum=1 pageSize=10 result=9 err=null took=726.847碌s
ts=2026-08-16T07:17:29Z caller=logging.go:85 method=Health result=2 took=29.007碌s
ts=2026-08-16T07:17:30Z caller=logging.go:85 method=Health result=2 took=26.391碌s
ts=2026-08-16T07:17:31Z caller=logging.go:36 method=List tags= order=id pageNum=1 pageSize=10 result=9 err=null took=786.964碌s
ts=2026-08-16T07:17:32Z caller=logging.go:85 method=Health result=2 took=29.147碌s
ts=2026-08-16T07:17:33Z caller=logging.go:85 method=Health result=2 took=27.092碌s
ts=2026-08-16T07:17:34Z caller=logging.go:36 method=List tags= order=id pageNum=1 pageSize=10 result=9 err=null took=720.089碌s
ts=2026-08-16T07:17:35Z caller=logging.go:85 method=Health result=2 took=28.406碌s
ts=2026-08-16T07:17:36Z caller=logging.go:85 method=Health result=2 took=27.083碌s
ts=2026-08-16T07:17:37Z caller=logging.go:36 method=List tags= order=id pageNum=1 pageSize=10 result=9 err=null took=786.678碌s
ts=2026-08-16T07:17:38Z caller=logging.go:85 method=Health result=2 took=28.415碌s
ts=2026-08-16T07:17:39Z caller=logging.go:85 method=Health result=2 took=28.996碌s
ts=2026-08-16T07:17:40Z caller=logging.go:36 method=List tags= order=id pageNum=1 pageSize=10 result=9 err=null took=716.197碌s
ts=2026-08-16T07:17:41Z caller=logging.go:85 method=Health result=2 took=34.797碌s
ts=2026-08-16T07:17:42Z caller=logging.go:85 method=Health result=2 took=27.824碌s
ts=2026-08-16T07:17:43Z caller=logging.go:36 method=List tags= order=id pageNum=1 pageSize=10 result=9 err=null took=798.506碌s
ts=2026-08-16T07:17:44Z caller=logging.go:85 method=Health result=2 took=26.631碌s
ts=2026-08-16T07:17:45Z caller=logging.go:85 method=Health result=2 took=65.005碌s
ts=2026-08-16T07:17:46Z caller=logging.go:36 method=List tags= order=id pageNum=1 pageSize=10 result=9 err=null took=748.059碌s
ts=2026-08-16T07:17:47Z caller=logging.go:85 method=Health result=2 took=27.543碌s
ts=2026-08-16T07:17:48Z caller=logging.go:85 method=Health result=2 took=27.583碌s
ts=2026-08-16T07:17:49Z caller=logging.go:36 method=List tags= order=id pageNum=1 pageSize=10 result=9 err=null took=756.348碌s
ts=2026-08-16T07:17:50Z caller=logging.go:85 method=Health result=2 took=27.543碌s
ts=2026-08-16T07:17:51Z caller=logging.go:85 method=Health result=2 took=25.85碌s
ts=2026-08-16T07:17:52Z caller=logging.go:36 method=List tags= order=id pageNum=1 pageSize=10 result=9 err=null took=811.792碌s
ts=2026-08-16T07:17:53Z caller=logging.go:85 method=Health result=2 took=35.679碌s
ts=2026-08-16T07:17:54Z caller=logging.go:85 method=Health result=2 took=27.874碌s
ts=2026-08-16T07:17:55Z caller=logging.go:36 method=List tags= order=id pageNum=1 pageSize=10 result=9 err=null took=767.725碌s
ts=2026-08-16T07:17:56Z caller=logging.go:85 method=Health result=2 took=32.263碌s
ts=2026-08-16T07:17:57Z caller=logging.go:85 method=Health result=2 took=27.002碌s
ts=2026-08-16T07:17:58Z caller=logging.go:36 method=List tags= order=id pageNum=1 pageSize=10 result=9 err=null took=792.082碌s
ts=2026-08-16T07:17:59Z caller=logging.go:85 method=Health result=2 took=27.713碌s
ts=2026-08-16T07:18:00Z caller=logging.go:85 method=Health result=2 took=26.671碌s
ts=2026-08-16T07:18:02Z caller=logging.go:36 method=List tags= order=id pageNum=1 pageSize=10 result=9 err=null took=730.093碌s
ts=2026-08-16T07:18:02Z caller=logging.go:85 method=Health result=2 took=26.551碌s
ts=2026-08-16T07:18:03Z caller=logging.go:85 method=Health result=2 took=28.044碌s
ts=2026-08-16T07:18:05Z caller=logging.go:36 method=List tags= order=id pageNum=1 pageSize=10 result=9 err=null took=757.681碌s
ts=2026-08-16T07:18:05Z caller=logging.go:85 method=Health result=2 took=29.367碌s
ts=2026-08-16T07:18:06Z caller=logging.go:85 method=Health result=2 took=28.876碌s
ts=2026-08-16T07:18:08Z caller=logging.go:36 method=List tags= order=id pageNum=1 pageSize=10 result=9 err=null took=751.79碌s
ts=2026-08-16T07:18:08Z caller=logging.go:85 method=Health result=2 took=27.383碌s
ts=2026-08-16T07:18:09Z caller=logging.go:85 method=Health result=2 took=26.461碌s
ts=2026-08-16T07:18:11Z caller=logging.go:36 method=List tags= order=id pageNum=1 pageSize=10 result=9 err=null took=800.18碌s
ts=2026-08-16T07:18:11Z caller=logging.go:85 method=Health result=2 took=28.766碌s
ts=2026-08-16T07:18:12Z caller=logging.go:85 method=Health result=2 took=27.984碌s
ts=2026-08-16T07:18:14Z caller=logging.go:36 method=List tags= order=id pageNum=1 pageSize=10 result=9 err=null took=744.211碌s
ts=2026-08-16T07:18:14Z caller=logging.go:85 method=Health result=2 took=28.395碌s
