2026-08-15 11:17:32.111  INFO [bootstrap,,,] 7 --- [           main] s.c.a.AnnotationConfigApplicationContext : Refreshing org.springframework.context.annotation.AnnotationConfigApplicationContext@51521cc1: startup date [Sat Aug 15 11:17:32 GMT 2026]; root of context hierarchy
2026-08-15 11:17:36.639  INFO [bootstrap,,,] 7 --- [           main] trationDelegate$BeanPostProcessorChecker : Bean 'configurationPropertiesRebinderAutoConfiguration' of type [class org.springframework.cloud.autoconfigure.ConfigurationPropertiesRebinderAutoConfiguration$$EnhancerBySpringCGLIB$$b894f39] is not eligible for getting processed by all BeanPostProcessors (for example: not eligible for auto-proxying)

  .   ____          _            __ _ _
 /\\ / ___'_ __ _ _(_)_ __  __ _ \ \ \ \
( ( )\___ | '_ | '_| | '_ \/ _` | \ \ \ \
 \\/  ___)| |_)| | | | | || (_| |  ) ) ) )
  '  |____| .__|_| |_|_| |_\__, | / / / /
 =========|_|==============|___/=/_/_/_/
 :: Spring Boot ::        (v1.4.4.RELEASE)

2026-08-15 11:17:38.637  INFO [carts,,,] 7 --- [           main] works.weave.socks.cart.CartApplication   : No active profile set, falling back to default profiles: default
2026-08-15 11:17:39.106  INFO [carts,,,] 7 --- [           main] ationConfigEmbeddedWebApplicationContext : Refreshing org.springframework.boot.context.embedded.AnnotationConfigEmbeddedWebApplicationContext@649d209a: startup date [Sat Aug 15 11:17:39 GMT 2026]; parent: org.springframework.context.annotation.AnnotationConfigApplicationContext@51521cc1
2026-08-15 11:17:54.334  INFO [carts,,,] 7 --- [           main] o.s.b.f.s.DefaultListableBeanFactory     : Overriding bean definition for bean 'managementServletContext' with a different definition: replacing [Root bean: class [null]; scope=; abstract=false; lazyInit=false; autowireMode=3; dependencyCheck=0; autowireCandidate=true; primary=false; factoryBeanName=org.springframework.boot.actuate.autoconfigure.EndpointWebMvcHypermediaManagementContextConfiguration; factoryMethodName=managementServletContext; initMethodName=null; destroyMethodName=(inferred); defined in class path resource [org/springframework/boot/actuate/autoconfigure/EndpointWebMvcHypermediaManagementContextConfiguration.class]] with [Root bean: class [null]; scope=; abstract=false; lazyInit=false; autowireMode=3; dependencyCheck=0; autowireCandidate=true; primary=false; factoryBeanName=org.springframework.boot.actuate.autoconfigure.EndpointWebMvcAutoConfiguration; factoryMethodName=managementServletContext; initMethodName=null; destroyMethodName=(inferred); defined in class path resource [org/springframework/boot/actuate/autoconfigure/EndpointWebMvcAutoConfiguration.class]]
2026-08-15 11:17:55.633  WARN [carts,,,] 7 --- [           main] o.s.c.a.ConfigurationClassPostProcessor  : Cannot enhance @Configuration bean definition 'refreshScope' since its singleton instance has been created too early. The typical cause is a non-static @Bean method with a BeanDefinitionRegistryPostProcessor return type: Consider declaring such methods as 'static'.
2026-08-15 11:17:57.340  INFO [carts,,,] 7 --- [           main] o.s.cloud.context.scope.GenericScope     : BeanFactory id=063d23b5-fa4f-330e-8afb-cdf6f03b608e
2026-08-15 11:17:59.434  INFO [carts,,,] 7 --- [           main] trationDelegate$BeanPostProcessorChecker : Bean 'org.springframework.cloud.sleuth.instrument.async.AsyncDefaultAutoConfiguration$DefaultAsyncConfigurerSupport' of type [class org.springframework.cloud.sleuth.instrument.async.AsyncDefaultAutoConfiguration$DefaultAsyncConfigurerSupport$$EnhancerBySpringCGLIB$$2cb0e9ff] is not eligible for getting processed by all BeanPostProcessors (for example: not eligible for auto-proxying)
2026-08-15 11:18:01.436  INFO [carts,,,] 7 --- [           main] trationDelegate$BeanPostProcessorChecker : Bean 'org.springframework.cloud.autoconfigure.ConfigurationPropertiesRebinderAutoConfiguration' of type [class org.springframework.cloud.autoconfigure.ConfigurationPropertiesRebinderAutoConfiguration$$EnhancerBySpringCGLIB$$b894f39] is not eligible for getting processed by all BeanPostProcessors (for example: not eligible for auto-proxying)
2026-08-15 11:18:01.636  INFO [carts,,,] 7 --- [           main] trationDelegate$BeanPostProcessorChecker : Bean 'org.springframework.cloud.sleuth.instrument.web.TraceWebAutoConfiguration' of type [class org.springframework.cloud.sleuth.instrument.web.TraceWebAutoConfiguration$$EnhancerBySpringCGLIB$$ecb4cb09] is not eligible for getting processed by all BeanPostProcessors (for example: not eligible for auto-proxying)
2026-08-15 11:18:07.034  INFO [carts,,,] 7 --- [           main] s.b.c.e.t.TomcatEmbeddedServletContainer : Tomcat initialized with port(s): 80 (http)
2026-08-15 11:18:07.137  INFO [carts,,,] 7 --- [           main] o.apache.catalina.core.StandardService   : Starting service Tomcat
2026-08-15 11:18:07.137  INFO [carts,,,] 7 --- [           main] org.apache.catalina.core.StandardEngine  : Starting Servlet Engine: Apache Tomcat/8.5.11
2026-08-15 11:18:08.135  INFO [carts,,,] 7 --- [ost-startStop-1] o.a.c.c.C.[Tomcat].[localhost].[/]       : Initializing Spring embedded WebApplicationContext
2026-08-15 11:18:08.135  INFO [carts,,,] 7 --- [ost-startStop-1] o.s.web.context.ContextLoader            : Root WebApplicationContext: initialization completed in 29029 ms
2026-08-15 11:18:14.235  INFO [carts,,,] 7 --- [ost-startStop-1] o.s.b.w.servlet.FilterRegistrationBean   : Mapping filter: 'metricsFilter' to: [/*]
2026-08-15 11:18:14.235  INFO [carts,,,] 7 --- [ost-startStop-1] o.s.b.w.servlet.FilterRegistrationBean   : Mapping filter: 'characterEncodingFilter' to: [/*]
2026-08-15 11:18:14.235  INFO [carts,,,] 7 --- [ost-startStop-1] o.s.b.c.embedded.FilterRegistrationBean  : Mapping filter: 'traceFilter' to: [/*]
2026-08-15 11:18:14.235  INFO [carts,,,] 7 --- [ost-startStop-1] o.s.b.w.servlet.FilterRegistrationBean   : Mapping filter: 'hiddenHttpMethodFilter' to: [/*]
2026-08-15 11:18:14.235  INFO [carts,,,] 7 --- [ost-startStop-1] o.s.b.w.servlet.FilterRegistrationBean   : Mapping filter: 'httpPutFormContentFilter' to: [/*]
2026-08-15 11:18:14.235  INFO [carts,,,] 7 --- [ost-startStop-1] o.s.b.w.servlet.FilterRegistrationBean   : Mapping filter: 'requestContextFilter' to: [/*]
2026-08-15 11:18:14.236  INFO [carts,,,] 7 --- [ost-startStop-1] o.s.b.w.servlet.FilterRegistrationBean   : Mapping filter: 'webRequestLoggingFilter' to: [/*]
2026-08-15 11:18:14.236  INFO [carts,,,] 7 --- [ost-startStop-1] o.s.b.w.servlet.FilterRegistrationBean   : Mapping filter: 'applicationContextIdFilter' to: [/*]
2026-08-15 11:18:14.236  INFO [carts,,,] 7 --- [ost-startStop-1] o.s.b.w.servlet.ServletRegistrationBean  : Mapping servlet: 'metricsServlet' to [/metrics]
2026-08-15 11:18:14.333  INFO [carts,,,] 7 --- [ost-startStop-1] o.s.b.w.servlet.ServletRegistrationBean  : Mapping servlet: 'dispatcherServlet' to [/]
2026-08-15 11:18:17.206  INFO [carts,,,] 7 --- [           main] org.mongodb.driver.cluster               : Cluster created with settings {hosts=[carts-db:27017], mode=SINGLE, requiredClusterType=UNKNOWN, serverSelectionTimeout='10000 ms', maxWaitQueueSize=500}
2026-08-15 11:18:17.805  INFO [carts,,,] 7 --- [-carts-db:27017] org.mongodb.driver.connection            : Opened connection [connectionId{localValue:1, serverValue:6}] to carts-db:27017
2026-08-15 11:18:17.834  INFO [carts,,,] 7 --- [-carts-db:27017] org.mongodb.driver.cluster               : Monitor thread successfully connected to server with description ServerDescription{address=carts-db:27017, type=STANDALONE, state=CONNECTED, ok=true, version=ServerVersion{versionList=[4, 4, 29]}, minWireVersion=0, maxWireVersion=9, maxDocumentSize=16777216, roundTripTimeNanos=563473}
2026-08-15 11:18:28.133  INFO [carts,,,] 7 --- [           main] o.s.b.f.config.PropertiesFactoryBean     : Loading properties file from class path resource [rest-default-messages.properties]
2026-08-15 11:18:39.135  INFO [carts,,,] 7 --- [           main] s.w.s.m.m.a.RequestMappingHandlerMapping : Mapped "{[/carts/{customerId}/merge],methods=[GET]}" onto public void works.weave.socks.cart.controllers.CartsController.mergeCarts(java.lang.String,java.lang.String)
2026-08-15 11:18:39.135  INFO [carts,,,] 7 --- [           main] s.w.s.m.m.a.RequestMappingHandlerMapping : Mapped "{[/carts/{customerId}],methods=[GET],produces=[application/json]}" onto public works.weave.socks.cart.entities.Cart works.weave.socks.cart.controllers.CartsController.get(java.lang.String)
2026-08-15 11:18:39.135  INFO [carts,,,] 7 --- [           main] s.w.s.m.m.a.RequestMappingHandlerMapping : Mapped "{[/carts/{customerId}],methods=[DELETE]}" onto public void works.weave.socks.cart.controllers.CartsController.delete(java.lang.String)
2026-08-15 11:18:39.136  INFO [carts,,,] 7 --- [           main] s.w.s.m.m.a.RequestMappingHandlerMapping : Mapped "{[/carts/{customerId:.*}/items/{itemId:.*}],methods=[DELETE]}" onto public void works.weave.socks.cart.controllers.ItemsController.removeItem(java.lang.String,java.lang.String)
2026-08-15 11:18:39.136  INFO [carts,,,] 7 --- [           main] s.w.s.m.m.a.RequestMappingHandlerMapping : Mapped "{[/carts/{customerId:.*}/items],methods=[GET],produces=[application/json]}" onto public java.util.List<works.weave.socks.cart.entities.Item> works.weave.socks.cart.controllers.ItemsController.getItems(java.lang.String)
2026-08-15 11:18:39.136  INFO [carts,,,] 7 --- [           main] s.w.s.m.m.a.RequestMappingHandlerMapping : Mapped "{[/carts/{customerId:.*}/items],methods=[POST],consumes=[application/json]}" onto public works.weave.socks.cart.entities.Item works.weave.socks.cart.controllers.ItemsController.addToCart(java.lang.String,works.weave.socks.cart.entities.Item)
2026-08-15 11:18:39.136  INFO [carts,,,] 7 --- [           main] s.w.s.m.m.a.RequestMappingHandlerMapping : Mapped "{[/carts/{customerId:.*}/items],methods=[PATCH],consumes=[application/json]}" onto public void works.weave.socks.cart.controllers.ItemsController.updateItem(java.lang.String,works.weave.socks.cart.entities.Item)
2026-08-15 11:18:39.136  INFO [carts,,,] 7 --- [           main] s.w.s.m.m.a.RequestMappingHandlerMapping : Mapped "{[/carts/{customerId:.*}/items/{itemId:.*}],methods=[GET],produces=[application/json]}" onto public works.weave.socks.cart.entities.Item works.weave.socks.cart.controllers.ItemsController.get(java.lang.String,java.lang.String)
2026-08-15 11:18:39.137  INFO [carts,,,] 7 --- [           main] s.w.s.m.m.a.RequestMappingHandlerMapping : Mapped "{[/health],methods=[GET]}" onto public java.util.Map<java.lang.String, java.util.List<works.weave.socks.cart.entities.HealthCheck>> works.weave.socks.cart.controllers.HealthCheckController.getHealth()
2026-08-15 11:18:39.138  INFO [carts,,,] 7 --- [           main] s.w.s.m.m.a.RequestMappingHandlerMapping : Mapped "{[/error],produces=[text/html]}" onto public org.springframework.web.servlet.ModelAndView org.springframework.boot.autoconfigure.web.BasicErrorController.errorHtml(javax.servlet.http.HttpServletRequest,javax.servlet.http.HttpServletResponse)
2026-08-15 11:18:39.138  INFO [carts,,,] 7 --- [           main] s.w.s.m.m.a.RequestMappingHandlerMapping : Mapped "{[/error]}" onto public org.springframework.http.ResponseEntity<java.util.Map<java.lang.String, java.lang.Object>> org.springframework.boot.autoconfigure.web.BasicErrorController.error(javax.servlet.http.HttpServletRequest)
