ts=2026-08-16T06:16:20Z caller=logging.go:36 method=List tags= order=id pageNum=1 pageSize=10 result=9 err=null took=786.471碌s
ts=2026-08-16T06:16:20Z caller=logging.go:85 method=Health result=2 took=28.375碌s
ts=2026-08-16T06:16:21Z caller=logging.go:85 method=Health result=2 took=27.503碌s
ts=2026-08-16T06:16:23Z caller=logging.go:36 method=List tags= order=id pageNum=1 pageSize=10 result=9 err=null took=841.729碌s
ts=2026-08-16T06:16:23Z caller=logging.go:85 method=Health result=2 took=28.666碌s
ts=2026-08-16T06:16:24Z caller=logging.go:85 method=Health result=2 took=27.163碌s
ts=2026-08-16T06:16:26Z caller=logging.go:36 method=List tags= order=id pageNum=1 pageSize=10 result=9 err=null took=747.126碌s
ts=2026-08-16T06:16:26Z caller=logging.go:85 method=Health result=2 took=28.626碌s
ts=2026-08-16T06:16:27Z caller=logging.go:85 method=Health result=2 took=41.31碌s
ts=2026-08-16T06:16:29Z caller=logging.go:36 method=List tags= order=id pageNum=1 pageSize=10 result=9 err=null took=758.746碌s
ts=2026-08-16T06:16:29Z caller=logging.go:85 method=Health result=2 took=29.086碌s
ts=2026-08-16T06:16:30Z caller=logging.go:85 method=Health result=2 took=28.425碌s
ts=2026-08-16T06:16:32Z caller=logging.go:36 method=List tags= order=id pageNum=1 pageSize=10 result=9 err=null took=724.095碌s
ts=2026-08-16T06:16:32Z caller=logging.go:85 method=Health result=2 took=70.998碌s
ts=2026-08-16T06:16:33Z caller=logging.go:85 method=Health result=2 took=28.275碌s
ts=2026-08-16T06:16:35Z caller=logging.go:36 method=List tags= order=id pageNum=1 pageSize=10 result=9 err=null took=763.437碌s
ts=2026-08-16T06:16:35Z caller=logging.go:85 method=Health result=2 took=28.806碌s
ts=2026-08-16T06:16:36Z caller=logging.go:85 method=Health result=2 took=30.55碌s
ts=2026-08-16T06:16:38Z caller=logging.go:36 method=List tags= order=id pageNum=1 pageSize=10 result=9 err=null took=783.071碌s
ts=2026-08-16T06:16:38Z caller=logging.go:85 method=Health result=2 took=22.243碌s
ts=2026-08-16T06:16:39Z caller=logging.go:85 method=Health result=2 took=27.303碌s
ts=2026-08-16T06:16:41Z caller=logging.go:85 method=Health result=2 took=29.498碌s
ts=2026-08-16T06:16:41Z caller=logging.go:36 method=List tags= order=id pageNum=1 pageSize=10 result=9 err=null took=708.72碌s
ts=2026-08-16T06:16:42Z caller=logging.go:85 method=Health result=2 took=28.405碌s
ts=2026-08-16T06:16:44Z caller=logging.go:85 method=Health result=2 took=29.147碌s
ts=2026-08-16T06:16:44Z caller=logging.go:36 method=List tags= order=id pageNum=1 pageSize=10 result=9 err=null took=799.214碌s
ts=2026-08-16T06:16:45Z caller=logging.go:85 method=Health result=2 took=28.385碌s
ts=2026-08-16T06:16:47Z caller=logging.go:85 method=Health result=2 took=27.143碌s
ts=2026-08-16T06:16:47Z caller=logging.go:36 method=List tags= order=id pageNum=1 pageSize=10 result=9 err=null took=734.322碌s
ts=2026-08-16T06:16:48Z caller=logging.go:85 method=Health result=2 took=27.183碌s
ts=2026-08-16T06:16:50Z caller=logging.go:85 method=Health result=2 took=31.482碌s
ts=2026-08-16T06:16:50Z caller=logging.go:36 method=List tags= order=id pageNum=1 pageSize=10 result=9 err=null took=822.198碌s
ts=2026-08-16T06:16:51Z caller=logging.go:85 method=Health result=2 took=28.395碌s
ts=2026-08-16T06:16:53Z caller=logging.go:85 method=Health result=2 took=28.465碌s
ts=2026-08-16T06:16:54Z caller=logging.go:36 method=List tags= order=id pageNum=1 pageSize=10 result=9 err=null took=760.847碌s
ts=2026-08-16T06:16:54Z caller=logging.go:85 method=Health result=2 took=26.992碌s
ts=2026-08-16T06:16:56Z caller=logging.go:85 method=Health result=2 took=27.844碌s
ts=2026-08-16T06:16:57Z caller=logging.go:36 method=List tags= order=id pageNum=1 pageSize=10 result=9 err=null took=719.707碌s
ts=2026-08-16T06:16:57Z caller=logging.go:85 method=Health result=2 took=28.064碌s
ts=2026-08-16T06:16:59Z caller=logging.go:85 method=Health result=2 took=31.682碌s
ts=2026-08-16T06:17:00Z caller=logging.go:36 method=List tags= order=id pageNum=1 pageSize=10 result=9 err=null took=825.472碌s
ts=2026-08-16T06:17:00Z caller=logging.go:85 method=Health result=2 took=39.436碌s
ts=2026-08-16T06:17:02Z caller=logging.go:85 method=Health result=2 took=27.534碌s
ts=2026-08-16T06:17:03Z caller=logging.go:36 method=List tags= order=id pageNum=1 pageSize=10 result=9 err=null took=709.427碌s
ts=2026-08-16T06:17:03Z caller=logging.go:85 method=Health result=2 took=27.653碌s
ts=2026-08-16T06:17:05Z caller=logging.go:85 method=Health result=2 took=27.443碌s
ts=2026-08-16T06:17:06Z caller=logging.go:36 method=List tags= order=id pageNum=1 pageSize=10 result=9 err=null took=768.943碌s
ts=2026-08-16T06:17:06Z caller=logging.go:85 method=Health result=2 took=32.212碌s
ts=2026-08-16T06:17:08Z caller=logging.go:85 method=Health result=2 took=27.654碌s
ts=2026-08-16T06:17:09Z caller=logging.go:36 method=List tags= order=id pageNum=1 pageSize=10 result=9 err=null took=764.385碌s
ts=2026-08-16T06:17:09Z caller=logging.go:85 method=Health result=2 took=28.645碌s
ts=2026-08-16T06:17:11Z caller=logging.go:85 method=Health result=2 took=28.596碌s
ts=2026-08-16T06:17:12Z caller=logging.go:36 method=List tags= order=id pageNum=1 pageSize=10 result=9 err=null took=909.972碌s
ts=2026-08-16T06:17:12Z caller=logging.go:85 method=Health result=2 took=27.623碌s
ts=2026-08-16T06:17:14Z caller=logging.go:85 method=Health result=2 took=27.233碌s
ts=2026-08-16T06:17:15Z caller=logging.go:36 method=List tags= order=id pageNum=1 pageSize=10 result=9 err=null took=803.801碌s
ts=2026-08-16T06:17:15Z caller=logging.go:85 method=Health result=2 took=26.041碌s
ts=2026-08-16T06:17:17Z caller=logging.go:36 method=List tags= order=id pageNum=1 pageSize=10 result=9 err=null took=735.463碌s
ts=2026-08-16T06:17:17Z caller=logging.go:36 method=List tags= order=id pageNum=1 pageSize=10 result=9 err=null took=832.803碌s
ts=2026-08-16T06:17:17Z caller=logging.go:36 method=List tags= order=id pageNum=1 pageSize=10 result=9 err=null took=788.622碌s
ts=2026-08-16T06:17:17Z caller=logging.go:36 method=List tags= order=id pageNum=1 pageSize=10 result=9 err=null took=715.58碌s
ts=2026-08-16T06:17:17Z caller=logging.go:36 method=List tags= order=id pageNum=1 pageSize=10 result=9 err=null took=748.594碌s
ts=2026-08-16T06:17:17Z caller=logging.go:85 method=Health result=2 took=41.431碌s
ts=2026-08-16T06:17:17Z caller=logging.go:36 method=List tags= order=id pageNum=1 pageSize=10 result=0 err="database connection error" took=620.911碌s
ts=2026-08-16T06:17:17Z caller=server.go:94 err="database connection error"
ts=2026-08-16T06:17:17Z caller=logging.go:36 method=List tags= order=id pageNum=1 pageSize=10 result=0 err="database connection error" took=318.739碌s
ts=2026-08-16T06:17:17Z caller=server.go:94 err="database connection error"
[mysql] 2026/08/16 06:17:17 packets.go:33: unexpected EOF
[mysql] 2026/08/16 06:17:17 packets.go:130: write tcp 10.244.2.126:54858->10.108.173.210:3306: write: broken pipe
[mysql] 2026/08/16 06:17:17 packets.go:33: unexpected EOF
[mysql] 2026/08/16 06:17:17 packets.go:130: write tcp 10.244.2.126:45664->10.108.173.210:3306: write: broken pipe
ts=2026-08-16T06:17:17Z caller=logging.go:36 method=List tags= order=id pageNum=1 pageSize=10 result=0 err="database connection error" took=1.548969ms
ts=2026-08-16T06:17:17Z caller=server.go:94 err="database connection error"
ts=2026-08-16T06:17:18Z caller=logging.go:36 method=List tags= order=id pageNum=1 pageSize=10 result=0 err="database connection error" took=688.478碌s
ts=2026-08-16T06:17:18Z caller=server.go:94 err="database connection error"
ts=2026-08-16T06:17:18Z caller=logging.go:36 method=List tags= order=id pageNum=1 pageSize=10 result=0 err="database connection error" took=695.621碌s
ts=2026-08-16T06:17:18Z caller=server.go:94 err="database connection error"
ts=2026-08-16T06:17:18Z caller=logging.go:85 method=Health result=2 took=867.124碌s
ts=2026-08-16T06:17:20Z caller=logging.go:85 method=Health result=2 took=903.434碌s
ts=2026-08-16T06:17:21Z caller=logging.go:85 method=Health result=2 took=839.931碌s
ts=2026-08-16T06:17:21Z caller=logging.go:36 method=List tags= order=id pageNum=1 pageSize=10 result=0 err="database connection error" took=509.093碌s
ts=2026-08-16T06:17:21Z caller=server.go:94 err="database connection error"
ts=2026-08-16T06:17:23Z caller=logging.go:85 method=Health result=2 took=851.384碌s
ts=2026-08-16T06:17:23Z caller=server.go:94 err="circuit breaker 'List' is open"
ts=2026-08-16T06:17:24Z caller=logging.go:85 method=Health result=2 took=835.602碌s
ts=2026-08-16T06:17:26Z caller=server.go:94 err="circuit breaker 'List' is open"
ts=2026-08-16T06:17:26Z caller=logging.go:85 method=Health result=2 took=804.792碌s
ts=2026-08-16T06:17:27Z caller=logging.go:85 method=Health result=2 took=1.601347ms
ts=2026-08-16T06:17:28Z caller=server.go:94 err="circuit breaker 'List' is open"
ts=2026-08-16T06:17:29Z caller=logging.go:85 method=Health result=2 took=27.143碌s
ts=2026-08-16T06:17:30Z caller=server.go:94 err="circuit breaker 'List' is open"
ts=2026-08-16T06:17:30Z caller=logging.go:85 method=Health result=2 took=29.998碌s
ts=2026-08-16T06:17:32Z caller=server.go:94 err="circuit breaker 'List' is open"
ts=2026-08-16T06:17:32Z caller=logging.go:85 method=Health result=2 took=27.464碌s
ts=2026-08-16T06:17:33Z caller=logging.go:85 method=Health result=2 took=30.328碌s
ts=2026-08-16T06:17:34Z caller=server.go:94 err="circuit breaker 'List' is open"
ts=2026-08-16T06:17:35Z caller=logging.go:85 method=Health result=2 took=27.604碌s
ts=2026-08-16T06:17:36Z caller=server.go:94 err="circuit breaker 'List' is open"
ts=2026-08-16T06:17:36Z caller=logging.go:85 method=Health result=2 took=27.393碌s
ts=2026-08-16T06:17:38Z caller=server.go:94 err="circuit breaker 'List' is open"
ts=2026-08-16T06:17:38Z caller=logging.go:85 method=Health result=2 took=25.87碌s
ts=2026-08-16T06:17:39Z caller=logging.go:85 method=Health result=2 took=28.184碌s
ts=2026-08-16T06:17:40Z caller=server.go:94 err="circuit breaker 'List' is open"
ts=2026-08-16T06:17:41Z caller=logging.go:85 method=Health result=2 took=27.844碌s
ts=2026-08-16T06:17:42Z caller=server.go:94 err="circuit breaker 'List' is open"
ts=2026-08-16T06:17:42Z caller=logging.go:85 method=Health result=2 took=28.676碌s
ts=2026-08-16T06:17:44Z caller=logging.go:85 method=Health result=2 took=29.287碌s
ts=2026-08-16T06:17:44Z caller=server.go:94 err="circuit breaker 'List' is open"
ts=2026-08-16T06:17:45Z caller=logging.go:85 method=Health result=2 took=27.113碌s
ts=2026-08-16T06:17:46Z caller=server.go:94 err="circuit breaker 'List' is open"
ts=2026-08-16T06:17:47Z caller=logging.go:85 method=Health result=2 took=31.06碌s
ts=2026-08-16T06:17:48Z caller=logging.go:85 method=Health result=2 took=26.1碌s
ts=2026-08-16T06:17:48Z caller=server.go:94 err="circuit breaker 'List' is open"
ts=2026-08-16T06:17:50Z caller=logging.go:85 method=Health result=2 took=29.196碌s
ts=2026-08-16T06:17:51Z caller=server.go:94 err="circuit breaker 'List' is open"
ts=2026-08-16T06:17:51Z caller=logging.go:85 method=Health result=2 took=27.864碌s
ts=2026-08-16T06:17:53Z caller=logging.go:36 method=List tags= order=id pageNum=1 pageSize=10 result=9 err=null took=3.347107ms
ts=2026-08-16T06:17:53Z caller=logging.go:85 method=Health result=2 took=29.037碌s
ts=2026-08-16T06:17:54Z caller=logging.go:85 method=Health result=2 took=26.712碌s
ts=2026-08-16T06:17:55Z caller=logging.go:36 method=List tags= order=id pageNum=1 pageSize=10 result=9 err=null took=795.192碌s
ts=2026-08-16T06:17:56Z caller=logging.go:85 method=Health result=2 took=29.347碌s
ts=2026-08-16T06:17:57Z caller=logging.go:36 method=List tags= order=id pageNum=1 pageSize=10 result=9 err=null took=784.793碌s
ts=2026-08-16T06:17:57Z caller=logging.go:85 method=Health result=2 took=31.711碌s
ts=2026-08-16T06:17:59Z caller=logging.go:36 method=List tags= order=id pageNum=1 pageSize=10 result=9 err=null took=764.838碌s
ts=2026-08-16T06:17:59Z caller=logging.go:85 method=Health result=2 took=27.263碌s
ts=2026-08-16T06:18:00Z caller=logging.go:85 method=Health result=2 took=28.395碌s
ts=2026-08-16T06:18:01Z caller=logging.go:36 method=List tags= order=id pageNum=1 pageSize=10 result=9 err=null took=727.582碌s
ts=2026-08-16T06:18:02Z caller=logging.go:85 method=Health result=2 took=26.512碌s
ts=2026-08-16T06:18:03Z caller=logging.go:36 method=List tags= order=id pageNum=1 pageSize=10 result=9 err=null took=785.674碌s
ts=2026-08-16T06:18:03Z caller=logging.go:85 method=Health result=2 took=29.077碌s
ts=2026-08-16T06:18:05Z caller=logging.go:85 method=Health result=2 took=28.786碌s
ts=2026-08-16T06:18:06Z caller=logging.go:36 method=List tags= order=id pageNum=1 pageSize=10 result=9 err=null took=725.548碌s
ts=2026-08-16T06:18:06Z caller=logging.go:85 method=Health result=2 took=28.715碌s
ts=2026-08-16T06:18:08Z caller=logging.go:85 method=Health result=2 took=32.353碌s
ts=2026-08-16T06:18:09Z caller=logging.go:36 method=List tags= order=id pageNum=1 pageSize=10 result=9 err=null took=770.616碌s
ts=2026-08-16T06:18:09Z caller=logging.go:85 method=Health result=2 took=27.664碌s
ts=2026-08-16T06:18:11Z caller=logging.go:85 method=Health result=2 took=26.582碌s
ts=2026-08-16T06:18:12Z caller=logging.go:36 method=List tags= order=id pageNum=1 pageSize=10 result=9 err=null took=774.192碌s
ts=2026-08-16T06:18:12Z caller=logging.go:85 method=Health result=2 took=27.624碌s
ts=2026-08-16T06:18:14Z caller=logging.go:85 method=Health result=2 took=28.214碌s
ts=2026-08-16T06:18:15Z caller=logging.go:85 method=Health result=2 took=27.955碌s
ts=2026-08-16T06:18:15Z caller=logging.go:36 method=List tags= order=id pageNum=1 pageSize=10 result=9 err=null took=759.814碌s
ts=2026-08-16T06:18:17Z caller=logging.go:85 method=Health result=2 took=37.743碌s
ts=2026-08-16T06:18:18Z caller=logging.go:85 method=Health result=2 took=32.664碌s
ts=2026-08-16T06:18:18Z caller=logging.go:36 method=List tags= order=id pageNum=1 pageSize=10 result=9 err=null took=796.556碌s
ts=2026-08-16T06:18:20Z caller=logging.go:85 method=Health result=2 took=28.245碌s
ts=2026-08-16T06:18:21Z caller=logging.go:85 method=Health result=2 took=37.322碌s
ts=2026-08-16T06:18:22Z caller=logging.go:36 method=List tags= order=id pageNum=1 pageSize=10 result=9 err=null took=779.61碌s
ts=2026-08-16T06:18:23Z caller=logging.go:85 method=Health result=2 took=27.884碌s
ts=2026-08-16T06:18:24Z caller=logging.go:85 method=Health result=2 took=29.858碌s
ts=2026-08-16T06:18:25Z caller=logging.go:36 method=List tags= order=id pageNum=1 pageSize=10 result=9 err=null took=739.745碌s
ts=2026-08-16T06:18:26Z caller=logging.go:85 method=Health result=2 took=28.015碌s
ts=2026-08-16T06:18:27Z caller=logging.go:85 method=Health result=2 took=27.483碌s
ts=2026-08-16T06:18:28Z caller=logging.go:36 method=List tags= order=id pageNum=1 pageSize=10 result=9 err=null took=896.849碌s
ts=2026-08-16T06:18:29Z caller=logging.go:85 method=Health result=2 took=29.998碌s
ts=2026-08-16T06:18:30Z caller=logging.go:85 method=Health result=2 took=31.922碌s
ts=2026-08-16T06:18:31Z caller=logging.go:36 method=List tags= order=id pageNum=1 pageSize=10 result=9 err=null took=770.314碌s
ts=2026-08-16T06:18:32Z caller=logging.go:85 method=Health result=2 took=28.675碌s
ts=2026-08-16T06:18:33Z caller=logging.go:85 method=Health result=2 took=30.44碌s
ts=2026-08-16T06:18:34Z caller=logging.go:36 method=List tags= order=id pageNum=1 pageSize=10 result=9 err=null took=770.224碌s
ts=2026-08-16T06:18:35Z caller=logging.go:85 method=Health result=2 took=30.219碌s
ts=2026-08-16T06:18:36Z caller=logging.go:85 method=Health result=2 took=29.256碌s
ts=2026-08-16T06:18:37Z caller=logging.go:36 method=List tags= order=id pageNum=1 pageSize=10 result=9 err=null took=758.497碌s
ts=2026-08-16T06:18:38Z caller=logging.go:85 method=Health result=2 took=36.671碌s
ts=2026-08-16T06:18:39Z caller=logging.go:85 method=Health result=2 took=26.972碌s
ts=2026-08-16T06:18:40Z caller=logging.go:36 method=List tags= order=id pageNum=1 pageSize=10 result=9 err=null took=778.381碌s
ts=2026-08-16T06:18:41Z caller=logging.go:85 method=Health result=2 took=36.461碌s
ts=2026-08-16T06:18:42Z caller=logging.go:85 method=Health result=2 took=28.455碌s
ts=2026-08-16T06:18:43Z caller=logging.go:36 method=List tags= order=id pageNum=1 pageSize=10 result=9 err=null took=724.22碌s
ts=2026-08-16T06:18:44Z caller=logging.go:85 method=Health result=2 took=28.495碌s
ts=2026-08-16T06:18:45Z caller=logging.go:85 method=Health result=2 took=28.005碌s
ts=2026-08-16T06:18:46Z caller=logging.go:36 method=List tags= order=id pageNum=1 pageSize=10 result=9 err=null took=769.874碌s
ts=2026-08-16T06:18:47Z caller=logging.go:85 method=Health result=2 took=30.89碌s
ts=2026-08-16T06:18:48Z caller=logging.go:85 method=Health result=2 took=28.415碌s
ts=2026-08-16T06:18:49Z caller=logging.go:36 method=List tags= order=id pageNum=1 pageSize=10 result=9 err=null took=807.723碌s
ts=2026-08-16T06:18:50Z caller=logging.go:85 method=Health result=2 took=28.415碌s
ts=2026-08-16T06:18:51Z caller=logging.go:85 method=Health result=2 took=33.054碌s
ts=2026-08-16T06:18:52Z caller=logging.go:36 method=List tags= order=id pageNum=1 pageSize=10 result=9 err=null took=748.788碌s
ts=2026-08-16T06:18:53Z caller=logging.go:85 method=Health result=2 took=27.644碌s
ts=2026-08-16T06:18:54Z caller=logging.go:85 method=Health result=2 took=27.523碌s
ts=2026-08-16T06:18:55Z caller=logging.go:36 method=List tags= order=id pageNum=1 pageSize=10 result=9 err=null took=812.663碌s
ts=2026-08-16T06:18:56Z caller=logging.go:85 method=Health result=2 took=30.189碌s
ts=2026-08-16T06:18:57Z caller=logging.go:85 method=Health result=2 took=27.303碌s
ts=2026-08-16T06:18:59Z caller=logging.go:36 method=List tags= order=id pageNum=1 pageSize=10 result=9 err=null took=784.527碌s
ts=2026-08-16T06:18:59Z caller=logging.go:85 method=Health result=2 took=27.353碌s
ts=2026-08-16T06:19:00Z caller=logging.go:85 method=Health result=2 took=37.853碌s
ts=2026-08-16T06:19:02Z caller=logging.go:36 method=List tags= order=id pageNum=1 pageSize=10 result=9 err=null took=755.196碌s
ts=2026-08-16T06:19:02Z caller=logging.go:85 method=Health result=2 took=28.435碌s
ts=2026-08-16T06:19:03Z caller=logging.go:85 method=Health result=2 took=28.435碌s
ts=2026-08-16T06:19:05Z caller=logging.go:36 method=List tags= order=id pageNum=1 pageSize=10 result=9 err=null took=914.159碌s
ts=2026-08-16T06:19:05Z caller=logging.go:85 method=Health result=2 took=28.294碌s
ts=2026-08-16T06:19:06Z caller=logging.go:36 method=List tags= order=id pageNum=1 pageSize=10 result=9 err=null took=763.648碌s
ts=2026-08-16T06:19:06Z caller=logging.go:85 method=Health result=2 took=27.013碌s
ts=2026-08-16T06:19:06Z caller=logging.go:36 method=List tags= order=id pageNum=1 pageSize=10 result=9 err=null took=732.952碌s
ts=2026-08-16T06:19:06Z caller=logging.go:36 method=List tags= order=id pageNum=1 pageSize=10 result=9 err=null took=718.547碌s
ts=2026-08-16T06:19:07Z caller=logging.go:36 method=List tags= order=id pageNum=1 pageSize=10 result=9 err=null took=783.326碌s
ts=2026-08-16T06:19:07Z caller=logging.go:36 method=List tags= order=id pageNum=1 pageSize=10 result=9 err=null took=655.274碌s
ts=2026-08-16T06:19:07Z caller=logging.go:36 method=List tags= order=id pageNum=1 pageSize=10 result=0 err="database connection error" took=366.922碌s
ts=2026-08-16T06:19:07Z caller=server.go:94 err="database connection error"
[mysql] 2026/08/16 06:19:08 packets.go:33: unexpected EOF
[mysql] 2026/08/16 06:19:08 packets.go:130: write tcp 10.244.2.126:39974->10.108.173.210:3306: write: broken pipe
ts=2026-08-16T06:19:08Z caller=logging.go:36 method=List tags= order=id pageNum=1 pageSize=10 result=0 err="database connection error" took=830.757碌s
ts=2026-08-16T06:19:08Z caller=server.go:94 err="database connection error"
ts=2026-08-16T06:19:08Z caller=logging.go:36 method=List tags= order=id pageNum=1 pageSize=10 result=0 err="database connection error" took=726.294碌s
ts=2026-08-16T06:19:08Z caller=server.go:94 err="database connection error"
ts=2026-08-16T06:19:08Z caller=logging.go:36 method=List tags= order=id pageNum=1 pageSize=10 result=0 err="database connection error" took=683.734碌s
ts=2026-08-16T06:19:08Z caller=server.go:94 err="database connection error"
ts=2026-08-16T06:19:08Z caller=logging.go:36 method=List tags= order=id pageNum=1 pageSize=10 result=0 err="database connection error" took=683.228碌s
ts=2026-08-16T06:19:08Z caller=server.go:94 err="database connection error"
ts=2026-08-16T06:19:08Z caller=logging.go:85 method=Health result=2 took=855.431碌s
ts=2026-08-16T06:19:09Z caller=logging.go:85 method=Health result=2 took=935.066碌s
ts=2026-08-16T06:19:11Z caller=logging.go:85 method=Health result=2 took=836.564碌s
ts=2026-08-16T06:19:11Z caller=logging.go:36 method=List tags= order=id pageNum=1 pageSize=10 result=0 err="database connection error" took=652.096碌s
ts=2026-08-16T06:19:11Z caller=server.go:94 err="database connection error"
ts=2026-08-16T06:19:12Z caller=logging.go:85 method=Health result=2 took=770.735碌s
ts=2026-08-16T06:19:14Z caller=server.go:94 err="circuit breaker 'List' is open"
ts=2026-08-16T06:19:14Z caller=logging.go:85 method=Health result=2 took=811.535碌s
ts=2026-08-16T06:19:15Z caller=logging.go:85 method=Health result=2 took=823.892碌s
ts=2026-08-16T06:19:16Z caller=server.go:94 err="circuit breaker 'List' is open"
ts=2026-08-16T06:19:17Z caller=logging.go:85 method=Health result=2 took=1.746517ms
ts=2026-08-16T06:19:18Z caller=server.go:94 err="circuit breaker 'List' is open"
ts=2026-08-16T06:19:18Z caller=logging.go:85 method=Health result=2 took=28.996碌s
ts=2026-08-16T06:19:20Z caller=server.go:94 err="circuit breaker 'List' is open"
ts=2026-08-16T06:19:20Z caller=logging.go:85 method=Health result=2 took=29.748碌s
ts=2026-08-16T06:19:21Z caller=logging.go:85 method=Health result=2 took=27.343碌s
ts=2026-08-16T06:19:22Z caller=server.go:94 err="circuit breaker 'List' is open"
ts=2026-08-16T06:19:23Z caller=logging.go:85 method=Health result=2 took=28.916碌s
ts=2026-08-16T06:19:24Z caller=server.go:94 err="circuit breaker 'List' is open"
ts=2026-08-16T06:19:24Z caller=logging.go:85 method=Health result=2 took=27.534碌s
ts=2026-08-16T06:19:26Z caller=server.go:94 err="circuit breaker 'List' is open"
ts=2026-08-16T06:19:26Z caller=logging.go:85 method=Health result=2 took=28.635碌s
ts=2026-08-16T06:19:27Z caller=logging.go:85 method=Health result=2 took=30.318碌s
ts=2026-08-16T06:19:28Z caller=server.go:94 err="circuit breaker 'List' is open"
ts=2026-08-16T06:19:29Z caller=logging.go:85 method=Health result=2 took=29.097碌s
ts=2026-08-16T06:19:30Z caller=server.go:94 err="circuit breaker 'List' is open"
ts=2026-08-16T06:19:30Z caller=logging.go:85 method=Health result=2 took=27.674碌s
ts=2026-08-16T06:19:32Z caller=logging.go:85 method=Health result=2 took=28.505碌s
ts=2026-08-16T06:19:32Z caller=server.go:94 err="circuit breaker 'List' is open"
ts=2026-08-16T06:19:33Z caller=logging.go:85 method=Health result=2 took=29.567碌s
ts=2026-08-16T06:19:34Z caller=server.go:94 err="circuit breaker 'List' is open"
ts=2026-08-16T06:19:35Z caller=logging.go:85 method=Health result=2 took=33.525碌s
ts=2026-08-16T06:19:36Z caller=logging.go:85 method=Health result=2 took=29.517碌s
ts=2026-08-16T06:19:36Z caller=server.go:94 err="circuit breaker 'List' is open"
ts=2026-08-16T06:19:38Z caller=logging.go:85 method=Health result=2 took=31.621碌s
ts=2026-08-16T06:19:39Z caller=server.go:94 err="circuit breaker 'List' is open"
ts=2026-08-16T06:19:39Z caller=logging.go:85 method=Health result=2 took=27.303碌s
ts=2026-08-16T06:19:41Z caller=server.go:94 err="circuit breaker 'List' is open"
ts=2026-08-16T06:19:41Z caller=logging.go:85 method=Health result=2 took=26.732碌s
ts=2026-08-16T06:19:42Z caller=logging.go:85 method=Health result=2 took=29.678碌s
ts=2026-08-16T06:19:43Z caller=logging.go:36 method=List tags= order=id pageNum=1 pageSize=10 result=9 err=null took=8.185515ms
ts=2026-08-16T06:19:44Z caller=logging.go:85 method=Health result=2 took=27.633碌s
ts=2026-08-16T06:19:45Z caller=logging.go:36 method=List tags= order=id pageNum=1 pageSize=10 result=9 err=null took=729.127碌s
ts=2026-08-16T06:19:45Z caller=logging.go:85 method=Health result=2 took=31.151碌s
ts=2026-08-16T06:19:47Z caller=logging.go:36 method=List tags= order=id pageNum=1 pageSize=10 result=9 err=null took=741.911碌s
ts=2026-08-16T06:19:47Z caller=logging.go:85 method=Health result=2 took=30.45碌s
ts=2026-08-16T06:19:48Z caller=logging.go:85 method=Health result=2 took=30.509碌s
ts=2026-08-16T06:19:49Z caller=logging.go:36 method=List tags= order=id pageNum=1 pageSize=10 result=9 err=null took=747.141碌s
ts=2026-08-16T06:19:50Z caller=logging.go:85 method=Health result=2 took=27.383碌s
ts=2026-08-16T06:19:51Z caller=logging.go:36 method=List tags= order=id pageNum=1 pageSize=10 result=9 err=null took=748.303碌s
ts=2026-08-16T06:19:51Z caller=logging.go:85 method=Health result=2 took=29.166碌s
ts=2026-08-16T06:19:53Z caller=logging.go:36 method=List tags= order=id pageNum=1 pageSize=10 result=9 err=null took=778.342碌s
ts=2026-08-16T06:19:53Z caller=logging.go:85 method=Health result=2 took=19.458碌s
ts=2026-08-16T06:19:54Z caller=logging.go:85 method=Health result=2 took=44.516碌s
ts=2026-08-16T06:19:56Z caller=logging.go:85 method=Health result=2 took=31.471碌s
ts=2026-08-16T06:19:56Z caller=logging.go:36 method=List tags= order=id pageNum=1 pageSize=10 result=9 err=null took=756.358碌s
ts=2026-08-16T06:19:57Z caller=logging.go:85 method=Health result=2 took=28.685碌s
ts=2026-08-16T06:19:59Z caller=logging.go:85 method=Health result=2 took=30.87碌s
ts=2026-08-16T06:19:59Z caller=logging.go:36 method=List tags= order=id pageNum=1 pageSize=10 result=9 err=null took=734.926碌s
ts=2026-08-16T06:20:00Z caller=logging.go:85 method=Health result=2 took=27.734碌s
ts=2026-08-16T06:20:02Z caller=logging.go:85 method=Health result=2 took=27.533碌s
ts=2026-08-16T06:20:02Z caller=logging.go:36 method=List tags= order=id pageNum=1 pageSize=10 result=9 err=null took=752.33碌s
ts=2026-08-16T06:20:03Z caller=logging.go:85 method=Health result=2 took=28.776碌s
ts=2026-08-16T06:20:05Z caller=logging.go:85 method=Health result=2 took=29.156碌s
ts=2026-08-16T06:20:05Z caller=logging.go:36 method=List tags= order=id pageNum=1 pageSize=10 result=9 err=null took=858.129碌s
ts=2026-08-16T06:20:06Z caller=logging.go:85 method=Health result=2 took=28.595碌s
ts=2026-08-16T06:20:08Z caller=logging.go:85 method=Health result=2 took=28.405碌s
ts=2026-08-16T06:20:09Z caller=logging.go:36 method=List tags= order=id pageNum=1 pageSize=10 result=9 err=null took=803.687碌s
ts=2026-08-16T06:20:09Z caller=logging.go:85 method=Health result=2 took=28.856碌s
ts=2026-08-16T06:20:11Z caller=logging.go:85 method=Health result=2 took=30.409碌s
ts=2026-08-16T06:20:12Z caller=logging.go:36 method=List tags= order=id pageNum=1 pageSize=10 result=9 err=null took=740.246碌s
ts=2026-08-16T06:20:12Z caller=logging.go:85 method=Health result=2 took=27.073碌s
ts=2026-08-16T06:20:14Z caller=logging.go:85 method=Health result=2 took=28.054碌s
ts=2026-08-16T06:20:15Z caller=logging.go:36 method=List tags= order=id pageNum=1 pageSize=10 result=9 err=null took=776.836碌s
ts=2026-08-16T06:20:15Z caller=logging.go:85 method=Health result=2 took=27.233碌s
ts=2026-08-16T06:20:17Z caller=logging.go:85 method=Health result=2 took=29.327碌s
ts=2026-08-16T06:20:18Z caller=logging.go:36 method=List tags= order=id pageNum=1 pageSize=10 result=9 err=null took=892.81碌s
ts=2026-08-16T06:20:18Z caller=logging.go:85 method=Health result=2 took=29.007碌s
ts=2026-08-16T06:20:20Z caller=logging.go:85 method=Health result=2 took=52.963碌s
ts=2026-08-16T06:20:21Z caller=logging.go:36 method=List tags= order=id pageNum=1 pageSize=10 result=9 err=null took=738.434碌s
ts=2026-08-16T06:20:21Z caller=logging.go:85 method=Health result=2 took=28.575碌s
ts=2026-08-16T06:20:23Z caller=logging.go:85 method=Health result=2 took=34.367碌s
ts=2026-08-16T06:20:24Z caller=logging.go:36 method=List tags= order=id pageNum=1 pageSize=10 result=9 err=null took=797.259碌s
ts=2026-08-16T06:20:24Z caller=logging.go:85 method=Health result=2 took=29.928碌s
ts=2026-08-16T06:20:26Z caller=logging.go:85 method=Health result=2 took=29.076碌s
ts=2026-08-16T06:20:27Z caller=logging.go:36 method=List tags= order=id pageNum=1 pageSize=10 result=9 err=null took=725.218碌s
ts=2026-08-16T06:20:27Z caller=logging.go:85 method=Health result=2 took=27.443碌s
ts=2026-08-16T06:20:29Z caller=logging.go:85 method=Health result=2 took=25.67碌s
ts=2026-08-16T06:20:30Z caller=logging.go:36 method=List tags= order=id pageNum=1 pageSize=10 result=9 err=null took=788.03碌s
ts=2026-08-16T06:20:30Z caller=logging.go:85 method=Health result=2 took=28.705碌s
ts=2026-08-16T06:20:32Z caller=logging.go:85 method=Health result=2 took=28.987碌s
ts=2026-08-16T06:20:33Z caller=logging.go:36 method=List tags= order=id pageNum=1 pageSize=10 result=9 err=null took=722.302碌s
ts=2026-08-16T06:20:33Z caller=logging.go:85 method=Health result=2 took=27.203碌s
ts=2026-08-16T06:20:35Z caller=logging.go:85 method=Health result=2 took=27.964碌s
ts=2026-08-16T06:20:36Z caller=logging.go:36 method=List tags= order=id pageNum=1 pageSize=10 result=9 err=null took=730.559碌s
ts=2026-08-16T06:20:36Z caller=logging.go:85 method=Health result=2 took=26.181碌s
ts=2026-08-16T06:20:38Z caller=logging.go:85 method=Health result=2 took=28.536碌s
ts=2026-08-16T06:20:39Z caller=logging.go:36 method=List tags= order=id pageNum=1 pageSize=10 result=9 err=null took=923.244碌s
ts=2026-08-16T06:20:39Z caller=logging.go:85 method=Health result=2 took=1.479966ms
ts=2026-08-16T06:20:41Z caller=logging.go:85 method=Health result=2 took=30.289碌s
ts=2026-08-16T06:20:42Z caller=logging.go:85 method=Health result=2 took=27.043碌s
ts=2026-08-16T06:20:42Z caller=logging.go:36 method=List tags= order=id pageNum=1 pageSize=10 result=9 err=null took=754.797碌s
ts=2026-08-16T06:20:44Z caller=logging.go:85 method=Health result=2 took=27.964碌s
ts=2026-08-16T06:20:45Z caller=logging.go:85 method=Health result=2 took=31.411碌s
ts=2026-08-16T06:20:46Z caller=logging.go:36 method=List tags= order=id pageNum=1 pageSize=10 result=9 err=null took=783.571碌s
ts=2026-08-16T06:20:47Z caller=logging.go:85 method=Health result=2 took=29.517碌s
ts=2026-08-16T06:20:48Z caller=logging.go:85 method=Health result=2 took=27.854碌s
ts=2026-08-16T06:20:49Z caller=logging.go:36 method=List tags= order=id pageNum=1 pageSize=10 result=9 err=null took=725.319碌s
ts=2026-08-16T06:20:50Z caller=logging.go:85 method=Health result=2 took=27.032碌s
ts=2026-08-16T06:20:51Z caller=logging.go:85 method=Health result=2 took=32.623碌s
ts=2026-08-16T06:20:52Z caller=logging.go:36 method=List tags= order=id pageNum=1 pageSize=10 result=9 err=null took=758.282碌s
ts=2026-08-16T06:20:53Z caller=logging.go:85 method=Health result=2 took=31.942碌s
ts=2026-08-16T06:20:54Z caller=logging.go:85 method=Health result=2 took=27.964碌s
ts=2026-08-16T06:20:55Z caller=logging.go:36 method=List tags= order=id pageNum=1 pageSize=10 result=9 err=null took=730.383碌s
ts=2026-08-16T06:20:56Z caller=logging.go:85 method=Health result=2 took=29.107碌s
ts=2026-08-16T06:20:56Z caller=logging.go:36 method=List tags= order=id pageNum=1 pageSize=10 result=9 err=null took=749.01碌s
ts=2026-08-16T06:20:57Z caller=logging.go:36 method=List tags= order=id pageNum=1 pageSize=10 result=9 err=null took=699.253碌s
ts=2026-08-16T06:20:57Z caller=logging.go:36 method=List tags= order=id pageNum=1 pageSize=10 result=9 err=null took=726.776碌s
ts=2026-08-16T06:20:57Z caller=logging.go:36 method=List tags= order=id pageNum=1 pageSize=10 result=9 err=null took=632.923碌s
ts=2026-08-16T06:20:57Z caller=logging.go:36 method=List tags= order=id pageNum=1 pageSize=10 result=9 err=null took=661.223碌s
ts=2026-08-16T06:20:57Z caller=logging.go:85 method=Health result=2 took=38.204碌s
ts=2026-08-16T06:20:58Z caller=logging.go:36 method=List tags= order=id pageNum=1 pageSize=10 result=9 err=null took=743.955碌s
ts=2026-08-16T06:20:58Z caller=logging.go:36 method=List tags= order=id pageNum=1 pageSize=10 result=9 err=null took=745.613碌s
ts=2026-08-16T06:20:58Z caller=logging.go:36 method=List tags= order=id pageNum=1 pageSize=10 result=9 err=null took=905.879碌s
ts=2026-08-16T06:20:58Z caller=logging.go:36 method=List tags= order=id pageNum=1 pageSize=10 result=9 err=null took=804.617碌s
ts=2026-08-16T06:20:58Z caller=logging.go:36 method=List tags= order=id pageNum=1 pageSize=10 result=9 err=null took=745.607碌s
ts=2026-08-16T06:20:59Z caller=logging.go:85 method=Health result=2 took=37.763碌s
ts=2026-08-16T06:21:00Z caller=logging.go:85 method=Health result=2 took=26.401碌s
ts=2026-08-16T06:21:02Z caller=logging.go:36 method=List tags= order=id pageNum=1 pageSize=10 result=9 err=null took=712.708碌s
ts=2026-08-16T06:21:02Z caller=logging.go:85 method=Health result=2 took=31.731碌s
ts=2026-08-16T06:21:03Z caller=logging.go:85 method=Health result=2 took=27.493碌s
ts=2026-08-16T06:21:04Z caller=logging.go:36 method=List tags= order=id pageNum=1 pageSize=10 result=9 err=null took=796.635碌s
ts=2026-08-16T06:21:05Z caller=logging.go:85 method=Health result=2 took=34.717碌s
ts=2026-08-16T06:21:06Z caller=logging.go:36 method=List tags= order=id pageNum=1 pageSize=10 result=9 err=null took=739.574碌s
ts=2026-08-16T06:21:06Z caller=logging.go:85 method=Health result=2 took=27.503碌s
ts=2026-08-16T06:21:08Z caller=logging.go:36 method=List tags= order=id pageNum=1 pageSize=10 result=9 err=null took=708.076碌s
ts=2026-08-16T06:21:08Z caller=logging.go:85 method=Health result=2 took=27.123碌s
ts=2026-08-16T06:21:09Z caller=logging.go:85 method=Health result=2 took=30.479碌s
ts=2026-08-16T06:21:10Z caller=logging.go:36 method=List tags= order=id pageNum=1 pageSize=10 result=9 err=null took=702.836碌s
ts=2026-08-16T06:21:11Z caller=logging.go:85 method=Health result=2 took=28.395碌s
ts=2026-08-16T06:21:12Z caller=logging.go:36 method=List tags= order=id pageNum=1 pageSize=10 result=9 err=null took=760.527碌s
ts=2026-08-16T06:21:12Z caller=logging.go:85 method=Health result=2 took=27.343碌s
ts=2026-08-16T06:21:14Z caller=logging.go:85 method=Health result=2 took=27.965碌s
ts=2026-08-16T06:21:15Z caller=logging.go:36 method=List tags= order=id pageNum=1 pageSize=10 result=9 err=null took=693.001碌s
ts=2026-08-16T06:21:15Z caller=logging.go:85 method=Health result=2 took=31.672碌s
ts=2026-08-16T06:21:17Z caller=logging.go:85 method=Health result=2 took=28.545碌s
ts=2026-08-16T06:21:18Z caller=logging.go:36 method=List tags= order=id pageNum=1 pageSize=10 result=9 err=null took=739.491碌s
ts=2026-08-16T06:21:18Z caller=logging.go:85 method=Health result=2 took=27.233碌s
ts=2026-08-16T06:21:20Z caller=logging.go:85 method=Health result=2 took=28.726碌s
ts=2026-08-16T06:21:21Z caller=logging.go:85 method=Health result=2 took=28.776碌s
ts=2026-08-16T06:21:21Z caller=logging.go:36 method=List tags= order=id pageNum=1 pageSize=10 result=9 err=null took=766.293碌s
ts=2026-08-16T06:21:23Z caller=logging.go:85 method=Health result=2 took=25.88碌s
ts=2026-08-16T06:21:24Z caller=logging.go:85 method=Health result=2 took=28.756碌s
ts=2026-08-16T06:21:24Z caller=logging.go:36 method=List tags= order=id pageNum=1 pageSize=10 result=9 err=null took=754.94碌s
ts=2026-08-16T06:21:26Z caller=logging.go:85 method=Health result=2 took=25.73碌s
ts=2026-08-16T06:21:27Z caller=logging.go:85 method=Health result=2 took=46.55碌s
ts=2026-08-16T06:21:28Z caller=logging.go:36 method=List tags= order=id pageNum=1 pageSize=10 result=9 err=null took=721.961碌s
ts=2026-08-16T06:21:29Z caller=logging.go:85 method=Health result=2 took=27.162碌s
ts=2026-08-16T06:21:30Z caller=logging.go:85 method=Health result=2 took=27.212碌s
ts=2026-08-16T06:21:31Z caller=logging.go:36 method=List tags= order=id pageNum=1 pageSize=10 result=9 err=null took=738.584碌s
ts=2026-08-16T06:21:32Z caller=logging.go:85 method=Health result=2 took=27.834碌s
ts=2026-08-16T06:21:33Z caller=logging.go:85 method=Health result=2 took=31.181碌s
ts=2026-08-16T06:21:34Z caller=logging.go:36 method=List tags= order=id pageNum=1 pageSize=10 result=9 err=null took=719.497碌s
ts=2026-08-16T06:21:35Z caller=logging.go:85 method=Health result=2 took=27.002碌s
ts=2026-08-16T06:21:36Z caller=logging.go:85 method=Health result=2 took=26.952碌s
ts=2026-08-16T06:21:37Z caller=logging.go:36 method=List tags= order=id pageNum=1 pageSize=10 result=9 err=null took=729.226碌s
ts=2026-08-16T06:21:38Z caller=logging.go:85 method=Health result=2 took=28.305碌s
ts=2026-08-16T06:21:39Z caller=logging.go:85 method=Health result=2 took=28.455碌s
ts=2026-08-16T06:21:40Z caller=logging.go:36 method=List tags= order=id pageNum=1 pageSize=10 result=9 err=null took=678.662碌s
ts=2026-08-16T06:21:41Z caller=logging.go:85 method=Health result=2 took=27.844碌s
ts=2026-08-16T06:21:42Z caller=logging.go:85 method=Health result=2 took=26.501碌s
ts=2026-08-16T06:21:43Z caller=logging.go:36 method=List tags= order=id pageNum=1 pageSize=10 result=9 err=null took=886.04碌s
ts=2026-08-16T06:21:44Z caller=logging.go:85 method=Health result=2 took=26.973碌s
ts=2026-08-16T06:21:45Z caller=logging.go:85 method=Health result=2 took=30.238碌s
ts=2026-08-16T06:21:46Z caller=logging.go:36 method=List tags= order=id pageNum=1 pageSize=10 result=9 err=null took=718.064碌s
ts=2026-08-16T06:21:47Z caller=logging.go:85 method=Health result=2 took=28.074碌s
ts=2026-08-16T06:21:48Z caller=logging.go:85 method=Health result=2 took=27.604碌s
ts=2026-08-16T06:21:49Z caller=logging.go:36 method=List tags= order=id pageNum=1 pageSize=10 result=9 err=null took=730.689碌s
ts=2026-08-16T06:21:50Z caller=logging.go:85 method=Health result=2 took=34.417碌s
ts=2026-08-16T06:21:51Z caller=logging.go:85 method=Health result=2 took=26.712碌s
ts=2026-08-16T06:21:52Z caller=logging.go:36 method=List tags= order=id pageNum=1 pageSize=10 result=9 err=null took=737.972碌s
ts=2026-08-16T06:21:53Z caller=logging.go:85 method=Health result=2 took=29.517碌s
ts=2026-08-16T06:21:54Z caller=logging.go:85 method=Health result=2 took=28.375碌s
ts=2026-08-16T06:21:55Z caller=logging.go:36 method=List tags= order=id pageNum=1 pageSize=10 result=9 err=null took=715.118碌s
ts=2026-08-16T06:21:56Z caller=logging.go:85 method=Health result=2 took=36.772碌s
ts=2026-08-16T06:21:57Z caller=logging.go:85 method=Health result=2 took=28.866碌s
ts=2026-08-16T06:21:58Z caller=logging.go:36 method=List tags= order=id pageNum=1 pageSize=10 result=9 err=null took=713.544碌s
ts=2026-08-16T06:21:59Z caller=logging.go:85 method=Health result=2 took=25.42碌s
ts=2026-08-16T06:22:00Z caller=logging.go:85 method=Health result=2 took=27.864碌s
ts=2026-08-16T06:22:02Z caller=logging.go:36 method=List tags= order=id pageNum=1 pageSize=10 result=9 err=null took=793.108碌s
ts=2026-08-16T06:22:02Z caller=logging.go:85 method=Health result=2 took=27.203碌s
ts=2026-08-16T06:22:03Z caller=logging.go:85 method=Health result=2 took=42.232碌s
ts=2026-08-16T06:22:05Z caller=logging.go:36 method=List tags= order=id pageNum=1 pageSize=10 result=9 err=null took=708.726碌s
ts=2026-08-16T06:22:05Z caller=logging.go:85 method=Health result=2 took=27.033碌s
ts=2026-08-16T06:22:06Z caller=logging.go:85 method=Health result=2 took=32.183碌s
ts=2026-08-16T06:22:08Z caller=logging.go:36 method=List tags= order=id pageNum=1 pageSize=10 result=9 err=null took=858.362碌s
ts=2026-08-16T06:22:08Z caller=logging.go:85 method=Health result=2 took=27.824碌s
ts=2026-08-16T06:22:09Z caller=logging.go:85 method=Health result=2 took=27.103碌s
ts=2026-08-16T06:22:11Z caller=logging.go:36 method=List tags= order=id pageNum=1 pageSize=10 result=9 err=null took=684.882碌s
ts=2026-08-16T06:22:11Z caller=logging.go:85 method=Health result=2 took=27.333碌s
ts=2026-08-16T06:22:12Z caller=logging.go:85 method=Health result=2 took=27.112碌s
ts=2026-08-16T06:22:14Z caller=logging.go:36 method=List tags= order=id pageNum=1 pageSize=10 result=9 err=null took=774.862碌s
ts=2026-08-16T06:22:14Z caller=logging.go:85 method=Health result=2 took=27.904碌s
ts=2026-08-16T06:22:15Z caller=logging.go:85 method=Health result=2 took=25.87碌s
ts=2026-08-16T06:22:15Z caller=logging.go:36 method=List tags= order=id pageNum=1 pageSize=10 result=9 err=null took=728.262碌s
ts=2026-08-16T06:22:16Z caller=logging.go:36 method=List tags= order=id pageNum=1 pageSize=10 result=9 err=null took=693.388碌s
ts=2026-08-16T06:22:16Z caller=logging.go:36 method=List tags= order=id pageNum=1 pageSize=10 result=9 err=null took=739.798碌s
ts=2026-08-16T06:22:16Z caller=logging.go:36 method=List tags= order=id pageNum=1 pageSize=10 result=9 err=null took=786.874碌s
ts=2026-08-16T06:22:16Z caller=logging.go:36 method=List tags= order=id pageNum=1 pageSize=10 result=9 err=null took=774.948碌s
ts=2026-08-16T06:22:16Z caller=logging.go:36 method=List tags= order=id pageNum=1 pageSize=10 result=9 err=null took=693.198碌s
ts=2026-08-16T06:22:16Z caller=logging.go:36 method=List tags= order=id pageNum=1 pageSize=10 result=9 err=null took=739.567碌s
ts=2026-08-16T06:22:16Z caller=logging.go:36 method=List tags= order=id pageNum=1 pageSize=10 result=9 err=null took=696.244碌s
ts=2026-08-16T06:22:16Z caller=logging.go:36 method=List tags= order=id pageNum=1 pageSize=10 result=9 err=null took=722.806碌s
ts=2026-08-16T06:22:16Z caller=logging.go:36 method=List tags= order=id pageNum=1 pageSize=10 result=9 err=null took=794.094碌s
ts=2026-08-16T06:22:17Z caller=logging.go:85 method=Health result=2 took=36.752碌s
ts=2026-08-16T06:22:18Z caller=logging.go:85 method=Health result=2 took=27.013碌s
ts=2026-08-16T06:22:20Z caller=logging.go:36 method=List tags= order=id pageNum=1 pageSize=10 result=9 err=null took=730.779碌s
ts=2026-08-16T06:22:20Z caller=logging.go:85 method=Health result=2 took=26.933碌s
ts=2026-08-16T06:22:21Z caller=logging.go:85 method=Health result=2 took=37.914碌s
ts=2026-08-16T06:22:22Z caller=logging.go:36 method=List tags= order=id pageNum=1 pageSize=10 result=9 err=null took=855.641碌s
ts=2026-08-16T06:22:23Z caller=logging.go:85 method=Health result=2 took=26.501碌s
ts=2026-08-16T06:22:24Z caller=logging.go:36 method=List tags= order=id pageNum=1 pageSize=10 result=9 err=null took=1.02269ms
ts=2026-08-16T06:22:24Z caller=logging.go:85 method=Health result=2 took=22.364碌s
ts=2026-08-16T06:22:26Z caller=logging.go:85 method=Health result=2 took=27.634碌s
ts=2026-08-16T06:22:26Z caller=logging.go:36 method=List tags= order=id pageNum=1 pageSize=10 result=9 err=null took=754.856碌s
ts=2026-08-16T06:22:27Z caller=logging.go:85 method=Health result=2 took=32.713碌s
ts=2026-08-16T06:22:28Z caller=logging.go:36 method=List tags= order=id pageNum=1 pageSize=10 result=9 err=null took=778.004碌s
ts=2026-08-16T06:22:29Z caller=logging.go:85 method=Health result=2 took=26.301碌s
ts=2026-08-16T06:22:30Z caller=logging.go:85 method=Health result=2 took=26.802碌s
ts=2026-08-16T06:22:31Z caller=logging.go:36 method=List tags= order=id pageNum=1 pageSize=10 result=9 err=null took=707.63碌s
ts=2026-08-16T06:22:32Z caller=logging.go:85 method=Health result=2 took=27.323碌s
ts=2026-08-16T06:22:33Z caller=logging.go:85 method=Health result=2 took=26.482碌s
ts=2026-08-16T06:22:34Z caller=logging.go:36 method=List tags= order=id pageNum=1 pageSize=10 result=9 err=null took=756.79碌s
ts=2026-08-16T06:22:35Z caller=logging.go:85 method=Health result=2 took=26.321碌s
ts=2026-08-16T06:22:36Z caller=logging.go:85 method=Health result=2 took=28.605碌s
ts=2026-08-16T06:22:37Z caller=logging.go:36 method=List tags= order=id pageNum=1 pageSize=10 result=9 err=null took=706.967碌s
ts=2026-08-16T06:22:38Z caller=logging.go:85 method=Health result=2 took=26.251碌s
ts=2026-08-16T06:22:39Z caller=logging.go:85 method=Health result=2 took=28.365碌s
ts=2026-08-16T06:22:40Z caller=logging.go:36 method=List tags= order=id pageNum=1 pageSize=10 result=9 err=null took=760.141碌s
ts=2026-08-16T06:22:41Z caller=logging.go:85 method=Health result=2 took=28.114碌s
ts=2026-08-16T06:22:42Z caller=logging.go:85 method=Health result=2 took=27.854碌s
ts=2026-08-16T06:22:43Z caller=logging.go:36 method=List tags= order=id pageNum=1 pageSize=10 result=9 err=null took=791.597碌s
ts=2026-08-16T06:22:44Z caller=logging.go:85 method=Health result=2 took=28.475碌s
ts=2026-08-16T06:22:45Z caller=logging.go:85 method=Health result=2 took=27.093碌s
ts=2026-08-16T06:22:46Z caller=logging.go:36 method=List tags= order=id pageNum=1 pageSize=10 result=9 err=null took=761.345碌s
ts=2026-08-16T06:22:47Z caller=logging.go:85 method=Health result=2 took=26.381碌s
ts=2026-08-16T06:22:48Z caller=logging.go:85 method=Health result=2 took=28.937碌s
ts=2026-08-16T06:22:49Z caller=logging.go:36 method=List tags= order=id pageNum=1 pageSize=10 result=9 err=null took=711.121碌s
ts=2026-08-16T06:22:50Z caller=logging.go:85 method=Health result=2 took=28.595碌s
ts=2026-08-16T06:22:51Z caller=logging.go:85 method=Health result=2 took=27.113碌s
ts=2026-08-16T06:22:52Z caller=logging.go:36 method=List tags= order=id pageNum=1 pageSize=10 result=9 err=null took=742.03碌s
ts=2026-08-16T06:22:53Z caller=logging.go:85 method=Health result=2 took=30.219碌s
ts=2026-08-16T06:22:54Z caller=logging.go:85 method=Health result=2 took=27.404碌s
ts=2026-08-16T06:22:55Z caller=logging.go:36 method=List tags= order=id pageNum=1 pageSize=10 result=9 err=null took=721.31碌s
ts=2026-08-16T06:22:56Z caller=logging.go:85 method=Health result=2 took=27.403碌s
ts=2026-08-16T06:22:57Z caller=logging.go:85 method=Health result=2 took=31.601碌s
ts=2026-08-16T06:22:58Z caller=logging.go:36 method=List tags= order=id pageNum=1 pageSize=10 result=9 err=null took=703.721碌s
ts=2026-08-16T06:22:59Z caller=logging.go:85 method=Health result=2 took=43.043碌s
ts=2026-08-16T06:23:00Z caller=logging.go:85 method=Health result=2 took=26.461碌s
ts=2026-08-16T06:23:01Z caller=logging.go:36 method=List tags= order=id pageNum=1 pageSize=10 result=9 err=null took=712.502碌s
ts=2026-08-16T06:23:02Z caller=logging.go:85 method=Health result=2 took=29.027碌s
ts=2026-08-16T06:23:03Z caller=logging.go:85 method=Health result=2 took=27.112碌s
ts=2026-08-16T06:23:04Z caller=logging.go:36 method=List tags= order=id pageNum=1 pageSize=10 result=9 err=null took=753.366碌s
ts=2026-08-16T06:23:05Z caller=logging.go:85 method=Health result=2 took=26.512碌s
ts=2026-08-16T06:23:06Z caller=logging.go:85 method=Health result=2 took=27.404碌s
ts=2026-08-16T06:23:08Z caller=logging.go:36 method=List tags= order=id pageNum=1 pageSize=10 result=9 err=null took=730.464碌s
ts=2026-08-16T06:23:08Z caller=logging.go:85 method=Health result=2 took=25.88碌s
ts=2026-08-16T06:23:09Z caller=logging.go:85 method=Health result=2 took=28.625碌s
ts=2026-08-16T06:23:11Z caller=logging.go:36 method=List tags= order=id pageNum=1 pageSize=10 result=9 err=null took=709.908碌s
ts=2026-08-16T06:23:11Z caller=logging.go:85 method=Health result=2 took=27.904碌s
ts=2026-08-16T06:23:12Z caller=logging.go:85 method=Health result=2 took=27.193碌s
ts=2026-08-16T06:23:14Z caller=logging.go:36 method=List tags= order=id pageNum=1 pageSize=10 result=9 err=null took=837.806碌s
ts=2026-08-16T06:23:14Z caller=logging.go:85 method=Health result=2 took=27.614碌s
ts=2026-08-16T06:23:15Z caller=logging.go:85 method=Health result=2 took=27.043碌s
ts=2026-08-16T06:23:17Z caller=logging.go:36 method=List tags= order=id pageNum=1 pageSize=10 result=9 err=null took=811.8碌s
ts=2026-08-16T06:23:17Z caller=logging.go:85 method=Health result=2 took=27.754碌s
ts=2026-08-16T06:23:18Z caller=logging.go:85 method=Health result=2 took=26.612碌s
ts=2026-08-16T06:23:20Z caller=logging.go:36 method=List tags= order=id pageNum=1 pageSize=10 result=9 err=null took=769.614碌s
ts=2026-08-16T06:23:20Z caller=logging.go:85 method=Health result=2 took=27.834碌s
ts=2026-08-16T06:23:21Z caller=logging.go:85 method=Health result=2 took=27.223碌s
ts=2026-08-16T06:23:23Z caller=logging.go:36 method=List tags= order=id pageNum=1 pageSize=10 result=9 err=null took=751.258碌s
ts=2026-08-16T06:23:23Z caller=logging.go:85 method=Health result=2 took=29.708碌s
ts=2026-08-16T06:23:24Z caller=logging.go:85 method=Health result=2 took=34.758碌s
ts=2026-08-16T06:23:26Z caller=logging.go:36 method=List tags= order=id pageNum=1 pageSize=10 result=9 err=null took=757.566碌s
ts=2026-08-16T06:23:26Z caller=logging.go:85 method=Health result=2 took=29.687碌s
ts=2026-08-16T06:23:27Z caller=logging.go:85 method=Health result=2 took=26.141碌s
ts=2026-08-16T06:23:29Z caller=logging.go:36 method=List tags= order=id pageNum=1 pageSize=10 result=9 err=null took=789.629碌s
ts=2026-08-16T06:23:29Z caller=logging.go:85 method=Health result=2 took=20.389碌s
ts=2026-08-16T06:23:30Z caller=logging.go:85 method=Health result=2 took=27.312碌s
ts=2026-08-16T06:23:32Z caller=logging.go:85 method=Health result=2 took=27.092碌s
ts=2026-08-16T06:23:32Z caller=logging.go:36 method=List tags= order=id pageNum=1 pageSize=10 result=9 err=null took=719.717碌s
