    at Layer.handle_error (/usr/src/app/node_modules/express/lib/router/layer.js:71:5)
    at trim_prefix (/usr/src/app/node_modules/express/lib/router/index.js:315:13)
    at /usr/src/app/node_modules/express/lib/router/index.js:284:7
    at Function.process_params (/usr/src/app/node_modules/express/lib/router/index.js:335:12)
    at next (/usr/src/app/node_modules/express/lib/router/index.js:275:10)
[0mGET /catalogue [32m200 [0m3.158 ms - -[0m
Error: Can't set headers after they are sent.
    at ServerResponse.OutgoingMessage.setHeader (_http_outgoing.js:356:11)
    at ServerResponse.header (/usr/src/app/node_modules/express/lib/response.js:725:10)
    at ServerResponse.json (/usr/src/app/node_modules/express/lib/response.js:253:10)
    at ServerResponse.send (/usr/src/app/node_modules/express/lib/response.js:158:21)
    at helpers.errorHandler (/usr/src/app/helpers/index.js:22:7)
    at Layer.handle_error (/usr/src/app/node_modules/express/lib/router/layer.js:71:5)
    at trim_prefix (/usr/src/app/node_modules/express/lib/router/index.js:315:13)
    at /usr/src/app/node_modules/express/lib/router/index.js:284:7
    at Function.process_params (/usr/src/app/node_modules/express/lib/router/index.js:335:12)
    at next (/usr/src/app/node_modules/express/lib/router/index.js:275:10)
Received login request
{"user":{"firstName":"User","lastName":"Name","username":"user","id":"57a98d98e4b00679b4a830b2","_links":{"addresses":{"href":"http://user/customers/57a98d98e4b00679b4a830b2/addresses"},"cards":{"href":"http://user/customers/57a98d98e4b00679b4a830b2/cards"},"customer":{"href":"http://user/customers/57a98d98e4b00679b4a830b2"},"self":{"href":"http://user/customers/57a98d98e4b00679b4a830b2"}}}}

57a98d98e4b00679b4a830b2
Merging carts for customer id: 57a98d98e4b00679b4a830b2 and session id: XcvxU4n7shEjJiCzXOn9WFLy2H1RLTv_
Carts merged.
Sent cookies.
[0mGET /login [32m200 [0m8.589 ms - 13[0m
Error: Can't set headers after they are sent.
    at ServerResponse.OutgoingMessage.setHeader (_http_outgoing.js:356:11)
    at ServerResponse.header (/usr/src/app/node_modules/express/lib/response.js:725:10)
    at ServerResponse.send (/usr/src/app/node_modules/express/lib/response.js:170:12)
    at ServerResponse.json (/usr/src/app/node_modules/express/lib/response.js:256:15)
    at ServerResponse.send (/usr/src/app/node_modules/express/lib/response.js:158:21)
    at helpers.errorHandler (/usr/src/app/helpers/index.js:22:7)
    at Layer.handle_error (/usr/src/app/node_modules/express/lib/router/layer.js:71:5)
    at trim_prefix (/usr/src/app/node_modules/express/lib/router/index.js:315:13)
    at /usr/src/app/node_modules/express/lib/router/index.js:284:7
    at Function.process_params (/usr/src/app/node_modules/express/lib/router/index.js:335:12)
Request received with body: {}
Received response: "{\n  \"_embedded\" : {\n    \"customerOrders\" : [ ]\n  },\n  \"_links\" : {\n    \"self\" : {\n      \"href\" : \"http://orders/orders/search/customerId?sort=date&custId=undefined\"\n    }\n  }\n}"
[0mGET /orders [32m201 [0m4.081 ms - -[0m
Error: Can't set headers after they are sent.
    at ServerResponse.OutgoingMessage.setHeader (_http_outgoing.js:356:11)
    at ServerResponse.header (/usr/src/app/node_modules/express/lib/response.js:725:10)
    at ServerResponse.json (/usr/src/app/node_modules/express/lib/response.js:253:10)
    at ServerResponse.send (/usr/src/app/node_modules/express/lib/response.js:158:21)
    at helpers.errorHandler (/usr/src/app/helpers/index.js:22:7)
    at Layer.handle_error (/usr/src/app/node_modules/express/lib/router/layer.js:71:5)
    at trim_prefix (/usr/src/app/node_modules/express/lib/router/index.js:315:13)
    at /usr/src/app/node_modules/express/lib/router/index.js:284:7
    at Function.process_params (/usr/src/app/node_modules/express/lib/router/index.js:335:12)
    at next (/usr/src/app/node_modules/express/lib/router/index.js:275:10)
[0mGET /catalogue [32m200 [0m2.872 ms - -[0m
Error: Can't set headers after they are sent.
    at ServerResponse.OutgoingMessage.setHeader (_http_outgoing.js:356:11)
    at ServerResponse.header (/usr/src/app/node_modules/express/lib/response.js:725:10)
    at ServerResponse.json (/usr/src/app/node_modules/express/lib/response.js:253:10)
    at ServerResponse.send (/usr/src/app/node_modules/express/lib/response.js:158:21)
    at helpers.errorHandler (/usr/src/app/helpers/index.js:22:7)
    at Layer.handle_error (/usr/src/app/node_modules/express/lib/router/layer.js:71:5)
    at trim_prefix (/usr/src/app/node_modules/express/lib/router/index.js:315:13)
    at /usr/src/app/node_modules/express/lib/router/index.js:284:7
    at Function.process_params (/usr/src/app/node_modules/express/lib/router/index.js:335:12)
    at next (/usr/src/app/node_modules/express/lib/router/index.js:275:10)
Received login request
{"user":{"firstName":"User","lastName":"Name","username":"user","id":"57a98d98e4b00679b4a830b2","_links":{"addresses":{"href":"http://user/customers/57a98d98e4b00679b4a830b2/addresses"},"cards":{"href":"http://user/customers/57a98d98e4b00679b4a830b2/cards"},"customer":{"href":"http://user/customers/57a98d98e4b00679b4a830b2"},"self":{"href":"http://user/customers/57a98d98e4b00679b4a830b2"}}}}

57a98d98e4b00679b4a830b2
Merging carts for customer id: 57a98d98e4b00679b4a830b2 and session id: t4zHzC6Y1jv7Fs-W31zkRH7FMXNWOJ-R
Carts merged.
Sent cookies.
[0mGET /login [32m200 [0m10.965 ms - 13[0m
Error: Can't set headers after they are sent.
    at ServerResponse.OutgoingMessage.setHeader (_http_outgoing.js:356:11)
    at ServerResponse.header (/usr/src/app/node_modules/express/lib/response.js:725:10)
    at ServerResponse.send (/usr/src/app/node_modules/express/lib/response.js:170:12)
    at ServerResponse.json (/usr/src/app/node_modules/express/lib/response.js:256:15)
    at ServerResponse.send (/usr/src/app/node_modules/express/lib/response.js:158:21)
    at helpers.errorHandler (/usr/src/app/helpers/index.js:22:7)
    at Layer.handle_error (/usr/src/app/node_modules/express/lib/router/layer.js:71:5)
    at trim_prefix (/usr/src/app/node_modules/express/lib/router/index.js:315:13)
    at /usr/src/app/node_modules/express/lib/router/index.js:284:7
    at Function.process_params (/usr/src/app/node_modules/express/lib/router/index.js:335:12)
Request received with body: {}
Received response: "{\n  \"_embedded\" : {\n    \"customerOrders\" : [ ]\n  },\n  \"_links\" : {\n    \"self\" : {\n      \"href\" : \"http://orders/orders/search/customerId?sort=date&custId=undefined\"\n    }\n  }\n}"
[0mGET /orders [32m201 [0m3.895 ms - -[0m
Error: Can't set headers after they are sent.
    at ServerResponse.OutgoingMessage.setHeader (_http_outgoing.js:356:11)
    at ServerResponse.header (/usr/src/app/node_modules/express/lib/response.js:725:10)
    at ServerResponse.json (/usr/src/app/node_modules/express/lib/response.js:253:10)
    at ServerResponse.send (/usr/src/app/node_modules/express/lib/response.js:158:21)
    at helpers.errorHandler (/usr/src/app/helpers/index.js:22:7)
    at Layer.handle_error (/usr/src/app/node_modules/express/lib/router/layer.js:71:5)
    at trim_prefix (/usr/src/app/node_modules/express/lib/router/index.js:315:13)
    at /usr/src/app/node_modules/express/lib/router/index.js:284:7
    at Function.process_params (/usr/src/app/node_modules/express/lib/router/index.js:335:12)
    at next (/usr/src/app/node_modules/express/lib/router/index.js:275:10)
[0mGET /catalogue [32m200 [0m2.880 ms - -[0m
Error: Can't set headers after they are sent.
    at ServerResponse.OutgoingMessage.setHeader (_http_outgoing.js:356:11)
    at ServerResponse.header (/usr/src/app/node_modules/express/lib/response.js:725:10)
    at ServerResponse.json (/usr/src/app/node_modules/express/lib/response.js:253:10)
    at ServerResponse.send (/usr/src/app/node_modules/express/lib/response.js:158:21)
    at helpers.errorHandler (/usr/src/app/helpers/index.js:22:7)
    at Layer.handle_error (/usr/src/app/node_modules/express/lib/router/layer.js:71:5)
    at trim_prefix (/usr/src/app/node_modules/express/lib/router/index.js:315:13)
    at /usr/src/app/node_modules/express/lib/router/index.js:284:7
    at Function.process_params (/usr/src/app/node_modules/express/lib/router/index.js:335:12)
    at next (/usr/src/app/node_modules/express/lib/router/index.js:275:10)
Received login request
{"user":{"firstName":"User","lastName":"Name","username":"user","id":"57a98d98e4b00679b4a830b2","_links":{"addresses":{"href":"http://user/customers/57a98d98e4b00679b4a830b2/addresses"},"cards":{"href":"http://user/customers/57a98d98e4b00679b4a830b2/cards"},"customer":{"href":"http://user/customers/57a98d98e4b00679b4a830b2"},"self":{"href":"http://user/customers/57a98d98e4b00679b4a830b2"}}}}

57a98d98e4b00679b4a830b2
Merging carts for customer id: 57a98d98e4b00679b4a830b2 and session id: inch64-t7OWd3N1MIBSs9KjTZO3c7IH4
Carts merged.
Sent cookies.
[0mGET /login [32m200 [0m8.145 ms - 13[0m
Error: Can't set headers after they are sent.
    at ServerResponse.OutgoingMessage.setHeader (_http_outgoing.js:356:11)
    at ServerResponse.header (/usr/src/app/node_modules/express/lib/response.js:725:10)
    at ServerResponse.send (/usr/src/app/node_modules/express/lib/response.js:170:12)
    at ServerResponse.json (/usr/src/app/node_modules/express/lib/response.js:256:15)
    at ServerResponse.send (/usr/src/app/node_modules/express/lib/response.js:158:21)
    at helpers.errorHandler (/usr/src/app/helpers/index.js:22:7)
    at Layer.handle_error (/usr/src/app/node_modules/express/lib/router/layer.js:71:5)
    at trim_prefix (/usr/src/app/node_modules/express/lib/router/index.js:315:13)
    at /usr/src/app/node_modules/express/lib/router/index.js:284:7
    at Function.process_params (/usr/src/app/node_modules/express/lib/router/index.js:335:12)
Request received with body: {}
Received response: "{\n  \"_embedded\" : {\n    \"customerOrders\" : [ ]\n  },\n  \"_links\" : {\n    \"self\" : {\n      \"href\" : \"http://orders/orders/search/customerId?sort=date&custId=undefined\"\n    }\n  }\n}"
[0mGET /orders [32m201 [0m4.623 ms - -[0m
Error: Can't set headers after they are sent.
    at ServerResponse.OutgoingMessage.setHeader (_http_outgoing.js:356:11)
    at ServerResponse.header (/usr/src/app/node_modules/express/lib/response.js:725:10)
    at ServerResponse.json (/usr/src/app/node_modules/express/lib/response.js:253:10)
    at ServerResponse.send (/usr/src/app/node_modules/express/lib/response.js:158:21)
    at helpers.errorHandler (/usr/src/app/helpers/index.js:22:7)
    at Layer.handle_error (/usr/src/app/node_modules/express/lib/router/layer.js:71:5)
    at trim_prefix (/usr/src/app/node_modules/express/lib/router/index.js:315:13)
    at /usr/src/app/node_modules/express/lib/router/index.js:284:7
    at Function.process_params (/usr/src/app/node_modules/express/lib/router/index.js:335:12)
    at next (/usr/src/app/node_modules/express/lib/router/index.js:275:10)
[0mGET /catalogue [32m200 [0m2.887 ms - -[0m
Error: Can't set headers after they are sent.
    at ServerResponse.OutgoingMessage.setHeader (_http_outgoing.js:356:11)
    at ServerResponse.header (/usr/src/app/node_modules/express/lib/response.js:725:10)
    at ServerResponse.json (/usr/src/app/node_modules/express/lib/response.js:253:10)
    at ServerResponse.send (/usr/src/app/node_modules/express/lib/response.js:158:21)
    at helpers.errorHandler (/usr/src/app/helpers/index.js:22:7)
    at Layer.handle_error (/usr/src/app/node_modules/express/lib/router/layer.js:71:5)
    at trim_prefix (/usr/src/app/node_modules/express/lib/router/index.js:315:13)
    at /usr/src/app/node_modules/express/lib/router/index.js:284:7
    at Function.process_params (/usr/src/app/node_modules/express/lib/router/index.js:335:12)
    at next (/usr/src/app/node_modules/express/lib/router/index.js:275:10)
Received login request
{"user":{"firstName":"User","lastName":"Name","username":"user","id":"57a98d98e4b00679b4a830b2","_links":{"addresses":{"href":"http://user/customers/57a98d98e4b00679b4a830b2/addresses"},"cards":{"href":"http://user/customers/57a98d98e4b00679b4a830b2/cards"},"customer":{"href":"http://user/customers/57a98d98e4b00679b4a830b2"},"self":{"href":"http://user/customers/57a98d98e4b00679b4a830b2"}}}}

57a98d98e4b00679b4a830b2
Merging carts for customer id: 57a98d98e4b00679b4a830b2 and session id: xVm8VxwlRtQIVGmtcMk8zp0H88Qup72K
Carts merged.
Sent cookies.
[0mGET /login [32m200 [0m8.207 ms - 13[0m
Error: Can't set headers after they are sent.
    at ServerResponse.OutgoingMessage.setHeader (_http_outgoing.js:356:11)
    at ServerResponse.header (/usr/src/app/node_modules/express/lib/response.js:725:10)
    at ServerResponse.send (/usr/src/app/node_modules/express/lib/response.js:170:12)
    at ServerResponse.json (/usr/src/app/node_modules/express/lib/response.js:256:15)
    at ServerResponse.send (/usr/src/app/node_modules/express/lib/response.js:158:21)
    at helpers.errorHandler (/usr/src/app/helpers/index.js:22:7)
    at Layer.handle_error (/usr/src/app/node_modules/express/lib/router/layer.js:71:5)
    at trim_prefix (/usr/src/app/node_modules/express/lib/router/index.js:315:13)
    at /usr/src/app/node_modules/express/lib/router/index.js:284:7
    at Function.process_params (/usr/src/app/node_modules/express/lib/router/index.js:335:12)
Request received with body: {}
Received response: "{\n  \"_embedded\" : {\n    \"customerOrders\" : [ ]\n  },\n  \"_links\" : {\n    \"self\" : {\n      \"href\" : \"http://orders/orders/search/customerId?sort=date&custId=undefined\"\n    }\n  }\n}"
[0mGET /orders [32m201 [0m4.036 ms - -[0m
Error: Can't set headers after they are sent.
    at ServerResponse.OutgoingMessage.setHeader (_http_outgoing.js:356:11)
    at ServerResponse.header (/usr/src/app/node_modules/express/lib/response.js:725:10)
    at ServerResponse.json (/usr/src/app/node_modules/express/lib/response.js:253:10)
    at ServerResponse.send (/usr/src/app/node_modules/express/lib/response.js:158:21)
    at helpers.errorHandler (/usr/src/app/helpers/index.js:22:7)
    at Layer.handle_error (/usr/src/app/node_modules/express/lib/router/layer.js:71:5)
    at trim_prefix (/usr/src/app/node_modules/express/lib/router/index.js:315:13)
    at /usr/src/app/node_modules/express/lib/router/index.js:284:7
    at Function.process_params (/usr/src/app/node_modules/express/lib/router/index.js:335:12)
    at next (/usr/src/app/node_modules/express/lib/router/index.js:275:10)
[0mGET /catalogue [32m200 [0m3.020 ms - -[0m
Error: Can't set headers after they are sent.
    at ServerResponse.OutgoingMessage.setHeader (_http_outgoing.js:356:11)
    at ServerResponse.header (/usr/src/app/node_modules/express/lib/response.js:725:10)
    at ServerResponse.json (/usr/src/app/node_modules/express/lib/response.js:253:10)
    at ServerResponse.send (/usr/src/app/node_modules/express/lib/response.js:158:21)
    at helpers.errorHandler (/usr/src/app/helpers/index.js:22:7)
    at Layer.handle_error (/usr/src/app/node_modules/express/lib/router/layer.js:71:5)
    at trim_prefix (/usr/src/app/node_modules/express/lib/router/index.js:315:13)
    at /usr/src/app/node_modules/express/lib/router/index.js:284:7
    at Function.process_params (/usr/src/app/node_modules/express/lib/router/index.js:335:12)
    at next (/usr/src/app/node_modules/express/lib/router/index.js:275:10)
Received login request
{"user":{"firstName":"User","lastName":"Name","username":"user","id":"57a98d98e4b00679b4a830b2","_links":{"addresses":{"href":"http://user/customers/57a98d98e4b00679b4a830b2/addresses"},"cards":{"href":"http://user/customers/57a98d98e4b00679b4a830b2/cards"},"customer":{"href":"http://user/customers/57a98d98e4b00679b4a830b2"},"self":{"href":"http://user/customers/57a98d98e4b00679b4a830b2"}}}}

57a98d98e4b00679b4a830b2
Merging carts for customer id: 57a98d98e4b00679b4a830b2 and session id: w7cHK3mbBTPOg5bkBa4DogQzJTNSiZXb
Carts merged.
Sent cookies.
[0mGET /login [32m200 [0m7.918 ms - 13[0m
Error: Can't set headers after they are sent.
    at ServerResponse.OutgoingMessage.setHeader (_http_outgoing.js:356:11)
    at ServerResponse.header (/usr/src/app/node_modules/express/lib/response.js:725:10)
    at ServerResponse.send (/usr/src/app/node_modules/express/lib/response.js:170:12)
    at ServerResponse.json (/usr/src/app/node_modules/express/lib/response.js:256:15)
    at ServerResponse.send (/usr/src/app/node_modules/express/lib/response.js:158:21)
    at helpers.errorHandler (/usr/src/app/helpers/index.js:22:7)
    at Layer.handle_error (/usr/src/app/node_modules/express/lib/router/layer.js:71:5)
    at trim_prefix (/usr/src/app/node_modules/express/lib/router/index.js:315:13)
    at /usr/src/app/node_modules/express/lib/router/index.js:284:7
    at Function.process_params (/usr/src/app/node_modules/express/lib/router/index.js:335:12)
Request received with body: {}
Received response: "{\n  \"_embedded\" : {\n    \"customerOrders\" : [ ]\n  },\n  \"_links\" : {\n    \"self\" : {\n      \"href\" : \"http://orders/orders/search/customerId?sort=date&custId=undefined\"\n    }\n  }\n}"
[0mGET /orders [32m201 [0m5.196 ms - -[0m
Error: Can't set headers after they are sent.
    at ServerResponse.OutgoingMessage.setHeader (_http_outgoing.js:356:11)
    at ServerResponse.header (/usr/src/app/node_modules/express/lib/response.js:725:10)
    at ServerResponse.json (/usr/src/app/node_modules/express/lib/response.js:253:10)
    at ServerResponse.send (/usr/src/app/node_modules/express/lib/response.js:158:21)
    at helpers.errorHandler (/usr/src/app/helpers/index.js:22:7)
    at Layer.handle_error (/usr/src/app/node_modules/express/lib/router/layer.js:71:5)
    at trim_prefix (/usr/src/app/node_modules/express/lib/router/index.js:315:13)
    at /usr/src/app/node_modules/express/lib/router/index.js:284:7
    at Function.process_params (/usr/src/app/node_modules/express/lib/router/index.js:335:12)
    at next (/usr/src/app/node_modules/express/lib/router/index.js:275:10)
[0mGET /catalogue [32m200 [0m3.060 ms - -[0m
Error: Can't set headers after they are sent.
    at ServerResponse.OutgoingMessage.setHeader (_http_outgoing.js:356:11)
    at ServerResponse.header (/usr/src/app/node_modules/express/lib/response.js:725:10)
    at ServerResponse.json (/usr/src/app/node_modules/express/lib/response.js:253:10)
    at ServerResponse.send (/usr/src/app/node_modules/express/lib/response.js:158:21)
    at helpers.errorHandler (/usr/src/app/helpers/index.js:22:7)
    at Layer.handle_error (/usr/src/app/node_modules/express/lib/router/layer.js:71:5)
    at trim_prefix (/usr/src/app/node_modules/express/lib/router/index.js:315:13)
    at /usr/src/app/node_modules/express/lib/router/index.js:284:7
    at Function.process_params (/usr/src/app/node_modules/express/lib/router/index.js:335:12)
    at next (/usr/src/app/node_modules/express/lib/router/index.js:275:10)
Received login request
{"user":{"firstName":"User","lastName":"Name","username":"user","id":"57a98d98e4b00679b4a830b2","_links":{"addresses":{"href":"http://user/customers/57a98d98e4b00679b4a830b2/addresses"},"cards":{"href":"http://user/customers/57a98d98e4b00679b4a830b2/cards"},"customer":{"href":"http://user/customers/57a98d98e4b00679b4a830b2"},"self":{"href":"http://user/customers/57a98d98e4b00679b4a830b2"}}}}

57a98d98e4b00679b4a830b2
Merging carts for customer id: 57a98d98e4b00679b4a830b2 and session id: Wy_zO-8jlFP_xmHQcR-amMm-Swm7uihX
Carts merged.
Sent cookies.
[0mGET /login [32m200 [0m8.976 ms - 13[0m
Error: Can't set headers after they are sent.
    at ServerResponse.OutgoingMessage.setHeader (_http_outgoing.js:356:11)
    at ServerResponse.header (/usr/src/app/node_modules/express/lib/response.js:725:10)
    at ServerResponse.send (/usr/src/app/node_modules/express/lib/response.js:170:12)
    at ServerResponse.json (/usr/src/app/node_modules/express/lib/response.js:256:15)
    at ServerResponse.send (/usr/src/app/node_modules/express/lib/response.js:158:21)
    at helpers.errorHandler (/usr/src/app/helpers/index.js:22:7)
    at Layer.handle_error (/usr/src/app/node_modules/express/lib/router/layer.js:71:5)
    at trim_prefix (/usr/src/app/node_modules/express/lib/router/index.js:315:13)
    at /usr/src/app/node_modules/express/lib/router/index.js:284:7
    at Function.process_params (/usr/src/app/node_modules/express/lib/router/index.js:335:12)
Request received with body: {}
Received response: "{\n  \"_embedded\" : {\n    \"customerOrders\" : [ ]\n  },\n  \"_links\" : {\n    \"self\" : {\n      \"href\" : \"http://orders/orders/search/customerId?sort=date&custId=undefined\"\n    }\n  }\n}"
[0mGET /orders [32m201 [0m4.155 ms - -[0m
Error: Can't set headers after they are sent.
    at ServerResponse.OutgoingMessage.setHeader (_http_outgoing.js:356:11)
    at ServerResponse.header (/usr/src/app/node_modules/express/lib/response.js:725:10)
    at ServerResponse.json (/usr/src/app/node_modules/express/lib/response.js:253:10)
    at ServerResponse.send (/usr/src/app/node_modules/express/lib/response.js:158:21)
    at helpers.errorHandler (/usr/src/app/helpers/index.js:22:7)
    at Layer.handle_error (/usr/src/app/node_modules/express/lib/router/layer.js:71:5)
    at trim_prefix (/usr/src/app/node_modules/express/lib/router/index.js:315:13)
    at /usr/src/app/node_modules/express/lib/router/index.js:284:7
    at Function.process_params (/usr/src/app/node_modules/express/lib/router/index.js:335:12)
    at next (/usr/src/app/node_modules/express/lib/router/index.js:275:10)
[0mGET /catalogue [32m200 [0m3.152 ms - -[0m
Error: Can't set headers after they are sent.
    at ServerResponse.OutgoingMessage.setHeader (_http_outgoing.js:356:11)
    at ServerResponse.header (/usr/src/app/node_modules/express/lib/response.js:725:10)
    at ServerResponse.json (/usr/src/app/node_modules/express/lib/response.js:253:10)
    at ServerResponse.send (/usr/src/app/node_modules/express/lib/response.js:158:21)
    at helpers.errorHandler (/usr/src/app/helpers/index.js:22:7)
    at Layer.handle_error (/usr/src/app/node_modules/express/lib/router/layer.js:71:5)
    at trim_prefix (/usr/src/app/node_modules/express/lib/router/index.js:315:13)
    at /usr/src/app/node_modules/express/lib/router/index.js:284:7
    at Function.process_params (/usr/src/app/node_modules/express/lib/router/index.js:335:12)
    at next (/usr/src/app/node_modules/express/lib/router/index.js:275:10)
Received login request
{"user":{"firstName":"User","lastName":"Name","username":"user","id":"57a98d98e4b00679b4a830b2","_links":{"addresses":{"href":"http://user/customers/57a98d98e4b00679b4a830b2/addresses"},"cards":{"href":"http://user/customers/57a98d98e4b00679b4a830b2/cards"},"customer":{"href":"http://user/customers/57a98d98e4b00679b4a830b2"},"self":{"href":"http://user/customers/57a98d98e4b00679b4a830b2"}}}}

57a98d98e4b00679b4a830b2
Merging carts for customer id: 57a98d98e4b00679b4a830b2 and session id: f-UX-9I_APT33nu5pM42wPel9vxlJ224
Carts merged.
Sent cookies.
[0mGET /login [32m200 [0m7.817 ms - 13[0m
Error: Can't set headers after they are sent.
    at ServerResponse.OutgoingMessage.setHeader (_http_outgoing.js:356:11)
    at ServerResponse.header (/usr/src/app/node_modules/express/lib/response.js:725:10)
    at ServerResponse.send (/usr/src/app/node_modules/express/lib/response.js:170:12)
    at ServerResponse.json (/usr/src/app/node_modules/express/lib/response.js:256:15)
    at ServerResponse.send (/usr/src/app/node_modules/express/lib/response.js:158:21)
    at helpers.errorHandler (/usr/src/app/helpers/index.js:22:7)
    at Layer.handle_error (/usr/src/app/node_modules/express/lib/router/layer.js:71:5)
    at trim_prefix (/usr/src/app/node_modules/express/lib/router/index.js:315:13)
    at /usr/src/app/node_modules/express/lib/router/index.js:284:7
    at Function.process_params (/usr/src/app/node_modules/express/lib/router/index.js:335:12)
Request received with body: {}
Received response: "{\n  \"_embedded\" : {\n    \"customerOrders\" : [ ]\n  },\n  \"_links\" : {\n    \"self\" : {\n      \"href\" : \"http://orders/orders/search/customerId?sort=date&custId=undefined\"\n    }\n  }\n}"
[0mGET /orders [32m201 [0m3.997 ms - -[0m
Error: Can't set headers after they are sent.
    at ServerResponse.OutgoingMessage.setHeader (_http_outgoing.js:356:11)
    at ServerResponse.header (/usr/src/app/node_modules/express/lib/response.js:725:10)
    at ServerResponse.json (/usr/src/app/node_modules/express/lib/response.js:253:10)
    at ServerResponse.send (/usr/src/app/node_modules/express/lib/response.js:158:21)
    at helpers.errorHandler (/usr/src/app/helpers/index.js:22:7)
    at Layer.handle_error (/usr/src/app/node_modules/express/lib/router/layer.js:71:5)
    at trim_prefix (/usr/src/app/node_modules/express/lib/router/index.js:315:13)
    at /usr/src/app/node_modules/express/lib/router/index.js:284:7
    at Function.process_params (/usr/src/app/node_modules/express/lib/router/index.js:335:12)
    at next (/usr/src/app/node_modules/express/lib/router/index.js:275:10)
[0mGET /catalogue [32m200 [0m2.917 ms - -[0m
Error: Can't set headers after they are sent.
    at ServerResponse.OutgoingMessage.setHeader (_http_outgoing.js:356:11)
    at ServerResponse.header (/usr/src/app/node_modules/express/lib/response.js:725:10)
    at ServerResponse.json (/usr/src/app/node_modules/express/lib/response.js:253:10)
    at ServerResponse.send (/usr/src/app/node_modules/express/lib/response.js:158:21)
    at helpers.errorHandler (/usr/src/app/helpers/index.js:22:7)
    at Layer.handle_error (/usr/src/app/node_modules/express/lib/router/layer.js:71:5)
    at trim_prefix (/usr/src/app/node_modules/express/lib/router/index.js:315:13)
    at /usr/src/app/node_modules/express/lib/router/index.js:284:7
    at Function.process_params (/usr/src/app/node_modules/express/lib/router/index.js:335:12)
    at next (/usr/src/app/node_modules/express/lib/router/index.js:275:10)
Received login request
{"user":{"firstName":"User","lastName":"Name","username":"user","id":"57a98d98e4b00679b4a830b2","_links":{"addresses":{"href":"http://user/customers/57a98d98e4b00679b4a830b2/addresses"},"cards":{"href":"http://user/customers/57a98d98e4b00679b4a830b2/cards"},"customer":{"href":"http://user/customers/57a98d98e4b00679b4a830b2"},"self":{"href":"http://user/customers/57a98d98e4b00679b4a830b2"}}}}

57a98d98e4b00679b4a830b2
Merging carts for customer id: 57a98d98e4b00679b4a830b2 and session id: vc7uzFs7SwtLGcL-06RvJFGpLDIGCfPs
Carts merged.
Sent cookies.
[0mGET /login [32m200 [0m8.429 ms - 13[0m
Error: Can't set headers after they are sent.
    at ServerResponse.OutgoingMessage.setHeader (_http_outgoing.js:356:11)
    at ServerResponse.header (/usr/src/app/node_modules/express/lib/response.js:725:10)
    at ServerResponse.send (/usr/src/app/node_modules/express/lib/response.js:170:12)
    at ServerResponse.json (/usr/src/app/node_modules/express/lib/response.js:256:15)
    at ServerResponse.send (/usr/src/app/node_modules/express/lib/response.js:158:21)
    at helpers.errorHandler (/usr/src/app/helpers/index.js:22:7)
    at Layer.handle_error (/usr/src/app/node_modules/express/lib/router/layer.js:71:5)
    at trim_prefix (/usr/src/app/node_modules/express/lib/router/index.js:315:13)
    at /usr/src/app/node_modules/express/lib/router/index.js:284:7
    at Function.process_params (/usr/src/app/node_modules/express/lib/router/index.js:335:12)
Request received with body: {}
Received response: "{\n  \"_embedded\" : {\n    \"customerOrders\" : [ ]\n  },\n  \"_links\" : {\n    \"self\" : {\n      \"href\" : \"http://orders/orders/search/customerId?sort=date&custId=undefined\"\n    }\n  }\n}"
[0mGET /orders [32m201 [0m4.882 ms - -[0m
Error: Can't set headers after they are sent.
    at ServerResponse.OutgoingMessage.setHeader (_http_outgoing.js:356:11)
    at ServerResponse.header (/usr/src/app/node_modules/express/lib/response.js:725:10)
    at ServerResponse.json (/usr/src/app/node_modules/express/lib/response.js:253:10)
    at ServerResponse.send (/usr/src/app/node_modules/express/lib/response.js:158:21)
    at helpers.errorHandler (/usr/src/app/helpers/index.js:22:7)
    at Layer.handle_error (/usr/src/app/node_modules/express/lib/router/layer.js:71:5)
    at trim_prefix (/usr/src/app/node_modules/express/lib/router/index.js:315:13)
    at /usr/src/app/node_modules/express/lib/router/index.js:284:7
    at Function.process_params (/usr/src/app/node_modules/express/lib/router/index.js:335:12)
    at next (/usr/src/app/node_modules/express/lib/router/index.js:275:10)
[0mGET /catalogue [32m200 [0m2.948 ms - -[0m
Error: Can't set headers after they are sent.
    at ServerResponse.OutgoingMessage.setHeader (_http_outgoing.js:356:11)
    at ServerResponse.header (/usr/src/app/node_modules/express/lib/response.js:725:10)
    at ServerResponse.json (/usr/src/app/node_modules/express/lib/response.js:253:10)
    at ServerResponse.send (/usr/src/app/node_modules/express/lib/response.js:158:21)
    at helpers.errorHandler (/usr/src/app/helpers/index.js:22:7)
    at Layer.handle_error (/usr/src/app/node_modules/express/lib/router/layer.js:71:5)
    at trim_prefix (/usr/src/app/node_modules/express/lib/router/index.js:315:13)
    at /usr/src/app/node_modules/express/lib/router/index.js:284:7
    at Function.process_params (/usr/src/app/node_modules/express/lib/router/index.js:335:12)
    at next (/usr/src/app/node_modules/express/lib/router/index.js:275:10)
Received login request
{"user":{"firstName":"User","lastName":"Name","username":"user","id":"57a98d98e4b00679b4a830b2","_links":{"addresses":{"href":"http://user/customers/57a98d98e4b00679b4a830b2/addresses"},"cards":{"href":"http://user/customers/57a98d98e4b00679b4a830b2/cards"},"customer":{"href":"http://user/customers/57a98d98e4b00679b4a830b2"},"self":{"href":"http://user/customers/57a98d98e4b00679b4a830b2"}}}}

57a98d98e4b00679b4a830b2
Merging carts for customer id: 57a98d98e4b00679b4a830b2 and session id: SlujQ82gWeQ6noi7uFSxMF5TiakkEzJR
Carts merged.
Sent cookies.
[0mGET /login [32m200 [0m7.857 ms - 13[0m
Error: Can't set headers after they are sent.
    at ServerResponse.OutgoingMessage.setHeader (_http_outgoing.js:356:11)
    at ServerResponse.header (/usr/src/app/node_modules/express/lib/response.js:725:10)
    at ServerResponse.send (/usr/src/app/node_modules/express/lib/response.js:170:12)
    at ServerResponse.json (/usr/src/app/node_modules/express/lib/response.js:256:15)
    at ServerResponse.send (/usr/src/app/node_modules/express/lib/response.js:158:21)
    at helpers.errorHandler (/usr/src/app/helpers/index.js:22:7)
    at Layer.handle_error (/usr/src/app/node_modules/express/lib/router/layer.js:71:5)
    at trim_prefix (/usr/src/app/node_modules/express/lib/router/index.js:315:13)
    at /usr/src/app/node_modules/express/lib/router/index.js:284:7
    at Function.process_params (/usr/src/app/node_modules/express/lib/router/index.js:335:12)
Request received with body: {}
Received response: "{\n  \"_embedded\" : {\n    \"customerOrders\" : [ ]\n  },\n  \"_links\" : {\n    \"self\" : {\n      \"href\" : \"http://orders/orders/search/customerId?sort=date&custId=undefined\"\n    }\n  }\n}"
[0mGET /orders [32m201 [0m4.091 ms - -[0m
Error: Can't set headers after they are sent.
    at ServerResponse.OutgoingMessage.setHeader (_http_outgoing.js:356:11)
    at ServerResponse.header (/usr/src/app/node_modules/express/lib/response.js:725:10)
    at ServerResponse.json (/usr/src/app/node_modules/express/lib/response.js:253:10)
    at ServerResponse.send (/usr/src/app/node_modules/express/lib/response.js:158:21)
    at helpers.errorHandler (/usr/src/app/helpers/index.js:22:7)
    at Layer.handle_error (/usr/src/app/node_modules/express/lib/router/layer.js:71:5)
    at trim_prefix (/usr/src/app/node_modules/express/lib/router/index.js:315:13)
    at /usr/src/app/node_modules/express/lib/router/index.js:284:7
    at Function.process_params (/usr/src/app/node_modules/express/lib/router/index.js:335:12)
    at next (/usr/src/app/node_modules/express/lib/router/index.js:275:10)
[0mGET /catalogue [32m200 [0m3.779 ms - -[0m
Error: Can't set headers after they are sent.
    at ServerResponse.OutgoingMessage.setHeader (_http_outgoing.js:356:11)
    at ServerResponse.header (/usr/src/app/node_modules/express/lib/response.js:725:10)
    at ServerResponse.json (/usr/src/app/node_modules/express/lib/response.js:253:10)
    at ServerResponse.send (/usr/src/app/node_modules/express/lib/response.js:158:21)
    at helpers.errorHandler (/usr/src/app/helpers/index.js:22:7)
    at Layer.handle_error (/usr/src/app/node_modules/express/lib/router/layer.js:71:5)
    at trim_prefix (/usr/src/app/node_modules/express/lib/router/index.js:315:13)
    at /usr/src/app/node_modules/express/lib/router/index.js:284:7
    at Function.process_params (/usr/src/app/node_modules/express/lib/router/index.js:335:12)
    at next (/usr/src/app/node_modules/express/lib/router/index.js:275:10)
Received login request
{"user":{"firstName":"User","lastName":"Name","username":"user","id":"57a98d98e4b00679b4a830b2","_links":{"addresses":{"href":"http://user/customers/57a98d98e4b00679b4a830b2/addresses"},"cards":{"href":"http://user/customers/57a98d98e4b00679b4a830b2/cards"},"customer":{"href":"http://user/customers/57a98d98e4b00679b4a830b2"},"self":{"href":"http://user/customers/57a98d98e4b00679b4a830b2"}}}}

57a98d98e4b00679b4a830b2
Merging carts for customer id: 57a98d98e4b00679b4a830b2 and session id: -UkqzKGmtTeMwQ1XtcQ6Q1CYifY2rTKB
Carts merged.
Sent cookies.
[0mGET /login [32m200 [0m8.877 ms - 13[0m
Error: Can't set headers after they are sent.
    at ServerResponse.OutgoingMessage.setHeader (_http_outgoing.js:356:11)
    at ServerResponse.header (/usr/src/app/node_modules/express/lib/response.js:725:10)
    at ServerResponse.send (/usr/src/app/node_modules/express/lib/response.js:170:12)
    at ServerResponse.json (/usr/src/app/node_modules/express/lib/response.js:256:15)
    at ServerResponse.send (/usr/src/app/node_modules/express/lib/response.js:158:21)
    at helpers.errorHandler (/usr/src/app/helpers/index.js:22:7)
    at Layer.handle_error (/usr/src/app/node_modules/express/lib/router/layer.js:71:5)
    at trim_prefix (/usr/src/app/node_modules/express/lib/router/index.js:315:13)
    at /usr/src/app/node_modules/express/lib/router/index.js:284:7
    at Function.process_params (/usr/src/app/node_modules/express/lib/router/index.js:335:12)
Request received with body: {}
Received response: "{\n  \"_embedded\" : {\n    \"customerOrders\" : [ ]\n  },\n  \"_links\" : {\n    \"self\" : {\n      \"href\" : \"http://orders/orders/search/customerId?sort=date&custId=undefined\"\n    }\n  }\n}"
[0mGET /orders [32m201 [0m4.091 ms - -[0m
Error: Can't set headers after they are sent.
    at ServerResponse.OutgoingMessage.setHeader (_http_outgoing.js:356:11)
    at ServerResponse.header (/usr/src/app/node_modules/express/lib/response.js:725:10)
    at ServerResponse.json (/usr/src/app/node_modules/express/lib/response.js:253:10)
    at ServerResponse.send (/usr/src/app/node_modules/express/lib/response.js:158:21)
    at helpers.errorHandler (/usr/src/app/helpers/index.js:22:7)
    at Layer.handle_error (/usr/src/app/node_modules/express/lib/router/layer.js:71:5)
    at trim_prefix (/usr/src/app/node_modules/express/lib/router/index.js:315:13)
    at /usr/src/app/node_modules/express/lib/router/index.js:284:7
    at Function.process_params (/usr/src/app/node_modules/express/lib/router/index.js:335:12)
    at next (/usr/src/app/node_modules/express/lib/router/index.js:275:10)
[0mGET /catalogue [32m200 [0m2.900 ms - -[0m
Error: Can't set headers after they are sent.
    at ServerResponse.OutgoingMessage.setHeader (_http_outgoing.js:356:11)
    at ServerResponse.header (/usr/src/app/node_modules/express/lib/response.js:725:10)
    at ServerResponse.json (/usr/src/app/node_modules/express/lib/response.js:253:10)
    at ServerResponse.send (/usr/src/app/node_modules/express/lib/response.js:158:21)
    at helpers.errorHandler (/usr/src/app/helpers/index.js:22:7)
    at Layer.handle_error (/usr/src/app/node_modules/express/lib/router/layer.js:71:5)
    at trim_prefix (/usr/src/app/node_modules/express/lib/router/index.js:315:13)
    at /usr/src/app/node_modules/express/lib/router/index.js:284:7
    at Function.process_params (/usr/src/app/node_modules/express/lib/router/index.js:335:12)
    at next (/usr/src/app/node_modules/express/lib/router/index.js:275:10)
Received login request
{"user":{"firstName":"User","lastName":"Name","username":"user","id":"57a98d98e4b00679b4a830b2","_links":{"addresses":{"href":"http://user/customers/57a98d98e4b00679b4a830b2/addresses"},"cards":{"href":"http://user/customers/57a98d98e4b00679b4a830b2/cards"},"customer":{"href":"http://user/customers/57a98d98e4b00679b4a830b2"},"self":{"href":"http://user/customers/57a98d98e4b00679b4a830b2"}}}}

57a98d98e4b00679b4a830b2
Merging carts for customer id: 57a98d98e4b00679b4a830b2 and session id: ra_TL9jwj-WuZO2Xsxy9XiiDWTZYB5nS
Carts merged.
Sent cookies.
[0mGET /login [32m200 [0m7.742 ms - 13[0m
Error: Can't set headers after they are sent.
    at ServerResponse.OutgoingMessage.setHeader (_http_outgoing.js:356:11)
    at ServerResponse.header (/usr/src/app/node_modules/express/lib/response.js:725:10)
    at ServerResponse.send (/usr/src/app/node_modules/express/lib/response.js:170:12)
    at ServerResponse.json (/usr/src/app/node_modules/express/lib/response.js:256:15)
    at ServerResponse.send (/usr/src/app/node_modules/express/lib/response.js:158:21)
    at helpers.errorHandler (/usr/src/app/helpers/index.js:22:7)
    at Layer.handle_error (/usr/src/app/node_modules/express/lib/router/layer.js:71:5)
    at trim_prefix (/usr/src/app/node_modules/express/lib/router/index.js:315:13)
    at /usr/src/app/node_modules/express/lib/router/index.js:284:7
    at Function.process_params (/usr/src/app/node_modules/express/lib/router/index.js:335:12)
Request received with body: {}
Received response: "{\n  \"_embedded\" : {\n    \"customerOrders\" : [ ]\n  },\n  \"_links\" : {\n    \"self\" : {\n      \"href\" : \"http://orders/orders/search/customerId?sort=date&custId=undefined\"\n    }\n  }\n}"
[0mGET /orders [32m201 [0m4.183 ms - -[0m
Error: Can't set headers after they are sent.
    at ServerResponse.OutgoingMessage.setHeader (_http_outgoing.js:356:11)
    at ServerResponse.header (/usr/src/app/node_modules/express/lib/response.js:725:10)
    at ServerResponse.json (/usr/src/app/node_modules/express/lib/response.js:253:10)
    at ServerResponse.send (/usr/src/app/node_modules/express/lib/response.js:158:21)
    at helpers.errorHandler (/usr/src/app/helpers/index.js:22:7)
    at Layer.handle_error (/usr/src/app/node_modules/express/lib/router/layer.js:71:5)
    at trim_prefix (/usr/src/app/node_modules/express/lib/router/index.js:315:13)
    at /usr/src/app/node_modules/express/lib/router/index.js:284:7
    at Function.process_params (/usr/src/app/node_modules/express/lib/router/index.js:335:12)
    at next (/usr/src/app/node_modules/express/lib/router/index.js:275:10)
