    at Layer.handle_error (/usr/src/app/node_modules/express/lib/router/layer.js:71:5)
    at trim_prefix (/usr/src/app/node_modules/express/lib/router/index.js:315:13)
    at /usr/src/app/node_modules/express/lib/router/index.js:284:7
    at Function.process_params (/usr/src/app/node_modules/express/lib/router/index.js:335:12)
    at next (/usr/src/app/node_modules/express/lib/router/index.js:275:10)
[0mGET /catalogue [32m200 [0m2.910 ms - -[0m
Error: Can't set headers after they are sent.
    at ServerResponse.OutgoingMessage.setHeader (_http_outgoing.js:356:11)
    at ServerResponse.header (/usr/src/app/node_modules/express/lib/response.js:725:10)
    at ServerResponse.json (/usr/src/app/node_modules/express/lib/response.js:253:10)
    at ServerResponse.send (/usr/src/app/node_modules/express/lib/response.js:158:21)
    at helpers.errorHandler (/usr/src/app/helpers/index.js:22:7)
    at Layer.handle_error (/usr/src/app/node_modules/express/lib/router/layer.js:71:5)
    at trim_prefix (/usr/src/app/node_modules/express/lib/router/index.js:315:13)
    at /usr/src/app/node_modules/express/lib/router/index.js:284:7
    at Function.process_params (/usr/src/app/node_modules/express/lib/router/index.js:335:12)
    at next (/usr/src/app/node_modules/express/lib/router/index.js:275:10)
Received login request
{"user":{"firstName":"User","lastName":"Name","username":"user","id":"57a98d98e4b00679b4a830b2","_links":{"addresses":{"href":"http://user/customers/57a98d98e4b00679b4a830b2/addresses"},"cards":{"href":"http://user/customers/57a98d98e4b00679b4a830b2/cards"},"customer":{"href":"http://user/customers/57a98d98e4b00679b4a830b2"},"self":{"href":"http://user/customers/57a98d98e4b00679b4a830b2"}}}}

57a98d98e4b00679b4a830b2
Merging carts for customer id: 57a98d98e4b00679b4a830b2 and session id: sjL23fFm5h-zUwnZKp74WGNle1s3lh4B
Carts merged.
Sent cookies.
[0mGET /login [32m200 [0m8.910 ms - 13[0m
Error: Can't set headers after they are sent.
    at ServerResponse.OutgoingMessage.setHeader (_http_outgoing.js:356:11)
    at ServerResponse.header (/usr/src/app/node_modules/express/lib/response.js:725:10)
    at ServerResponse.send (/usr/src/app/node_modules/express/lib/response.js:170:12)
    at ServerResponse.json (/usr/src/app/node_modules/express/lib/response.js:256:15)
    at ServerResponse.send (/usr/src/app/node_modules/express/lib/response.js:158:21)
    at helpers.errorHandler (/usr/src/app/helpers/index.js:22:7)
    at Layer.handle_error (/usr/src/app/node_modules/express/lib/router/layer.js:71:5)
    at trim_prefix (/usr/src/app/node_modules/express/lib/router/index.js:315:13)
    at /usr/src/app/node_modules/express/lib/router/index.js:284:7
    at Function.process_params (/usr/src/app/node_modules/express/lib/router/index.js:335:12)
Request received with body: {}
Received response: "{\n  \"_embedded\" : {\n    \"customerOrders\" : [ ]\n  },\n  \"_links\" : {\n    \"self\" : {\n      \"href\" : \"http://orders/orders/search/customerId?sort=date&custId=undefined\"\n    }\n  }\n}"
[0mGET /orders [32m201 [0m4.476 ms - -[0m
Error: Can't set headers after they are sent.
    at ServerResponse.OutgoingMessage.setHeader (_http_outgoing.js:356:11)
    at ServerResponse.header (/usr/src/app/node_modules/express/lib/response.js:725:10)
    at ServerResponse.json (/usr/src/app/node_modules/express/lib/response.js:253:10)
    at ServerResponse.send (/usr/src/app/node_modules/express/lib/response.js:158:21)
    at helpers.errorHandler (/usr/src/app/helpers/index.js:22:7)
    at Layer.handle_error (/usr/src/app/node_modules/express/lib/router/layer.js:71:5)
    at trim_prefix (/usr/src/app/node_modules/express/lib/router/index.js:315:13)
    at /usr/src/app/node_modules/express/lib/router/index.js:284:7
    at Function.process_params (/usr/src/app/node_modules/express/lib/router/index.js:335:12)
    at next (/usr/src/app/node_modules/express/lib/router/index.js:275:10)
[0mGET /catalogue [32m200 [0m2.976 ms - -[0m
Error: Can't set headers after they are sent.
    at ServerResponse.OutgoingMessage.setHeader (_http_outgoing.js:356:11)
    at ServerResponse.header (/usr/src/app/node_modules/express/lib/response.js:725:10)
    at ServerResponse.json (/usr/src/app/node_modules/express/lib/response.js:253:10)
    at ServerResponse.send (/usr/src/app/node_modules/express/lib/response.js:158:21)
    at helpers.errorHandler (/usr/src/app/helpers/index.js:22:7)
    at Layer.handle_error (/usr/src/app/node_modules/express/lib/router/layer.js:71:5)
    at trim_prefix (/usr/src/app/node_modules/express/lib/router/index.js:315:13)
    at /usr/src/app/node_modules/express/lib/router/index.js:284:7
    at Function.process_params (/usr/src/app/node_modules/express/lib/router/index.js:335:12)
    at next (/usr/src/app/node_modules/express/lib/router/index.js:275:10)
Received login request
{"user":{"firstName":"User","lastName":"Name","username":"user","id":"57a98d98e4b00679b4a830b2","_links":{"addresses":{"href":"http://user/customers/57a98d98e4b00679b4a830b2/addresses"},"cards":{"href":"http://user/customers/57a98d98e4b00679b4a830b2/cards"},"customer":{"href":"http://user/customers/57a98d98e4b00679b4a830b2"},"self":{"href":"http://user/customers/57a98d98e4b00679b4a830b2"}}}}

57a98d98e4b00679b4a830b2
Merging carts for customer id: 57a98d98e4b00679b4a830b2 and session id: zs2K1dBFHtP9qRgvUcwjspi0xai1AZkW
Carts merged.
Sent cookies.
[0mGET /login [32m200 [0m8.795 ms - 13[0m
Error: Can't set headers after they are sent.
    at ServerResponse.OutgoingMessage.setHeader (_http_outgoing.js:356:11)
    at ServerResponse.header (/usr/src/app/node_modules/express/lib/response.js:725:10)
    at ServerResponse.send (/usr/src/app/node_modules/express/lib/response.js:170:12)
    at ServerResponse.json (/usr/src/app/node_modules/express/lib/response.js:256:15)
    at ServerResponse.send (/usr/src/app/node_modules/express/lib/response.js:158:21)
    at helpers.errorHandler (/usr/src/app/helpers/index.js:22:7)
    at Layer.handle_error (/usr/src/app/node_modules/express/lib/router/layer.js:71:5)
    at trim_prefix (/usr/src/app/node_modules/express/lib/router/index.js:315:13)
    at /usr/src/app/node_modules/express/lib/router/index.js:284:7
    at Function.process_params (/usr/src/app/node_modules/express/lib/router/index.js:335:12)
Request received with body: {}
Received response: "{\n  \"_embedded\" : {\n    \"customerOrders\" : [ ]\n  },\n  \"_links\" : {\n    \"self\" : {\n      \"href\" : \"http://orders/orders/search/customerId?sort=date&custId=undefined\"\n    }\n  }\n}"
[0mGET /orders [32m201 [0m4.764 ms - -[0m
Error: Can't set headers after they are sent.
    at ServerResponse.OutgoingMessage.setHeader (_http_outgoing.js:356:11)
    at ServerResponse.header (/usr/src/app/node_modules/express/lib/response.js:725:10)
    at ServerResponse.json (/usr/src/app/node_modules/express/lib/response.js:253:10)
    at ServerResponse.send (/usr/src/app/node_modules/express/lib/response.js:158:21)
    at helpers.errorHandler (/usr/src/app/helpers/index.js:22:7)
    at Layer.handle_error (/usr/src/app/node_modules/express/lib/router/layer.js:71:5)
    at trim_prefix (/usr/src/app/node_modules/express/lib/router/index.js:315:13)
    at /usr/src/app/node_modules/express/lib/router/index.js:284:7
    at Function.process_params (/usr/src/app/node_modules/express/lib/router/index.js:335:12)
    at next (/usr/src/app/node_modules/express/lib/router/index.js:275:10)
[0mGET /catalogue [32m200 [0m2.880 ms - -[0m
Error: Can't set headers after they are sent.
    at ServerResponse.OutgoingMessage.setHeader (_http_outgoing.js:356:11)
    at ServerResponse.header (/usr/src/app/node_modules/express/lib/response.js:725:10)
    at ServerResponse.json (/usr/src/app/node_modules/express/lib/response.js:253:10)
    at ServerResponse.send (/usr/src/app/node_modules/express/lib/response.js:158:21)
    at helpers.errorHandler (/usr/src/app/helpers/index.js:22:7)
    at Layer.handle_error (/usr/src/app/node_modules/express/lib/router/layer.js:71:5)
    at trim_prefix (/usr/src/app/node_modules/express/lib/router/index.js:315:13)
    at /usr/src/app/node_modules/express/lib/router/index.js:284:7
    at Function.process_params (/usr/src/app/node_modules/express/lib/router/index.js:335:12)
    at next (/usr/src/app/node_modules/express/lib/router/index.js:275:10)
Received login request
{"user":{"firstName":"User","lastName":"Name","username":"user","id":"57a98d98e4b00679b4a830b2","_links":{"addresses":{"href":"http://user/customers/57a98d98e4b00679b4a830b2/addresses"},"cards":{"href":"http://user/customers/57a98d98e4b00679b4a830b2/cards"},"customer":{"href":"http://user/customers/57a98d98e4b00679b4a830b2"},"self":{"href":"http://user/customers/57a98d98e4b00679b4a830b2"}}}}

57a98d98e4b00679b4a830b2
Merging carts for customer id: 57a98d98e4b00679b4a830b2 and session id: L6Ot3uty6zHQvcXE2nSEu8Xjf3ad_nET
Carts merged.
Sent cookies.
[0mGET /login [32m200 [0m8.225 ms - 13[0m
Error: Can't set headers after they are sent.
    at ServerResponse.OutgoingMessage.setHeader (_http_outgoing.js:356:11)
    at ServerResponse.header (/usr/src/app/node_modules/express/lib/response.js:725:10)
    at ServerResponse.send (/usr/src/app/node_modules/express/lib/response.js:170:12)
    at ServerResponse.json (/usr/src/app/node_modules/express/lib/response.js:256:15)
    at ServerResponse.send (/usr/src/app/node_modules/express/lib/response.js:158:21)
    at helpers.errorHandler (/usr/src/app/helpers/index.js:22:7)
    at Layer.handle_error (/usr/src/app/node_modules/express/lib/router/layer.js:71:5)
    at trim_prefix (/usr/src/app/node_modules/express/lib/router/index.js:315:13)
    at /usr/src/app/node_modules/express/lib/router/index.js:284:7
    at Function.process_params (/usr/src/app/node_modules/express/lib/router/index.js:335:12)
Request received with body: {}
Received response: "{\n  \"_embedded\" : {\n    \"customerOrders\" : [ ]\n  },\n  \"_links\" : {\n    \"self\" : {\n      \"href\" : \"http://orders/orders/search/customerId?sort=date&custId=undefined\"\n    }\n  }\n}"
[0mGET /orders [32m201 [0m4.871 ms - -[0m
Error: Can't set headers after they are sent.
    at ServerResponse.OutgoingMessage.setHeader (_http_outgoing.js:356:11)
    at ServerResponse.header (/usr/src/app/node_modules/express/lib/response.js:725:10)
    at ServerResponse.json (/usr/src/app/node_modules/express/lib/response.js:253:10)
    at ServerResponse.send (/usr/src/app/node_modules/express/lib/response.js:158:21)
    at helpers.errorHandler (/usr/src/app/helpers/index.js:22:7)
    at Layer.handle_error (/usr/src/app/node_modules/express/lib/router/layer.js:71:5)
    at trim_prefix (/usr/src/app/node_modules/express/lib/router/index.js:315:13)
    at /usr/src/app/node_modules/express/lib/router/index.js:284:7
    at Function.process_params (/usr/src/app/node_modules/express/lib/router/index.js:335:12)
    at next (/usr/src/app/node_modules/express/lib/router/index.js:275:10)
[0mGET /catalogue [32m200 [0m2.813 ms - -[0m
Error: Can't set headers after they are sent.
    at ServerResponse.OutgoingMessage.setHeader (_http_outgoing.js:356:11)
    at ServerResponse.header (/usr/src/app/node_modules/express/lib/response.js:725:10)
    at ServerResponse.json (/usr/src/app/node_modules/express/lib/response.js:253:10)
    at ServerResponse.send (/usr/src/app/node_modules/express/lib/response.js:158:21)
    at helpers.errorHandler (/usr/src/app/helpers/index.js:22:7)
    at Layer.handle_error (/usr/src/app/node_modules/express/lib/router/layer.js:71:5)
    at trim_prefix (/usr/src/app/node_modules/express/lib/router/index.js:315:13)
    at /usr/src/app/node_modules/express/lib/router/index.js:284:7
    at Function.process_params (/usr/src/app/node_modules/express/lib/router/index.js:335:12)
    at next (/usr/src/app/node_modules/express/lib/router/index.js:275:10)
Received login request
{"user":{"firstName":"User","lastName":"Name","username":"user","id":"57a98d98e4b00679b4a830b2","_links":{"addresses":{"href":"http://user/customers/57a98d98e4b00679b4a830b2/addresses"},"cards":{"href":"http://user/customers/57a98d98e4b00679b4a830b2/cards"},"customer":{"href":"http://user/customers/57a98d98e4b00679b4a830b2"},"self":{"href":"http://user/customers/57a98d98e4b00679b4a830b2"}}}}

57a98d98e4b00679b4a830b2
Merging carts for customer id: 57a98d98e4b00679b4a830b2 and session id: DPOhfqfUm2Zl6pXs63amJKVT1zISwCcs
Carts merged.
Sent cookies.
[0mGET /login [32m200 [0m8.719 ms - 13[0m
Error: Can't set headers after they are sent.
    at ServerResponse.OutgoingMessage.setHeader (_http_outgoing.js:356:11)
    at ServerResponse.header (/usr/src/app/node_modules/express/lib/response.js:725:10)
    at ServerResponse.send (/usr/src/app/node_modules/express/lib/response.js:170:12)
    at ServerResponse.json (/usr/src/app/node_modules/express/lib/response.js:256:15)
    at ServerResponse.send (/usr/src/app/node_modules/express/lib/response.js:158:21)
    at helpers.errorHandler (/usr/src/app/helpers/index.js:22:7)
    at Layer.handle_error (/usr/src/app/node_modules/express/lib/router/layer.js:71:5)
    at trim_prefix (/usr/src/app/node_modules/express/lib/router/index.js:315:13)
    at /usr/src/app/node_modules/express/lib/router/index.js:284:7
    at Function.process_params (/usr/src/app/node_modules/express/lib/router/index.js:335:12)
Request received with body: {}
Received response: "{\n  \"_embedded\" : {\n    \"customerOrders\" : [ ]\n  },\n  \"_links\" : {\n    \"self\" : {\n      \"href\" : \"http://orders/orders/search/customerId?sort=date&custId=undefined\"\n    }\n  }\n}"
[0mGET /orders [32m201 [0m4.265 ms - -[0m
Error: Can't set headers after they are sent.
    at ServerResponse.OutgoingMessage.setHeader (_http_outgoing.js:356:11)
    at ServerResponse.header (/usr/src/app/node_modules/express/lib/response.js:725:10)
    at ServerResponse.json (/usr/src/app/node_modules/express/lib/response.js:253:10)
    at ServerResponse.send (/usr/src/app/node_modules/express/lib/response.js:158:21)
    at helpers.errorHandler (/usr/src/app/helpers/index.js:22:7)
    at Layer.handle_error (/usr/src/app/node_modules/express/lib/router/layer.js:71:5)
    at trim_prefix (/usr/src/app/node_modules/express/lib/router/index.js:315:13)
    at /usr/src/app/node_modules/express/lib/router/index.js:284:7
    at Function.process_params (/usr/src/app/node_modules/express/lib/router/index.js:335:12)
    at next (/usr/src/app/node_modules/express/lib/router/index.js:275:10)
[0mGET /catalogue [32m200 [0m2.895 ms - -[0m
Error: Can't set headers after they are sent.
    at ServerResponse.OutgoingMessage.setHeader (_http_outgoing.js:356:11)
    at ServerResponse.header (/usr/src/app/node_modules/express/lib/response.js:725:10)
    at ServerResponse.json (/usr/src/app/node_modules/express/lib/response.js:253:10)
    at ServerResponse.send (/usr/src/app/node_modules/express/lib/response.js:158:21)
    at helpers.errorHandler (/usr/src/app/helpers/index.js:22:7)
    at Layer.handle_error (/usr/src/app/node_modules/express/lib/router/layer.js:71:5)
    at trim_prefix (/usr/src/app/node_modules/express/lib/router/index.js:315:13)
    at /usr/src/app/node_modules/express/lib/router/index.js:284:7
    at Function.process_params (/usr/src/app/node_modules/express/lib/router/index.js:335:12)
    at next (/usr/src/app/node_modules/express/lib/router/index.js:275:10)
Received login request
{"user":{"firstName":"User","lastName":"Name","username":"user","id":"57a98d98e4b00679b4a830b2","_links":{"addresses":{"href":"http://user/customers/57a98d98e4b00679b4a830b2/addresses"},"cards":{"href":"http://user/customers/57a98d98e4b00679b4a830b2/cards"},"customer":{"href":"http://user/customers/57a98d98e4b00679b4a830b2"},"self":{"href":"http://user/customers/57a98d98e4b00679b4a830b2"}}}}

57a98d98e4b00679b4a830b2
Merging carts for customer id: 57a98d98e4b00679b4a830b2 and session id: 7jzf0dwvL_EtljitGKY8GALc0qrgzZHW
Carts merged.
Sent cookies.
[0mGET /login [32m200 [0m8.868 ms - 13[0m
Error: Can't set headers after they are sent.
    at ServerResponse.OutgoingMessage.setHeader (_http_outgoing.js:356:11)
    at ServerResponse.header (/usr/src/app/node_modules/express/lib/response.js:725:10)
    at ServerResponse.send (/usr/src/app/node_modules/express/lib/response.js:170:12)
    at ServerResponse.json (/usr/src/app/node_modules/express/lib/response.js:256:15)
    at ServerResponse.send (/usr/src/app/node_modules/express/lib/response.js:158:21)
    at helpers.errorHandler (/usr/src/app/helpers/index.js:22:7)
    at Layer.handle_error (/usr/src/app/node_modules/express/lib/router/layer.js:71:5)
    at trim_prefix (/usr/src/app/node_modules/express/lib/router/index.js:315:13)
    at /usr/src/app/node_modules/express/lib/router/index.js:284:7
    at Function.process_params (/usr/src/app/node_modules/express/lib/router/index.js:335:12)
Request received with body: {}
Received response: "{\n  \"_embedded\" : {\n    \"customerOrders\" : [ ]\n  },\n  \"_links\" : {\n    \"self\" : {\n      \"href\" : \"http://orders/orders/search/customerId?sort=date&custId=undefined\"\n    }\n  }\n}"
[0mGET /orders [32m201 [0m4.396 ms - -[0m
Error: Can't set headers after they are sent.
    at ServerResponse.OutgoingMessage.setHeader (_http_outgoing.js:356:11)
    at ServerResponse.header (/usr/src/app/node_modules/express/lib/response.js:725:10)
    at ServerResponse.json (/usr/src/app/node_modules/express/lib/response.js:253:10)
    at ServerResponse.send (/usr/src/app/node_modules/express/lib/response.js:158:21)
    at helpers.errorHandler (/usr/src/app/helpers/index.js:22:7)
    at Layer.handle_error (/usr/src/app/node_modules/express/lib/router/layer.js:71:5)
    at trim_prefix (/usr/src/app/node_modules/express/lib/router/index.js:315:13)
    at /usr/src/app/node_modules/express/lib/router/index.js:284:7
    at Function.process_params (/usr/src/app/node_modules/express/lib/router/index.js:335:12)
    at next (/usr/src/app/node_modules/express/lib/router/index.js:275:10)
[0mGET /catalogue [32m200 [0m3.325 ms - -[0m
Error: Can't set headers after they are sent.
    at ServerResponse.OutgoingMessage.setHeader (_http_outgoing.js:356:11)
    at ServerResponse.header (/usr/src/app/node_modules/express/lib/response.js:725:10)
    at ServerResponse.json (/usr/src/app/node_modules/express/lib/response.js:253:10)
    at ServerResponse.send (/usr/src/app/node_modules/express/lib/response.js:158:21)
    at helpers.errorHandler (/usr/src/app/helpers/index.js:22:7)
    at Layer.handle_error (/usr/src/app/node_modules/express/lib/router/layer.js:71:5)
    at trim_prefix (/usr/src/app/node_modules/express/lib/router/index.js:315:13)
    at /usr/src/app/node_modules/express/lib/router/index.js:284:7
    at Function.process_params (/usr/src/app/node_modules/express/lib/router/index.js:335:12)
    at next (/usr/src/app/node_modules/express/lib/router/index.js:275:10)
Received login request
{"user":{"firstName":"User","lastName":"Name","username":"user","id":"57a98d98e4b00679b4a830b2","_links":{"addresses":{"href":"http://user/customers/57a98d98e4b00679b4a830b2/addresses"},"cards":{"href":"http://user/customers/57a98d98e4b00679b4a830b2/cards"},"customer":{"href":"http://user/customers/57a98d98e4b00679b4a830b2"},"self":{"href":"http://user/customers/57a98d98e4b00679b4a830b2"}}}}

57a98d98e4b00679b4a830b2
Merging carts for customer id: 57a98d98e4b00679b4a830b2 and session id: QQiEKwGH5aHDaN8W98StSaSYAVT0wkAG
Carts merged.
Sent cookies.
[0mGET /login [32m200 [0m8.135 ms - 13[0m
Error: Can't set headers after they are sent.
    at ServerResponse.OutgoingMessage.setHeader (_http_outgoing.js:356:11)
    at ServerResponse.header (/usr/src/app/node_modules/express/lib/response.js:725:10)
    at ServerResponse.send (/usr/src/app/node_modules/express/lib/response.js:170:12)
    at ServerResponse.json (/usr/src/app/node_modules/express/lib/response.js:256:15)
    at ServerResponse.send (/usr/src/app/node_modules/express/lib/response.js:158:21)
    at helpers.errorHandler (/usr/src/app/helpers/index.js:22:7)
    at Layer.handle_error (/usr/src/app/node_modules/express/lib/router/layer.js:71:5)
    at trim_prefix (/usr/src/app/node_modules/express/lib/router/index.js:315:13)
    at /usr/src/app/node_modules/express/lib/router/index.js:284:7
    at Function.process_params (/usr/src/app/node_modules/express/lib/router/index.js:335:12)
Request received with body: {}
Received response: "{\n  \"_embedded\" : {\n    \"customerOrders\" : [ ]\n  },\n  \"_links\" : {\n    \"self\" : {\n      \"href\" : \"http://orders/orders/search/customerId?sort=date&custId=undefined\"\n    }\n  }\n}"
[0mGET /orders [32m201 [0m4.219 ms - -[0m
Error: Can't set headers after they are sent.
    at ServerResponse.OutgoingMessage.setHeader (_http_outgoing.js:356:11)
    at ServerResponse.header (/usr/src/app/node_modules/express/lib/response.js:725:10)
    at ServerResponse.json (/usr/src/app/node_modules/express/lib/response.js:253:10)
    at ServerResponse.send (/usr/src/app/node_modules/express/lib/response.js:158:21)
    at helpers.errorHandler (/usr/src/app/helpers/index.js:22:7)
    at Layer.handle_error (/usr/src/app/node_modules/express/lib/router/layer.js:71:5)
    at trim_prefix (/usr/src/app/node_modules/express/lib/router/index.js:315:13)
    at /usr/src/app/node_modules/express/lib/router/index.js:284:7
    at Function.process_params (/usr/src/app/node_modules/express/lib/router/index.js:335:12)
    at next (/usr/src/app/node_modules/express/lib/router/index.js:275:10)
[0mGET /catalogue [32m200 [0m2.933 ms - -[0m
Error: Can't set headers after they are sent.
    at ServerResponse.OutgoingMessage.setHeader (_http_outgoing.js:356:11)
    at ServerResponse.header (/usr/src/app/node_modules/express/lib/response.js:725:10)
    at ServerResponse.json (/usr/src/app/node_modules/express/lib/response.js:253:10)
    at ServerResponse.send (/usr/src/app/node_modules/express/lib/response.js:158:21)
    at helpers.errorHandler (/usr/src/app/helpers/index.js:22:7)
    at Layer.handle_error (/usr/src/app/node_modules/express/lib/router/layer.js:71:5)
    at trim_prefix (/usr/src/app/node_modules/express/lib/router/index.js:315:13)
    at /usr/src/app/node_modules/express/lib/router/index.js:284:7
    at Function.process_params (/usr/src/app/node_modules/express/lib/router/index.js:335:12)
    at next (/usr/src/app/node_modules/express/lib/router/index.js:275:10)
Received login request
{"user":{"firstName":"User","lastName":"Name","username":"user","id":"57a98d98e4b00679b4a830b2","_links":{"addresses":{"href":"http://user/customers/57a98d98e4b00679b4a830b2/addresses"},"cards":{"href":"http://user/customers/57a98d98e4b00679b4a830b2/cards"},"customer":{"href":"http://user/customers/57a98d98e4b00679b4a830b2"},"self":{"href":"http://user/customers/57a98d98e4b00679b4a830b2"}}}}

57a98d98e4b00679b4a830b2
Merging carts for customer id: 57a98d98e4b00679b4a830b2 and session id: 8neMe1IZXk2Oj7zXQoHLDjvztvCNGEC4
Carts merged.
Sent cookies.
[0mGET /login [32m200 [0m8.571 ms - 13[0m
Error: Can't set headers after they are sent.
    at ServerResponse.OutgoingMessage.setHeader (_http_outgoing.js:356:11)
    at ServerResponse.header (/usr/src/app/node_modules/express/lib/response.js:725:10)
    at ServerResponse.send (/usr/src/app/node_modules/express/lib/response.js:170:12)
    at ServerResponse.json (/usr/src/app/node_modules/express/lib/response.js:256:15)
    at ServerResponse.send (/usr/src/app/node_modules/express/lib/response.js:158:21)
    at helpers.errorHandler (/usr/src/app/helpers/index.js:22:7)
    at Layer.handle_error (/usr/src/app/node_modules/express/lib/router/layer.js:71:5)
    at trim_prefix (/usr/src/app/node_modules/express/lib/router/index.js:315:13)
    at /usr/src/app/node_modules/express/lib/router/index.js:284:7
    at Function.process_params (/usr/src/app/node_modules/express/lib/router/index.js:335:12)
Request received with body: {}
Received response: "{\n  \"_embedded\" : {\n    \"customerOrders\" : [ ]\n  },\n  \"_links\" : {\n    \"self\" : {\n      \"href\" : \"http://orders/orders/search/customerId?sort=date&custId=undefined\"\n    }\n  }\n}"
[0mGET /orders [32m201 [0m4.188 ms - -[0m
Error: Can't set headers after they are sent.
    at ServerResponse.OutgoingMessage.setHeader (_http_outgoing.js:356:11)
    at ServerResponse.header (/usr/src/app/node_modules/express/lib/response.js:725:10)
    at ServerResponse.json (/usr/src/app/node_modules/express/lib/response.js:253:10)
    at ServerResponse.send (/usr/src/app/node_modules/express/lib/response.js:158:21)
    at helpers.errorHandler (/usr/src/app/helpers/index.js:22:7)
    at Layer.handle_error (/usr/src/app/node_modules/express/lib/router/layer.js:71:5)
    at trim_prefix (/usr/src/app/node_modules/express/lib/router/index.js:315:13)
    at /usr/src/app/node_modules/express/lib/router/index.js:284:7
    at Function.process_params (/usr/src/app/node_modules/express/lib/router/index.js:335:12)
    at next (/usr/src/app/node_modules/express/lib/router/index.js:275:10)
[0mGET /catalogue [32m200 [0m2.964 ms - -[0m
Error: Can't set headers after they are sent.
    at ServerResponse.OutgoingMessage.setHeader (_http_outgoing.js:356:11)
    at ServerResponse.header (/usr/src/app/node_modules/express/lib/response.js:725:10)
    at ServerResponse.json (/usr/src/app/node_modules/express/lib/response.js:253:10)
    at ServerResponse.send (/usr/src/app/node_modules/express/lib/response.js:158:21)
    at helpers.errorHandler (/usr/src/app/helpers/index.js:22:7)
    at Layer.handle_error (/usr/src/app/node_modules/express/lib/router/layer.js:71:5)
    at trim_prefix (/usr/src/app/node_modules/express/lib/router/index.js:315:13)
    at /usr/src/app/node_modules/express/lib/router/index.js:284:7
    at Function.process_params (/usr/src/app/node_modules/express/lib/router/index.js:335:12)
    at next (/usr/src/app/node_modules/express/lib/router/index.js:275:10)
Received login request
{"user":{"firstName":"User","lastName":"Name","username":"user","id":"57a98d98e4b00679b4a830b2","_links":{"addresses":{"href":"http://user/customers/57a98d98e4b00679b4a830b2/addresses"},"cards":{"href":"http://user/customers/57a98d98e4b00679b4a830b2/cards"},"customer":{"href":"http://user/customers/57a98d98e4b00679b4a830b2"},"self":{"href":"http://user/customers/57a98d98e4b00679b4a830b2"}}}}

57a98d98e4b00679b4a830b2
Merging carts for customer id: 57a98d98e4b00679b4a830b2 and session id: qamXrwBGv8xVcFxnKFjKFrZRb7ZcigtX
Carts merged.
Sent cookies.
[0mGET /login [32m200 [0m7.938 ms - 13[0m
Error: Can't set headers after they are sent.
    at ServerResponse.OutgoingMessage.setHeader (_http_outgoing.js:356:11)
    at ServerResponse.header (/usr/src/app/node_modules/express/lib/response.js:725:10)
    at ServerResponse.send (/usr/src/app/node_modules/express/lib/response.js:170:12)
    at ServerResponse.json (/usr/src/app/node_modules/express/lib/response.js:256:15)
    at ServerResponse.send (/usr/src/app/node_modules/express/lib/response.js:158:21)
    at helpers.errorHandler (/usr/src/app/helpers/index.js:22:7)
    at Layer.handle_error (/usr/src/app/node_modules/express/lib/router/layer.js:71:5)
    at trim_prefix (/usr/src/app/node_modules/express/lib/router/index.js:315:13)
    at /usr/src/app/node_modules/express/lib/router/index.js:284:7
    at Function.process_params (/usr/src/app/node_modules/express/lib/router/index.js:335:12)
Request received with body: {}
Received response: "{\n  \"_embedded\" : {\n    \"customerOrders\" : [ ]\n  },\n  \"_links\" : {\n    \"self\" : {\n      \"href\" : \"http://orders/orders/search/customerId?sort=date&custId=undefined\"\n    }\n  }\n}"
[0mGET /orders [32m201 [0m4.370 ms - -[0m
Error: Can't set headers after they are sent.
    at ServerResponse.OutgoingMessage.setHeader (_http_outgoing.js:356:11)
    at ServerResponse.header (/usr/src/app/node_modules/express/lib/response.js:725:10)
    at ServerResponse.json (/usr/src/app/node_modules/express/lib/response.js:253:10)
    at ServerResponse.send (/usr/src/app/node_modules/express/lib/response.js:158:21)
    at helpers.errorHandler (/usr/src/app/helpers/index.js:22:7)
    at Layer.handle_error (/usr/src/app/node_modules/express/lib/router/layer.js:71:5)
    at trim_prefix (/usr/src/app/node_modules/express/lib/router/index.js:315:13)
    at /usr/src/app/node_modules/express/lib/router/index.js:284:7
    at Function.process_params (/usr/src/app/node_modules/express/lib/router/index.js:335:12)
    at next (/usr/src/app/node_modules/express/lib/router/index.js:275:10)
[0mGET /catalogue [32m200 [0m3.065 ms - -[0m
Error: Can't set headers after they are sent.
    at ServerResponse.OutgoingMessage.setHeader (_http_outgoing.js:356:11)
    at ServerResponse.header (/usr/src/app/node_modules/express/lib/response.js:725:10)
    at ServerResponse.json (/usr/src/app/node_modules/express/lib/response.js:253:10)
    at ServerResponse.send (/usr/src/app/node_modules/express/lib/response.js:158:21)
    at helpers.errorHandler (/usr/src/app/helpers/index.js:22:7)
    at Layer.handle_error (/usr/src/app/node_modules/express/lib/router/layer.js:71:5)
    at trim_prefix (/usr/src/app/node_modules/express/lib/router/index.js:315:13)
    at /usr/src/app/node_modules/express/lib/router/index.js:284:7
    at Function.process_params (/usr/src/app/node_modules/express/lib/router/index.js:335:12)
    at next (/usr/src/app/node_modules/express/lib/router/index.js:275:10)
Received login request
{"user":{"firstName":"User","lastName":"Name","username":"user","id":"57a98d98e4b00679b4a830b2","_links":{"addresses":{"href":"http://user/customers/57a98d98e4b00679b4a830b2/addresses"},"cards":{"href":"http://user/customers/57a98d98e4b00679b4a830b2/cards"},"customer":{"href":"http://user/customers/57a98d98e4b00679b4a830b2"},"self":{"href":"http://user/customers/57a98d98e4b00679b4a830b2"}}}}

57a98d98e4b00679b4a830b2
Merging carts for customer id: 57a98d98e4b00679b4a830b2 and session id: n9WuuKE6wfcl-NT0KxTkzLCAqi6r7bfP
Carts merged.
Sent cookies.
[0mGET /login [32m200 [0m8.674 ms - 13[0m
Error: Can't set headers after they are sent.
    at ServerResponse.OutgoingMessage.setHeader (_http_outgoing.js:356:11)
    at ServerResponse.header (/usr/src/app/node_modules/express/lib/response.js:725:10)
    at ServerResponse.send (/usr/src/app/node_modules/express/lib/response.js:170:12)
    at ServerResponse.json (/usr/src/app/node_modules/express/lib/response.js:256:15)
    at ServerResponse.send (/usr/src/app/node_modules/express/lib/response.js:158:21)
    at helpers.errorHandler (/usr/src/app/helpers/index.js:22:7)
    at Layer.handle_error (/usr/src/app/node_modules/express/lib/router/layer.js:71:5)
    at trim_prefix (/usr/src/app/node_modules/express/lib/router/index.js:315:13)
    at /usr/src/app/node_modules/express/lib/router/index.js:284:7
    at Function.process_params (/usr/src/app/node_modules/express/lib/router/index.js:335:12)
Request received with body: {}
Received response: "{\n  \"_embedded\" : {\n    \"customerOrders\" : [ ]\n  },\n  \"_links\" : {\n    \"self\" : {\n      \"href\" : \"http://orders/orders/search/customerId?sort=date&custId=undefined\"\n    }\n  }\n}"
[0mGET /orders [32m201 [0m4.829 ms - -[0m
Error: Can't set headers after they are sent.
    at ServerResponse.OutgoingMessage.setHeader (_http_outgoing.js:356:11)
    at ServerResponse.header (/usr/src/app/node_modules/express/lib/response.js:725:10)
    at ServerResponse.json (/usr/src/app/node_modules/express/lib/response.js:253:10)
    at ServerResponse.send (/usr/src/app/node_modules/express/lib/response.js:158:21)
    at helpers.errorHandler (/usr/src/app/helpers/index.js:22:7)
    at Layer.handle_error (/usr/src/app/node_modules/express/lib/router/layer.js:71:5)
    at trim_prefix (/usr/src/app/node_modules/express/lib/router/index.js:315:13)
    at /usr/src/app/node_modules/express/lib/router/index.js:284:7
    at Function.process_params (/usr/src/app/node_modules/express/lib/router/index.js:335:12)
    at next (/usr/src/app/node_modules/express/lib/router/index.js:275:10)
[0mGET /catalogue [32m200 [0m3.150 ms - -[0m
Error: Can't set headers after they are sent.
    at ServerResponse.OutgoingMessage.setHeader (_http_outgoing.js:356:11)
    at ServerResponse.header (/usr/src/app/node_modules/express/lib/response.js:725:10)
    at ServerResponse.json (/usr/src/app/node_modules/express/lib/response.js:253:10)
    at ServerResponse.send (/usr/src/app/node_modules/express/lib/response.js:158:21)
    at helpers.errorHandler (/usr/src/app/helpers/index.js:22:7)
    at Layer.handle_error (/usr/src/app/node_modules/express/lib/router/layer.js:71:5)
    at trim_prefix (/usr/src/app/node_modules/express/lib/router/index.js:315:13)
    at /usr/src/app/node_modules/express/lib/router/index.js:284:7
    at Function.process_params (/usr/src/app/node_modules/express/lib/router/index.js:335:12)
    at next (/usr/src/app/node_modules/express/lib/router/index.js:275:10)
Received login request
{"user":{"firstName":"User","lastName":"Name","username":"user","id":"57a98d98e4b00679b4a830b2","_links":{"addresses":{"href":"http://user/customers/57a98d98e4b00679b4a830b2/addresses"},"cards":{"href":"http://user/customers/57a98d98e4b00679b4a830b2/cards"},"customer":{"href":"http://user/customers/57a98d98e4b00679b4a830b2"},"self":{"href":"http://user/customers/57a98d98e4b00679b4a830b2"}}}}

57a98d98e4b00679b4a830b2
Merging carts for customer id: 57a98d98e4b00679b4a830b2 and session id: CeapuCzHhZ0AqYLRZNCMPntOi-Mbc0Vs
Carts merged.
Sent cookies.
[0mGET /login [32m200 [0m8.547 ms - 13[0m
Error: Can't set headers after they are sent.
    at ServerResponse.OutgoingMessage.setHeader (_http_outgoing.js:356:11)
    at ServerResponse.header (/usr/src/app/node_modules/express/lib/response.js:725:10)
    at ServerResponse.send (/usr/src/app/node_modules/express/lib/response.js:170:12)
    at ServerResponse.json (/usr/src/app/node_modules/express/lib/response.js:256:15)
    at ServerResponse.send (/usr/src/app/node_modules/express/lib/response.js:158:21)
    at helpers.errorHandler (/usr/src/app/helpers/index.js:22:7)
    at Layer.handle_error (/usr/src/app/node_modules/express/lib/router/layer.js:71:5)
    at trim_prefix (/usr/src/app/node_modules/express/lib/router/index.js:315:13)
    at /usr/src/app/node_modules/express/lib/router/index.js:284:7
    at Function.process_params (/usr/src/app/node_modules/express/lib/router/index.js:335:12)
Request received with body: {}
Received response: "{\n  \"_embedded\" : {\n    \"customerOrders\" : [ ]\n  },\n  \"_links\" : {\n    \"self\" : {\n      \"href\" : \"http://orders/orders/search/customerId?sort=date&custId=undefined\"\n    }\n  }\n}"
[0mGET /orders [32m201 [0m4.196 ms - -[0m
Error: Can't set headers after they are sent.
    at ServerResponse.OutgoingMessage.setHeader (_http_outgoing.js:356:11)
    at ServerResponse.header (/usr/src/app/node_modules/express/lib/response.js:725:10)
    at ServerResponse.json (/usr/src/app/node_modules/express/lib/response.js:253:10)
    at ServerResponse.send (/usr/src/app/node_modules/express/lib/response.js:158:21)
    at helpers.errorHandler (/usr/src/app/helpers/index.js:22:7)
    at Layer.handle_error (/usr/src/app/node_modules/express/lib/router/layer.js:71:5)
    at trim_prefix (/usr/src/app/node_modules/express/lib/router/index.js:315:13)
    at /usr/src/app/node_modules/express/lib/router/index.js:284:7
    at Function.process_params (/usr/src/app/node_modules/express/lib/router/index.js:335:12)
    at next (/usr/src/app/node_modules/express/lib/router/index.js:275:10)
[0mGET /catalogue [32m200 [0m3.006 ms - -[0m
Error: Can't set headers after they are sent.
    at ServerResponse.OutgoingMessage.setHeader (_http_outgoing.js:356:11)
    at ServerResponse.header (/usr/src/app/node_modules/express/lib/response.js:725:10)
    at ServerResponse.json (/usr/src/app/node_modules/express/lib/response.js:253:10)
    at ServerResponse.send (/usr/src/app/node_modules/express/lib/response.js:158:21)
    at helpers.errorHandler (/usr/src/app/helpers/index.js:22:7)
    at Layer.handle_error (/usr/src/app/node_modules/express/lib/router/layer.js:71:5)
    at trim_prefix (/usr/src/app/node_modules/express/lib/router/index.js:315:13)
    at /usr/src/app/node_modules/express/lib/router/index.js:284:7
    at Function.process_params (/usr/src/app/node_modules/express/lib/router/index.js:335:12)
    at next (/usr/src/app/node_modules/express/lib/router/index.js:275:10)
Received login request
{"user":{"firstName":"User","lastName":"Name","username":"user","id":"57a98d98e4b00679b4a830b2","_links":{"addresses":{"href":"http://user/customers/57a98d98e4b00679b4a830b2/addresses"},"cards":{"href":"http://user/customers/57a98d98e4b00679b4a830b2/cards"},"customer":{"href":"http://user/customers/57a98d98e4b00679b4a830b2"},"self":{"href":"http://user/customers/57a98d98e4b00679b4a830b2"}}}}

57a98d98e4b00679b4a830b2
Merging carts for customer id: 57a98d98e4b00679b4a830b2 and session id: arwPN8F_0kEZL75ZFI73edcVU1zkNfFV
Carts merged.
Sent cookies.
[0mGET /login [32m200 [0m8.437 ms - 13[0m
Error: Can't set headers after they are sent.
    at ServerResponse.OutgoingMessage.setHeader (_http_outgoing.js:356:11)
    at ServerResponse.header (/usr/src/app/node_modules/express/lib/response.js:725:10)
    at ServerResponse.send (/usr/src/app/node_modules/express/lib/response.js:170:12)
    at ServerResponse.json (/usr/src/app/node_modules/express/lib/response.js:256:15)
    at ServerResponse.send (/usr/src/app/node_modules/express/lib/response.js:158:21)
    at helpers.errorHandler (/usr/src/app/helpers/index.js:22:7)
    at Layer.handle_error (/usr/src/app/node_modules/express/lib/router/layer.js:71:5)
    at trim_prefix (/usr/src/app/node_modules/express/lib/router/index.js:315:13)
    at /usr/src/app/node_modules/express/lib/router/index.js:284:7
    at Function.process_params (/usr/src/app/node_modules/express/lib/router/index.js:335:12)
Request received with body: {}
Received response: "{\n  \"_embedded\" : {\n    \"customerOrders\" : [ ]\n  },\n  \"_links\" : {\n    \"self\" : {\n      \"href\" : \"http://orders/orders/search/customerId?sort=date&custId=undefined\"\n    }\n  }\n}"
[0mGET /orders [32m201 [0m4.618 ms - -[0m
Error: Can't set headers after they are sent.
    at ServerResponse.OutgoingMessage.setHeader (_http_outgoing.js:356:11)
    at ServerResponse.header (/usr/src/app/node_modules/express/lib/response.js:725:10)
    at ServerResponse.json (/usr/src/app/node_modules/express/lib/response.js:253:10)
    at ServerResponse.send (/usr/src/app/node_modules/express/lib/response.js:158:21)
    at helpers.errorHandler (/usr/src/app/helpers/index.js:22:7)
    at Layer.handle_error (/usr/src/app/node_modules/express/lib/router/layer.js:71:5)
    at trim_prefix (/usr/src/app/node_modules/express/lib/router/index.js:315:13)
    at /usr/src/app/node_modules/express/lib/router/index.js:284:7
    at Function.process_params (/usr/src/app/node_modules/express/lib/router/index.js:335:12)
    at next (/usr/src/app/node_modules/express/lib/router/index.js:275:10)
