ts=2026-08-16T06:09:39Z caller=logging.go:85 method=Health result=2 took=29.096碌s
ts=2026-08-16T06:09:41Z caller=logging.go:85 method=Health result=2 took=27.813碌s
ts=2026-08-16T06:09:42Z caller=logging.go:85 method=Health result=2 took=46.03碌s
ts=2026-08-16T06:09:44Z caller=logging.go:85 method=Health result=2 took=27.093碌s
ts=2026-08-16T06:09:45Z caller=logging.go:85 method=Health result=2 took=29.217碌s
ts=2026-08-16T06:09:47Z caller=logging.go:85 method=Health result=2 took=29.747碌s
ts=2026-08-16T06:09:48Z caller=logging.go:85 method=Health result=2 took=45.388碌s
ts=2026-08-16T06:09:50Z caller=logging.go:85 method=Health result=2 took=27.524碌s
ts=2026-08-16T06:09:51Z caller=logging.go:85 method=Health result=2 took=28.065碌s
ts=2026-08-16T06:09:53Z caller=logging.go:85 method=Health result=2 took=28.275碌s
ts=2026-08-16T06:09:54Z caller=logging.go:85 method=Health result=2 took=28.185碌s
ts=2026-08-16T06:09:56Z caller=logging.go:85 method=Health result=2 took=48.484碌s
ts=2026-08-16T06:09:57Z caller=logging.go:85 method=Health result=2 took=33.726碌s
ts=2026-08-16T06:09:59Z caller=logging.go:85 method=Health result=2 took=26.902碌s
ts=2026-08-16T06:10:00Z caller=logging.go:85 method=Health result=2 took=29.317碌s
ts=2026-08-16T06:10:02Z caller=logging.go:85 method=Health result=2 took=26.792碌s
ts=2026-08-16T06:10:03Z caller=logging.go:85 method=Health result=2 took=27.934碌s
ts=2026-08-16T06:10:05Z caller=logging.go:85 method=Health result=2 took=36.16碌s
ts=2026-08-16T06:10:06Z caller=logging.go:85 method=Health result=2 took=27.102碌s
ts=2026-08-16T06:10:08Z caller=logging.go:85 method=Health result=2 took=27.103碌s
ts=2026-08-16T06:10:09Z caller=logging.go:85 method=Health result=2 took=33.475碌s
ts=2026-08-16T06:10:11Z caller=logging.go:85 method=Health result=2 took=27.413碌s
ts=2026-08-16T06:10:12Z caller=logging.go:85 method=Health result=2 took=28.816碌s
ts=2026-08-16T06:10:14Z caller=logging.go:85 method=Health result=2 took=26.972碌s
ts=2026-08-16T06:10:15Z caller=logging.go:85 method=Health result=2 took=29.828碌s
ts=2026-08-16T06:10:17Z caller=logging.go:85 method=Health result=2 took=29.778碌s
ts=2026-08-16T06:10:18Z caller=logging.go:85 method=Health result=2 took=41.801碌s
ts=2026-08-16T06:10:20Z caller=logging.go:85 method=Health result=2 took=27.854碌s
ts=2026-08-16T06:10:21Z caller=logging.go:85 method=Health result=2 took=27.273碌s
ts=2026-08-16T06:10:23Z caller=logging.go:85 method=Health result=2 took=27.844碌s
ts=2026-08-16T06:10:24Z caller=logging.go:85 method=Health result=2 took=28.325碌s
ts=2026-08-16T06:10:26Z caller=logging.go:85 method=Health result=2 took=27.633碌s
ts=2026-08-16T06:10:27Z caller=logging.go:85 method=Health result=2 took=27.082碌s
ts=2026-08-16T06:10:29Z caller=logging.go:85 method=Health result=2 took=27.734碌s
ts=2026-08-16T06:10:30Z caller=logging.go:85 method=Health result=2 took=27.994碌s
ts=2026-08-16T06:10:32Z caller=logging.go:85 method=Health result=2 took=27.383碌s
ts=2026-08-16T06:10:33Z caller=logging.go:85 method=Health result=2 took=30.198碌s
ts=2026-08-16T06:10:35Z caller=logging.go:85 method=Health result=2 took=31.342碌s
ts=2026-08-16T06:10:36Z caller=logging.go:85 method=Health result=2 took=28.045碌s
ts=2026-08-16T06:10:38Z caller=logging.go:85 method=Health result=2 took=29.618碌s
ts=2026-08-16T06:10:39Z caller=logging.go:85 method=Health result=2 took=28.055碌s
ts=2026-08-16T06:10:41Z caller=logging.go:85 method=Health result=2 took=27.895碌s
ts=2026-08-16T06:10:42Z caller=logging.go:85 method=Health result=2 took=27.112碌s
ts=2026-08-16T06:10:44Z caller=logging.go:85 method=Health result=2 took=26.532碌s
ts=2026-08-16T06:10:45Z caller=logging.go:85 method=Health result=2 took=29.839碌s
ts=2026-08-16T06:10:47Z caller=logging.go:85 method=Health result=2 took=29.598碌s
ts=2026-08-16T06:10:48Z caller=logging.go:85 method=Health result=2 took=28.375碌s
ts=2026-08-16T06:10:50Z caller=logging.go:85 method=Health result=2 took=28.065碌s
ts=2026-08-16T06:10:51Z caller=logging.go:85 method=Health result=2 took=27.082碌s
ts=2026-08-16T06:10:53Z caller=logging.go:85 method=Health result=2 took=27.844碌s
ts=2026-08-16T06:10:54Z caller=logging.go:85 method=Health result=2 took=28.916碌s
ts=2026-08-16T06:10:56Z caller=logging.go:85 method=Health result=2 took=27.824碌s
ts=2026-08-16T06:10:57Z caller=logging.go:85 method=Health result=2 took=28.055碌s
ts=2026-08-16T06:10:59Z caller=logging.go:85 method=Health result=2 took=27.723碌s
ts=2026-08-16T06:11:00Z caller=logging.go:85 method=Health result=2 took=26.852碌s
ts=2026-08-16T06:11:02Z caller=logging.go:85 method=Health result=2 took=29.046碌s
ts=2026-08-16T06:11:03Z caller=logging.go:85 method=Health result=2 took=26.893碌s
ts=2026-08-16T06:11:05Z caller=logging.go:85 method=Health result=2 took=28.284碌s
ts=2026-08-16T06:11:06Z caller=logging.go:85 method=Health result=2 took=27.082碌s
ts=2026-08-16T06:11:08Z caller=logging.go:85 method=Health result=2 took=28.255碌s
ts=2026-08-16T06:11:09Z caller=logging.go:85 method=Health result=2 took=29.066碌s
ts=2026-08-16T06:11:11Z caller=logging.go:85 method=Health result=2 took=28.495碌s
ts=2026-08-16T06:11:12Z caller=logging.go:85 method=Health result=2 took=27.093碌s
ts=2026-08-16T06:11:14Z caller=logging.go:85 method=Health result=2 took=73.974碌s
ts=2026-08-16T06:11:15Z caller=logging.go:85 method=Health result=2 took=27.193碌s
ts=2026-08-16T06:11:17Z caller=logging.go:85 method=Health result=2 took=30.55碌s
ts=2026-08-16T06:11:18Z caller=logging.go:85 method=Health result=2 took=27.653碌s
ts=2026-08-16T06:11:20Z caller=logging.go:85 method=Health result=2 took=26.271碌s
ts=2026-08-16T06:11:21Z caller=logging.go:85 method=Health result=2 took=28.806碌s
ts=2026-08-16T06:11:23Z caller=logging.go:85 method=Health result=2 took=29.126碌s
ts=2026-08-16T06:11:24Z caller=logging.go:85 method=Health result=2 took=27.844碌s
ts=2026-08-16T06:11:26Z caller=logging.go:85 method=Health result=2 took=27.073碌s
ts=2026-08-16T06:11:27Z caller=logging.go:85 method=Health result=2 took=29.557碌s
ts=2026-08-16T06:11:29Z caller=logging.go:85 method=Health result=2 took=26.24碌s
ts=2026-08-16T06:11:30Z caller=logging.go:85 method=Health result=2 took=29.948碌s
ts=2026-08-16T06:11:32Z caller=logging.go:85 method=Health result=2 took=27.093碌s
ts=2026-08-16T06:11:33Z caller=logging.go:85 method=Health result=2 took=29.207碌s
ts=2026-08-16T06:11:35Z caller=logging.go:85 method=Health result=2 took=31.942碌s
ts=2026-08-16T06:11:36Z caller=logging.go:85 method=Health result=2 took=27.624碌s
ts=2026-08-16T06:11:38Z caller=logging.go:85 method=Health result=2 took=32.634碌s
ts=2026-08-16T06:11:39Z caller=logging.go:85 method=Health result=2 took=28.495碌s
ts=2026-08-16T06:11:41Z caller=logging.go:85 method=Health result=2 took=28.234碌s
ts=2026-08-16T06:11:42Z caller=logging.go:85 method=Health result=2 took=27.203碌s
ts=2026-08-16T06:11:43Z caller=logging.go:36 method=List tags= order=id pageNum=1 pageSize=10 result=9 err=null took=708.626碌s
ts=2026-08-16T06:11:44Z caller=logging.go:85 method=Health result=2 took=27.784碌s
ts=2026-08-16T06:11:45Z caller=logging.go:85 method=Health result=2 took=27.704碌s
ts=2026-08-16T06:11:45Z caller=logging.go:36 method=List tags= order=id pageNum=1 pageSize=10 result=9 err=null took=750.623碌s
ts=2026-08-16T06:11:47Z caller=logging.go:85 method=Health result=2 took=28.235碌s
ts=2026-08-16T06:11:48Z caller=logging.go:36 method=List tags= order=id pageNum=1 pageSize=10 result=9 err=null took=774.413碌s
ts=2026-08-16T06:11:48Z caller=logging.go:85 method=Health result=2 took=27.714碌s
ts=2026-08-16T06:11:50Z caller=logging.go:36 method=List tags= order=id pageNum=1 pageSize=10 result=9 err=null took=761.859碌s
ts=2026-08-16T06:11:50Z caller=logging.go:85 method=Health result=2 took=29.457碌s
ts=2026-08-16T06:11:51Z caller=logging.go:85 method=Health result=2 took=28.765碌s
ts=2026-08-16T06:11:52Z caller=logging.go:36 method=List tags= order=id pageNum=1 pageSize=10 result=9 err=null took=796.747碌s
ts=2026-08-16T06:11:53Z caller=logging.go:85 method=Health result=2 took=34.787碌s
ts=2026-08-16T06:11:54Z caller=logging.go:36 method=List tags= order=id pageNum=1 pageSize=10 result=9 err=null took=736.951碌s
ts=2026-08-16T06:11:54Z caller=logging.go:85 method=Health result=2 took=27.444碌s
ts=2026-08-16T06:11:56Z caller=logging.go:85 method=Health result=2 took=29.838碌s
ts=2026-08-16T06:11:57Z caller=logging.go:36 method=List tags= order=id pageNum=1 pageSize=10 result=9 err=null took=969.131碌s
ts=2026-08-16T06:11:57Z caller=logging.go:85 method=Health result=2 took=28.595碌s
ts=2026-08-16T06:11:59Z caller=logging.go:85 method=Health result=2 took=27.594碌s
ts=2026-08-16T06:12:00Z caller=logging.go:36 method=List tags= order=id pageNum=1 pageSize=10 result=9 err=null took=754.885碌s
ts=2026-08-16T06:12:00Z caller=logging.go:85 method=Health result=2 took=28.074碌s
ts=2026-08-16T06:12:02Z caller=logging.go:85 method=Health result=2 took=45.088碌s
ts=2026-08-16T06:12:03Z caller=logging.go:36 method=List tags= order=id pageNum=1 pageSize=10 result=9 err=null took=787.739碌s
ts=2026-08-16T06:12:03Z caller=logging.go:85 method=Health result=2 took=29.046碌s
ts=2026-08-16T06:12:05Z caller=logging.go:85 method=Health result=2 took=28.485碌s
ts=2026-08-16T06:12:06Z caller=logging.go:36 method=List tags= order=id pageNum=1 pageSize=10 result=9 err=null took=795.544碌s
ts=2026-08-16T06:12:06Z caller=logging.go:85 method=Health result=2 took=27.664碌s
ts=2026-08-16T06:12:08Z caller=logging.go:85 method=Health result=2 took=28.595碌s
ts=2026-08-16T06:12:09Z caller=logging.go:36 method=List tags= order=id pageNum=1 pageSize=10 result=9 err=null took=692.344碌s
ts=2026-08-16T06:12:09Z caller=logging.go:85 method=Health result=2 took=26.381碌s
ts=2026-08-16T06:12:11Z caller=logging.go:85 method=Health result=2 took=27.523碌s
ts=2026-08-16T06:12:12Z caller=logging.go:36 method=List tags= order=id pageNum=1 pageSize=10 result=9 err=null took=797.959碌s
ts=2026-08-16T06:12:12Z caller=logging.go:85 method=Health result=2 took=16.211碌s
ts=2026-08-16T06:12:14Z caller=logging.go:85 method=Health result=2 took=27.744碌s
ts=2026-08-16T06:12:15Z caller=logging.go:85 method=Health result=2 took=27.483碌s
ts=2026-08-16T06:12:15Z caller=logging.go:36 method=List tags= order=id pageNum=1 pageSize=10 result=9 err=null took=745.827碌s
ts=2026-08-16T06:12:17Z caller=logging.go:85 method=Health result=2 took=28.014碌s
ts=2026-08-16T06:12:18Z caller=logging.go:85 method=Health result=2 took=52.973碌s
ts=2026-08-16T06:12:19Z caller=logging.go:36 method=List tags= order=id pageNum=1 pageSize=10 result=9 err=null took=784.162碌s
ts=2026-08-16T06:12:20Z caller=logging.go:85 method=Health result=2 took=26.241碌s
ts=2026-08-16T06:12:21Z caller=logging.go:85 method=Health result=2 took=28.475碌s
ts=2026-08-16T06:12:22Z caller=logging.go:36 method=List tags= order=id pageNum=1 pageSize=10 result=9 err=null took=768.391碌s
ts=2026-08-16T06:12:23Z caller=logging.go:85 method=Health result=2 took=29.648碌s
ts=2026-08-16T06:12:24Z caller=logging.go:85 method=Health result=2 took=29.367碌s
ts=2026-08-16T06:12:25Z caller=logging.go:36 method=List tags= order=id pageNum=1 pageSize=10 result=9 err=null took=727.928碌s
ts=2026-08-16T06:12:26Z caller=logging.go:85 method=Health result=2 took=28.395碌s
ts=2026-08-16T06:12:27Z caller=logging.go:85 method=Health result=2 took=30.389碌s
ts=2026-08-16T06:12:28Z caller=logging.go:36 method=List tags= order=id pageNum=1 pageSize=10 result=9 err=null took=800.575碌s
ts=2026-08-16T06:12:29Z caller=logging.go:85 method=Health result=2 took=28.044碌s
ts=2026-08-16T06:12:30Z caller=logging.go:85 method=Health result=2 took=30.919碌s
ts=2026-08-16T06:12:31Z caller=logging.go:36 method=List tags= order=id pageNum=1 pageSize=10 result=9 err=null took=744.162碌s
ts=2026-08-16T06:12:32Z caller=logging.go:85 method=Health result=2 took=28.094碌s
ts=2026-08-16T06:12:33Z caller=logging.go:85 method=Health result=2 took=26.822碌s
ts=2026-08-16T06:12:34Z caller=logging.go:36 method=List tags= order=id pageNum=1 pageSize=10 result=9 err=null took=701.574碌s
ts=2026-08-16T06:12:35Z caller=logging.go:85 method=Health result=2 took=27.995碌s
ts=2026-08-16T06:12:36Z caller=logging.go:85 method=Health result=2 took=27.543碌s
ts=2026-08-16T06:12:37Z caller=logging.go:36 method=List tags= order=id pageNum=1 pageSize=10 result=9 err=null took=826.006碌s
ts=2026-08-16T06:12:38Z caller=logging.go:85 method=Health result=2 took=29.497碌s
ts=2026-08-16T06:12:39Z caller=logging.go:85 method=Health result=2 took=27.864碌s
ts=2026-08-16T06:12:40Z caller=logging.go:36 method=List tags= order=id pageNum=1 pageSize=10 result=9 err=null took=905.211碌s
ts=2026-08-16T06:12:41Z caller=logging.go:85 method=Health result=2 took=27.283碌s
ts=2026-08-16T06:12:42Z caller=logging.go:85 method=Health result=2 took=27.764碌s
ts=2026-08-16T06:12:43Z caller=logging.go:36 method=List tags= order=id pageNum=1 pageSize=10 result=9 err=null took=777.894碌s
ts=2026-08-16T06:12:44Z caller=logging.go:85 method=Health result=2 took=29.918碌s
ts=2026-08-16T06:12:45Z caller=logging.go:85 method=Health result=2 took=27.493碌s
ts=2026-08-16T06:12:46Z caller=logging.go:36 method=List tags= order=id pageNum=1 pageSize=10 result=9 err=null took=750.415碌s
ts=2026-08-16T06:12:47Z caller=logging.go:85 method=Health result=2 took=28.916碌s
ts=2026-08-16T06:12:48Z caller=logging.go:85 method=Health result=2 took=29.959碌s
ts=2026-08-16T06:12:49Z caller=logging.go:36 method=List tags= order=id pageNum=1 pageSize=10 result=9 err=null took=717.583碌s
ts=2026-08-16T06:12:50Z caller=logging.go:85 method=Health result=2 took=28.856碌s
ts=2026-08-16T06:12:51Z caller=logging.go:85 method=Health result=2 took=28.937碌s
ts=2026-08-16T06:12:52Z caller=logging.go:36 method=List tags= order=id pageNum=1 pageSize=10 result=9 err=null took=781.997碌s
ts=2026-08-16T06:12:53Z caller=logging.go:85 method=Health result=2 took=27.884碌s
ts=2026-08-16T06:12:54Z caller=logging.go:85 method=Health result=2 took=27.714碌s
ts=2026-08-16T06:12:56Z caller=logging.go:36 method=List tags= order=id pageNum=1 pageSize=10 result=9 err=null took=725.594碌s
ts=2026-08-16T06:12:56Z caller=logging.go:85 method=Health result=2 took=28.385碌s
ts=2026-08-16T06:12:57Z caller=logging.go:36 method=List tags= order=id pageNum=1 pageSize=10 result=9 err=null took=787.993碌s
ts=2026-08-16T06:12:57Z caller=logging.go:36 method=List tags= order=id pageNum=1 pageSize=10 result=9 err=null took=796.496碌s
ts=2026-08-16T06:12:57Z caller=logging.go:36 method=List tags= order=id pageNum=1 pageSize=10 result=9 err=null took=717.949碌s
ts=2026-08-16T06:12:57Z caller=logging.go:85 method=Health result=2 took=31.962碌s
ts=2026-08-16T06:12:57Z caller=logging.go:36 method=List tags= order=id pageNum=1 pageSize=10 result=9 err=null took=762.018碌s
ts=2026-08-16T06:12:57Z caller=logging.go:36 method=List tags= order=id pageNum=1 pageSize=10 result=9 err=null took=1.06901ms
ts=2026-08-16T06:12:58Z caller=logging.go:36 method=List tags= order=id pageNum=1 pageSize=10 result=9 err=null took=789.763碌s
ts=2026-08-16T06:12:58Z caller=logging.go:36 method=List tags= order=id pageNum=1 pageSize=10 result=9 err=null took=701.022碌s
ts=2026-08-16T06:12:58Z caller=logging.go:36 method=List tags= order=id pageNum=1 pageSize=10 result=9 err=null took=746.929碌s
ts=2026-08-16T06:12:58Z caller=logging.go:36 method=List tags= order=id pageNum=1 pageSize=10 result=9 err=null took=821.007碌s
ts=2026-08-16T06:12:58Z caller=logging.go:36 method=List tags= order=id pageNum=1 pageSize=10 result=9 err=null took=753.884碌s
ts=2026-08-16T06:12:59Z caller=logging.go:85 method=Health result=2 took=36.761碌s
ts=2026-08-16T06:13:00Z caller=logging.go:85 method=Health result=2 took=28.776碌s
ts=2026-08-16T06:13:02Z caller=logging.go:85 method=Health result=2 took=29.207碌s
ts=2026-08-16T06:13:03Z caller=logging.go:85 method=Health result=2 took=28.115碌s
ts=2026-08-16T06:13:05Z caller=logging.go:85 method=Health result=2 took=64.445碌s
ts=2026-08-16T06:13:06Z caller=logging.go:85 method=Health result=2 took=27.483碌s
ts=2026-08-16T06:13:08Z caller=logging.go:85 method=Health result=2 took=31.721碌s
ts=2026-08-16T06:13:09Z caller=logging.go:85 method=Health result=2 took=30.78碌s
ts=2026-08-16T06:13:11Z caller=logging.go:85 method=Health result=2 took=26.491碌s
ts=2026-08-16T06:13:12Z caller=logging.go:85 method=Health result=2 took=30.639碌s
ts=2026-08-16T06:13:14Z caller=logging.go:85 method=Health result=2 took=27.053碌s
ts=2026-08-16T06:13:15Z caller=logging.go:85 method=Health result=2 took=34.617碌s
ts=2026-08-16T06:13:17Z caller=logging.go:85 method=Health result=2 took=27.794碌s
ts=2026-08-16T06:13:18Z caller=logging.go:85 method=Health result=2 took=28.105碌s
ts=2026-08-16T06:13:20Z caller=logging.go:85 method=Health result=2 took=27.824碌s
ts=2026-08-16T06:13:21Z caller=logging.go:85 method=Health result=2 took=29.858碌s
ts=2026-08-16T06:13:23Z caller=logging.go:85 method=Health result=2 took=53.825碌s
ts=2026-08-16T06:13:24Z caller=logging.go:85 method=Health result=2 took=47.602碌s
ts=2026-08-16T06:13:26Z caller=logging.go:85 method=Health result=2 took=30.469碌s
ts=2026-08-16T06:13:27Z caller=logging.go:85 method=Health result=2 took=27.974碌s
ts=2026-08-16T06:13:29Z caller=logging.go:85 method=Health result=2 took=29.537碌s
ts=2026-08-16T06:13:30Z caller=logging.go:85 method=Health result=2 took=30.639碌s
ts=2026-08-16T06:13:32Z caller=logging.go:85 method=Health result=2 took=28.064碌s
ts=2026-08-16T06:13:33Z caller=logging.go:85 method=Health result=2 took=28.616碌s
ts=2026-08-16T06:13:35Z caller=logging.go:85 method=Health result=2 took=27.885碌s
ts=2026-08-16T06:13:36Z caller=logging.go:85 method=Health result=2 took=29.807碌s
ts=2026-08-16T06:13:38Z caller=logging.go:85 method=Health result=2 took=28.836碌s
ts=2026-08-16T06:13:39Z caller=logging.go:85 method=Health result=2 took=29.647碌s
ts=2026-08-16T06:13:41Z caller=logging.go:85 method=Health result=2 took=27.403碌s
ts=2026-08-16T06:13:42Z caller=logging.go:85 method=Health result=2 took=28.706碌s
ts=2026-08-16T06:13:44Z caller=logging.go:85 method=Health result=2 took=27.073碌s
ts=2026-08-16T06:13:45Z caller=logging.go:85 method=Health result=2 took=27.333碌s
ts=2026-08-16T06:13:47Z caller=logging.go:85 method=Health result=2 took=27.082碌s
ts=2026-08-16T06:13:48Z caller=logging.go:85 method=Health result=2 took=28.085碌s
ts=2026-08-16T06:13:50Z caller=logging.go:85 method=Health result=2 took=28.786碌s
ts=2026-08-16T06:13:51Z caller=logging.go:85 method=Health result=2 took=28.675碌s
ts=2026-08-16T06:13:53Z caller=logging.go:85 method=Health result=2 took=27.814碌s
ts=2026-08-16T06:13:54Z caller=logging.go:85 method=Health result=2 took=30.208碌s
ts=2026-08-16T06:13:56Z caller=logging.go:85 method=Health result=2 took=27.975碌s
ts=2026-08-16T06:13:57Z caller=logging.go:85 method=Health result=2 took=30.319碌s
ts=2026-08-16T06:13:59Z caller=logging.go:85 method=Health result=2 took=26.742碌s
ts=2026-08-16T06:14:00Z caller=logging.go:85 method=Health result=2 took=30.029碌s
ts=2026-08-16T06:14:02Z caller=logging.go:85 method=Health result=2 took=35.569碌s
ts=2026-08-16T06:14:03Z caller=logging.go:85 method=Health result=2 took=32.813碌s
ts=2026-08-16T06:14:05Z caller=logging.go:85 method=Health result=2 took=27.033碌s
ts=2026-08-16T06:14:06Z caller=logging.go:85 method=Health result=2 took=29.136碌s
ts=2026-08-16T06:14:08Z caller=logging.go:85 method=Health result=2 took=27.954碌s
ts=2026-08-16T06:14:09Z caller=logging.go:85 method=Health result=2 took=38.765碌s
ts=2026-08-16T06:14:11Z caller=logging.go:85 method=Health result=2 took=28.305碌s
ts=2026-08-16T06:14:12Z caller=logging.go:85 method=Health result=2 took=30.289碌s
ts=2026-08-16T06:14:14Z caller=logging.go:85 method=Health result=2 took=27.414碌s
ts=2026-08-16T06:14:15Z caller=logging.go:85 method=Health result=2 took=30.149碌s
ts=2026-08-16T06:14:17Z caller=logging.go:85 method=Health result=2 took=26.371碌s
ts=2026-08-16T06:14:18Z caller=logging.go:85 method=Health result=2 took=30.951碌s
ts=2026-08-16T06:14:20Z caller=logging.go:85 method=Health result=2 took=27.543碌s
ts=2026-08-16T06:14:21Z caller=logging.go:85 method=Health result=2 took=30.429碌s
ts=2026-08-16T06:14:23Z caller=logging.go:85 method=Health result=2 took=38.775碌s
ts=2026-08-16T06:14:24Z caller=logging.go:85 method=Health result=2 took=29.918碌s
ts=2026-08-16T06:14:26Z caller=logging.go:85 method=Health result=2 took=27.914碌s
ts=2026-08-16T06:14:27Z caller=logging.go:85 method=Health result=2 took=30.058碌s
ts=2026-08-16T06:14:29Z caller=logging.go:85 method=Health result=2 took=28.024碌s
ts=2026-08-16T06:14:30Z caller=logging.go:85 method=Health result=2 took=29.287碌s
ts=2026-08-16T06:14:32Z caller=logging.go:85 method=Health result=2 took=28.796碌s
ts=2026-08-16T06:14:33Z caller=logging.go:85 method=Health result=2 took=30.81碌s
ts=2026-08-16T06:14:35Z caller=logging.go:85 method=Health result=2 took=27.814碌s
ts=2026-08-16T06:14:36Z caller=logging.go:85 method=Health result=2 took=29.757碌s
ts=2026-08-16T06:14:38Z caller=logging.go:85 method=Health result=2 took=29.167碌s
ts=2026-08-16T06:14:39Z caller=logging.go:85 method=Health result=2 took=30.068碌s
ts=2026-08-16T06:14:41Z caller=logging.go:85 method=Health result=2 took=27.885碌s
ts=2026-08-16T06:14:42Z caller=logging.go:85 method=Health result=2 took=28.796碌s
ts=2026-08-16T06:14:44Z caller=logging.go:85 method=Health result=2 took=35.429碌s
ts=2026-08-16T06:14:45Z caller=logging.go:85 method=Health result=2 took=33.756碌s
ts=2026-08-16T06:14:47Z caller=logging.go:85 method=Health result=2 took=26.671碌s
ts=2026-08-16T06:14:48Z caller=logging.go:85 method=Health result=2 took=27.904碌s
ts=2026-08-16T06:14:50Z caller=logging.go:85 method=Health result=2 took=28.916碌s
ts=2026-08-16T06:14:51Z caller=logging.go:85 method=Health result=2 took=32.372碌s
ts=2026-08-16T06:14:53Z caller=logging.go:85 method=Health result=2 took=28.075碌s
ts=2026-08-16T06:14:54Z caller=logging.go:85 method=Health result=2 took=30.92碌s
ts=2026-08-16T06:14:56Z caller=logging.go:85 method=Health result=2 took=28.846碌s
ts=2026-08-16T06:14:57Z caller=logging.go:85 method=Health result=2 took=29.667碌s
ts=2026-08-16T06:14:59Z caller=logging.go:85 method=Health result=2 took=27.063碌s
ts=2026-08-16T06:15:00Z caller=logging.go:85 method=Health result=2 took=30.789碌s
ts=2026-08-16T06:15:02Z caller=logging.go:85 method=Health result=2 took=27.112碌s
ts=2026-08-16T06:15:03Z caller=logging.go:85 method=Health result=2 took=29.247碌s
ts=2026-08-16T06:15:05Z caller=logging.go:85 method=Health result=2 took=27.573碌s
ts=2026-08-16T06:15:06Z caller=logging.go:85 method=Health result=2 took=30.289碌s
ts=2026-08-16T06:15:08Z caller=logging.go:85 method=Health result=2 took=28.406碌s
ts=2026-08-16T06:15:09Z caller=logging.go:85 method=Health result=2 took=38.054碌s
ts=2026-08-16T06:15:11Z caller=logging.go:85 method=Health result=2 took=45.999碌s
ts=2026-08-16T06:15:12Z caller=logging.go:85 method=Health result=2 took=33.245碌s
ts=2026-08-16T06:15:14Z caller=logging.go:85 method=Health result=2 took=27.202碌s
ts=2026-08-16T06:15:15Z caller=logging.go:85 method=Health result=2 took=30.99碌s
ts=2026-08-16T06:15:17Z caller=logging.go:85 method=Health result=2 took=27.664碌s
ts=2026-08-16T06:15:18Z caller=logging.go:85 method=Health result=2 took=28.656碌s
ts=2026-08-16T06:15:20Z caller=logging.go:85 method=Health result=2 took=27.072碌s
ts=2026-08-16T06:15:21Z caller=logging.go:85 method=Health result=2 took=48.434碌s
ts=2026-08-16T06:15:23Z caller=logging.go:85 method=Health result=2 took=28.595碌s
ts=2026-08-16T06:15:24Z caller=logging.go:85 method=Health result=2 took=30.419碌s
ts=2026-08-16T06:15:26Z caller=logging.go:85 method=Health result=2 took=27.784碌s
ts=2026-08-16T06:15:27Z caller=logging.go:85 method=Health result=2 took=31.341碌s
ts=2026-08-16T06:15:29Z caller=logging.go:85 method=Health result=2 took=36.48碌s
ts=2026-08-16T06:15:30Z caller=logging.go:85 method=Health result=2 took=29.487碌s
ts=2026-08-16T06:15:32Z caller=logging.go:85 method=Health result=2 took=27.233碌s
ts=2026-08-16T06:15:33Z caller=logging.go:85 method=Health result=2 took=46.09碌s
ts=2026-08-16T06:15:35Z caller=logging.go:85 method=Health result=2 took=29.467碌s
ts=2026-08-16T06:15:36Z caller=logging.go:85 method=Health result=2 took=32.653碌s
ts=2026-08-16T06:15:38Z caller=logging.go:85 method=Health result=2 took=28.455碌s
ts=2026-08-16T06:15:39Z caller=logging.go:85 method=Health result=2 took=29.758碌s
ts=2026-08-16T06:15:41Z caller=logging.go:85 method=Health result=2 took=34.146碌s
ts=2026-08-16T06:15:42Z caller=logging.go:85 method=Health result=2 took=30.279碌s
ts=2026-08-16T06:15:44Z caller=logging.go:85 method=Health result=2 took=29.688碌s
ts=2026-08-16T06:15:45Z caller=logging.go:85 method=Health result=2 took=31.331碌s
ts=2026-08-16T06:15:47Z caller=logging.go:85 method=Health result=2 took=28.355碌s
ts=2026-08-16T06:15:48Z caller=logging.go:85 method=Health result=2 took=27.503碌s
ts=2026-08-16T06:15:50Z caller=logging.go:85 method=Health result=2 took=29.177碌s
ts=2026-08-16T06:15:51Z caller=logging.go:85 method=Health result=2 took=29.767碌s
ts=2026-08-16T06:15:53Z caller=logging.go:85 method=Health result=2 took=27.884碌s
ts=2026-08-16T06:15:54Z caller=logging.go:85 method=Health result=2 took=29.758碌s
ts=2026-08-16T06:15:56Z caller=logging.go:85 method=Health result=2 took=28.124碌s
ts=2026-08-16T06:15:57Z caller=logging.go:85 method=Health result=2 took=31.04碌s
ts=2026-08-16T06:15:59Z caller=logging.go:85 method=Health result=2 took=28.125碌s
ts=2026-08-16T06:16:00Z caller=logging.go:85 method=Health result=2 took=30.199碌s
ts=2026-08-16T06:16:02Z caller=logging.go:85 method=Health result=2 took=30.649碌s
ts=2026-08-16T06:16:03Z caller=logging.go:36 method=List tags= order=id pageNum=1 pageSize=10 result=9 err=null took=3.060968ms
ts=2026-08-16T06:16:03Z caller=logging.go:85 method=Health result=2 took=34.757碌s
ts=2026-08-16T06:16:05Z caller=logging.go:36 method=List tags= order=id pageNum=1 pageSize=10 result=9 err=null took=727.045碌s
ts=2026-08-16T06:16:05Z caller=logging.go:85 method=Health result=2 took=31.691碌s
ts=2026-08-16T06:16:06Z caller=logging.go:85 method=Health result=2 took=26.582碌s
ts=2026-08-16T06:16:07Z caller=logging.go:36 method=List tags= order=id pageNum=1 pageSize=10 result=9 err=null took=1.181347ms
ts=2026-08-16T06:16:08Z caller=logging.go:85 method=Health result=2 took=29.097碌s
ts=2026-08-16T06:16:09Z caller=logging.go:36 method=List tags= order=id pageNum=1 pageSize=10 result=9 err=null took=852.31碌s
ts=2026-08-16T06:16:09Z caller=logging.go:85 method=Health result=2 took=27.623碌s
ts=2026-08-16T06:16:11Z caller=logging.go:85 method=Health result=2 took=28.465碌s
ts=2026-08-16T06:16:11Z caller=logging.go:36 method=List tags= order=id pageNum=1 pageSize=10 result=9 err=null took=763.218碌s
ts=2026-08-16T06:16:12Z caller=logging.go:85 method=Health result=2 took=27.163碌s
ts=2026-08-16T06:16:13Z caller=logging.go:36 method=List tags= order=id pageNum=1 pageSize=10 result=9 err=null took=811.623碌s
ts=2026-08-16T06:16:14Z caller=logging.go:85 method=Health result=2 took=28.436碌s
ts=2026-08-16T06:16:15Z caller=logging.go:85 method=Health result=2 took=29.236碌s
ts=2026-08-16T06:16:16Z caller=logging.go:36 method=List tags= order=id pageNum=1 pageSize=10 result=9 err=null took=763.04碌s
ts=2026-08-16T06:16:17Z caller=logging.go:85 method=Health result=2 took=30.91碌s
ts=2026-08-16T06:16:18Z caller=logging.go:85 method=Health result=2 took=26.973碌s
ts=2026-08-16T06:16:20Z caller=logging.go:36 method=List tags= order=id pageNum=1 pageSize=10 result=9 err=null took=786.471碌s
ts=2026-08-16T06:16:20Z caller=logging.go:85 method=Health result=2 took=28.375碌s
ts=2026-08-16T06:16:21Z caller=logging.go:85 method=Health result=2 took=27.503碌s
ts=2026-08-16T06:16:23Z caller=logging.go:36 method=List tags= order=id pageNum=1 pageSize=10 result=9 err=null took=841.729碌s
ts=2026-08-16T06:16:23Z caller=logging.go:85 method=Health result=2 took=28.666碌s
ts=2026-08-16T06:16:24Z caller=logging.go:85 method=Health result=2 took=27.163碌s
ts=2026-08-16T06:16:26Z caller=logging.go:36 method=List tags= order=id pageNum=1 pageSize=10 result=9 err=null took=747.126碌s
ts=2026-08-16T06:16:26Z caller=logging.go:85 method=Health result=2 took=28.626碌s
ts=2026-08-16T06:16:27Z caller=logging.go:85 method=Health result=2 took=41.31碌s
ts=2026-08-16T06:16:29Z caller=logging.go:36 method=List tags= order=id pageNum=1 pageSize=10 result=9 err=null took=758.746碌s
ts=2026-08-16T06:16:29Z caller=logging.go:85 method=Health result=2 took=29.086碌s
ts=2026-08-16T06:16:30Z caller=logging.go:85 method=Health result=2 took=28.425碌s
ts=2026-08-16T06:16:32Z caller=logging.go:36 method=List tags= order=id pageNum=1 pageSize=10 result=9 err=null took=724.095碌s
ts=2026-08-16T06:16:32Z caller=logging.go:85 method=Health result=2 took=70.998碌s
ts=2026-08-16T06:16:33Z caller=logging.go:85 method=Health result=2 took=28.275碌s
ts=2026-08-16T06:16:35Z caller=logging.go:36 method=List tags= order=id pageNum=1 pageSize=10 result=9 err=null took=763.437碌s
ts=2026-08-16T06:16:35Z caller=logging.go:85 method=Health result=2 took=28.806碌s
ts=2026-08-16T06:16:36Z caller=logging.go:85 method=Health result=2 took=30.55碌s
ts=2026-08-16T06:16:38Z caller=logging.go:36 method=List tags= order=id pageNum=1 pageSize=10 result=9 err=null took=783.071碌s
ts=2026-08-16T06:16:38Z caller=logging.go:85 method=Health result=2 took=22.243碌s
ts=2026-08-16T06:16:39Z caller=logging.go:85 method=Health result=2 took=27.303碌s
ts=2026-08-16T06:16:41Z caller=logging.go:85 method=Health result=2 took=29.498碌s
ts=2026-08-16T06:16:41Z caller=logging.go:36 method=List tags= order=id pageNum=1 pageSize=10 result=9 err=null took=708.72碌s
ts=2026-08-16T06:16:42Z caller=logging.go:85 method=Health result=2 took=28.405碌s
ts=2026-08-16T06:16:44Z caller=logging.go:85 method=Health result=2 took=29.147碌s
ts=2026-08-16T06:16:44Z caller=logging.go:36 method=List tags= order=id pageNum=1 pageSize=10 result=9 err=null took=799.214碌s
ts=2026-08-16T06:16:45Z caller=logging.go:85 method=Health result=2 took=28.385碌s
ts=2026-08-16T06:16:47Z caller=logging.go:85 method=Health result=2 took=27.143碌s
ts=2026-08-16T06:16:47Z caller=logging.go:36 method=List tags= order=id pageNum=1 pageSize=10 result=9 err=null took=734.322碌s
ts=2026-08-16T06:16:48Z caller=logging.go:85 method=Health result=2 took=27.183碌s
ts=2026-08-16T06:16:50Z caller=logging.go:85 method=Health result=2 took=31.482碌s
ts=2026-08-16T06:16:50Z caller=logging.go:36 method=List tags= order=id pageNum=1 pageSize=10 result=9 err=null took=822.198碌s
ts=2026-08-16T06:16:51Z caller=logging.go:85 method=Health result=2 took=28.395碌s
ts=2026-08-16T06:16:53Z caller=logging.go:85 method=Health result=2 took=28.465碌s
ts=2026-08-16T06:16:54Z caller=logging.go:36 method=List tags= order=id pageNum=1 pageSize=10 result=9 err=null took=760.847碌s
ts=2026-08-16T06:16:54Z caller=logging.go:85 method=Health result=2 took=26.992碌s
ts=2026-08-16T06:16:56Z caller=logging.go:85 method=Health result=2 took=27.844碌s
ts=2026-08-16T06:16:57Z caller=logging.go:36 method=List tags= order=id pageNum=1 pageSize=10 result=9 err=null took=719.707碌s
ts=2026-08-16T06:16:57Z caller=logging.go:85 method=Health result=2 took=28.064碌s
ts=2026-08-16T06:16:59Z caller=logging.go:85 method=Health result=2 took=31.682碌s
ts=2026-08-16T06:17:00Z caller=logging.go:36 method=List tags= order=id pageNum=1 pageSize=10 result=9 err=null took=825.472碌s
ts=2026-08-16T06:17:00Z caller=logging.go:85 method=Health result=2 took=39.436碌s
ts=2026-08-16T06:17:02Z caller=logging.go:85 method=Health result=2 took=27.534碌s
ts=2026-08-16T06:17:03Z caller=logging.go:36 method=List tags= order=id pageNum=1 pageSize=10 result=9 err=null took=709.427碌s
ts=2026-08-16T06:17:03Z caller=logging.go:85 method=Health result=2 took=27.653碌s
ts=2026-08-16T06:17:05Z caller=logging.go:85 method=Health result=2 took=27.443碌s
ts=2026-08-16T06:17:06Z caller=logging.go:36 method=List tags= order=id pageNum=1 pageSize=10 result=9 err=null took=768.943碌s
ts=2026-08-16T06:17:06Z caller=logging.go:85 method=Health result=2 took=32.212碌s
ts=2026-08-16T06:17:08Z caller=logging.go:85 method=Health result=2 took=27.654碌s
ts=2026-08-16T06:17:09Z caller=logging.go:36 method=List tags= order=id pageNum=1 pageSize=10 result=9 err=null took=764.385碌s
ts=2026-08-16T06:17:09Z caller=logging.go:85 method=Health result=2 took=28.645碌s
ts=2026-08-16T06:17:11Z caller=logging.go:85 method=Health result=2 took=28.596碌s
ts=2026-08-16T06:17:12Z caller=logging.go:36 method=List tags= order=id pageNum=1 pageSize=10 result=9 err=null took=909.972碌s
ts=2026-08-16T06:17:12Z caller=logging.go:85 method=Health result=2 took=27.623碌s
ts=2026-08-16T06:17:14Z caller=logging.go:85 method=Health result=2 took=27.233碌s
ts=2026-08-16T06:17:15Z caller=logging.go:36 method=List tags= order=id pageNum=1 pageSize=10 result=9 err=null took=803.801碌s
ts=2026-08-16T06:17:15Z caller=logging.go:85 method=Health result=2 took=26.041碌s
ts=2026-08-16T06:17:17Z caller=logging.go:36 method=List tags= order=id pageNum=1 pageSize=10 result=9 err=null took=735.463碌s
ts=2026-08-16T06:17:17Z caller=logging.go:36 method=List tags= order=id pageNum=1 pageSize=10 result=9 err=null took=832.803碌s
ts=2026-08-16T06:17:17Z caller=logging.go:36 method=List tags= order=id pageNum=1 pageSize=10 result=9 err=null took=788.622碌s
ts=2026-08-16T06:17:17Z caller=logging.go:36 method=List tags= order=id pageNum=1 pageSize=10 result=9 err=null took=715.58碌s
ts=2026-08-16T06:17:17Z caller=logging.go:36 method=List tags= order=id pageNum=1 pageSize=10 result=9 err=null took=748.594碌s
ts=2026-08-16T06:17:17Z caller=logging.go:85 method=Health result=2 took=41.431碌s
ts=2026-08-16T06:17:17Z caller=logging.go:36 method=List tags= order=id pageNum=1 pageSize=10 result=0 err="database connection error" took=620.911碌s
ts=2026-08-16T06:17:17Z caller=server.go:94 err="database connection error"
ts=2026-08-16T06:17:17Z caller=logging.go:36 method=List tags= order=id pageNum=1 pageSize=10 result=0 err="database connection error" took=318.739碌s
ts=2026-08-16T06:17:17Z caller=server.go:94 err="database connection error"
[mysql] 2026/08/16 06:17:17 packets.go:33: unexpected EOF
[mysql] 2026/08/16 06:17:17 packets.go:130: write tcp 10.244.2.126:54858->10.108.173.210:3306: write: broken pipe
[mysql] 2026/08/16 06:17:17 packets.go:33: unexpected EOF
[mysql] 2026/08/16 06:17:17 packets.go:130: write tcp 10.244.2.126:45664->10.108.173.210:3306: write: broken pipe
ts=2026-08-16T06:17:17Z caller=logging.go:36 method=List tags= order=id pageNum=1 pageSize=10 result=0 err="database connection error" took=1.548969ms
ts=2026-08-16T06:17:17Z caller=server.go:94 err="database connection error"
ts=2026-08-16T06:17:18Z caller=logging.go:36 method=List tags= order=id pageNum=1 pageSize=10 result=0 err="database connection error" took=688.478碌s
ts=2026-08-16T06:17:18Z caller=server.go:94 err="database connection error"
ts=2026-08-16T06:17:18Z caller=logging.go:36 method=List tags= order=id pageNum=1 pageSize=10 result=0 err="database connection error" took=695.621碌s
ts=2026-08-16T06:17:18Z caller=server.go:94 err="database connection error"
ts=2026-08-16T06:17:18Z caller=logging.go:85 method=Health result=2 took=867.124碌s
ts=2026-08-16T06:17:20Z caller=logging.go:85 method=Health result=2 took=903.434碌s
ts=2026-08-16T06:17:21Z caller=logging.go:85 method=Health result=2 took=839.931碌s
ts=2026-08-16T06:17:21Z caller=logging.go:36 method=List tags= order=id pageNum=1 pageSize=10 result=0 err="database connection error" took=509.093碌s
ts=2026-08-16T06:17:21Z caller=server.go:94 err="database connection error"
ts=2026-08-16T06:17:23Z caller=logging.go:85 method=Health result=2 took=851.384碌s
ts=2026-08-16T06:17:23Z caller=server.go:94 err="circuit breaker 'List' is open"
ts=2026-08-16T06:17:24Z caller=logging.go:85 method=Health result=2 took=835.602碌s
ts=2026-08-16T06:17:26Z caller=server.go:94 err="circuit breaker 'List' is open"
ts=2026-08-16T06:17:26Z caller=logging.go:85 method=Health result=2 took=804.792碌s
ts=2026-08-16T06:17:27Z caller=logging.go:85 method=Health result=2 took=1.601347ms
ts=2026-08-16T06:17:28Z caller=server.go:94 err="circuit breaker 'List' is open"
ts=2026-08-16T06:17:29Z caller=logging.go:85 method=Health result=2 took=27.143碌s
ts=2026-08-16T06:17:30Z caller=server.go:94 err="circuit breaker 'List' is open"
ts=2026-08-16T06:17:30Z caller=logging.go:85 method=Health result=2 took=29.998碌s
ts=2026-08-16T06:17:32Z caller=server.go:94 err="circuit breaker 'List' is open"
ts=2026-08-16T06:17:32Z caller=logging.go:85 method=Health result=2 took=27.464碌s
ts=2026-08-16T06:17:33Z caller=logging.go:85 method=Health result=2 took=30.328碌s
ts=2026-08-16T06:17:34Z caller=server.go:94 err="circuit breaker 'List' is open"
ts=2026-08-16T06:17:35Z caller=logging.go:85 method=Health result=2 took=27.604碌s
ts=2026-08-16T06:17:36Z caller=server.go:94 err="circuit breaker 'List' is open"
ts=2026-08-16T06:17:36Z caller=logging.go:85 method=Health result=2 took=27.393碌s
ts=2026-08-16T06:17:38Z caller=server.go:94 err="circuit breaker 'List' is open"
ts=2026-08-16T06:17:38Z caller=logging.go:85 method=Health result=2 took=25.87碌s
ts=2026-08-16T06:17:39Z caller=logging.go:85 method=Health result=2 took=28.184碌s
ts=2026-08-16T06:17:40Z caller=server.go:94 err="circuit breaker 'List' is open"
ts=2026-08-16T06:17:41Z caller=logging.go:85 method=Health result=2 took=27.844碌s
ts=2026-08-16T06:17:42Z caller=server.go:94 err="circuit breaker 'List' is open"
ts=2026-08-16T06:17:42Z caller=logging.go:85 method=Health result=2 took=28.676碌s
ts=2026-08-16T06:17:44Z caller=logging.go:85 method=Health result=2 took=29.287碌s
ts=2026-08-16T06:17:44Z caller=server.go:94 err="circuit breaker 'List' is open"
ts=2026-08-16T06:17:45Z caller=logging.go:85 method=Health result=2 took=27.113碌s
ts=2026-08-16T06:17:46Z caller=server.go:94 err="circuit breaker 'List' is open"
ts=2026-08-16T06:17:47Z caller=logging.go:85 method=Health result=2 took=31.06碌s
ts=2026-08-16T06:17:48Z caller=logging.go:85 method=Health result=2 took=26.1碌s
ts=2026-08-16T06:17:48Z caller=server.go:94 err="circuit breaker 'List' is open"
ts=2026-08-16T06:17:50Z caller=logging.go:85 method=Health result=2 took=29.196碌s
ts=2026-08-16T06:17:51Z caller=server.go:94 err="circuit breaker 'List' is open"
ts=2026-08-16T06:17:51Z caller=logging.go:85 method=Health result=2 took=27.864碌s
ts=2026-08-16T06:17:53Z caller=logging.go:36 method=List tags= order=id pageNum=1 pageSize=10 result=9 err=null took=3.347107ms
ts=2026-08-16T06:17:53Z caller=logging.go:85 method=Health result=2 took=29.037碌s
ts=2026-08-16T06:17:54Z caller=logging.go:85 method=Health result=2 took=26.712碌s
ts=2026-08-16T06:17:55Z caller=logging.go:36 method=List tags= order=id pageNum=1 pageSize=10 result=9 err=null took=795.192碌s
ts=2026-08-16T06:17:56Z caller=logging.go:85 method=Health result=2 took=29.347碌s
ts=2026-08-16T06:17:57Z caller=logging.go:36 method=List tags= order=id pageNum=1 pageSize=10 result=9 err=null took=784.793碌s
ts=2026-08-16T06:17:57Z caller=logging.go:85 method=Health result=2 took=31.711碌s
ts=2026-08-16T06:17:59Z caller=logging.go:36 method=List tags= order=id pageNum=1 pageSize=10 result=9 err=null took=764.838碌s
ts=2026-08-16T06:17:59Z caller=logging.go:85 method=Health result=2 took=27.263碌s
ts=2026-08-16T06:18:00Z caller=logging.go:85 method=Health result=2 took=28.395碌s
ts=2026-08-16T06:18:01Z caller=logging.go:36 method=List tags= order=id pageNum=1 pageSize=10 result=9 err=null took=727.582碌s
ts=2026-08-16T06:18:02Z caller=logging.go:85 method=Health result=2 took=26.512碌s
ts=2026-08-16T06:18:03Z caller=logging.go:36 method=List tags= order=id pageNum=1 pageSize=10 result=9 err=null took=785.674碌s
ts=2026-08-16T06:18:03Z caller=logging.go:85 method=Health result=2 took=29.077碌s
ts=2026-08-16T06:18:05Z caller=logging.go:85 method=Health result=2 took=28.786碌s
ts=2026-08-16T06:18:06Z caller=logging.go:36 method=List tags= order=id pageNum=1 pageSize=10 result=9 err=null took=725.548碌s
ts=2026-08-16T06:18:06Z caller=logging.go:85 method=Health result=2 took=28.715碌s
ts=2026-08-16T06:18:08Z caller=logging.go:85 method=Health result=2 took=32.353碌s
ts=2026-08-16T06:18:09Z caller=logging.go:36 method=List tags= order=id pageNum=1 pageSize=10 result=9 err=null took=770.616碌s
ts=2026-08-16T06:18:09Z caller=logging.go:85 method=Health result=2 took=27.664碌s
ts=2026-08-16T06:18:11Z caller=logging.go:85 method=Health result=2 took=26.582碌s
ts=2026-08-16T06:18:12Z caller=logging.go:36 method=List tags= order=id pageNum=1 pageSize=10 result=9 err=null took=774.192碌s
ts=2026-08-16T06:18:12Z caller=logging.go:85 method=Health result=2 took=27.624碌s
ts=2026-08-16T06:18:14Z caller=logging.go:85 method=Health result=2 took=28.214碌s
ts=2026-08-16T06:18:15Z caller=logging.go:85 method=Health result=2 took=27.955碌s
ts=2026-08-16T06:18:15Z caller=logging.go:36 method=List tags= order=id pageNum=1 pageSize=10 result=9 err=null took=759.814碌s
ts=2026-08-16T06:18:17Z caller=logging.go:85 method=Health result=2 took=37.743碌s
ts=2026-08-16T06:18:18Z caller=logging.go:85 method=Health result=2 took=32.664碌s
ts=2026-08-16T06:18:18Z caller=logging.go:36 method=List tags= order=id pageNum=1 pageSize=10 result=9 err=null took=796.556碌s
ts=2026-08-16T06:18:20Z caller=logging.go:85 method=Health result=2 took=28.245碌s
ts=2026-08-16T06:18:21Z caller=logging.go:85 method=Health result=2 took=37.322碌s
ts=2026-08-16T06:18:22Z caller=logging.go:36 method=List tags= order=id pageNum=1 pageSize=10 result=9 err=null took=779.61碌s
ts=2026-08-16T06:18:23Z caller=logging.go:85 method=Health result=2 took=27.884碌s
ts=2026-08-16T06:18:24Z caller=logging.go:85 method=Health result=2 took=29.858碌s
ts=2026-08-16T06:18:25Z caller=logging.go:36 method=List tags= order=id pageNum=1 pageSize=10 result=9 err=null took=739.745碌s
ts=2026-08-16T06:18:26Z caller=logging.go:85 method=Health result=2 took=28.015碌s
ts=2026-08-16T06:18:27Z caller=logging.go:85 method=Health result=2 took=27.483碌s
ts=2026-08-16T06:18:28Z caller=logging.go:36 method=List tags= order=id pageNum=1 pageSize=10 result=9 err=null took=896.849碌s
ts=2026-08-16T06:18:29Z caller=logging.go:85 method=Health result=2 took=29.998碌s
ts=2026-08-16T06:18:30Z caller=logging.go:85 method=Health result=2 took=31.922碌s
ts=2026-08-16T06:18:31Z caller=logging.go:36 method=List tags= order=id pageNum=1 pageSize=10 result=9 err=null took=770.314碌s
ts=2026-08-16T06:18:32Z caller=logging.go:85 method=Health result=2 took=28.675碌s
ts=2026-08-16T06:18:33Z caller=logging.go:85 method=Health result=2 took=30.44碌s
ts=2026-08-16T06:18:34Z caller=logging.go:36 method=List tags= order=id pageNum=1 pageSize=10 result=9 err=null took=770.224碌s
ts=2026-08-16T06:18:35Z caller=logging.go:85 method=Health result=2 took=30.219碌s
ts=2026-08-16T06:18:36Z caller=logging.go:85 method=Health result=2 took=29.256碌s
ts=2026-08-16T06:18:37Z caller=logging.go:36 method=List tags= order=id pageNum=1 pageSize=10 result=9 err=null took=758.497碌s
ts=2026-08-16T06:18:38Z caller=logging.go:85 method=Health result=2 took=36.671碌s
ts=2026-08-16T06:18:39Z caller=logging.go:85 method=Health result=2 took=26.972碌s
ts=2026-08-16T06:18:40Z caller=logging.go:36 method=List tags= order=id pageNum=1 pageSize=10 result=9 err=null took=778.381碌s
ts=2026-08-16T06:18:41Z caller=logging.go:85 method=Health result=2 took=36.461碌s
ts=2026-08-16T06:18:42Z caller=logging.go:85 method=Health result=2 took=28.455碌s
ts=2026-08-16T06:18:43Z caller=logging.go:36 method=List tags= order=id pageNum=1 pageSize=10 result=9 err=null took=724.22碌s
ts=2026-08-16T06:18:44Z caller=logging.go:85 method=Health result=2 took=28.495碌s
ts=2026-08-16T06:18:45Z caller=logging.go:85 method=Health result=2 took=28.005碌s
ts=2026-08-16T06:18:46Z caller=logging.go:36 method=List tags= order=id pageNum=1 pageSize=10 result=9 err=null took=769.874碌s
ts=2026-08-16T06:18:47Z caller=logging.go:85 method=Health result=2 took=30.89碌s
ts=2026-08-16T06:18:48Z caller=logging.go:85 method=Health result=2 took=28.415碌s
ts=2026-08-16T06:18:49Z caller=logging.go:36 method=List tags= order=id pageNum=1 pageSize=10 result=9 err=null took=807.723碌s
ts=2026-08-16T06:18:50Z caller=logging.go:85 method=Health result=2 took=28.415碌s
ts=2026-08-16T06:18:51Z caller=logging.go:85 method=Health result=2 took=33.054碌s
ts=2026-08-16T06:18:52Z caller=logging.go:36 method=List tags= order=id pageNum=1 pageSize=10 result=9 err=null took=748.788碌s
ts=2026-08-16T06:18:53Z caller=logging.go:85 method=Health result=2 took=27.644碌s
ts=2026-08-16T06:18:54Z caller=logging.go:85 method=Health result=2 took=27.523碌s
ts=2026-08-16T06:18:55Z caller=logging.go:36 method=List tags= order=id pageNum=1 pageSize=10 result=9 err=null took=812.663碌s
ts=2026-08-16T06:18:56Z caller=logging.go:85 method=Health result=2 took=30.189碌s
ts=2026-08-16T06:18:57Z caller=logging.go:85 method=Health result=2 took=27.303碌s
ts=2026-08-16T06:18:59Z caller=logging.go:36 method=List tags= order=id pageNum=1 pageSize=10 result=9 err=null took=784.527碌s
ts=2026-08-16T06:18:59Z caller=logging.go:85 method=Health result=2 took=27.353碌s
ts=2026-08-16T06:19:00Z caller=logging.go:85 method=Health result=2 took=37.853碌s
ts=2026-08-16T06:19:02Z caller=logging.go:36 method=List tags= order=id pageNum=1 pageSize=10 result=9 err=null took=755.196碌s
ts=2026-08-16T06:19:02Z caller=logging.go:85 method=Health result=2 took=28.435碌s
ts=2026-08-16T06:19:03Z caller=logging.go:85 method=Health result=2 took=28.435碌s
ts=2026-08-16T06:19:05Z caller=logging.go:36 method=List tags= order=id pageNum=1 pageSize=10 result=9 err=null took=914.159碌s
