Initializing database
2026-08-16T06:17:18.707675Z 0 [Warning] TIMESTAMP with implicit DEFAULT value is deprecated. Please use --explicit_defaults_for_timestamp server option (see documentation for more details).
2026-08-16T06:17:19.426680Z 0 [Warning] InnoDB: New log files created, LSN=45790
2026-08-16T06:17:19.576643Z 0 [Warning] InnoDB: Creating foreign key constraint system tables.
2026-08-16T06:17:19.595135Z 0 [Warning] No existing UUID has been found, so we assume that this is the first time that this server has been started. Generating a new UUID: 22c90fe5-993a-11f1-a7b1-724f1484080b.
2026-08-16T06:17:19.598865Z 0 [Warning] Gtid table is not ready to be used. Table 'mysql.gtid_executed' cannot be opened.
2026-08-16T06:17:19.599967Z 1 [Warning] root@localhost is created with an empty password ! Please consider switching off the --initialize-insecure option.
2026-08-16T06:17:21.015249Z 1 [Warning] 'user' entry 'root@localhost' ignored in --skip-name-resolve mode.
2026-08-16T06:17:21.015287Z 1 [Warning] 'user' entry 'mysql.sys@localhost' ignored in --skip-name-resolve mode.
2026-08-16T06:17:21.015299Z 1 [Warning] 'db' entry 'sys mysql.sys@localhost' ignored in --skip-name-resolve mode.
2026-08-16T06:17:21.015307Z 1 [Warning] 'proxies_priv' entry '@ root@localhost' ignored in --skip-name-resolve mode.
2026-08-16T06:17:21.015328Z 1 [Warning] 'tables_priv' entry 'sys_config mysql.sys@localhost' ignored in --skip-name-resolve mode.
Database initialized
MySQL init process in progress...
2026-08-16T06:17:23.332215Z 0 [Warning] TIMESTAMP with implicit DEFAULT value is deprecated. Please use --explicit_defaults_for_timestamp server option (see documentation for more details).
2026-08-16T06:17:23.345987Z 0 [Note] mysqld (mysqld 5.7.17) starting as process 58 ...
2026-08-16T06:17:23.356663Z 0 [Note] InnoDB: PUNCH HOLE support available
2026-08-16T06:17:23.356730Z 0 [Note] InnoDB: Mutexes and rw_locks use GCC atomic builtins
2026-08-16T06:17:23.356755Z 0 [Note] InnoDB: Uses event mutexes
2026-08-16T06:17:23.356760Z 0 [Note] InnoDB: GCC builtin __atomic_thread_fence() is used for memory barrier
2026-08-16T06:17:23.356761Z 0 [Note] InnoDB: Compressed tables use zlib 1.2.3
2026-08-16T06:17:23.356762Z 0 [Note] InnoDB: Using Linux native AIO
2026-08-16T06:17:23.358170Z 0 [Note] InnoDB: Number of pools: 1
2026-08-16T06:17:23.358821Z 0 [Note] InnoDB: Using CPU crc32 instructions
2026-08-16T06:17:23.369789Z 0 [Note] InnoDB: Initializing buffer pool, total size = 128M, instances = 1, chunk size = 128M
2026-08-16T06:17:23.425281Z 0 [Note] InnoDB: Completed initialization of buffer pool
2026-08-16T06:17:23.443415Z 0 [Note] InnoDB: If the mysqld execution user is authorized, page cleaner thread priority can be changed. See the man page of setpriority().
2026-08-16T06:17:23.465542Z 0 [Note] InnoDB: Highest supported file format is Barracuda.
2026-08-16T06:17:23.490601Z 0 [Note] InnoDB: Creating shared tablespace for temporary tables
2026-08-16T06:17:23.490677Z 0 [Note] InnoDB: Setting file './ibtmp1' size to 12 MB. Physically writing the file full; Please wait ...
2026-08-16T06:17:23.587560Z 0 [Note] InnoDB: File './ibtmp1' size is now 12 MB.
2026-08-16T06:17:23.590009Z 0 [Note] InnoDB: 96 redo rollback segment(s) found. 96 redo rollback segment(s) are active.
2026-08-16T06:17:23.590034Z 0 [Note] InnoDB: 32 non-redo rollback segment(s) are active.
2026-08-16T06:17:23.591318Z 0 [Note] InnoDB: 5.7.17 started; log sequence number 2534561
2026-08-16T06:17:23.591549Z 0 [Note] InnoDB: Loading buffer pool(s) from /var/lib/mysql/ib_buffer_pool
2026-08-16T06:17:23.592233Z 0 [Note] Plugin 'FEDERATED' is disabled.
2026-08-16T06:17:23.602900Z 0 [Note] InnoDB: Buffer pool(s) load completed at 260816  6:17:23
2026-08-16T06:17:23.641828Z 0 [Warning] Failed to set up SSL because of the following SSL library error: SSL context is not usable without certificate and private key
2026-08-16T06:17:23.647453Z 0 [Warning] 'user' entry 'root@localhost' ignored in --skip-name-resolve mode.
2026-08-16T06:17:23.647485Z 0 [Warning] 'user' entry 'mysql.sys@localhost' ignored in --skip-name-resolve mode.
2026-08-16T06:17:23.647498Z 0 [Warning] 'db' entry 'sys mysql.sys@localhost' ignored in --skip-name-resolve mode.
2026-08-16T06:17:23.647503Z 0 [Warning] 'proxies_priv' entry '@ root@localhost' ignored in --skip-name-resolve mode.
2026-08-16T06:17:23.649347Z 0 [Warning] 'tables_priv' entry 'sys_config mysql.sys@localhost' ignored in --skip-name-resolve mode.
2026-08-16T06:17:23.655190Z 0 [Note] Event Scheduler: Loaded 0 events
2026-08-16T06:17:23.655407Z 0 [Note] Executing 'SELECT * FROM INFORMATION_SCHEMA.TABLES;' to get a list of tables using the deprecated partition engine. You may use the startup option '--disable-partition-engine-check' to skip this check. 
2026-08-16T06:17:23.655427Z 0 [Note] Beginning of list of non-natively partitioned tables
2026-08-16T06:17:23.673067Z 0 [Note] End of list of non-natively partitioned tables
2026-08-16T06:17:23.673182Z 0 [Note] mysqld: ready for connections.
Version: '5.7.17'  socket: '/var/run/mysqld/mysqld.sock'  port: 0  MySQL Community Server (GPL)
Warning: Unable to load '/usr/share/zoneinfo/iso3166.tab' as time zone. Skipping it.
Warning: Unable to load '/usr/share/zoneinfo/leap-seconds.list' as time zone. Skipping it.
Warning: Unable to load '/usr/share/zoneinfo/zone.tab' as time zone. Skipping it.
2026-08-16T06:17:25.885920Z 5 [Warning] 'db' entry 'sys mysql.sys@localhost' ignored in --skip-name-resolve mode.
2026-08-16T06:17:25.885948Z 5 [Warning] 'proxies_priv' entry '@ root@localhost' ignored in --skip-name-resolve mode.
2026-08-16T06:17:25.885965Z 5 [Warning] 'tables_priv' entry 'sys_config mysql.sys@localhost' ignored in --skip-name-resolve mode.
mysql: [Warning] Using a password on the command line interface can be insecure.

/usr/local/bin/docker-entrypoint.sh: running /docker-entrypoint-initdb.d/dump.sql
mysql: [Warning] Using a password on the command line interface can be insecure.


2026-08-16T06:17:26.228593Z 0 [Note] Giving 0 client threads a chance to die gracefully
2026-08-16T06:17:26.228625Z 0 [Note] Shutting down slave threads
2026-08-16T06:17:26.228634Z 0 [Note] Forcefully disconnecting 0 remaining clients
2026-08-16T06:17:26.228637Z 0 [Note] Event Scheduler: Purging the queue. 0 events
2026-08-16T06:17:26.228680Z 0 [Note] Binlog end
2026-08-16T06:17:26.236540Z 0 [Note] Shutting down plugin 'ngram'
2026-08-16T06:17:26.236563Z 0 [Note] Shutting down plugin 'BLACKHOLE'
2026-08-16T06:17:26.236568Z 0 [Note] Shutting down plugin 'partition'
2026-08-16T06:17:26.236569Z 0 [Note] Shutting down plugin 'ARCHIVE'
2026-08-16T06:17:26.236569Z 0 [Note] Shutting down plugin 'INNODB_SYS_VIRTUAL'
2026-08-16T06:17:26.236571Z 0 [Note] Shutting down plugin 'INNODB_SYS_DATAFILES'
2026-08-16T06:17:26.236572Z 0 [Note] Shutting down plugin 'INNODB_SYS_TABLESPACES'
2026-08-16T06:17:26.236573Z 0 [Note] Shutting down plugin 'INNODB_SYS_FOREIGN_COLS'
2026-08-16T06:17:26.236573Z 0 [Note] Shutting down plugin 'INNODB_SYS_FOREIGN'
2026-08-16T06:17:26.236574Z 0 [Note] Shutting down plugin 'INNODB_SYS_FIELDS'
2026-08-16T06:17:26.236574Z 0 [Note] Shutting down plugin 'INNODB_SYS_COLUMNS'
2026-08-16T06:17:26.236575Z 0 [Note] Shutting down plugin 'INNODB_SYS_INDEXES'
2026-08-16T06:17:26.236575Z 0 [Note] Shutting down plugin 'INNODB_SYS_TABLESTATS'
2026-08-16T06:17:26.236576Z 0 [Note] Shutting down plugin 'INNODB_SYS_TABLES'
2026-08-16T06:17:26.236576Z 0 [Note] Shutting down plugin 'INNODB_FT_INDEX_TABLE'
2026-08-16T06:17:26.236577Z 0 [Note] Shutting down plugin 'INNODB_FT_INDEX_CACHE'
2026-08-16T06:17:26.236577Z 0 [Note] Shutting down plugin 'INNODB_FT_CONFIG'
2026-08-16T06:17:26.236578Z 0 [Note] Shutting down plugin 'INNODB_FT_BEING_DELETED'
2026-08-16T06:17:26.236578Z 0 [Note] Shutting down plugin 'INNODB_FT_DELETED'
2026-08-16T06:17:26.236579Z 0 [Note] Shutting down plugin 'INNODB_FT_DEFAULT_STOPWORD'
2026-08-16T06:17:26.236579Z 0 [Note] Shutting down plugin 'INNODB_METRICS'
2026-08-16T06:17:26.236580Z 0 [Note] Shutting down plugin 'INNODB_TEMP_TABLE_INFO'
2026-08-16T06:17:26.236580Z 0 [Note] Shutting down plugin 'INNODB_BUFFER_POOL_STATS'
2026-08-16T06:17:26.236581Z 0 [Note] Shutting down plugin 'INNODB_BUFFER_PAGE_LRU'
2026-08-16T06:17:26.236581Z 0 [Note] Shutting down plugin 'INNODB_BUFFER_PAGE'
2026-08-16T06:17:26.236582Z 0 [Note] Shutting down plugin 'INNODB_CMP_PER_INDEX_RESET'
2026-08-16T06:17:26.236582Z 0 [Note] Shutting down plugin 'INNODB_CMP_PER_INDEX'
2026-08-16T06:17:26.236583Z 0 [Note] Shutting down plugin 'INNODB_CMPMEM_RESET'
2026-08-16T06:17:26.236583Z 0 [Note] Shutting down plugin 'INNODB_CMPMEM'
2026-08-16T06:17:26.236584Z 0 [Note] Shutting down plugin 'INNODB_CMP_RESET'
2026-08-16T06:17:26.236584Z 0 [Note] Shutting down plugin 'INNODB_CMP'
2026-08-16T06:17:26.236585Z 0 [Note] Shutting down plugin 'INNODB_LOCK_WAITS'
2026-08-16T06:17:26.236585Z 0 [Note] Shutting down plugin 'INNODB_LOCKS'
2026-08-16T06:17:26.236586Z 0 [Note] Shutting down plugin 'INNODB_TRX'
2026-08-16T06:17:26.236587Z 0 [Note] Shutting down plugin 'InnoDB'
2026-08-16T06:17:26.236638Z 0 [Note] InnoDB: FTS optimize thread exiting.
2026-08-16T06:17:26.236788Z 0 [Note] InnoDB: Starting shutdown...
2026-08-16T06:17:26.337000Z 0 [Note] InnoDB: Dumping buffer pool(s) to /var/lib/mysql/ib_buffer_pool
2026-08-16T06:17:26.337195Z 0 [Note] InnoDB: Buffer pool(s) dump completed at 260816  6:17:26
2026-08-16T06:17:27.450100Z 0 [Note] InnoDB: Shutdown completed; log sequence number 12203407
2026-08-16T06:17:27.451298Z 0 [Note] InnoDB: Removed temporary tablespace data file: "ibtmp1"
2026-08-16T06:17:27.451331Z 0 [Note] Shutting down plugin 'MRG_MYISAM'
2026-08-16T06:17:27.451336Z 0 [Note] Shutting down plugin 'MyISAM'
2026-08-16T06:17:27.451343Z 0 [Note] Shutting down plugin 'CSV'
2026-08-16T06:17:27.451345Z 0 [Note] Shutting down plugin 'MEMORY'
2026-08-16T06:17:27.451347Z 0 [Note] Shutting down plugin 'PERFORMANCE_SCHEMA'
2026-08-16T06:17:27.451362Z 0 [Note] Shutting down plugin 'sha256_password'
2026-08-16T06:17:27.451363Z 0 [Note] Shutting down plugin 'mysql_native_password'
2026-08-16T06:17:27.451457Z 0 [Note] Shutting down plugin 'binlog'
2026-08-16T06:17:27.452506Z 0 [Note] mysqld: Shutdown complete


MySQL init process done. Ready for start up.

2026-08-16T06:17:27.655821Z 0 [Warning] TIMESTAMP with implicit DEFAULT value is deprecated. Please use --explicit_defaults_for_timestamp server option (see documentation for more details).
2026-08-16T06:17:27.656837Z 0 [Note] mysqld (mysqld 5.7.17) starting as process 1 ...
2026-08-16T06:17:27.658633Z 0 [Note] InnoDB: PUNCH HOLE support available
2026-08-16T06:17:27.658661Z 0 [Note] InnoDB: Mutexes and rw_locks use GCC atomic builtins
2026-08-16T06:17:27.658665Z 0 [Note] InnoDB: Uses event mutexes
2026-08-16T06:17:27.658666Z 0 [Note] InnoDB: GCC builtin __atomic_thread_fence() is used for memory barrier
2026-08-16T06:17:27.658667Z 0 [Note] InnoDB: Compressed tables use zlib 1.2.3
2026-08-16T06:17:27.658668Z 0 [Note] InnoDB: Using Linux native AIO
2026-08-16T06:17:27.658892Z 0 [Note] InnoDB: Number of pools: 1
2026-08-16T06:17:27.658986Z 0 [Note] InnoDB: Using CPU crc32 instructions
2026-08-16T06:17:27.661014Z 0 [Note] InnoDB: Initializing buffer pool, total size = 128M, instances = 1, chunk size = 128M
2026-08-16T06:17:27.664565Z 0 [Note] InnoDB: Completed initialization of buffer pool
2026-08-16T06:17:27.667223Z 0 [Note] InnoDB: If the mysqld execution user is authorized, page cleaner thread priority can be changed. See the man page of setpriority().
2026-08-16T06:17:27.679823Z 0 [Note] InnoDB: Highest supported file format is Barracuda.
2026-08-16T06:17:27.696996Z 0 [Note] InnoDB: Creating shared tablespace for temporary tables
2026-08-16T06:17:27.697069Z 0 [Note] InnoDB: Setting file './ibtmp1' size to 12 MB. Physically writing the file full; Please wait ...
2026-08-16T06:17:27.724111Z 0 [Note] InnoDB: File './ibtmp1' size is now 12 MB.
2026-08-16T06:17:27.724556Z 0 [Note] InnoDB: 96 redo rollback segment(s) found. 96 redo rollback segment(s) are active.
2026-08-16T06:17:27.724582Z 0 [Note] InnoDB: 32 non-redo rollback segment(s) are active.
2026-08-16T06:17:27.725380Z 0 [Note] InnoDB: 5.7.17 started; log sequence number 12203407
2026-08-16T06:17:27.725596Z 0 [Note] InnoDB: Loading buffer pool(s) from /var/lib/mysql/ib_buffer_pool
2026-08-16T06:17:27.725794Z 0 [Note] Plugin 'FEDERATED' is disabled.
2026-08-16T06:17:27.727461Z 0 [Note] InnoDB: Buffer pool(s) load completed at 260816  6:17:27
2026-08-16T06:17:27.728398Z 0 [Warning] Failed to set up SSL because of the following SSL library error: SSL context is not usable without certificate and private key
2026-08-16T06:17:27.728766Z 0 [Note] Server hostname (bind-address): '*'; port: 3306
2026-08-16T06:17:27.729021Z 0 [Note] IPv6 is available.
2026-08-16T06:17:27.729048Z 0 [Note]   - '::' resolves to '::';
2026-08-16T06:17:27.729062Z 0 [Note] Server socket created on IP: '::'.
2026-08-16T06:17:27.734991Z 0 [Warning] 'db' entry 'sys mysql.sys@localhost' ignored in --skip-name-resolve mode.
2026-08-16T06:17:27.735020Z 0 [Warning] 'proxies_priv' entry '@ root@localhost' ignored in --skip-name-resolve mode.
2026-08-16T06:17:27.735734Z 0 [Warning] 'tables_priv' entry 'sys_config mysql.sys@localhost' ignored in --skip-name-resolve mode.
2026-08-16T06:17:27.737428Z 0 [Note] Event Scheduler: Loaded 0 events
2026-08-16T06:17:27.737634Z 0 [Note] Executing 'SELECT * FROM INFORMATION_SCHEMA.TABLES;' to get a list of tables using the deprecated partition engine. You may use the startup option '--disable-partition-engine-check' to skip this check. 
2026-08-16T06:17:27.737655Z 0 [Note] Beginning of list of non-natively partitioned tables
2026-08-16T06:17:27.741579Z 0 [Note] End of list of non-natively partitioned tables
2026-08-16T06:17:27.741785Z 0 [Note] mysqld: ready for connections.
Version: '5.7.17'  socket: '/var/run/mysqld/mysqld.sock'  port: 3306  MySQL Community Server (GPL)
