    at Layer.handle_error (/usr/src/app/node_modules/express/lib/router/layer.js:71:5)
    at trim_prefix (/usr/src/app/node_modules/express/lib/router/index.js:315:13)
    at /usr/src/app/node_modules/express/lib/router/index.js:284:7
    at Function.process_params (/usr/src/app/node_modules/express/lib/router/index.js:335:12)
    at next (/usr/src/app/node_modules/express/lib/router/index.js:275:10)
[0mGET /catalogue [32m200 [0m2.780 ms - -[0m
Error: Can't set headers after they are sent.
    at ServerResponse.OutgoingMessage.setHeader (_http_outgoing.js:356:11)
    at ServerResponse.header (/usr/src/app/node_modules/express/lib/response.js:725:10)
    at ServerResponse.json (/usr/src/app/node_modules/express/lib/response.js:253:10)
    at ServerResponse.send (/usr/src/app/node_modules/express/lib/response.js:158:21)
    at helpers.errorHandler (/usr/src/app/helpers/index.js:22:7)
    at Layer.handle_error (/usr/src/app/node_modules/express/lib/router/layer.js:71:5)
    at trim_prefix (/usr/src/app/node_modules/express/lib/router/index.js:315:13)
    at /usr/src/app/node_modules/express/lib/router/index.js:284:7
    at Function.process_params (/usr/src/app/node_modules/express/lib/router/index.js:335:12)
    at next (/usr/src/app/node_modules/express/lib/router/index.js:275:10)
Received login request
{"user":{"firstName":"User","lastName":"Name","username":"user","id":"57a98d98e4b00679b4a830b2","_links":{"addresses":{"href":"http://user/customers/57a98d98e4b00679b4a830b2/addresses"},"cards":{"href":"http://user/customers/57a98d98e4b00679b4a830b2/cards"},"customer":{"href":"http://user/customers/57a98d98e4b00679b4a830b2"},"self":{"href":"http://user/customers/57a98d98e4b00679b4a830b2"}}}}

57a98d98e4b00679b4a830b2
Merging carts for customer id: 57a98d98e4b00679b4a830b2 and session id: JcVH1NJUDRQQIaAY0KpVEpxXXtwUmEuu
Carts merged.
Sent cookies.
[0mGET /login [32m200 [0m7.771 ms - 13[0m
Error: Can't set headers after they are sent.
    at ServerResponse.OutgoingMessage.setHeader (_http_outgoing.js:356:11)
    at ServerResponse.header (/usr/src/app/node_modules/express/lib/response.js:725:10)
    at ServerResponse.send (/usr/src/app/node_modules/express/lib/response.js:170:12)
    at ServerResponse.json (/usr/src/app/node_modules/express/lib/response.js:256:15)
    at ServerResponse.send (/usr/src/app/node_modules/express/lib/response.js:158:21)
    at helpers.errorHandler (/usr/src/app/helpers/index.js:22:7)
    at Layer.handle_error (/usr/src/app/node_modules/express/lib/router/layer.js:71:5)
    at trim_prefix (/usr/src/app/node_modules/express/lib/router/index.js:315:13)
    at /usr/src/app/node_modules/express/lib/router/index.js:284:7
    at Function.process_params (/usr/src/app/node_modules/express/lib/router/index.js:335:12)
Request received with body: {}
Received response: "{\n  \"_embedded\" : {\n    \"customerOrders\" : [ ]\n  },\n  \"_links\" : {\n    \"self\" : {\n      \"href\" : \"http://orders/orders/search/customerId?sort=date&custId=undefined\"\n    }\n  }\n}"
[0mGET /orders [32m201 [0m4.330 ms - -[0m
Error: Can't set headers after they are sent.
    at ServerResponse.OutgoingMessage.setHeader (_http_outgoing.js:356:11)
    at ServerResponse.header (/usr/src/app/node_modules/express/lib/response.js:725:10)
    at ServerResponse.json (/usr/src/app/node_modules/express/lib/response.js:253:10)
    at ServerResponse.send (/usr/src/app/node_modules/express/lib/response.js:158:21)
    at helpers.errorHandler (/usr/src/app/helpers/index.js:22:7)
    at Layer.handle_error (/usr/src/app/node_modules/express/lib/router/layer.js:71:5)
    at trim_prefix (/usr/src/app/node_modules/express/lib/router/index.js:315:13)
    at /usr/src/app/node_modules/express/lib/router/index.js:284:7
    at Function.process_params (/usr/src/app/node_modules/express/lib/router/index.js:335:12)
    at next (/usr/src/app/node_modules/express/lib/router/index.js:275:10)
[0mGET /catalogue [32m200 [0m2.867 ms - -[0m
Error: Can't set headers after they are sent.
    at ServerResponse.OutgoingMessage.setHeader (_http_outgoing.js:356:11)
    at ServerResponse.header (/usr/src/app/node_modules/express/lib/response.js:725:10)
    at ServerResponse.json (/usr/src/app/node_modules/express/lib/response.js:253:10)
    at ServerResponse.send (/usr/src/app/node_modules/express/lib/response.js:158:21)
    at helpers.errorHandler (/usr/src/app/helpers/index.js:22:7)
    at Layer.handle_error (/usr/src/app/node_modules/express/lib/router/layer.js:71:5)
    at trim_prefix (/usr/src/app/node_modules/express/lib/router/index.js:315:13)
    at /usr/src/app/node_modules/express/lib/router/index.js:284:7
    at Function.process_params (/usr/src/app/node_modules/express/lib/router/index.js:335:12)
    at next (/usr/src/app/node_modules/express/lib/router/index.js:275:10)
Received login request
{"user":{"firstName":"User","lastName":"Name","username":"user","id":"57a98d98e4b00679b4a830b2","_links":{"addresses":{"href":"http://user/customers/57a98d98e4b00679b4a830b2/addresses"},"cards":{"href":"http://user/customers/57a98d98e4b00679b4a830b2/cards"},"customer":{"href":"http://user/customers/57a98d98e4b00679b4a830b2"},"self":{"href":"http://user/customers/57a98d98e4b00679b4a830b2"}}}}

57a98d98e4b00679b4a830b2
Merging carts for customer id: 57a98d98e4b00679b4a830b2 and session id: A7AKWzYs9RPpTc5VrWf8SMrNzQVkaFmU
Carts merged.
Sent cookies.
[0mGET /login [32m200 [0m176.184 ms - 13[0m
Error: Can't set headers after they are sent.
    at ServerResponse.OutgoingMessage.setHeader (_http_outgoing.js:356:11)
    at ServerResponse.header (/usr/src/app/node_modules/express/lib/response.js:725:10)
    at ServerResponse.send (/usr/src/app/node_modules/express/lib/response.js:170:12)
    at ServerResponse.json (/usr/src/app/node_modules/express/lib/response.js:256:15)
    at ServerResponse.send (/usr/src/app/node_modules/express/lib/response.js:158:21)
    at helpers.errorHandler (/usr/src/app/helpers/index.js:22:7)
    at Layer.handle_error (/usr/src/app/node_modules/express/lib/router/layer.js:71:5)
    at trim_prefix (/usr/src/app/node_modules/express/lib/router/index.js:315:13)
    at /usr/src/app/node_modules/express/lib/router/index.js:284:7
    at Function.process_params (/usr/src/app/node_modules/express/lib/router/index.js:335:12)
Request received with body: {}
Received response: "{\n  \"_embedded\" : {\n    \"customerOrders\" : [ ]\n  },\n  \"_links\" : {\n    \"self\" : {\n      \"href\" : \"http://orders/orders/search/customerId?sort=date&custId=undefined\"\n    }\n  }\n}"
[0mGET /orders [32m201 [0m5.186 ms - -[0m
Error: Can't set headers after they are sent.
    at ServerResponse.OutgoingMessage.setHeader (_http_outgoing.js:356:11)
    at ServerResponse.header (/usr/src/app/node_modules/express/lib/response.js:725:10)
    at ServerResponse.json (/usr/src/app/node_modules/express/lib/response.js:253:10)
    at ServerResponse.send (/usr/src/app/node_modules/express/lib/response.js:158:21)
    at helpers.errorHandler (/usr/src/app/helpers/index.js:22:7)
    at Layer.handle_error (/usr/src/app/node_modules/express/lib/router/layer.js:71:5)
    at trim_prefix (/usr/src/app/node_modules/express/lib/router/index.js:315:13)
    at /usr/src/app/node_modules/express/lib/router/index.js:284:7
    at Function.process_params (/usr/src/app/node_modules/express/lib/router/index.js:335:12)
    at next (/usr/src/app/node_modules/express/lib/router/index.js:275:10)
[0mGET /catalogue [32m200 [0m2.854 ms - -[0m
Error: Can't set headers after they are sent.
    at ServerResponse.OutgoingMessage.setHeader (_http_outgoing.js:356:11)
    at ServerResponse.header (/usr/src/app/node_modules/express/lib/response.js:725:10)
    at ServerResponse.json (/usr/src/app/node_modules/express/lib/response.js:253:10)
    at ServerResponse.send (/usr/src/app/node_modules/express/lib/response.js:158:21)
    at helpers.errorHandler (/usr/src/app/helpers/index.js:22:7)
    at Layer.handle_error (/usr/src/app/node_modules/express/lib/router/layer.js:71:5)
    at trim_prefix (/usr/src/app/node_modules/express/lib/router/index.js:315:13)
    at /usr/src/app/node_modules/express/lib/router/index.js:284:7
    at Function.process_params (/usr/src/app/node_modules/express/lib/router/index.js:335:12)
    at next (/usr/src/app/node_modules/express/lib/router/index.js:275:10)
Received login request
{"user":{"firstName":"User","lastName":"Name","username":"user","id":"57a98d98e4b00679b4a830b2","_links":{"addresses":{"href":"http://user/customers/57a98d98e4b00679b4a830b2/addresses"},"cards":{"href":"http://user/customers/57a98d98e4b00679b4a830b2/cards"},"customer":{"href":"http://user/customers/57a98d98e4b00679b4a830b2"},"self":{"href":"http://user/customers/57a98d98e4b00679b4a830b2"}}}}

57a98d98e4b00679b4a830b2
Merging carts for customer id: 57a98d98e4b00679b4a830b2 and session id: H0kIeEzDsbQr_R2eUuKwfYOWAIomzBbJ
Carts merged.
Sent cookies.
[0mGET /login [32m200 [0m7.625 ms - 13[0m
Error: Can't set headers after they are sent.
    at ServerResponse.OutgoingMessage.setHeader (_http_outgoing.js:356:11)
    at ServerResponse.header (/usr/src/app/node_modules/express/lib/response.js:725:10)
    at ServerResponse.send (/usr/src/app/node_modules/express/lib/response.js:170:12)
    at ServerResponse.json (/usr/src/app/node_modules/express/lib/response.js:256:15)
    at ServerResponse.send (/usr/src/app/node_modules/express/lib/response.js:158:21)
    at helpers.errorHandler (/usr/src/app/helpers/index.js:22:7)
    at Layer.handle_error (/usr/src/app/node_modules/express/lib/router/layer.js:71:5)
    at trim_prefix (/usr/src/app/node_modules/express/lib/router/index.js:315:13)
    at /usr/src/app/node_modules/express/lib/router/index.js:284:7
    at Function.process_params (/usr/src/app/node_modules/express/lib/router/index.js:335:12)
Request received with body: {}
Received response: "{\n  \"_embedded\" : {\n    \"customerOrders\" : [ ]\n  },\n  \"_links\" : {\n    \"self\" : {\n      \"href\" : \"http://orders/orders/search/customerId?sort=date&custId=undefined\"\n    }\n  }\n}"
[0mGET /orders [32m201 [0m3.923 ms - -[0m
Error: Can't set headers after they are sent.
    at ServerResponse.OutgoingMessage.setHeader (_http_outgoing.js:356:11)
    at ServerResponse.header (/usr/src/app/node_modules/express/lib/response.js:725:10)
    at ServerResponse.json (/usr/src/app/node_modules/express/lib/response.js:253:10)
    at ServerResponse.send (/usr/src/app/node_modules/express/lib/response.js:158:21)
    at helpers.errorHandler (/usr/src/app/helpers/index.js:22:7)
    at Layer.handle_error (/usr/src/app/node_modules/express/lib/router/layer.js:71:5)
    at trim_prefix (/usr/src/app/node_modules/express/lib/router/index.js:315:13)
    at /usr/src/app/node_modules/express/lib/router/index.js:284:7
    at Function.process_params (/usr/src/app/node_modules/express/lib/router/index.js:335:12)
    at next (/usr/src/app/node_modules/express/lib/router/index.js:275:10)
[0mGET /catalogue [32m200 [0m2.996 ms - -[0m
Error: Can't set headers after they are sent.
    at ServerResponse.OutgoingMessage.setHeader (_http_outgoing.js:356:11)
    at ServerResponse.header (/usr/src/app/node_modules/express/lib/response.js:725:10)
    at ServerResponse.json (/usr/src/app/node_modules/express/lib/response.js:253:10)
    at ServerResponse.send (/usr/src/app/node_modules/express/lib/response.js:158:21)
    at helpers.errorHandler (/usr/src/app/helpers/index.js:22:7)
    at Layer.handle_error (/usr/src/app/node_modules/express/lib/router/layer.js:71:5)
    at trim_prefix (/usr/src/app/node_modules/express/lib/router/index.js:315:13)
    at /usr/src/app/node_modules/express/lib/router/index.js:284:7
    at Function.process_params (/usr/src/app/node_modules/express/lib/router/index.js:335:12)
    at next (/usr/src/app/node_modules/express/lib/router/index.js:275:10)
Received login request
{"user":{"firstName":"User","lastName":"Name","username":"user","id":"57a98d98e4b00679b4a830b2","_links":{"addresses":{"href":"http://user/customers/57a98d98e4b00679b4a830b2/addresses"},"cards":{"href":"http://user/customers/57a98d98e4b00679b4a830b2/cards"},"customer":{"href":"http://user/customers/57a98d98e4b00679b4a830b2"},"self":{"href":"http://user/customers/57a98d98e4b00679b4a830b2"}}}}

57a98d98e4b00679b4a830b2
Merging carts for customer id: 57a98d98e4b00679b4a830b2 and session id: onFjrHqPoL9IO8VBtcfr0HHqIHJRtCOU
Carts merged.
Sent cookies.
[0mGET /login [32m200 [0m7.944 ms - 13[0m
Error: Can't set headers after they are sent.
    at ServerResponse.OutgoingMessage.setHeader (_http_outgoing.js:356:11)
    at ServerResponse.header (/usr/src/app/node_modules/express/lib/response.js:725:10)
    at ServerResponse.send (/usr/src/app/node_modules/express/lib/response.js:170:12)
    at ServerResponse.json (/usr/src/app/node_modules/express/lib/response.js:256:15)
    at ServerResponse.send (/usr/src/app/node_modules/express/lib/response.js:158:21)
    at helpers.errorHandler (/usr/src/app/helpers/index.js:22:7)
    at Layer.handle_error (/usr/src/app/node_modules/express/lib/router/layer.js:71:5)
    at trim_prefix (/usr/src/app/node_modules/express/lib/router/index.js:315:13)
    at /usr/src/app/node_modules/express/lib/router/index.js:284:7
    at Function.process_params (/usr/src/app/node_modules/express/lib/router/index.js:335:12)
Request received with body: {}
Received response: "{\n  \"_embedded\" : {\n    \"customerOrders\" : [ ]\n  },\n  \"_links\" : {\n    \"self\" : {\n      \"href\" : \"http://orders/orders/search/customerId?sort=date&custId=undefined\"\n    }\n  }\n}"
[0mGET /orders [32m201 [0m4.368 ms - -[0m
Error: Can't set headers after they are sent.
    at ServerResponse.OutgoingMessage.setHeader (_http_outgoing.js:356:11)
    at ServerResponse.header (/usr/src/app/node_modules/express/lib/response.js:725:10)
    at ServerResponse.json (/usr/src/app/node_modules/express/lib/response.js:253:10)
    at ServerResponse.send (/usr/src/app/node_modules/express/lib/response.js:158:21)
    at helpers.errorHandler (/usr/src/app/helpers/index.js:22:7)
    at Layer.handle_error (/usr/src/app/node_modules/express/lib/router/layer.js:71:5)
    at trim_prefix (/usr/src/app/node_modules/express/lib/router/index.js:315:13)
    at /usr/src/app/node_modules/express/lib/router/index.js:284:7
    at Function.process_params (/usr/src/app/node_modules/express/lib/router/index.js:335:12)
    at next (/usr/src/app/node_modules/express/lib/router/index.js:275:10)
[0mGET /catalogue [32m200 [0m2.988 ms - -[0m
Error: Can't set headers after they are sent.
    at ServerResponse.OutgoingMessage.setHeader (_http_outgoing.js:356:11)
    at ServerResponse.header (/usr/src/app/node_modules/express/lib/response.js:725:10)
    at ServerResponse.json (/usr/src/app/node_modules/express/lib/response.js:253:10)
    at ServerResponse.send (/usr/src/app/node_modules/express/lib/response.js:158:21)
    at helpers.errorHandler (/usr/src/app/helpers/index.js:22:7)
    at Layer.handle_error (/usr/src/app/node_modules/express/lib/router/layer.js:71:5)
    at trim_prefix (/usr/src/app/node_modules/express/lib/router/index.js:315:13)
    at /usr/src/app/node_modules/express/lib/router/index.js:284:7
    at Function.process_params (/usr/src/app/node_modules/express/lib/router/index.js:335:12)
    at next (/usr/src/app/node_modules/express/lib/router/index.js:275:10)
Received login request
{"user":{"firstName":"User","lastName":"Name","username":"user","id":"57a98d98e4b00679b4a830b2","_links":{"addresses":{"href":"http://user/customers/57a98d98e4b00679b4a830b2/addresses"},"cards":{"href":"http://user/customers/57a98d98e4b00679b4a830b2/cards"},"customer":{"href":"http://user/customers/57a98d98e4b00679b4a830b2"},"self":{"href":"http://user/customers/57a98d98e4b00679b4a830b2"}}}}

57a98d98e4b00679b4a830b2
Merging carts for customer id: 57a98d98e4b00679b4a830b2 and session id: h_DAyJKY93GPb08Yah4nw2xwPtY3bEJL
Carts merged.
Sent cookies.
[0mGET /login [32m200 [0m8.693 ms - 13[0m
Error: Can't set headers after they are sent.
    at ServerResponse.OutgoingMessage.setHeader (_http_outgoing.js:356:11)
    at ServerResponse.header (/usr/src/app/node_modules/express/lib/response.js:725:10)
    at ServerResponse.send (/usr/src/app/node_modules/express/lib/response.js:170:12)
    at ServerResponse.json (/usr/src/app/node_modules/express/lib/response.js:256:15)
    at ServerResponse.send (/usr/src/app/node_modules/express/lib/response.js:158:21)
    at helpers.errorHandler (/usr/src/app/helpers/index.js:22:7)
    at Layer.handle_error (/usr/src/app/node_modules/express/lib/router/layer.js:71:5)
    at trim_prefix (/usr/src/app/node_modules/express/lib/router/index.js:315:13)
    at /usr/src/app/node_modules/express/lib/router/index.js:284:7
    at Function.process_params (/usr/src/app/node_modules/express/lib/router/index.js:335:12)
Request received with body: {}
Received response: "{\n  \"_embedded\" : {\n    \"customerOrders\" : [ ]\n  },\n  \"_links\" : {\n    \"self\" : {\n      \"href\" : \"http://orders/orders/search/customerId?sort=date&custId=undefined\"\n    }\n  }\n}"
[0mGET /orders [32m201 [0m4.076 ms - -[0m
Error: Can't set headers after they are sent.
    at ServerResponse.OutgoingMessage.setHeader (_http_outgoing.js:356:11)
    at ServerResponse.header (/usr/src/app/node_modules/express/lib/response.js:725:10)
    at ServerResponse.json (/usr/src/app/node_modules/express/lib/response.js:253:10)
    at ServerResponse.send (/usr/src/app/node_modules/express/lib/response.js:158:21)
    at helpers.errorHandler (/usr/src/app/helpers/index.js:22:7)
    at Layer.handle_error (/usr/src/app/node_modules/express/lib/router/layer.js:71:5)
    at trim_prefix (/usr/src/app/node_modules/express/lib/router/index.js:315:13)
    at /usr/src/app/node_modules/express/lib/router/index.js:284:7
    at Function.process_params (/usr/src/app/node_modules/express/lib/router/index.js:335:12)
    at next (/usr/src/app/node_modules/express/lib/router/index.js:275:10)
[0mGET /catalogue [32m200 [0m2.889 ms - -[0m
Error: Can't set headers after they are sent.
    at ServerResponse.OutgoingMessage.setHeader (_http_outgoing.js:356:11)
    at ServerResponse.header (/usr/src/app/node_modules/express/lib/response.js:725:10)
    at ServerResponse.json (/usr/src/app/node_modules/express/lib/response.js:253:10)
    at ServerResponse.send (/usr/src/app/node_modules/express/lib/response.js:158:21)
    at helpers.errorHandler (/usr/src/app/helpers/index.js:22:7)
    at Layer.handle_error (/usr/src/app/node_modules/express/lib/router/layer.js:71:5)
    at trim_prefix (/usr/src/app/node_modules/express/lib/router/index.js:315:13)
    at /usr/src/app/node_modules/express/lib/router/index.js:284:7
    at Function.process_params (/usr/src/app/node_modules/express/lib/router/index.js:335:12)
    at next (/usr/src/app/node_modules/express/lib/router/index.js:275:10)
Received login request
{"user":{"firstName":"User","lastName":"Name","username":"user","id":"57a98d98e4b00679b4a830b2","_links":{"addresses":{"href":"http://user/customers/57a98d98e4b00679b4a830b2/addresses"},"cards":{"href":"http://user/customers/57a98d98e4b00679b4a830b2/cards"},"customer":{"href":"http://user/customers/57a98d98e4b00679b4a830b2"},"self":{"href":"http://user/customers/57a98d98e4b00679b4a830b2"}}}}

57a98d98e4b00679b4a830b2
Merging carts for customer id: 57a98d98e4b00679b4a830b2 and session id: _qv4v3Drd2Dg8nBJgGb0sxcT_3o9KahZ
Carts merged.
Sent cookies.
[0mGET /login [32m200 [0m7.795 ms - 13[0m
Error: Can't set headers after they are sent.
    at ServerResponse.OutgoingMessage.setHeader (_http_outgoing.js:356:11)
    at ServerResponse.header (/usr/src/app/node_modules/express/lib/response.js:725:10)
    at ServerResponse.send (/usr/src/app/node_modules/express/lib/response.js:170:12)
    at ServerResponse.json (/usr/src/app/node_modules/express/lib/response.js:256:15)
    at ServerResponse.send (/usr/src/app/node_modules/express/lib/response.js:158:21)
    at helpers.errorHandler (/usr/src/app/helpers/index.js:22:7)
    at Layer.handle_error (/usr/src/app/node_modules/express/lib/router/layer.js:71:5)
    at trim_prefix (/usr/src/app/node_modules/express/lib/router/index.js:315:13)
    at /usr/src/app/node_modules/express/lib/router/index.js:284:7
    at Function.process_params (/usr/src/app/node_modules/express/lib/router/index.js:335:12)
Request received with body: {}
Received response: "{\n  \"_embedded\" : {\n    \"customerOrders\" : [ ]\n  },\n  \"_links\" : {\n    \"self\" : {\n      \"href\" : \"http://orders/orders/search/customerId?sort=date&custId=undefined\"\n    }\n  }\n}"
[0mGET /orders [32m201 [0m3.964 ms - -[0m
Error: Can't set headers after they are sent.
    at ServerResponse.OutgoingMessage.setHeader (_http_outgoing.js:356:11)
    at ServerResponse.header (/usr/src/app/node_modules/express/lib/response.js:725:10)
    at ServerResponse.json (/usr/src/app/node_modules/express/lib/response.js:253:10)
    at ServerResponse.send (/usr/src/app/node_modules/express/lib/response.js:158:21)
    at helpers.errorHandler (/usr/src/app/helpers/index.js:22:7)
    at Layer.handle_error (/usr/src/app/node_modules/express/lib/router/layer.js:71:5)
    at trim_prefix (/usr/src/app/node_modules/express/lib/router/index.js:315:13)
    at /usr/src/app/node_modules/express/lib/router/index.js:284:7
    at Function.process_params (/usr/src/app/node_modules/express/lib/router/index.js:335:12)
    at next (/usr/src/app/node_modules/express/lib/router/index.js:275:10)
[0mGET /catalogue [32m200 [0m3.063 ms - -[0m
Error: Can't set headers after they are sent.
    at ServerResponse.OutgoingMessage.setHeader (_http_outgoing.js:356:11)
    at ServerResponse.header (/usr/src/app/node_modules/express/lib/response.js:725:10)
    at ServerResponse.json (/usr/src/app/node_modules/express/lib/response.js:253:10)
    at ServerResponse.send (/usr/src/app/node_modules/express/lib/response.js:158:21)
    at helpers.errorHandler (/usr/src/app/helpers/index.js:22:7)
    at Layer.handle_error (/usr/src/app/node_modules/express/lib/router/layer.js:71:5)
    at trim_prefix (/usr/src/app/node_modules/express/lib/router/index.js:315:13)
    at /usr/src/app/node_modules/express/lib/router/index.js:284:7
    at Function.process_params (/usr/src/app/node_modules/express/lib/router/index.js:335:12)
    at next (/usr/src/app/node_modules/express/lib/router/index.js:275:10)
Received login request
{"user":{"firstName":"User","lastName":"Name","username":"user","id":"57a98d98e4b00679b4a830b2","_links":{"addresses":{"href":"http://user/customers/57a98d98e4b00679b4a830b2/addresses"},"cards":{"href":"http://user/customers/57a98d98e4b00679b4a830b2/cards"},"customer":{"href":"http://user/customers/57a98d98e4b00679b4a830b2"},"self":{"href":"http://user/customers/57a98d98e4b00679b4a830b2"}}}}

57a98d98e4b00679b4a830b2
Merging carts for customer id: 57a98d98e4b00679b4a830b2 and session id: XXLC8kIfos8ryj7caloQz-XMjTMwVoAy
Carts merged.
Sent cookies.
[0mGET /login [32m200 [0m7.864 ms - 13[0m
Error: Can't set headers after they are sent.
    at ServerResponse.OutgoingMessage.setHeader (_http_outgoing.js:356:11)
    at ServerResponse.header (/usr/src/app/node_modules/express/lib/response.js:725:10)
    at ServerResponse.send (/usr/src/app/node_modules/express/lib/response.js:170:12)
    at ServerResponse.json (/usr/src/app/node_modules/express/lib/response.js:256:15)
    at ServerResponse.send (/usr/src/app/node_modules/express/lib/response.js:158:21)
    at helpers.errorHandler (/usr/src/app/helpers/index.js:22:7)
    at Layer.handle_error (/usr/src/app/node_modules/express/lib/router/layer.js:71:5)
    at trim_prefix (/usr/src/app/node_modules/express/lib/router/index.js:315:13)
    at /usr/src/app/node_modules/express/lib/router/index.js:284:7
    at Function.process_params (/usr/src/app/node_modules/express/lib/router/index.js:335:12)
Request received with body: {}
Received response: "{\n  \"_embedded\" : {\n    \"customerOrders\" : [ ]\n  },\n  \"_links\" : {\n    \"self\" : {\n      \"href\" : \"http://orders/orders/search/customerId?sort=date&custId=undefined\"\n    }\n  }\n}"
[0mGET /orders [32m201 [0m4.225 ms - -[0m
Error: Can't set headers after they are sent.
    at ServerResponse.OutgoingMessage.setHeader (_http_outgoing.js:356:11)
    at ServerResponse.header (/usr/src/app/node_modules/express/lib/response.js:725:10)
    at ServerResponse.json (/usr/src/app/node_modules/express/lib/response.js:253:10)
    at ServerResponse.send (/usr/src/app/node_modules/express/lib/response.js:158:21)
    at helpers.errorHandler (/usr/src/app/helpers/index.js:22:7)
    at Layer.handle_error (/usr/src/app/node_modules/express/lib/router/layer.js:71:5)
    at trim_prefix (/usr/src/app/node_modules/express/lib/router/index.js:315:13)
    at /usr/src/app/node_modules/express/lib/router/index.js:284:7
    at Function.process_params (/usr/src/app/node_modules/express/lib/router/index.js:335:12)
    at next (/usr/src/app/node_modules/express/lib/router/index.js:275:10)
[0mGET /catalogue [32m200 [0m3.147 ms - -[0m
Error: Can't set headers after they are sent.
    at ServerResponse.OutgoingMessage.setHeader (_http_outgoing.js:356:11)
    at ServerResponse.header (/usr/src/app/node_modules/express/lib/response.js:725:10)
    at ServerResponse.json (/usr/src/app/node_modules/express/lib/response.js:253:10)
    at ServerResponse.send (/usr/src/app/node_modules/express/lib/response.js:158:21)
    at helpers.errorHandler (/usr/src/app/helpers/index.js:22:7)
    at Layer.handle_error (/usr/src/app/node_modules/express/lib/router/layer.js:71:5)
    at trim_prefix (/usr/src/app/node_modules/express/lib/router/index.js:315:13)
    at /usr/src/app/node_modules/express/lib/router/index.js:284:7
    at Function.process_params (/usr/src/app/node_modules/express/lib/router/index.js:335:12)
    at next (/usr/src/app/node_modules/express/lib/router/index.js:275:10)
Received login request
{"user":{"firstName":"User","lastName":"Name","username":"user","id":"57a98d98e4b00679b4a830b2","_links":{"addresses":{"href":"http://user/customers/57a98d98e4b00679b4a830b2/addresses"},"cards":{"href":"http://user/customers/57a98d98e4b00679b4a830b2/cards"},"customer":{"href":"http://user/customers/57a98d98e4b00679b4a830b2"},"self":{"href":"http://user/customers/57a98d98e4b00679b4a830b2"}}}}

57a98d98e4b00679b4a830b2
Merging carts for customer id: 57a98d98e4b00679b4a830b2 and session id: 29MoStOJ6wh3z3XgMxQH2or5MBw4cBGF
Carts merged.
Sent cookies.
[0mGET /login [32m200 [0m8.296 ms - 13[0m
Error: Can't set headers after they are sent.
    at ServerResponse.OutgoingMessage.setHeader (_http_outgoing.js:356:11)
    at ServerResponse.header (/usr/src/app/node_modules/express/lib/response.js:725:10)
    at ServerResponse.send (/usr/src/app/node_modules/express/lib/response.js:170:12)
    at ServerResponse.json (/usr/src/app/node_modules/express/lib/response.js:256:15)
    at ServerResponse.send (/usr/src/app/node_modules/express/lib/response.js:158:21)
    at helpers.errorHandler (/usr/src/app/helpers/index.js:22:7)
    at Layer.handle_error (/usr/src/app/node_modules/express/lib/router/layer.js:71:5)
    at trim_prefix (/usr/src/app/node_modules/express/lib/router/index.js:315:13)
    at /usr/src/app/node_modules/express/lib/router/index.js:284:7
    at Function.process_params (/usr/src/app/node_modules/express/lib/router/index.js:335:12)
Request received with body: {}
Received response: "{\n  \"_embedded\" : {\n    \"customerOrders\" : [ ]\n  },\n  \"_links\" : {\n    \"self\" : {\n      \"href\" : \"http://orders/orders/search/customerId?sort=date&custId=undefined\"\n    }\n  }\n}"
[0mGET /orders [32m201 [0m4.115 ms - -[0m
Error: Can't set headers after they are sent.
    at ServerResponse.OutgoingMessage.setHeader (_http_outgoing.js:356:11)
    at ServerResponse.header (/usr/src/app/node_modules/express/lib/response.js:725:10)
    at ServerResponse.json (/usr/src/app/node_modules/express/lib/response.js:253:10)
    at ServerResponse.send (/usr/src/app/node_modules/express/lib/response.js:158:21)
    at helpers.errorHandler (/usr/src/app/helpers/index.js:22:7)
    at Layer.handle_error (/usr/src/app/node_modules/express/lib/router/layer.js:71:5)
    at trim_prefix (/usr/src/app/node_modules/express/lib/router/index.js:315:13)
    at /usr/src/app/node_modules/express/lib/router/index.js:284:7
    at Function.process_params (/usr/src/app/node_modules/express/lib/router/index.js:335:12)
    at next (/usr/src/app/node_modules/express/lib/router/index.js:275:10)
[0mGET /catalogue [32m200 [0m2.940 ms - -[0m
Error: Can't set headers after they are sent.
    at ServerResponse.OutgoingMessage.setHeader (_http_outgoing.js:356:11)
    at ServerResponse.header (/usr/src/app/node_modules/express/lib/response.js:725:10)
    at ServerResponse.json (/usr/src/app/node_modules/express/lib/response.js:253:10)
    at ServerResponse.send (/usr/src/app/node_modules/express/lib/response.js:158:21)
    at helpers.errorHandler (/usr/src/app/helpers/index.js:22:7)
    at Layer.handle_error (/usr/src/app/node_modules/express/lib/router/layer.js:71:5)
    at trim_prefix (/usr/src/app/node_modules/express/lib/router/index.js:315:13)
    at /usr/src/app/node_modules/express/lib/router/index.js:284:7
    at Function.process_params (/usr/src/app/node_modules/express/lib/router/index.js:335:12)
    at next (/usr/src/app/node_modules/express/lib/router/index.js:275:10)
Received login request
{"user":{"firstName":"User","lastName":"Name","username":"user","id":"57a98d98e4b00679b4a830b2","_links":{"addresses":{"href":"http://user/customers/57a98d98e4b00679b4a830b2/addresses"},"cards":{"href":"http://user/customers/57a98d98e4b00679b4a830b2/cards"},"customer":{"href":"http://user/customers/57a98d98e4b00679b4a830b2"},"self":{"href":"http://user/customers/57a98d98e4b00679b4a830b2"}}}}

57a98d98e4b00679b4a830b2
Merging carts for customer id: 57a98d98e4b00679b4a830b2 and session id: kC7lhEuJlIRqNQt6_rtADiIqCtpS0NBF
Carts merged.
Sent cookies.
[0mGET /login [32m200 [0m8.141 ms - 13[0m
Error: Can't set headers after they are sent.
    at ServerResponse.OutgoingMessage.setHeader (_http_outgoing.js:356:11)
    at ServerResponse.header (/usr/src/app/node_modules/express/lib/response.js:725:10)
    at ServerResponse.send (/usr/src/app/node_modules/express/lib/response.js:170:12)
    at ServerResponse.json (/usr/src/app/node_modules/express/lib/response.js:256:15)
    at ServerResponse.send (/usr/src/app/node_modules/express/lib/response.js:158:21)
    at helpers.errorHandler (/usr/src/app/helpers/index.js:22:7)
    at Layer.handle_error (/usr/src/app/node_modules/express/lib/router/layer.js:71:5)
    at trim_prefix (/usr/src/app/node_modules/express/lib/router/index.js:315:13)
    at /usr/src/app/node_modules/express/lib/router/index.js:284:7
    at Function.process_params (/usr/src/app/node_modules/express/lib/router/index.js:335:12)
Request received with body: {}
Received response: "{\n  \"_embedded\" : {\n    \"customerOrders\" : [ ]\n  },\n  \"_links\" : {\n    \"self\" : {\n      \"href\" : \"http://orders/orders/search/customerId?sort=date&custId=undefined\"\n    }\n  }\n}"
[0mGET /orders [32m201 [0m4.603 ms - -[0m
Error: Can't set headers after they are sent.
    at ServerResponse.OutgoingMessage.setHeader (_http_outgoing.js:356:11)
    at ServerResponse.header (/usr/src/app/node_modules/express/lib/response.js:725:10)
    at ServerResponse.json (/usr/src/app/node_modules/express/lib/response.js:253:10)
    at ServerResponse.send (/usr/src/app/node_modules/express/lib/response.js:158:21)
    at helpers.errorHandler (/usr/src/app/helpers/index.js:22:7)
    at Layer.handle_error (/usr/src/app/node_modules/express/lib/router/layer.js:71:5)
    at trim_prefix (/usr/src/app/node_modules/express/lib/router/index.js:315:13)
    at /usr/src/app/node_modules/express/lib/router/index.js:284:7
    at Function.process_params (/usr/src/app/node_modules/express/lib/router/index.js:335:12)
    at next (/usr/src/app/node_modules/express/lib/router/index.js:275:10)
[0mGET /catalogue [32m200 [0m3.313 ms - -[0m
Error: Can't set headers after they are sent.
    at ServerResponse.OutgoingMessage.setHeader (_http_outgoing.js:356:11)
    at ServerResponse.header (/usr/src/app/node_modules/express/lib/response.js:725:10)
    at ServerResponse.json (/usr/src/app/node_modules/express/lib/response.js:253:10)
    at ServerResponse.send (/usr/src/app/node_modules/express/lib/response.js:158:21)
    at helpers.errorHandler (/usr/src/app/helpers/index.js:22:7)
    at Layer.handle_error (/usr/src/app/node_modules/express/lib/router/layer.js:71:5)
    at trim_prefix (/usr/src/app/node_modules/express/lib/router/index.js:315:13)
    at /usr/src/app/node_modules/express/lib/router/index.js:284:7
    at Function.process_params (/usr/src/app/node_modules/express/lib/router/index.js:335:12)
    at next (/usr/src/app/node_modules/express/lib/router/index.js:275:10)
Received login request
{"user":{"firstName":"User","lastName":"Name","username":"user","id":"57a98d98e4b00679b4a830b2","_links":{"addresses":{"href":"http://user/customers/57a98d98e4b00679b4a830b2/addresses"},"cards":{"href":"http://user/customers/57a98d98e4b00679b4a830b2/cards"},"customer":{"href":"http://user/customers/57a98d98e4b00679b4a830b2"},"self":{"href":"http://user/customers/57a98d98e4b00679b4a830b2"}}}}

57a98d98e4b00679b4a830b2
Merging carts for customer id: 57a98d98e4b00679b4a830b2 and session id: ZRKsTjCEbaEdWC0NOTPbWC1P0nRCgljG
Carts merged.
Sent cookies.
[0mGET /login [32m200 [0m8.073 ms - 13[0m
Error: Can't set headers after they are sent.
    at ServerResponse.OutgoingMessage.setHeader (_http_outgoing.js:356:11)
    at ServerResponse.header (/usr/src/app/node_modules/express/lib/response.js:725:10)
    at ServerResponse.send (/usr/src/app/node_modules/express/lib/response.js:170:12)
    at ServerResponse.json (/usr/src/app/node_modules/express/lib/response.js:256:15)
    at ServerResponse.send (/usr/src/app/node_modules/express/lib/response.js:158:21)
    at helpers.errorHandler (/usr/src/app/helpers/index.js:22:7)
    at Layer.handle_error (/usr/src/app/node_modules/express/lib/router/layer.js:71:5)
    at trim_prefix (/usr/src/app/node_modules/express/lib/router/index.js:315:13)
    at /usr/src/app/node_modules/express/lib/router/index.js:284:7
    at Function.process_params (/usr/src/app/node_modules/express/lib/router/index.js:335:12)
Request received with body: {}
Received response: "{\n  \"_embedded\" : {\n    \"customerOrders\" : [ ]\n  },\n  \"_links\" : {\n    \"self\" : {\n      \"href\" : \"http://orders/orders/search/customerId?sort=date&custId=undefined\"\n    }\n  }\n}"
[0mGET /orders [32m201 [0m4.144 ms - -[0m
Error: Can't set headers after they are sent.
    at ServerResponse.OutgoingMessage.setHeader (_http_outgoing.js:356:11)
    at ServerResponse.header (/usr/src/app/node_modules/express/lib/response.js:725:10)
    at ServerResponse.json (/usr/src/app/node_modules/express/lib/response.js:253:10)
    at ServerResponse.send (/usr/src/app/node_modules/express/lib/response.js:158:21)
    at helpers.errorHandler (/usr/src/app/helpers/index.js:22:7)
    at Layer.handle_error (/usr/src/app/node_modules/express/lib/router/layer.js:71:5)
    at trim_prefix (/usr/src/app/node_modules/express/lib/router/index.js:315:13)
    at /usr/src/app/node_modules/express/lib/router/index.js:284:7
    at Function.process_params (/usr/src/app/node_modules/express/lib/router/index.js:335:12)
    at next (/usr/src/app/node_modules/express/lib/router/index.js:275:10)
[0mGET /catalogue [32m200 [0m2.693 ms - -[0m
Error: Can't set headers after they are sent.
    at ServerResponse.OutgoingMessage.setHeader (_http_outgoing.js:356:11)
    at ServerResponse.header (/usr/src/app/node_modules/express/lib/response.js:725:10)
    at ServerResponse.json (/usr/src/app/node_modules/express/lib/response.js:253:10)
    at ServerResponse.send (/usr/src/app/node_modules/express/lib/response.js:158:21)
    at helpers.errorHandler (/usr/src/app/helpers/index.js:22:7)
    at Layer.handle_error (/usr/src/app/node_modules/express/lib/router/layer.js:71:5)
    at trim_prefix (/usr/src/app/node_modules/express/lib/router/index.js:315:13)
    at /usr/src/app/node_modules/express/lib/router/index.js:284:7
    at Function.process_params (/usr/src/app/node_modules/express/lib/router/index.js:335:12)
    at next (/usr/src/app/node_modules/express/lib/router/index.js:275:10)
Received login request
{"user":{"firstName":"User","lastName":"Name","username":"user","id":"57a98d98e4b00679b4a830b2","_links":{"addresses":{"href":"http://user/customers/57a98d98e4b00679b4a830b2/addresses"},"cards":{"href":"http://user/customers/57a98d98e4b00679b4a830b2/cards"},"customer":{"href":"http://user/customers/57a98d98e4b00679b4a830b2"},"self":{"href":"http://user/customers/57a98d98e4b00679b4a830b2"}}}}

57a98d98e4b00679b4a830b2
Merging carts for customer id: 57a98d98e4b00679b4a830b2 and session id: eYXH8IZeyi3Cv-wOOu0EUYA3yHtLujfB
Carts merged.
Sent cookies.
[0mGET /login [32m200 [0m7.844 ms - 13[0m
Error: Can't set headers after they are sent.
    at ServerResponse.OutgoingMessage.setHeader (_http_outgoing.js:356:11)
    at ServerResponse.header (/usr/src/app/node_modules/express/lib/response.js:725:10)
    at ServerResponse.send (/usr/src/app/node_modules/express/lib/response.js:170:12)
    at ServerResponse.json (/usr/src/app/node_modules/express/lib/response.js:256:15)
    at ServerResponse.send (/usr/src/app/node_modules/express/lib/response.js:158:21)
    at helpers.errorHandler (/usr/src/app/helpers/index.js:22:7)
    at Layer.handle_error (/usr/src/app/node_modules/express/lib/router/layer.js:71:5)
    at trim_prefix (/usr/src/app/node_modules/express/lib/router/index.js:315:13)
    at /usr/src/app/node_modules/express/lib/router/index.js:284:7
    at Function.process_params (/usr/src/app/node_modules/express/lib/router/index.js:335:12)
Request received with body: {}
Received response: "{\n  \"_embedded\" : {\n    \"customerOrders\" : [ ]\n  },\n  \"_links\" : {\n    \"self\" : {\n      \"href\" : \"http://orders/orders/search/customerId?sort=date&custId=undefined\"\n    }\n  }\n}"
[0mGET /orders [32m201 [0m4.367 ms - -[0m
Error: Can't set headers after they are sent.
    at ServerResponse.OutgoingMessage.setHeader (_http_outgoing.js:356:11)
    at ServerResponse.header (/usr/src/app/node_modules/express/lib/response.js:725:10)
    at ServerResponse.json (/usr/src/app/node_modules/express/lib/response.js:253:10)
    at ServerResponse.send (/usr/src/app/node_modules/express/lib/response.js:158:21)
    at helpers.errorHandler (/usr/src/app/helpers/index.js:22:7)
    at Layer.handle_error (/usr/src/app/node_modules/express/lib/router/layer.js:71:5)
    at trim_prefix (/usr/src/app/node_modules/express/lib/router/index.js:315:13)
    at /usr/src/app/node_modules/express/lib/router/index.js:284:7
    at Function.process_params (/usr/src/app/node_modules/express/lib/router/index.js:335:12)
    at next (/usr/src/app/node_modules/express/lib/router/index.js:275:10)
