images: "./images/"
Abs(images): "/images" (<nil>)
Getwd: "/" (<nil>)
ls: ["images/WAT.jpg" "images/WAT2.jpg" "images/bit_of_leg_1.jpeg" "images/bit_of_leg_2.jpeg" "images/catsocks.jpg" "images/catsocks2.jpg" "images/classic.jpg" "images/classic2.jpg" "images/colourful_socks.jpg" "images/cross_1.jpeg" "images/cross_2.jpeg" "images/holy_1.jpeg" "images/holy_2.jpeg" "images/holy_3.jpeg" "images/puma_1.jpeg" "images/puma_2.jpeg" "images/rugby_socks.jpg" "images/sock.jpeg" "images/youtube_1.jpeg" "images/youtube_2.jpeg"]
ts=2026-08-15T11:01:41Z caller=main.go:136 transport=HTTP port=80
ts=2026-08-15T11:04:38Z caller=logging.go:85 method=Health result=2 took=379.374碌s
ts=2026-08-15T11:04:40Z caller=logging.go:36 method=List tags= order=id pageNum=1 pageSize=10 result=9 err=null took=1.628884ms
ts=2026-08-15T11:04:41Z caller=logging.go:85 method=Health result=2 took=29.176碌s
ts=2026-08-15T11:04:42Z caller=logging.go:36 method=List tags= order=id pageNum=1 pageSize=10 result=9 err=null took=804.183碌s
ts=2026-08-15T11:04:44Z caller=logging.go:36 method=List tags= order=id pageNum=1 pageSize=10 result=9 err=null took=748.916碌s
ts=2026-08-15T11:04:44Z caller=logging.go:85 method=Health result=2 took=34.728碌s
ts=2026-08-15T11:04:46Z caller=logging.go:36 method=List tags= order=id pageNum=1 pageSize=10 result=9 err=null took=722.319碌s
ts=2026-08-15T11:04:47Z caller=logging.go:85 method=Health result=2 took=30.269碌s
ts=2026-08-15T11:04:48Z caller=logging.go:36 method=List tags= order=id pageNum=1 pageSize=10 result=9 err=null took=859.67碌s
ts=2026-08-15T11:04:50Z caller=logging.go:36 method=List tags= order=id pageNum=1 pageSize=10 result=9 err=null took=760.292碌s
ts=2026-08-15T11:04:50Z caller=logging.go:85 method=Health result=2 took=26.772碌s
ts=2026-08-15T11:04:53Z caller=logging.go:36 method=List tags= order=id pageNum=1 pageSize=10 result=9 err=null took=795.109碌s
ts=2026-08-15T11:04:53Z caller=logging.go:85 method=Health result=2 took=26.22碌s
ts=2026-08-15T11:04:56Z caller=logging.go:36 method=List tags= order=id pageNum=1 pageSize=10 result=9 err=null took=722.199碌s
ts=2026-08-15T11:04:56Z caller=logging.go:85 method=Health result=2 took=26.642碌s
ts=2026-08-15T11:04:59Z caller=logging.go:36 method=List tags= order=id pageNum=1 pageSize=10 result=9 err=null took=782.585碌s
ts=2026-08-15T11:04:59Z caller=logging.go:85 method=Health result=2 took=26.241碌s
ts=2026-08-15T11:05:02Z caller=logging.go:36 method=List tags= order=id pageNum=1 pageSize=10 result=9 err=null took=737.326碌s
ts=2026-08-15T11:05:02Z caller=logging.go:85 method=Health result=2 took=25.77碌s
ts=2026-08-15T11:05:05Z caller=logging.go:36 method=List tags= order=id pageNum=1 pageSize=10 result=9 err=null took=740.915碌s
ts=2026-08-15T11:05:05Z caller=logging.go:85 method=Health result=2 took=34.035碌s
ts=2026-08-15T11:05:08Z caller=logging.go:85 method=Health result=2 took=38.184碌s
ts=2026-08-15T11:05:08Z caller=logging.go:36 method=List tags= order=id pageNum=1 pageSize=10 result=9 err=null took=772.273碌s
ts=2026-08-15T11:05:11Z caller=logging.go:85 method=Health result=2 took=29.998碌s
ts=2026-08-15T11:05:11Z caller=logging.go:36 method=List tags= order=id pageNum=1 pageSize=10 result=9 err=null took=812.645碌s
ts=2026-08-15T11:05:14Z caller=logging.go:85 method=Health result=2 took=35.348碌s
ts=2026-08-15T11:05:15Z caller=logging.go:36 method=List tags= order=id pageNum=1 pageSize=10 result=9 err=null took=754.708碌s
ts=2026-08-15T11:05:17Z caller=logging.go:85 method=Health result=2 took=26.231碌s
ts=2026-08-15T11:05:18Z caller=logging.go:36 method=List tags= order=id pageNum=1 pageSize=10 result=9 err=null took=749.412碌s
ts=2026-08-15T11:05:20Z caller=logging.go:85 method=Health result=2 took=27.143碌s
ts=2026-08-15T11:05:21Z caller=logging.go:36 method=List tags= order=id pageNum=1 pageSize=10 result=9 err=null took=823.039碌s
ts=2026-08-15T11:05:23Z caller=logging.go:85 method=Health result=2 took=35.499碌s
ts=2026-08-15T11:05:24Z caller=logging.go:36 method=List tags= order=id pageNum=1 pageSize=10 result=9 err=null took=770.779碌s
ts=2026-08-15T11:05:26Z caller=logging.go:85 method=Health result=2 took=36.06碌s
ts=2026-08-15T11:05:27Z caller=logging.go:36 method=List tags= order=id pageNum=1 pageSize=10 result=9 err=null took=743.585碌s
ts=2026-08-15T11:05:29Z caller=logging.go:85 method=Health result=2 took=28.756碌s
ts=2026-08-15T11:05:30Z caller=logging.go:36 method=List tags= order=id pageNum=1 pageSize=10 result=9 err=null took=737.768碌s
ts=2026-08-15T11:05:32Z caller=logging.go:85 method=Health result=2 took=26.612碌s
ts=2026-08-15T11:05:33Z caller=logging.go:36 method=List tags= order=id pageNum=1 pageSize=10 result=9 err=null took=751.19碌s
ts=2026-08-15T11:05:35Z caller=logging.go:85 method=Health result=2 took=27.383碌s
ts=2026-08-15T11:05:36Z caller=logging.go:36 method=List tags= order=id pageNum=1 pageSize=10 result=9 err=null took=756.591碌s
ts=2026-08-15T11:05:38Z caller=logging.go:85 method=Health result=2 took=25.82碌s
ts=2026-08-15T11:05:39Z caller=logging.go:36 method=List tags= order=id pageNum=1 pageSize=10 result=9 err=null took=738.711碌s
ts=2026-08-15T11:05:41Z caller=logging.go:85 method=Health result=2 took=27.464碌s
ts=2026-08-15T11:05:42Z caller=logging.go:36 method=List tags= order=id pageNum=1 pageSize=10 result=9 err=null took=735.704碌s
ts=2026-08-15T11:05:44Z caller=logging.go:85 method=Health result=2 took=28.976碌s
ts=2026-08-15T11:05:45Z caller=logging.go:36 method=List tags= order=id pageNum=1 pageSize=10 result=9 err=null took=793.762碌s
ts=2026-08-15T11:05:47Z caller=logging.go:85 method=Health result=2 took=52.402碌s
ts=2026-08-15T11:05:48Z caller=logging.go:36 method=List tags= order=id pageNum=1 pageSize=10 result=9 err=null took=756.084碌s
ts=2026-08-15T11:05:50Z caller=logging.go:85 method=Health result=2 took=35.258碌s
ts=2026-08-15T11:05:51Z caller=logging.go:36 method=List tags= order=id pageNum=1 pageSize=10 result=9 err=null took=752.036碌s
ts=2026-08-15T11:05:53Z caller=logging.go:36 method=List tags= order=id pageNum=1 pageSize=10 result=9 err=null took=792.123碌s
ts=2026-08-15T11:05:53Z caller=logging.go:36 method=List tags= order=id pageNum=1 pageSize=10 result=9 err=null took=736.55碌s
ts=2026-08-15T11:05:53Z caller=logging.go:36 method=List tags= order=id pageNum=1 pageSize=10 result=9 err=null took=788.487碌s
ts=2026-08-15T11:05:53Z caller=logging.go:36 method=List tags= order=id pageNum=1 pageSize=10 result=9 err=null took=716.186碌s
ts=2026-08-15T11:05:53Z caller=logging.go:85 method=Health result=2 took=45.208碌s
ts=2026-08-15T11:05:53Z caller=logging.go:36 method=List tags= order=id pageNum=1 pageSize=10 result=9 err=null took=781.574碌s
ts=2026-08-15T11:05:54Z caller=logging.go:36 method=List tags= order=id pageNum=1 pageSize=10 result=9 err=null took=889.117碌s
ts=2026-08-15T11:05:54Z caller=logging.go:36 method=List tags= order=id pageNum=1 pageSize=10 result=9 err=null took=860.597碌s
ts=2026-08-15T11:05:54Z caller=logging.go:36 method=List tags= order=id pageNum=1 pageSize=10 result=9 err=null took=860.511碌s
ts=2026-08-15T11:05:54Z caller=logging.go:36 method=List tags= order=id pageNum=1 pageSize=10 result=9 err=null took=822.313碌s
ts=2026-08-15T11:05:54Z caller=logging.go:36 method=List tags= order=id pageNum=1 pageSize=10 result=9 err=null took=822.093碌s
ts=2026-08-15T11:05:56Z caller=logging.go:85 method=Health result=2 took=31.541碌s
ts=2026-08-15T11:05:58Z caller=logging.go:36 method=List tags= order=id pageNum=1 pageSize=10 result=9 err=null took=1.036278ms
ts=2026-08-15T11:05:59Z caller=logging.go:85 method=Health result=2 took=27.944碌s
ts=2026-08-15T11:06:00Z caller=logging.go:36 method=List tags= order=id pageNum=1 pageSize=10 result=9 err=null took=821.974碌s
ts=2026-08-15T11:06:02Z caller=logging.go:36 method=List tags= order=id pageNum=1 pageSize=10 result=9 err=null took=804.225碌s
ts=2026-08-15T11:06:02Z caller=logging.go:85 method=Health result=2 took=26.662碌s
ts=2026-08-15T11:06:04Z caller=logging.go:36 method=List tags= order=id pageNum=1 pageSize=10 result=9 err=null took=722.034碌s
ts=2026-08-15T11:06:05Z caller=logging.go:85 method=Health result=2 took=28.506碌s
ts=2026-08-15T11:06:06Z caller=logging.go:36 method=List tags= order=id pageNum=1 pageSize=10 result=9 err=null took=816.171碌s
ts=2026-08-15T11:06:08Z caller=logging.go:85 method=Health result=2 took=82.42碌s
ts=2026-08-15T11:06:08Z caller=logging.go:36 method=List tags= order=id pageNum=1 pageSize=10 result=9 err=null took=846.174碌s
ts=2026-08-15T11:06:11Z caller=logging.go:85 method=Health result=2 took=29.878碌s
ts=2026-08-15T11:06:11Z caller=logging.go:36 method=List tags= order=id pageNum=1 pageSize=10 result=9 err=null took=802.751碌s
ts=2026-08-15T11:06:14Z caller=logging.go:85 method=Health result=2 took=29.057碌s
ts=2026-08-15T11:06:15Z caller=logging.go:36 method=List tags= order=id pageNum=1 pageSize=10 result=9 err=null took=771.785碌s
ts=2026-08-15T11:06:17Z caller=logging.go:85 method=Health result=2 took=34.707碌s
ts=2026-08-15T11:06:18Z caller=logging.go:36 method=List tags= order=id pageNum=1 pageSize=10 result=9 err=null took=825.741碌s
ts=2026-08-15T11:06:20Z caller=logging.go:85 method=Health result=2 took=27.403碌s
ts=2026-08-15T11:06:21Z caller=logging.go:36 method=List tags= order=id pageNum=1 pageSize=10 result=9 err=null took=835.944碌s
ts=2026-08-15T11:06:23Z caller=logging.go:85 method=Health result=2 took=26.842碌s
ts=2026-08-15T11:06:24Z caller=logging.go:36 method=List tags= order=id pageNum=1 pageSize=10 result=9 err=null took=729.342碌s
ts=2026-08-15T11:06:26Z caller=logging.go:85 method=Health result=2 took=30.238碌s
ts=2026-08-15T11:06:27Z caller=logging.go:36 method=List tags= order=id pageNum=1 pageSize=10 result=9 err=null took=749.34碌s
ts=2026-08-15T11:06:29Z caller=logging.go:85 method=Health result=2 took=27.463碌s
ts=2026-08-15T11:06:30Z caller=logging.go:36 method=List tags= order=id pageNum=1 pageSize=10 result=9 err=null took=1.257978ms
ts=2026-08-15T11:06:32Z caller=logging.go:85 method=Health result=2 took=26.12碌s
ts=2026-08-15T11:06:33Z caller=logging.go:36 method=List tags= order=id pageNum=1 pageSize=10 result=9 err=null took=827.877碌s
ts=2026-08-15T11:06:35Z caller=logging.go:85 method=Health result=2 took=29.527碌s
ts=2026-08-15T11:06:36Z caller=logging.go:36 method=List tags= order=id pageNum=1 pageSize=10 result=9 err=null took=757.988碌s
ts=2026-08-15T11:06:38Z caller=logging.go:85 method=Health result=2 took=28.215碌s
ts=2026-08-15T11:06:39Z caller=logging.go:36 method=List tags= order=id pageNum=1 pageSize=10 result=9 err=null took=769.831碌s
ts=2026-08-15T11:06:40Z caller=logging.go:85 method=Health result=2 took=26.561碌s
ts=2026-08-15T11:06:41Z caller=logging.go:85 method=Health result=2 took=27.002碌s
ts=2026-08-15T11:06:42Z caller=logging.go:36 method=List tags= order=id pageNum=1 pageSize=10 result=9 err=null took=748.651碌s
ts=2026-08-15T11:06:43Z caller=logging.go:85 method=Health result=2 took=29.126碌s
ts=2026-08-15T11:06:44Z caller=logging.go:85 method=Health result=2 took=29.757碌s
ts=2026-08-15T11:06:45Z caller=logging.go:36 method=List tags= order=id pageNum=1 pageSize=10 result=9 err=null took=817.257碌s
ts=2026-08-15T11:06:46Z caller=logging.go:85 method=Health result=2 took=27.203碌s
ts=2026-08-15T11:06:47Z caller=logging.go:85 method=Health result=2 took=25.519碌s
ts=2026-08-15T11:06:48Z caller=logging.go:36 method=List tags= order=id pageNum=1 pageSize=10 result=9 err=null took=720.69碌s
ts=2026-08-15T11:06:49Z caller=logging.go:85 method=Health result=2 took=25.9碌s
ts=2026-08-15T11:06:50Z caller=logging.go:85 method=Health result=2 took=34.086碌s
ts=2026-08-15T11:06:52Z caller=logging.go:36 method=List tags= order=id pageNum=1 pageSize=10 result=9 err=null took=747.904碌s
ts=2026-08-15T11:06:52Z caller=logging.go:85 method=Health result=2 took=34.597碌s
ts=2026-08-15T11:06:53Z caller=logging.go:85 method=Health result=2 took=27.684碌s
ts=2026-08-15T11:06:55Z caller=logging.go:36 method=List tags= order=id pageNum=1 pageSize=10 result=9 err=null took=751.056碌s
ts=2026-08-15T11:06:55Z caller=logging.go:85 method=Health result=2 took=24.447碌s
ts=2026-08-15T11:06:56Z caller=logging.go:85 method=Health result=2 took=27.133碌s
ts=2026-08-15T11:06:58Z caller=logging.go:36 method=List tags= order=id pageNum=1 pageSize=10 result=9 err=null took=768.965碌s
ts=2026-08-15T11:06:58Z caller=logging.go:85 method=Health result=2 took=28.004碌s
ts=2026-08-15T11:06:59Z caller=logging.go:85 method=Health result=2 took=27.263碌s
ts=2026-08-15T11:07:01Z caller=logging.go:36 method=List tags= order=id pageNum=1 pageSize=10 result=9 err=null took=786.739碌s
ts=2026-08-15T11:07:01Z caller=logging.go:85 method=Health result=2 took=33.084碌s
ts=2026-08-15T11:07:02Z caller=logging.go:85 method=Health result=2 took=31.752碌s
ts=2026-08-15T11:07:04Z caller=logging.go:36 method=List tags= order=id pageNum=1 pageSize=10 result=9 err=null took=782.955碌s
ts=2026-08-15T11:07:04Z caller=logging.go:85 method=Health result=2 took=35.739碌s
ts=2026-08-15T11:07:05Z caller=logging.go:85 method=Health result=2 took=26.541碌s
ts=2026-08-15T11:07:07Z caller=logging.go:36 method=List tags= order=id pageNum=1 pageSize=10 result=9 err=null took=835.228碌s
ts=2026-08-15T11:07:07Z caller=logging.go:85 method=Health result=2 took=29.046碌s
ts=2026-08-15T11:07:08Z caller=logging.go:85 method=Health result=2 took=40.609碌s
ts=2026-08-15T11:07:10Z caller=logging.go:36 method=List tags= order=id pageNum=1 pageSize=10 result=9 err=null took=793.506碌s
ts=2026-08-15T11:07:10Z caller=logging.go:85 method=Health result=2 took=40.659碌s
ts=2026-08-15T11:07:11Z caller=logging.go:85 method=Health result=2 took=27.593碌s
ts=2026-08-15T11:07:12Z caller=logging.go:36 method=List tags= order=id pageNum=1 pageSize=10 result=9 err=null took=779.298碌s
ts=2026-08-15T11:07:12Z caller=logging.go:36 method=List tags= order=id pageNum=1 pageSize=10 result=9 err=null took=760.561碌s
ts=2026-08-15T11:07:12Z caller=logging.go:36 method=List tags= order=id pageNum=1 pageSize=10 result=9 err=null took=765.081碌s
ts=2026-08-15T11:07:12Z caller=logging.go:36 method=List tags= order=id pageNum=1 pageSize=10 result=9 err=null took=807.974碌s
ts=2026-08-15T11:07:12Z caller=logging.go:36 method=List tags= order=id pageNum=1 pageSize=10 result=9 err=null took=1.004781ms
ts=2026-08-15T11:07:13Z caller=logging.go:36 method=List tags= order=id pageNum=1 pageSize=10 result=9 err=null took=776.062碌s
ts=2026-08-15T11:07:13Z caller=logging.go:36 method=List tags= order=id pageNum=1 pageSize=10 result=9 err=null took=750.653碌s
ts=2026-08-15T11:07:13Z caller=logging.go:36 method=List tags= order=id pageNum=1 pageSize=10 result=9 err=null took=751.81碌s
ts=2026-08-15T11:07:13Z caller=logging.go:36 method=List tags= order=id pageNum=1 pageSize=10 result=9 err=null took=819.296碌s
ts=2026-08-15T11:07:13Z caller=logging.go:36 method=List tags= order=id pageNum=1 pageSize=10 result=9 err=null took=806.025碌s
ts=2026-08-15T11:07:13Z caller=logging.go:85 method=Health result=2 took=26.381碌s
ts=2026-08-15T11:07:14Z caller=logging.go:85 method=Health result=2 took=26.682碌s
ts=2026-08-15T11:07:16Z caller=logging.go:85 method=Health result=2 took=29.587碌s
ts=2026-08-15T11:07:17Z caller=logging.go:36 method=List tags= order=id pageNum=1 pageSize=10 result=9 err=null took=804.911碌s
ts=2026-08-15T11:07:17Z caller=logging.go:85 method=Health result=2 took=27.985碌s
ts=2026-08-15T11:07:19Z caller=logging.go:36 method=List tags= order=id pageNum=1 pageSize=10 result=9 err=null took=754.61碌s
ts=2026-08-15T11:07:19Z caller=logging.go:85 method=Health result=2 took=28.305碌s
ts=2026-08-15T11:07:20Z caller=logging.go:85 method=Health result=2 took=26.221碌s
ts=2026-08-15T11:07:21Z caller=logging.go:36 method=List tags= order=id pageNum=1 pageSize=10 result=9 err=null took=770.676碌s
ts=2026-08-15T11:07:22Z caller=logging.go:85 method=Health result=2 took=26.361碌s
ts=2026-08-15T11:07:23Z caller=logging.go:36 method=List tags= order=id pageNum=1 pageSize=10 result=9 err=null took=761.239碌s
ts=2026-08-15T11:07:23Z caller=logging.go:85 method=Health result=2 took=29.637碌s
ts=2026-08-15T11:07:25Z caller=logging.go:36 method=List tags= order=id pageNum=1 pageSize=10 result=9 err=null took=754.317碌s
ts=2026-08-15T11:07:25Z caller=logging.go:85 method=Health result=2 took=29.396碌s
ts=2026-08-15T11:07:26Z caller=logging.go:85 method=Health result=2 took=27.523碌s
ts=2026-08-15T11:07:27Z caller=logging.go:36 method=List tags= order=id pageNum=1 pageSize=10 result=9 err=null took=769.065碌s
ts=2026-08-15T11:07:28Z caller=logging.go:85 method=Health result=2 took=26.04碌s
ts=2026-08-15T11:07:29Z caller=logging.go:85 method=Health result=2 took=29.386碌s
ts=2026-08-15T11:07:30Z caller=logging.go:36 method=List tags= order=id pageNum=1 pageSize=10 result=9 err=null took=2.056507ms
ts=2026-08-15T11:07:31Z caller=logging.go:85 method=Health result=2 took=37.172碌s
ts=2026-08-15T11:07:32Z caller=logging.go:85 method=Health result=2 took=28.185碌s
ts=2026-08-15T11:07:33Z caller=logging.go:36 method=List tags= order=id pageNum=1 pageSize=10 result=9 err=null took=729.751碌s
ts=2026-08-15T11:07:34Z caller=logging.go:85 method=Health result=2 took=30.348碌s
ts=2026-08-15T11:07:35Z caller=logging.go:85 method=Health result=2 took=34.377碌s
ts=2026-08-15T11:07:36Z caller=logging.go:36 method=List tags= order=id pageNum=1 pageSize=10 result=9 err=null took=795.408碌s
ts=2026-08-15T11:07:37Z caller=logging.go:85 method=Health result=2 took=28.806碌s
ts=2026-08-15T11:07:38Z caller=logging.go:85 method=Health result=2 took=27.654碌s
ts=2026-08-15T11:07:39Z caller=logging.go:36 method=List tags= order=id pageNum=1 pageSize=10 result=9 err=null took=785.697碌s
ts=2026-08-15T11:07:40Z caller=logging.go:85 method=Health result=2 took=34.336碌s
ts=2026-08-15T11:07:41Z caller=logging.go:85 method=Health result=2 took=28.926碌s
ts=2026-08-15T11:07:42Z caller=logging.go:36 method=List tags= order=id pageNum=1 pageSize=10 result=9 err=null took=805.128碌s
ts=2026-08-15T11:07:43Z caller=logging.go:85 method=Health result=2 took=28.776碌s
ts=2026-08-15T11:07:44Z caller=logging.go:85 method=Health result=2 took=27.313碌s
ts=2026-08-15T11:07:45Z caller=logging.go:36 method=List tags= order=id pageNum=1 pageSize=10 result=9 err=null took=714.938碌s
ts=2026-08-15T11:07:46Z caller=logging.go:85 method=Health result=2 took=29.597碌s
ts=2026-08-15T11:07:47Z caller=logging.go:85 method=Health result=2 took=30.208碌s
ts=2026-08-15T11:07:49Z caller=logging.go:36 method=List tags= order=id pageNum=1 pageSize=10 result=9 err=null took=739.711碌s
ts=2026-08-15T11:07:49Z caller=logging.go:85 method=Health result=2 took=35.949碌s
ts=2026-08-15T11:07:50Z caller=logging.go:85 method=Health result=2 took=26.632碌s
ts=2026-08-15T11:07:52Z caller=logging.go:36 method=List tags= order=id pageNum=1 pageSize=10 result=9 err=null took=770.08碌s
ts=2026-08-15T11:07:52Z caller=logging.go:85 method=Health result=2 took=34.386碌s
ts=2026-08-15T11:07:53Z caller=logging.go:85 method=Health result=2 took=26.562碌s
ts=2026-08-15T11:07:55Z caller=logging.go:36 method=List tags= order=id pageNum=1 pageSize=10 result=9 err=null took=910.605碌s
ts=2026-08-15T11:07:55Z caller=logging.go:85 method=Health result=2 took=26.922碌s
ts=2026-08-15T11:07:56Z caller=logging.go:85 method=Health result=2 took=25.9碌s
ts=2026-08-15T11:07:58Z caller=logging.go:36 method=List tags= order=id pageNum=1 pageSize=10 result=9 err=null took=762.199碌s
ts=2026-08-15T11:07:58Z caller=logging.go:85 method=Health result=2 took=28.976碌s
ts=2026-08-15T11:07:59Z caller=logging.go:85 method=Health result=2 took=26.852碌s
ts=2026-08-15T11:08:01Z caller=logging.go:36 method=List tags= order=id pageNum=1 pageSize=10 result=9 err=null took=719.466碌s
ts=2026-08-15T11:08:01Z caller=logging.go:85 method=Health result=2 took=26.912碌s
ts=2026-08-15T11:08:02Z caller=logging.go:85 method=Health result=2 took=26.601碌s
ts=2026-08-15T11:08:04Z caller=logging.go:36 method=List tags= order=id pageNum=1 pageSize=10 result=9 err=null took=737.462碌s
ts=2026-08-15T11:08:04Z caller=logging.go:85 method=Health result=2 took=34.757碌s
ts=2026-08-15T11:08:05Z caller=logging.go:85 method=Health result=2 took=27.654碌s
ts=2026-08-15T11:08:07Z caller=logging.go:36 method=List tags= order=id pageNum=1 pageSize=10 result=9 err=null took=738.78碌s
ts=2026-08-15T11:08:07Z caller=logging.go:85 method=Health result=2 took=29.287碌s
ts=2026-08-15T11:08:08Z caller=logging.go:85 method=Health result=2 took=26.211碌s
ts=2026-08-15T11:08:10Z caller=logging.go:36 method=List tags= order=id pageNum=1 pageSize=10 result=9 err=null took=760.522碌s
ts=2026-08-15T11:08:10Z caller=logging.go:85 method=Health result=2 took=28.685碌s
ts=2026-08-15T11:08:11Z caller=logging.go:85 method=Health result=2 took=34.046碌s
ts=2026-08-15T11:08:13Z caller=logging.go:36 method=List tags= order=id pageNum=1 pageSize=10 result=9 err=null took=777.69碌s
ts=2026-08-15T11:08:13Z caller=logging.go:85 method=Health result=2 took=26.942碌s
ts=2026-08-15T11:08:14Z caller=logging.go:85 method=Health result=2 took=26.501碌s
ts=2026-08-15T11:08:16Z caller=logging.go:85 method=Health result=2 took=27.002碌s
ts=2026-08-15T11:08:16Z caller=logging.go:36 method=List tags= order=id pageNum=1 pageSize=10 result=9 err=null took=737.587碌s
ts=2026-08-15T11:08:17Z caller=logging.go:85 method=Health result=2 took=26.942碌s
ts=2026-08-15T11:08:19Z caller=logging.go:85 method=Health result=2 took=26.08碌s
ts=2026-08-15T11:08:19Z caller=logging.go:36 method=List tags= order=id pageNum=1 pageSize=10 result=9 err=null took=759.86碌s
ts=2026-08-15T11:08:20Z caller=logging.go:85 method=Health result=2 took=33.966碌s
ts=2026-08-15T11:08:22Z caller=logging.go:85 method=Health result=2 took=26.902碌s
ts=2026-08-15T11:08:22Z caller=logging.go:36 method=List tags= order=id pageNum=1 pageSize=10 result=9 err=null took=802.894碌s
ts=2026-08-15T11:08:23Z caller=logging.go:85 method=Health result=2 took=35.538碌s
ts=2026-08-15T11:08:25Z caller=logging.go:85 method=Health result=2 took=31.702碌s
ts=2026-08-15T11:08:25Z caller=logging.go:36 method=List tags= order=id pageNum=1 pageSize=10 result=9 err=null took=742.993碌s
ts=2026-08-15T11:08:26Z caller=logging.go:85 method=Health result=2 took=28.124碌s
ts=2026-08-15T11:08:28Z caller=logging.go:85 method=Health result=2 took=26.572碌s
ts=2026-08-15T11:08:29Z caller=logging.go:36 method=List tags= order=id pageNum=1 pageSize=10 result=9 err=null took=811.937碌s
ts=2026-08-15T11:08:29Z caller=logging.go:85 method=Health result=2 took=27.273碌s
ts=2026-08-15T11:08:30Z caller=logging.go:36 method=List tags= order=id pageNum=1 pageSize=10 result=9 err=null took=732.271碌s
ts=2026-08-15T11:08:30Z caller=logging.go:36 method=List tags= order=id pageNum=1 pageSize=10 result=9 err=null took=852.71碌s
ts=2026-08-15T11:08:30Z caller=logging.go:36 method=List tags= order=id pageNum=1 pageSize=10 result=9 err=null took=742.005碌s
ts=2026-08-15T11:08:30Z caller=logging.go:36 method=List tags= order=id pageNum=1 pageSize=10 result=9 err=null took=749.32碌s
ts=2026-08-15T11:08:30Z caller=logging.go:36 method=List tags= order=id pageNum=1 pageSize=10 result=9 err=null took=747.057碌s
ts=2026-08-15T11:08:31Z caller=logging.go:36 method=List tags= order=id pageNum=1 pageSize=10 result=9 err=null took=717.488碌s
ts=2026-08-15T11:08:31Z caller=logging.go:36 method=List tags= order=id pageNum=1 pageSize=10 result=9 err=null took=873.34碌s
ts=2026-08-15T11:08:31Z caller=logging.go:36 method=List tags= order=id pageNum=1 pageSize=10 result=9 err=null took=702.386碌s
ts=2026-08-15T11:08:31Z caller=logging.go:36 method=List tags= order=id pageNum=1 pageSize=10 result=9 err=null took=807.878碌s
ts=2026-08-15T11:08:31Z caller=logging.go:36 method=List tags= order=id pageNum=1 pageSize=10 result=9 err=null took=1.002151ms
ts=2026-08-15T11:08:31Z caller=logging.go:85 method=Health result=2 took=27.624碌s
ts=2026-08-15T11:08:32Z caller=logging.go:85 method=Health result=2 took=28.606碌s
ts=2026-08-15T11:08:34Z caller=logging.go:85 method=Health result=2 took=26.602碌s
ts=2026-08-15T11:08:35Z caller=logging.go:36 method=List tags= order=id pageNum=1 pageSize=10 result=9 err=null took=794.053碌s
ts=2026-08-15T11:08:35Z caller=logging.go:85 method=Health result=2 took=28.315碌s
ts=2026-08-15T11:08:37Z caller=logging.go:36 method=List tags= order=id pageNum=1 pageSize=10 result=9 err=null took=754.045碌s
ts=2026-08-15T11:08:37Z caller=logging.go:85 method=Health result=2 took=26.622碌s
ts=2026-08-15T11:08:38Z caller=logging.go:85 method=Health result=2 took=29.447碌s
ts=2026-08-15T11:08:39Z caller=logging.go:36 method=List tags= order=id pageNum=1 pageSize=10 result=9 err=null took=781.167碌s
ts=2026-08-15T11:08:40Z caller=logging.go:85 method=Health result=2 took=35.949碌s
ts=2026-08-15T11:08:41Z caller=logging.go:36 method=List tags= order=id pageNum=1 pageSize=10 result=9 err=null took=839.831碌s
ts=2026-08-15T11:08:41Z caller=logging.go:85 method=Health result=2 took=27.453碌s
ts=2026-08-15T11:08:43Z caller=logging.go:36 method=List tags= order=id pageNum=1 pageSize=10 result=9 err=null took=861.356碌s
ts=2026-08-15T11:08:43Z caller=logging.go:85 method=Health result=2 took=36.04碌s
ts=2026-08-15T11:08:44Z caller=logging.go:85 method=Health result=2 took=27.273碌s
ts=2026-08-15T11:08:45Z caller=logging.go:36 method=List tags= order=id pageNum=1 pageSize=10 result=9 err=null took=855.706碌s
ts=2026-08-15T11:08:46Z caller=logging.go:85 method=Health result=2 took=26.882碌s
ts=2026-08-15T11:08:47Z caller=logging.go:85 method=Health result=2 took=27.423碌s
ts=2026-08-15T11:08:48Z caller=logging.go:36 method=List tags= order=id pageNum=1 pageSize=10 result=9 err=null took=801.802碌s
ts=2026-08-15T11:08:49Z caller=logging.go:85 method=Health result=2 took=27.223碌s
ts=2026-08-15T11:08:50Z caller=logging.go:85 method=Health result=2 took=27.032碌s
ts=2026-08-15T11:08:51Z caller=logging.go:36 method=List tags= order=id pageNum=1 pageSize=10 result=9 err=null took=790.248碌s
ts=2026-08-15T11:08:52Z caller=logging.go:85 method=Health result=2 took=32.984碌s
ts=2026-08-15T11:08:53Z caller=logging.go:85 method=Health result=2 took=25.86碌s
ts=2026-08-15T11:08:55Z caller=logging.go:36 method=List tags= order=id pageNum=1 pageSize=10 result=9 err=null took=816.314碌s
ts=2026-08-15T11:08:55Z caller=logging.go:85 method=Health result=2 took=27.082碌s
ts=2026-08-15T11:08:56Z caller=logging.go:85 method=Health result=2 took=31.051碌s
ts=2026-08-15T11:08:58Z caller=logging.go:36 method=List tags= order=id pageNum=1 pageSize=10 result=9 err=null took=970.446碌s
ts=2026-08-15T11:08:58Z caller=logging.go:85 method=Health result=2 took=27.934碌s
ts=2026-08-15T11:08:59Z caller=logging.go:85 method=Health result=2 took=28.776碌s
ts=2026-08-15T11:09:01Z caller=logging.go:36 method=List tags= order=id pageNum=1 pageSize=10 result=9 err=null took=787.163碌s
ts=2026-08-15T11:09:01Z caller=logging.go:85 method=Health result=2 took=26.681碌s
ts=2026-08-15T11:09:02Z caller=logging.go:85 method=Health result=2 took=29.387碌s
ts=2026-08-15T11:09:04Z caller=logging.go:36 method=List tags= order=id pageNum=1 pageSize=10 result=9 err=null took=801.267碌s
ts=2026-08-15T11:09:04Z caller=logging.go:85 method=Health result=2 took=27.523碌s
ts=2026-08-15T11:09:05Z caller=logging.go:85 method=Health result=2 took=28.124碌s
ts=2026-08-15T11:09:07Z caller=logging.go:36 method=List tags= order=id pageNum=1 pageSize=10 result=9 err=null took=727.822碌s
ts=2026-08-15T11:09:07Z caller=logging.go:85 method=Health result=2 took=31.441碌s
ts=2026-08-15T11:09:08Z caller=logging.go:85 method=Health result=2 took=28.364碌s
ts=2026-08-15T11:09:10Z caller=logging.go:36 method=List tags= order=id pageNum=1 pageSize=10 result=9 err=null took=741.295碌s
ts=2026-08-15T11:09:10Z caller=logging.go:85 method=Health result=2 took=26.872碌s
ts=2026-08-15T11:09:11Z caller=logging.go:85 method=Health result=2 took=26.782碌s
ts=2026-08-15T11:09:13Z caller=logging.go:36 method=List tags= order=id pageNum=1 pageSize=10 result=9 err=null took=819.064碌s
ts=2026-08-15T11:09:13Z caller=logging.go:85 method=Health result=2 took=26.952碌s
ts=2026-08-15T11:09:14Z caller=logging.go:85 method=Health result=2 took=27.403碌s
ts=2026-08-15T11:09:16Z caller=logging.go:36 method=List tags= order=id pageNum=1 pageSize=10 result=9 err=null took=740.222碌s
ts=2026-08-15T11:09:16Z caller=logging.go:85 method=Health result=2 took=30.318碌s
ts=2026-08-15T11:09:17Z caller=logging.go:85 method=Health result=2 took=29.296碌s
ts=2026-08-15T11:09:19Z caller=logging.go:36 method=List tags= order=id pageNum=1 pageSize=10 result=9 err=null took=865.165碌s
ts=2026-08-15T11:09:19Z caller=logging.go:85 method=Health result=2 took=28.385碌s
ts=2026-08-15T11:09:20Z caller=logging.go:85 method=Health result=2 took=27.874碌s
ts=2026-08-15T11:09:22Z caller=logging.go:85 method=Health result=2 took=27.473碌s
ts=2026-08-15T11:09:22Z caller=logging.go:36 method=List tags= order=id pageNum=1 pageSize=10 result=9 err=null took=725.825碌s
ts=2026-08-15T11:09:23Z caller=logging.go:85 method=Health result=2 took=32.593碌s
ts=2026-08-15T11:09:25Z caller=logging.go:85 method=Health result=2 took=27.824碌s
ts=2026-08-15T11:09:25Z caller=logging.go:36 method=List tags= order=id pageNum=1 pageSize=10 result=9 err=null took=788.76碌s
ts=2026-08-15T11:09:26Z caller=logging.go:85 method=Health result=2 took=26.692碌s
ts=2026-08-15T11:09:28Z caller=logging.go:85 method=Health result=2 took=33.425碌s
ts=2026-08-15T11:09:28Z caller=logging.go:36 method=List tags= order=id pageNum=1 pageSize=10 result=9 err=null took=820.889碌s
ts=2026-08-15T11:09:29Z caller=logging.go:85 method=Health result=2 took=28.715碌s
ts=2026-08-15T11:09:31Z caller=logging.go:85 method=Health result=2 took=31.321碌s
ts=2026-08-15T11:09:31Z caller=logging.go:36 method=List tags= order=id pageNum=1 pageSize=10 result=9 err=null took=731.213碌s
ts=2026-08-15T11:09:32Z caller=logging.go:85 method=Health result=2 took=27.242碌s
ts=2026-08-15T11:09:34Z caller=logging.go:85 method=Health result=2 took=34.947碌s
ts=2026-08-15T11:09:35Z caller=logging.go:36 method=List tags= order=id pageNum=1 pageSize=10 result=9 err=null took=763.815碌s
ts=2026-08-15T11:09:35Z caller=logging.go:85 method=Health result=2 took=27.754碌s
ts=2026-08-15T11:09:37Z caller=logging.go:85 method=Health result=2 took=26.711碌s
ts=2026-08-15T11:09:38Z caller=logging.go:36 method=List tags= order=id pageNum=1 pageSize=10 result=9 err=null took=723.71碌s
ts=2026-08-15T11:09:38Z caller=logging.go:85 method=Health result=2 took=27.493碌s
ts=2026-08-15T11:09:40Z caller=logging.go:85 method=Health result=2 took=33.815碌s
ts=2026-08-15T11:09:41Z caller=logging.go:36 method=List tags= order=id pageNum=1 pageSize=10 result=9 err=null took=799.708碌s
ts=2026-08-15T11:09:41Z caller=logging.go:85 method=Health result=2 took=26.331碌s
ts=2026-08-15T11:09:43Z caller=logging.go:85 method=Health result=2 took=26.02碌s
ts=2026-08-15T11:09:44Z caller=logging.go:36 method=List tags= order=id pageNum=1 pageSize=10 result=9 err=null took=755.799碌s
ts=2026-08-15T11:09:44Z caller=logging.go:85 method=Health result=2 took=29.598碌s
ts=2026-08-15T11:09:46Z caller=logging.go:85 method=Health result=2 took=27.813碌s
ts=2026-08-15T11:09:47Z caller=logging.go:36 method=List tags= order=id pageNum=1 pageSize=10 result=9 err=null took=780.446碌s
