57a98d98e4b00679b4a830b2
Merging carts for customer id: 57a98d98e4b00679b4a830b2 and session id: mu4Ejxz2x_jZ7Z2dVHJVmJ_F8xhTEZnf
Carts merged.
Sent cookies.
[0mGET /login [32m200 [0m10.839 ms - 13[0m
Request received with body: {}
Received response: "{\n  \"_embedded\" : {\n    \"customerOrders\" : [ ]\n  },\n  \"_links\" : {\n    \"self\" : {\n      \"href\" : \"http://orders/orders/search/customerId?sort=date&custId=57a98d98e4b00679b4a830b2\"\n    }\n  }\n}"
[0mGET /orders [32m201 [0m4.325 ms - -[0m
[0mGET /catalogue [32m200 [0m2.754 ms - -[0m
Received login request
{"user":{"firstName":"User","lastName":"Name","username":"user","id":"57a98d98e4b00679b4a830b2","_links":{"addresses":{"href":"http://user/customers/57a98d98e4b00679b4a830b2/addresses"},"cards":{"href":"http://user/customers/57a98d98e4b00679b4a830b2/cards"},"customer":{"href":"http://user/customers/57a98d98e4b00679b4a830b2"},"self":{"href":"http://user/customers/57a98d98e4b00679b4a830b2"}}}}

57a98d98e4b00679b4a830b2
Merging carts for customer id: 57a98d98e4b00679b4a830b2 and session id: mUPceoVhYxZAXusOPpi90OWx2KTEhuPE
Carts merged.
Sent cookies.
[0mGET /login [32m200 [0m9.785 ms - 13[0m
Request received with body: {}
Received response: "{\n  \"_embedded\" : {\n    \"customerOrders\" : [ ]\n  },\n  \"_links\" : {\n    \"self\" : {\n      \"href\" : \"http://orders/orders/search/customerId?sort=date&custId=57a98d98e4b00679b4a830b2\"\n    }\n  }\n}"
[0mGET /orders [32m201 [0m3.796 ms - -[0m
[0mGET /catalogue [32m200 [0m2.785 ms - -[0m
Received login request
{"user":{"firstName":"User","lastName":"Name","username":"user","id":"57a98d98e4b00679b4a830b2","_links":{"addresses":{"href":"http://user/customers/57a98d98e4b00679b4a830b2/addresses"},"cards":{"href":"http://user/customers/57a98d98e4b00679b4a830b2/cards"},"customer":{"href":"http://user/customers/57a98d98e4b00679b4a830b2"},"self":{"href":"http://user/customers/57a98d98e4b00679b4a830b2"}}}}

57a98d98e4b00679b4a830b2
Merging carts for customer id: 57a98d98e4b00679b4a830b2 and session id: YSj5mFLuH4zri6mJcSt-qAZ5119_fNw6
Carts merged.
Sent cookies.
[0mGET /login [32m200 [0m10.947 ms - 13[0m
Request received with body: {}
Received response: "{\n  \"_embedded\" : {\n    \"customerOrders\" : [ ]\n  },\n  \"_links\" : {\n    \"self\" : {\n      \"href\" : \"http://orders/orders/search/customerId?sort=date&custId=57a98d98e4b00679b4a830b2\"\n    }\n  }\n}"
[0mGET /orders [32m201 [0m3.953 ms - -[0m
[0mGET /catalogue [32m200 [0m2.818 ms - -[0m
Received login request
{"user":{"firstName":"User","lastName":"Name","username":"user","id":"57a98d98e4b00679b4a830b2","_links":{"addresses":{"href":"http://user/customers/57a98d98e4b00679b4a830b2/addresses"},"cards":{"href":"http://user/customers/57a98d98e4b00679b4a830b2/cards"},"customer":{"href":"http://user/customers/57a98d98e4b00679b4a830b2"},"self":{"href":"http://user/customers/57a98d98e4b00679b4a830b2"}}}}

57a98d98e4b00679b4a830b2
Merging carts for customer id: 57a98d98e4b00679b4a830b2 and session id: qSOx050fMjV8C5p77wl-OSdz5URNCXI8
Carts merged.
Sent cookies.
[0mGET /login [32m200 [0m9.401 ms - 13[0m
Request received with body: {}
Received response: "{\n  \"_embedded\" : {\n    \"customerOrders\" : [ ]\n  },\n  \"_links\" : {\n    \"self\" : {\n      \"href\" : \"http://orders/orders/search/customerId?sort=date&custId=57a98d98e4b00679b4a830b2\"\n    }\n  }\n}"
[0mGET /orders [32m201 [0m3.862 ms - -[0m
[0mGET /catalogue [32m200 [0m3.319 ms - -[0m
Received login request
{"user":{"firstName":"User","lastName":"Name","username":"user","id":"57a98d98e4b00679b4a830b2","_links":{"addresses":{"href":"http://user/customers/57a98d98e4b00679b4a830b2/addresses"},"cards":{"href":"http://user/customers/57a98d98e4b00679b4a830b2/cards"},"customer":{"href":"http://user/customers/57a98d98e4b00679b4a830b2"},"self":{"href":"http://user/customers/57a98d98e4b00679b4a830b2"}}}}

57a98d98e4b00679b4a830b2
Merging carts for customer id: 57a98d98e4b00679b4a830b2 and session id: xB78LXebCSYFphHrBHPo_FNGx33t2pui
Carts merged.
Sent cookies.
[0mGET /login [32m200 [0m9.632 ms - 13[0m
Request received with body: {}
Received response: "{\n  \"_embedded\" : {\n    \"customerOrders\" : [ ]\n  },\n  \"_links\" : {\n    \"self\" : {\n      \"href\" : \"http://orders/orders/search/customerId?sort=date&custId=57a98d98e4b00679b4a830b2\"\n    }\n  }\n}"
[0mGET /orders [32m201 [0m3.889 ms - -[0m
[0mGET /catalogue [32m200 [0m2.842 ms - -[0m
Received login request
{"user":{"firstName":"User","lastName":"Name","username":"user","id":"57a98d98e4b00679b4a830b2","_links":{"addresses":{"href":"http://user/customers/57a98d98e4b00679b4a830b2/addresses"},"cards":{"href":"http://user/customers/57a98d98e4b00679b4a830b2/cards"},"customer":{"href":"http://user/customers/57a98d98e4b00679b4a830b2"},"self":{"href":"http://user/customers/57a98d98e4b00679b4a830b2"}}}}

57a98d98e4b00679b4a830b2
Merging carts for customer id: 57a98d98e4b00679b4a830b2 and session id: m7Sot-kS3ZewX2ny6TQ85TAB6Fu4KoUC
Carts merged.
Sent cookies.
[0mGET /login [32m200 [0m9.661 ms - 13[0m
Request received with body: {}
Received response: "{\n  \"_embedded\" : {\n    \"customerOrders\" : [ ]\n  },\n  \"_links\" : {\n    \"self\" : {\n      \"href\" : \"http://orders/orders/search/customerId?sort=date&custId=57a98d98e4b00679b4a830b2\"\n    }\n  }\n}"
[0mGET /orders [32m201 [0m3.807 ms - -[0m
[0mGET /catalogue [32m200 [0m2.856 ms - -[0m
Received login request
{"user":{"firstName":"User","lastName":"Name","username":"user","id":"57a98d98e4b00679b4a830b2","_links":{"addresses":{"href":"http://user/customers/57a98d98e4b00679b4a830b2/addresses"},"cards":{"href":"http://user/customers/57a98d98e4b00679b4a830b2/cards"},"customer":{"href":"http://user/customers/57a98d98e4b00679b4a830b2"},"self":{"href":"http://user/customers/57a98d98e4b00679b4a830b2"}}}}

57a98d98e4b00679b4a830b2
Merging carts for customer id: 57a98d98e4b00679b4a830b2 and session id: hszgC0bXaSb3Dh4qgyZS9oe2MyqKTD2J
Carts merged.
Sent cookies.
[0mGET /login [32m200 [0m9.784 ms - 13[0m
Request received with body: {}
Received response: "{\n  \"_embedded\" : {\n    \"customerOrders\" : [ ]\n  },\n  \"_links\" : {\n    \"self\" : {\n      \"href\" : \"http://orders/orders/search/customerId?sort=date&custId=57a98d98e4b00679b4a830b2\"\n    }\n  }\n}"
[0mGET /orders [32m201 [0m3.912 ms - -[0m
[0mGET /catalogue [32m200 [0m2.603 ms - -[0m
Received login request
{"user":{"firstName":"User","lastName":"Name","username":"user","id":"57a98d98e4b00679b4a830b2","_links":{"addresses":{"href":"http://user/customers/57a98d98e4b00679b4a830b2/addresses"},"cards":{"href":"http://user/customers/57a98d98e4b00679b4a830b2/cards"},"customer":{"href":"http://user/customers/57a98d98e4b00679b4a830b2"},"self":{"href":"http://user/customers/57a98d98e4b00679b4a830b2"}}}}

57a98d98e4b00679b4a830b2
Merging carts for customer id: 57a98d98e4b00679b4a830b2 and session id: T3SxPwS1615iNoM8nI8Wcy_XR_XyfyfG
Carts merged.
Sent cookies.
[0mGET /login [32m200 [0m9.634 ms - 13[0m
Request received with body: {}
Received response: "{\n  \"_embedded\" : {\n    \"customerOrders\" : [ ]\n  },\n  \"_links\" : {\n    \"self\" : {\n      \"href\" : \"http://orders/orders/search/customerId?sort=date&custId=57a98d98e4b00679b4a830b2\"\n    }\n  }\n}"
[0mGET /orders [32m201 [0m4.865 ms - -[0m
[0mGET /catalogue [32m200 [0m2.505 ms - -[0m
Received login request
{"user":{"firstName":"User","lastName":"Name","username":"user","id":"57a98d98e4b00679b4a830b2","_links":{"addresses":{"href":"http://user/customers/57a98d98e4b00679b4a830b2/addresses"},"cards":{"href":"http://user/customers/57a98d98e4b00679b4a830b2/cards"},"customer":{"href":"http://user/customers/57a98d98e4b00679b4a830b2"},"self":{"href":"http://user/customers/57a98d98e4b00679b4a830b2"}}}}

57a98d98e4b00679b4a830b2
Merging carts for customer id: 57a98d98e4b00679b4a830b2 and session id: i3HWk1RIHtI24W3IPaIPjtQS7HgvKYOX
Carts merged.
Sent cookies.
[0mGET /login [32m200 [0m10.047 ms - 13[0m
Request received with body: {}
Received response: "{\n  \"_embedded\" : {\n    \"customerOrders\" : [ ]\n  },\n  \"_links\" : {\n    \"self\" : {\n      \"href\" : \"http://orders/orders/search/customerId?sort=date&custId=57a98d98e4b00679b4a830b2\"\n    }\n  }\n}"
[0mGET /orders [32m201 [0m3.682 ms - -[0m
[0mGET /catalogue [32m200 [0m2.528 ms - -[0m
Received login request
{"user":{"firstName":"User","lastName":"Name","username":"user","id":"57a98d98e4b00679b4a830b2","_links":{"addresses":{"href":"http://user/customers/57a98d98e4b00679b4a830b2/addresses"},"cards":{"href":"http://user/customers/57a98d98e4b00679b4a830b2/cards"},"customer":{"href":"http://user/customers/57a98d98e4b00679b4a830b2"},"self":{"href":"http://user/customers/57a98d98e4b00679b4a830b2"}}}}

57a98d98e4b00679b4a830b2
Merging carts for customer id: 57a98d98e4b00679b4a830b2 and session id: sNmYFuvm8-qFlw_JEX-y2spLrjtKQtBY
Carts merged.
Sent cookies.
[0mGET /login [32m200 [0m41.269 ms - 13[0m
Request received with body: {}
Received response: "{\n  \"_embedded\" : {\n    \"customerOrders\" : [ ]\n  },\n  \"_links\" : {\n    \"self\" : {\n      \"href\" : \"http://orders/orders/search/customerId?sort=date&custId=57a98d98e4b00679b4a830b2\"\n    }\n  }\n}"
[0mGET /orders [32m201 [0m4.214 ms - -[0m
[0mGET /catalogue [32m200 [0m2.600 ms - -[0m
Received login request
{"user":{"firstName":"User","lastName":"Name","username":"user","id":"57a98d98e4b00679b4a830b2","_links":{"addresses":{"href":"http://user/customers/57a98d98e4b00679b4a830b2/addresses"},"cards":{"href":"http://user/customers/57a98d98e4b00679b4a830b2/cards"},"customer":{"href":"http://user/customers/57a98d98e4b00679b4a830b2"},"self":{"href":"http://user/customers/57a98d98e4b00679b4a830b2"}}}}

57a98d98e4b00679b4a830b2
Merging carts for customer id: 57a98d98e4b00679b4a830b2 and session id: V9cGp1uHNaJUfKBya3IT5PntHl0znr73
Carts merged.
Sent cookies.
[0mGET /login [32m200 [0m9.034 ms - 13[0m
Request received with body: {}
Received response: "{\n  \"_embedded\" : {\n    \"customerOrders\" : [ ]\n  },\n  \"_links\" : {\n    \"self\" : {\n      \"href\" : \"http://orders/orders/search/customerId?sort=date&custId=57a98d98e4b00679b4a830b2\"\n    }\n  }\n}"
[0mGET /orders [32m201 [0m3.532 ms - -[0m
[0mGET /catalogue [32m200 [0m3.143 ms - -[0m
Received login request
{"user":{"firstName":"User","lastName":"Name","username":"user","id":"57a98d98e4b00679b4a830b2","_links":{"addresses":{"href":"http://user/customers/57a98d98e4b00679b4a830b2/addresses"},"cards":{"href":"http://user/customers/57a98d98e4b00679b4a830b2/cards"},"customer":{"href":"http://user/customers/57a98d98e4b00679b4a830b2"},"self":{"href":"http://user/customers/57a98d98e4b00679b4a830b2"}}}}

57a98d98e4b00679b4a830b2
Merging carts for customer id: 57a98d98e4b00679b4a830b2 and session id: _c22opHmz-LrRsWR9wjQoqC1PMVvmqEB
Carts merged.
Sent cookies.
[0mGET /login [32m200 [0m10.333 ms - 13[0m
Request received with body: {}
Received response: "{\n  \"_embedded\" : {\n    \"customerOrders\" : [ ]\n  },\n  \"_links\" : {\n    \"self\" : {\n      \"href\" : \"http://orders/orders/search/customerId?sort=date&custId=57a98d98e4b00679b4a830b2\"\n    }\n  }\n}"
[0mGET /orders [32m201 [0m4.655 ms - -[0m
[0mGET /catalogue [32m200 [0m2.734 ms - -[0m
Received login request
{"user":{"firstName":"User","lastName":"Name","username":"user","id":"57a98d98e4b00679b4a830b2","_links":{"addresses":{"href":"http://user/customers/57a98d98e4b00679b4a830b2/addresses"},"cards":{"href":"http://user/customers/57a98d98e4b00679b4a830b2/cards"},"customer":{"href":"http://user/customers/57a98d98e4b00679b4a830b2"},"self":{"href":"http://user/customers/57a98d98e4b00679b4a830b2"}}}}

57a98d98e4b00679b4a830b2
Merging carts for customer id: 57a98d98e4b00679b4a830b2 and session id: R4yvuIsNwnGvqgHard7GMiCczqGC5Ww6
Carts merged.
Sent cookies.
[0mGET /login [32m200 [0m10.343 ms - 13[0m
Request received with body: {}
Received response: "{\n  \"_embedded\" : {\n    \"customerOrders\" : [ ]\n  },\n  \"_links\" : {\n    \"self\" : {\n      \"href\" : \"http://orders/orders/search/customerId?sort=date&custId=57a98d98e4b00679b4a830b2\"\n    }\n  }\n}"
[0mGET /orders [32m201 [0m4.594 ms - -[0m
[0mGET /catalogue [32m200 [0m2.695 ms - -[0m
Received login request
{"user":{"firstName":"User","lastName":"Name","username":"user","id":"57a98d98e4b00679b4a830b2","_links":{"addresses":{"href":"http://user/customers/57a98d98e4b00679b4a830b2/addresses"},"cards":{"href":"http://user/customers/57a98d98e4b00679b4a830b2/cards"},"customer":{"href":"http://user/customers/57a98d98e4b00679b4a830b2"},"self":{"href":"http://user/customers/57a98d98e4b00679b4a830b2"}}}}

57a98d98e4b00679b4a830b2
Merging carts for customer id: 57a98d98e4b00679b4a830b2 and session id: PrbjQrvtLHXhHJbO3kHcPmyFxmLIduEW
Carts merged.
Sent cookies.
[0mGET /login [32m200 [0m10.571 ms - 13[0m
Request received with body: {}
Received response: "{\n  \"_embedded\" : {\n    \"customerOrders\" : [ ]\n  },\n  \"_links\" : {\n    \"self\" : {\n      \"href\" : \"http://orders/orders/search/customerId?sort=date&custId=57a98d98e4b00679b4a830b2\"\n    }\n  }\n}"
[0mGET /orders [32m201 [0m4.916 ms - -[0m
[0mGET /catalogue [32m200 [0m3.030 ms - -[0m
Received login request
{"user":{"firstName":"User","lastName":"Name","username":"user","id":"57a98d98e4b00679b4a830b2","_links":{"addresses":{"href":"http://user/customers/57a98d98e4b00679b4a830b2/addresses"},"cards":{"href":"http://user/customers/57a98d98e4b00679b4a830b2/cards"},"customer":{"href":"http://user/customers/57a98d98e4b00679b4a830b2"},"self":{"href":"http://user/customers/57a98d98e4b00679b4a830b2"}}}}

57a98d98e4b00679b4a830b2
Merging carts for customer id: 57a98d98e4b00679b4a830b2 and session id: O3Rd9uekVbg3BcsxpWZ3Mkj3qkLy23Il
Carts merged.
Sent cookies.
[0mGET /login [32m200 [0m11.090 ms - 13[0m
Request received with body: {}
Received response: "{\n  \"_embedded\" : {\n    \"customerOrders\" : [ ]\n  },\n  \"_links\" : {\n    \"self\" : {\n      \"href\" : \"http://orders/orders/search/customerId?sort=date&custId=57a98d98e4b00679b4a830b2\"\n    }\n  }\n}"
[0mGET /orders [32m201 [0m4.665 ms - -[0m
[0mGET /catalogue [32m200 [0m2.937 ms - -[0m
Received login request
{"user":{"firstName":"User","lastName":"Name","username":"user","id":"57a98d98e4b00679b4a830b2","_links":{"addresses":{"href":"http://user/customers/57a98d98e4b00679b4a830b2/addresses"},"cards":{"href":"http://user/customers/57a98d98e4b00679b4a830b2/cards"},"customer":{"href":"http://user/customers/57a98d98e4b00679b4a830b2"},"self":{"href":"http://user/customers/57a98d98e4b00679b4a830b2"}}}}

57a98d98e4b00679b4a830b2
Merging carts for customer id: 57a98d98e4b00679b4a830b2 and session id: QzXSoXP4LrpiCTCwPkHJE20sPimP0WTz
Carts merged.
Sent cookies.
[0mGET /login [32m200 [0m10.849 ms - 13[0m
Request received with body: {}
Received response: "{\n  \"_embedded\" : {\n    \"customerOrders\" : [ ]\n  },\n  \"_links\" : {\n    \"self\" : {\n      \"href\" : \"http://orders/orders/search/customerId?sort=date&custId=57a98d98e4b00679b4a830b2\"\n    }\n  }\n}"
[0mGET /orders [32m201 [0m5.066 ms - -[0m
[0mGET /catalogue [32m200 [0m2.917 ms - -[0m
Received login request
{"user":{"firstName":"User","lastName":"Name","username":"user","id":"57a98d98e4b00679b4a830b2","_links":{"addresses":{"href":"http://user/customers/57a98d98e4b00679b4a830b2/addresses"},"cards":{"href":"http://user/customers/57a98d98e4b00679b4a830b2/cards"},"customer":{"href":"http://user/customers/57a98d98e4b00679b4a830b2"},"self":{"href":"http://user/customers/57a98d98e4b00679b4a830b2"}}}}

57a98d98e4b00679b4a830b2
Merging carts for customer id: 57a98d98e4b00679b4a830b2 and session id: UJI7iyuyOnEixHByyQjMXp-MTNBu1z4R
Carts merged.
Sent cookies.
[0mGET /login [32m200 [0m9.778 ms - 13[0m
Request received with body: {}
Received response: "{\n  \"_embedded\" : {\n    \"customerOrders\" : [ ]\n  },\n  \"_links\" : {\n    \"self\" : {\n      \"href\" : \"http://orders/orders/search/customerId?sort=date&custId=57a98d98e4b00679b4a830b2\"\n    }\n  }\n}"
[0mGET /orders [32m201 [0m3.894 ms - -[0m
[0mGET /catalogue [32m200 [0m2.916 ms - -[0m
Received login request
{"user":{"firstName":"User","lastName":"Name","username":"user","id":"57a98d98e4b00679b4a830b2","_links":{"addresses":{"href":"http://user/customers/57a98d98e4b00679b4a830b2/addresses"},"cards":{"href":"http://user/customers/57a98d98e4b00679b4a830b2/cards"},"customer":{"href":"http://user/customers/57a98d98e4b00679b4a830b2"},"self":{"href":"http://user/customers/57a98d98e4b00679b4a830b2"}}}}

57a98d98e4b00679b4a830b2
Merging carts for customer id: 57a98d98e4b00679b4a830b2 and session id: 0gAu_GsljhDbdm5Jtrz-Td0rIICtjtcw
Carts merged.
Sent cookies.
[0mGET /login [32m200 [0m9.815 ms - 13[0m
Request received with body: {}
Received response: "{\n  \"_embedded\" : {\n    \"customerOrders\" : [ ]\n  },\n  \"_links\" : {\n    \"self\" : {\n      \"href\" : \"http://orders/orders/search/customerId?sort=date&custId=57a98d98e4b00679b4a830b2\"\n    }\n  }\n}"
[0mGET /orders [32m201 [0m4.064 ms - -[0m
[0mGET /catalogue [32m200 [0m2.813 ms - -[0m
Received login request
{"user":{"firstName":"User","lastName":"Name","username":"user","id":"57a98d98e4b00679b4a830b2","_links":{"addresses":{"href":"http://user/customers/57a98d98e4b00679b4a830b2/addresses"},"cards":{"href":"http://user/customers/57a98d98e4b00679b4a830b2/cards"},"customer":{"href":"http://user/customers/57a98d98e4b00679b4a830b2"},"self":{"href":"http://user/customers/57a98d98e4b00679b4a830b2"}}}}

57a98d98e4b00679b4a830b2
Merging carts for customer id: 57a98d98e4b00679b4a830b2 and session id: _aFO-U6ak3K2HlTe6rmjXh8TaCeu_SAY
Carts merged.
Sent cookies.
[0mGET /login [32m200 [0m9.787 ms - 13[0m
Request received with body: {}
Received response: "{\n  \"_embedded\" : {\n    \"customerOrders\" : [ ]\n  },\n  \"_links\" : {\n    \"self\" : {\n      \"href\" : \"http://orders/orders/search/customerId?sort=date&custId=57a98d98e4b00679b4a830b2\"\n    }\n  }\n}"
[0mGET /orders [32m201 [0m3.912 ms - -[0m
[0mGET /catalogue [32m200 [0m3.169 ms - -[0m
Received login request
{"user":{"firstName":"User","lastName":"Name","username":"user","id":"57a98d98e4b00679b4a830b2","_links":{"addresses":{"href":"http://user/customers/57a98d98e4b00679b4a830b2/addresses"},"cards":{"href":"http://user/customers/57a98d98e4b00679b4a830b2/cards"},"customer":{"href":"http://user/customers/57a98d98e4b00679b4a830b2"},"self":{"href":"http://user/customers/57a98d98e4b00679b4a830b2"}}}}

57a98d98e4b00679b4a830b2
Merging carts for customer id: 57a98d98e4b00679b4a830b2 and session id: 4AAbW2Mts7A91LEWzR-q391cl7hjAlDa
Carts merged.
Sent cookies.
[0mGET /login [32m200 [0m9.858 ms - 13[0m
Request received with body: {}
Received response: "{\n  \"_embedded\" : {\n    \"customerOrders\" : [ ]\n  },\n  \"_links\" : {\n    \"self\" : {\n      \"href\" : \"http://orders/orders/search/customerId?sort=date&custId=57a98d98e4b00679b4a830b2\"\n    }\n  }\n}"
[0mGET /orders [32m201 [0m4.226 ms - -[0m
[0mGET /catalogue [32m200 [0m2.826 ms - -[0m
Received login request
{"user":{"firstName":"User","lastName":"Name","username":"user","id":"57a98d98e4b00679b4a830b2","_links":{"addresses":{"href":"http://user/customers/57a98d98e4b00679b4a830b2/addresses"},"cards":{"href":"http://user/customers/57a98d98e4b00679b4a830b2/cards"},"customer":{"href":"http://user/customers/57a98d98e4b00679b4a830b2"},"self":{"href":"http://user/customers/57a98d98e4b00679b4a830b2"}}}}

57a98d98e4b00679b4a830b2
Merging carts for customer id: 57a98d98e4b00679b4a830b2 and session id: P8IuyyWK3fL3QTH_OwgsKGW6pPKvoyyY
Carts merged.
Sent cookies.
[0mGET /login [32m200 [0m9.506 ms - 13[0m
Request received with body: {}
Received response: "{\n  \"_embedded\" : {\n    \"customerOrders\" : [ ]\n  },\n  \"_links\" : {\n    \"self\" : {\n      \"href\" : \"http://orders/orders/search/customerId?sort=date&custId=57a98d98e4b00679b4a830b2\"\n    }\n  }\n}"
[0mGET /orders [32m201 [0m3.636 ms - -[0m
[0mGET /catalogue [32m200 [0m2.803 ms - -[0m
Received login request
{"user":{"firstName":"User","lastName":"Name","username":"user","id":"57a98d98e4b00679b4a830b2","_links":{"addresses":{"href":"http://user/customers/57a98d98e4b00679b4a830b2/addresses"},"cards":{"href":"http://user/customers/57a98d98e4b00679b4a830b2/cards"},"customer":{"href":"http://user/customers/57a98d98e4b00679b4a830b2"},"self":{"href":"http://user/customers/57a98d98e4b00679b4a830b2"}}}}

57a98d98e4b00679b4a830b2
Merging carts for customer id: 57a98d98e4b00679b4a830b2 and session id: ys0VTKtdpI3c8UUCueuYR2C8IvmAn7Wg
Carts merged.
Sent cookies.
[0mGET /login [32m200 [0m9.323 ms - 13[0m
Request received with body: {}
Received response: "{\n  \"_embedded\" : {\n    \"customerOrders\" : [ ]\n  },\n  \"_links\" : {\n    \"self\" : {\n      \"href\" : \"http://orders/orders/search/customerId?sort=date&custId=57a98d98e4b00679b4a830b2\"\n    }\n  }\n}"
[0mGET /orders [32m201 [0m3.791 ms - -[0m
[0mGET /catalogue [32m200 [0m3.649 ms - -[0m
Received login request
{"user":{"firstName":"User","lastName":"Name","username":"user","id":"57a98d98e4b00679b4a830b2","_links":{"addresses":{"href":"http://user/customers/57a98d98e4b00679b4a830b2/addresses"},"cards":{"href":"http://user/customers/57a98d98e4b00679b4a830b2/cards"},"customer":{"href":"http://user/customers/57a98d98e4b00679b4a830b2"},"self":{"href":"http://user/customers/57a98d98e4b00679b4a830b2"}}}}

57a98d98e4b00679b4a830b2
Merging carts for customer id: 57a98d98e4b00679b4a830b2 and session id: 4AsEn7wSgpmth2OMm3VbjLxLoET2k01V
Carts merged.
Sent cookies.
[0mGET /login [32m200 [0m10.633 ms - 13[0m
Request received with body: {}
Received response: "{\n  \"_embedded\" : {\n    \"customerOrders\" : [ ]\n  },\n  \"_links\" : {\n    \"self\" : {\n      \"href\" : \"http://orders/orders/search/customerId?sort=date&custId=57a98d98e4b00679b4a830b2\"\n    }\n  }\n}"
[0mGET /orders [32m201 [0m3.965 ms - -[0m
[0mGET /catalogue [32m200 [0m2.827 ms - -[0m
Received login request
{"user":{"firstName":"User","lastName":"Name","username":"user","id":"57a98d98e4b00679b4a830b2","_links":{"addresses":{"href":"http://user/customers/57a98d98e4b00679b4a830b2/addresses"},"cards":{"href":"http://user/customers/57a98d98e4b00679b4a830b2/cards"},"customer":{"href":"http://user/customers/57a98d98e4b00679b4a830b2"},"self":{"href":"http://user/customers/57a98d98e4b00679b4a830b2"}}}}

57a98d98e4b00679b4a830b2
Merging carts for customer id: 57a98d98e4b00679b4a830b2 and session id: IOfbEhRGnzQ68a3zi55aq27tCZqKUlu4
Carts merged.
Sent cookies.
[0mGET /login [32m200 [0m9.528 ms - 13[0m
Request received with body: {}
Received response: "{\n  \"_embedded\" : {\n    \"customerOrders\" : [ ]\n  },\n  \"_links\" : {\n    \"self\" : {\n      \"href\" : \"http://orders/orders/search/customerId?sort=date&custId=57a98d98e4b00679b4a830b2\"\n    }\n  }\n}"
[0mGET /orders [32m201 [0m4.022 ms - -[0m
[0mGET /catalogue [32m200 [0m3.205 ms - -[0m
Received login request
{"user":{"firstName":"User","lastName":"Name","username":"user","id":"57a98d98e4b00679b4a830b2","_links":{"addresses":{"href":"http://user/customers/57a98d98e4b00679b4a830b2/addresses"},"cards":{"href":"http://user/customers/57a98d98e4b00679b4a830b2/cards"},"customer":{"href":"http://user/customers/57a98d98e4b00679b4a830b2"},"self":{"href":"http://user/customers/57a98d98e4b00679b4a830b2"}}}}

57a98d98e4b00679b4a830b2
Merging carts for customer id: 57a98d98e4b00679b4a830b2 and session id: Os10v3o2TrMfO4ZJsbwqCogii5StWlrc
Carts merged.
Sent cookies.
[0mGET /login [32m200 [0m9.274 ms - 13[0m
Request received with body: {}
Received response: "{\n  \"_embedded\" : {\n    \"customerOrders\" : [ ]\n  },\n  \"_links\" : {\n    \"self\" : {\n      \"href\" : \"http://orders/orders/search/customerId?sort=date&custId=57a98d98e4b00679b4a830b2\"\n    }\n  }\n}"
[0mGET /orders [32m201 [0m3.874 ms - -[0m
[0mGET /catalogue [32m200 [0m2.849 ms - -[0m
Received login request
{"user":{"firstName":"User","lastName":"Name","username":"user","id":"57a98d98e4b00679b4a830b2","_links":{"addresses":{"href":"http://user/customers/57a98d98e4b00679b4a830b2/addresses"},"cards":{"href":"http://user/customers/57a98d98e4b00679b4a830b2/cards"},"customer":{"href":"http://user/customers/57a98d98e4b00679b4a830b2"},"self":{"href":"http://user/customers/57a98d98e4b00679b4a830b2"}}}}

57a98d98e4b00679b4a830b2
Merging carts for customer id: 57a98d98e4b00679b4a830b2 and session id: LAppHyP5ffEsIHJvLicmuUpN4A2uRKlN
Carts merged.
Sent cookies.
[0mGET /login [32m200 [0m10.425 ms - 13[0m
Request received with body: {}
Received response: "{\n  \"_embedded\" : {\n    \"customerOrders\" : [ ]\n  },\n  \"_links\" : {\n    \"self\" : {\n      \"href\" : \"http://orders/orders/search/customerId?sort=date&custId=57a98d98e4b00679b4a830b2\"\n    }\n  }\n}"
[0mGET /orders [32m201 [0m3.980 ms - -[0m
[0mGET /catalogue [32m200 [0m3.241 ms - -[0m
Received login request
{"user":{"firstName":"User","lastName":"Name","username":"user","id":"57a98d98e4b00679b4a830b2","_links":{"addresses":{"href":"http://user/customers/57a98d98e4b00679b4a830b2/addresses"},"cards":{"href":"http://user/customers/57a98d98e4b00679b4a830b2/cards"},"customer":{"href":"http://user/customers/57a98d98e4b00679b4a830b2"},"self":{"href":"http://user/customers/57a98d98e4b00679b4a830b2"}}}}

57a98d98e4b00679b4a830b2
Merging carts for customer id: 57a98d98e4b00679b4a830b2 and session id: vrYIMFRdTfE_4Xl870JC7kcOBZ6AbXSZ
Carts merged.
Sent cookies.
[0mGET /login [32m200 [0m11.938 ms - 13[0m
Request received with body: {}
Received response: "{\n  \"_embedded\" : {\n    \"customerOrders\" : [ ]\n  },\n  \"_links\" : {\n    \"self\" : {\n      \"href\" : \"http://orders/orders/search/customerId?sort=date&custId=57a98d98e4b00679b4a830b2\"\n    }\n  }\n}"
[0mGET /orders [32m201 [0m5.874 ms - -[0m
[0mGET /catalogue [32m200 [0m2.979 ms - -[0m
Received login request
{"user":{"firstName":"User","lastName":"Name","username":"user","id":"57a98d98e4b00679b4a830b2","_links":{"addresses":{"href":"http://user/customers/57a98d98e4b00679b4a830b2/addresses"},"cards":{"href":"http://user/customers/57a98d98e4b00679b4a830b2/cards"},"customer":{"href":"http://user/customers/57a98d98e4b00679b4a830b2"},"self":{"href":"http://user/customers/57a98d98e4b00679b4a830b2"}}}}

57a98d98e4b00679b4a830b2
Merging carts for customer id: 57a98d98e4b00679b4a830b2 and session id: 7JVbkkMz2h1OXYV_NrCD0flUFw44i1ct
Carts merged.
Sent cookies.
[0mGET /login [32m200 [0m9.490 ms - 13[0m
Request received with body: {}
Received response: "{\n  \"_embedded\" : {\n    \"customerOrders\" : [ ]\n  },\n  \"_links\" : {\n    \"self\" : {\n      \"href\" : \"http://orders/orders/search/customerId?sort=date&custId=57a98d98e4b00679b4a830b2\"\n    }\n  }\n}"
[0mGET /orders [32m201 [0m3.865 ms - -[0m
[0mGET /catalogue [32m200 [0m2.918 ms - -[0m
Received login request
{"user":{"firstName":"User","lastName":"Name","username":"user","id":"57a98d98e4b00679b4a830b2","_links":{"addresses":{"href":"http://user/customers/57a98d98e4b00679b4a830b2/addresses"},"cards":{"href":"http://user/customers/57a98d98e4b00679b4a830b2/cards"},"customer":{"href":"http://user/customers/57a98d98e4b00679b4a830b2"},"self":{"href":"http://user/customers/57a98d98e4b00679b4a830b2"}}}}

57a98d98e4b00679b4a830b2
Merging carts for customer id: 57a98d98e4b00679b4a830b2 and session id: Yd5pOb88Mb51wDs81KkzlXPQop59Qlq8
Carts merged.
Sent cookies.
[0mGET /login [32m200 [0m10.310 ms - 13[0m
Request received with body: {}
Received response: "{\n  \"_embedded\" : {\n    \"customerOrders\" : [ ]\n  },\n  \"_links\" : {\n    \"self\" : {\n      \"href\" : \"http://orders/orders/search/customerId?sort=date&custId=57a98d98e4b00679b4a830b2\"\n    }\n  }\n}"
[0mGET /orders [32m201 [0m4.111 ms - -[0m
[0mGET /catalogue [32m200 [0m3.015 ms - -[0m
Received login request
{"user":{"firstName":"User","lastName":"Name","username":"user","id":"57a98d98e4b00679b4a830b2","_links":{"addresses":{"href":"http://user/customers/57a98d98e4b00679b4a830b2/addresses"},"cards":{"href":"http://user/customers/57a98d98e4b00679b4a830b2/cards"},"customer":{"href":"http://user/customers/57a98d98e4b00679b4a830b2"},"self":{"href":"http://user/customers/57a98d98e4b00679b4a830b2"}}}}

57a98d98e4b00679b4a830b2
Merging carts for customer id: 57a98d98e4b00679b4a830b2 and session id: bE_RDq-YfCsj30c9l1lk6WYzOdKq9KpZ
Carts merged.
Sent cookies.
[0mGET /login [32m200 [0m9.779 ms - 13[0m
Request received with body: {}
Received response: "{\n  \"_embedded\" : {\n    \"customerOrders\" : [ ]\n  },\n  \"_links\" : {\n    \"self\" : {\n      \"href\" : \"http://orders/orders/search/customerId?sort=date&custId=57a98d98e4b00679b4a830b2\"\n    }\n  }\n}"
[0mGET /orders [32m201 [0m4.329 ms - -[0m
[0mGET /catalogue [32m200 [0m3.156 ms - -[0m
Received login request
{"user":{"firstName":"User","lastName":"Name","username":"user","id":"57a98d98e4b00679b4a830b2","_links":{"addresses":{"href":"http://user/customers/57a98d98e4b00679b4a830b2/addresses"},"cards":{"href":"http://user/customers/57a98d98e4b00679b4a830b2/cards"},"customer":{"href":"http://user/customers/57a98d98e4b00679b4a830b2"},"self":{"href":"http://user/customers/57a98d98e4b00679b4a830b2"}}}}

57a98d98e4b00679b4a830b2
Merging carts for customer id: 57a98d98e4b00679b4a830b2 and session id: 4o0-SJ_MScRqo9L1HXG83FQATgcDPvJc
Carts merged.
Sent cookies.
[0mGET /login [32m200 [0m9.184 ms - 13[0m
Request received with body: {}
Received response: "{\n  \"_embedded\" : {\n    \"customerOrders\" : [ ]\n  },\n  \"_links\" : {\n    \"self\" : {\n      \"href\" : \"http://orders/orders/search/customerId?sort=date&custId=57a98d98e4b00679b4a830b2\"\n    }\n  }\n}"
[0mGET /orders [32m201 [0m3.822 ms - -[0m
[0mGET /catalogue [32m200 [0m2.858 ms - -[0m
Received login request
{"user":{"firstName":"User","lastName":"Name","username":"user","id":"57a98d98e4b00679b4a830b2","_links":{"addresses":{"href":"http://user/customers/57a98d98e4b00679b4a830b2/addresses"},"cards":{"href":"http://user/customers/57a98d98e4b00679b4a830b2/cards"},"customer":{"href":"http://user/customers/57a98d98e4b00679b4a830b2"},"self":{"href":"http://user/customers/57a98d98e4b00679b4a830b2"}}}}

57a98d98e4b00679b4a830b2
Merging carts for customer id: 57a98d98e4b00679b4a830b2 and session id: YAAtei-buvbD7FQ7UtEppXuvCUwNvUHA
Carts merged.
Sent cookies.
[0mGET /login [32m200 [0m12.372 ms - 13[0m
Request received with body: {}
Received response: "{\n  \"_embedded\" : {\n    \"customerOrders\" : [ ]\n  },\n  \"_links\" : {\n    \"self\" : {\n      \"href\" : \"http://orders/orders/search/customerId?sort=date&custId=57a98d98e4b00679b4a830b2\"\n    }\n  }\n}"
[0mGET /orders [32m201 [0m4.134 ms - -[0m
[0mGET /catalogue [32m200 [0m2.877 ms - -[0m
Received login request
{"user":{"firstName":"User","lastName":"Name","username":"user","id":"57a98d98e4b00679b4a830b2","_links":{"addresses":{"href":"http://user/customers/57a98d98e4b00679b4a830b2/addresses"},"cards":{"href":"http://user/customers/57a98d98e4b00679b4a830b2/cards"},"customer":{"href":"http://user/customers/57a98d98e4b00679b4a830b2"},"self":{"href":"http://user/customers/57a98d98e4b00679b4a830b2"}}}}

57a98d98e4b00679b4a830b2
Merging carts for customer id: 57a98d98e4b00679b4a830b2 and session id: YM5j1yl5lUweCwmGSDQiGOPa53UhEQ3T
Carts merged.
Sent cookies.
[0mGET /login [32m200 [0m9.702 ms - 13[0m
Request received with body: {}
Received response: "{\n  \"_embedded\" : {\n    \"customerOrders\" : [ ]\n  },\n  \"_links\" : {\n    \"self\" : {\n      \"href\" : \"http://orders/orders/search/customerId?sort=date&custId=57a98d98e4b00679b4a830b2\"\n    }\n  }\n}"
[0mGET /orders [32m201 [0m3.869 ms - -[0m
[0mGET /catalogue [32m200 [0m2.764 ms - -[0m
Received login request
{"user":{"firstName":"User","lastName":"Name","username":"user","id":"57a98d98e4b00679b4a830b2","_links":{"addresses":{"href":"http://user/customers/57a98d98e4b00679b4a830b2/addresses"},"cards":{"href":"http://user/customers/57a98d98e4b00679b4a830b2/cards"},"customer":{"href":"http://user/customers/57a98d98e4b00679b4a830b2"},"self":{"href":"http://user/customers/57a98d98e4b00679b4a830b2"}}}}

57a98d98e4b00679b4a830b2
Merging carts for customer id: 57a98d98e4b00679b4a830b2 and session id: jZ0iWtRRPL1nj9gpHbolJzPn8Y43MB9-
Carts merged.
Sent cookies.
[0mGET /login [32m200 [0m9.613 ms - 13[0m
Request received with body: {}
Received response: "{\n  \"_embedded\" : {\n    \"customerOrders\" : [ ]\n  },\n  \"_links\" : {\n    \"self\" : {\n      \"href\" : \"http://orders/orders/search/customerId?sort=date&custId=57a98d98e4b00679b4a830b2\"\n    }\n  }\n}"
[0mGET /orders [32m201 [0m4.048 ms - -[0m
[0mGET /catalogue [32m200 [0m2.791 ms - -[0m
Received login request
{"user":{"firstName":"User","lastName":"Name","username":"user","id":"57a98d98e4b00679b4a830b2","_links":{"addresses":{"href":"http://user/customers/57a98d98e4b00679b4a830b2/addresses"},"cards":{"href":"http://user/customers/57a98d98e4b00679b4a830b2/cards"},"customer":{"href":"http://user/customers/57a98d98e4b00679b4a830b2"},"self":{"href":"http://user/customers/57a98d98e4b00679b4a830b2"}}}}

57a98d98e4b00679b4a830b2
Merging carts for customer id: 57a98d98e4b00679b4a830b2 and session id: wTqWxrsyd6f-qem32JqQet4mHUUZi3PE
Carts merged.
Sent cookies.
[0mGET /login [32m200 [0m9.936 ms - 13[0m
Request received with body: {}
Received response: "{\n  \"_embedded\" : {\n    \"customerOrders\" : [ ]\n  },\n  \"_links\" : {\n    \"self\" : {\n      \"href\" : \"http://orders/orders/search/customerId?sort=date&custId=57a98d98e4b00679b4a830b2\"\n    }\n  }\n}"
[0mGET /orders [32m201 [0m4.231 ms - -[0m
[0mGET /catalogue [32m200 [0m2.841 ms - -[0m
Received login request
{"user":{"firstName":"User","lastName":"Name","username":"user","id":"57a98d98e4b00679b4a830b2","_links":{"addresses":{"href":"http://user/customers/57a98d98e4b00679b4a830b2/addresses"},"cards":{"href":"http://user/customers/57a98d98e4b00679b4a830b2/cards"},"customer":{"href":"http://user/customers/57a98d98e4b00679b4a830b2"},"self":{"href":"http://user/customers/57a98d98e4b00679b4a830b2"}}}}

57a98d98e4b00679b4a830b2
Merging carts for customer id: 57a98d98e4b00679b4a830b2 and session id: VVbB5W4VA1Cq3WRxIn_51OJyo6tZr467
Carts merged.
Sent cookies.
[0mGET /login [32m200 [0m9.163 ms - 13[0m
Request received with body: {}
Received response: "{\n  \"_embedded\" : {\n    \"customerOrders\" : [ ]\n  },\n  \"_links\" : {\n    \"self\" : {\n      \"href\" : \"http://orders/orders/search/customerId?sort=date&custId=57a98d98e4b00679b4a830b2\"\n    }\n  }\n}"
[0mGET /orders [32m201 [0m3.828 ms - -[0m
[0mGET /catalogue [32m200 [0m2.870 ms - -[0m
Received login request
{"user":{"firstName":"User","lastName":"Name","username":"user","id":"57a98d98e4b00679b4a830b2","_links":{"addresses":{"href":"http://user/customers/57a98d98e4b00679b4a830b2/addresses"},"cards":{"href":"http://user/customers/57a98d98e4b00679b4a830b2/cards"},"customer":{"href":"http://user/customers/57a98d98e4b00679b4a830b2"},"self":{"href":"http://user/customers/57a98d98e4b00679b4a830b2"}}}}

57a98d98e4b00679b4a830b2
Merging carts for customer id: 57a98d98e4b00679b4a830b2 and session id: VtfFBclpe4-VNzGe4t6YYl6Pq-24AdHE
Carts merged.
Sent cookies.
[0mGET /login [32m200 [0m9.285 ms - 13[0m
Request received with body: {}
Received response: "{\n  \"_embedded\" : {\n    \"customerOrders\" : [ ]\n  },\n  \"_links\" : {\n    \"self\" : {\n      \"href\" : \"http://orders/orders/search/customerId?sort=date&custId=57a98d98e4b00679b4a830b2\"\n    }\n  }\n}"
[0mGET /orders [32m201 [0m4.409 ms - -[0m
[0mGET /catalogue [32m200 [0m2.747 ms - -[0m
Received login request
{"user":{"firstName":"User","lastName":"Name","username":"user","id":"57a98d98e4b00679b4a830b2","_links":{"addresses":{"href":"http://user/customers/57a98d98e4b00679b4a830b2/addresses"},"cards":{"href":"http://user/customers/57a98d98e4b00679b4a830b2/cards"},"customer":{"href":"http://user/customers/57a98d98e4b00679b4a830b2"},"self":{"href":"http://user/customers/57a98d98e4b00679b4a830b2"}}}}

57a98d98e4b00679b4a830b2
Merging carts for customer id: 57a98d98e4b00679b4a830b2 and session id: 6t4YkRVuV5LjdxxQIcpJraIP2t_7PEVF
Carts merged.
Sent cookies.
[0mGET /login [32m200 [0m9.240 ms - 13[0m
Request received with body: {}
Received response: "{\n  \"_embedded\" : {\n    \"customerOrders\" : [ ]\n  },\n  \"_links\" : {\n    \"self\" : {\n      \"href\" : \"http://orders/orders/search/customerId?sort=date&custId=57a98d98e4b00679b4a830b2\"\n    }\n  }\n}"
[0mGET /orders [32m201 [0m4.419 ms - -[0m
[0mGET /catalogue [32m200 [0m3.323 ms - -[0m
Received login request
{"user":{"firstName":"User","lastName":"Name","username":"user","id":"57a98d98e4b00679b4a830b2","_links":{"addresses":{"href":"http://user/customers/57a98d98e4b00679b4a830b2/addresses"},"cards":{"href":"http://user/customers/57a98d98e4b00679b4a830b2/cards"},"customer":{"href":"http://user/customers/57a98d98e4b00679b4a830b2"},"self":{"href":"http://user/customers/57a98d98e4b00679b4a830b2"}}}}

57a98d98e4b00679b4a830b2
Merging carts for customer id: 57a98d98e4b00679b4a830b2 and session id: 08LuGrVdy8YVFMepHUAZJtftgCflkkCU
Carts merged.
Sent cookies.
[0mGET /login [32m200 [0m11.113 ms - 13[0m
Request received with body: {}
Received response: "{\n  \"_embedded\" : {\n    \"customerOrders\" : [ ]\n  },\n  \"_links\" : {\n    \"self\" : {\n      \"href\" : \"http://orders/orders/search/customerId?sort=date&custId=57a98d98e4b00679b4a830b2\"\n    }\n  }\n}"
[0mGET /orders [32m201 [0m4.370 ms - -[0m
[0mGET /catalogue [32m200 [0m3.094 ms - -[0m
Received login request
{"user":{"firstName":"User","lastName":"Name","username":"user","id":"57a98d98e4b00679b4a830b2","_links":{"addresses":{"href":"http://user/customers/57a98d98e4b00679b4a830b2/addresses"},"cards":{"href":"http://user/customers/57a98d98e4b00679b4a830b2/cards"},"customer":{"href":"http://user/customers/57a98d98e4b00679b4a830b2"},"self":{"href":"http://user/customers/57a98d98e4b00679b4a830b2"}}}}

57a98d98e4b00679b4a830b2
Merging carts for customer id: 57a98d98e4b00679b4a830b2 and session id: uubeLDPA-WDqLdjDDYhdYXWRlfN57AqG
Carts merged.
Sent cookies.
[0mGET /login [32m200 [0m11.852 ms - 13[0m
Request received with body: {}
Received response: "{\n  \"_embedded\" : {\n    \"customerOrders\" : [ ]\n  },\n  \"_links\" : {\n    \"self\" : {\n      \"href\" : \"http://orders/orders/search/customerId?sort=date&custId=57a98d98e4b00679b4a830b2\"\n    }\n  }\n}"
[0mGET /orders [32m201 [0m4.855 ms - -[0m
[0mGET /catalogue [32m200 [0m3.013 ms - -[0m
Received login request
{"user":{"firstName":"User","lastName":"Name","username":"user","id":"57a98d98e4b00679b4a830b2","_links":{"addresses":{"href":"http://user/customers/57a98d98e4b00679b4a830b2/addresses"},"cards":{"href":"http://user/customers/57a98d98e4b00679b4a830b2/cards"},"customer":{"href":"http://user/customers/57a98d98e4b00679b4a830b2"},"self":{"href":"http://user/customers/57a98d98e4b00679b4a830b2"}}}}

57a98d98e4b00679b4a830b2
Merging carts for customer id: 57a98d98e4b00679b4a830b2 and session id: Kq7X9klGHOMGTXvmGZokwBTzRGcqOO5d
Carts merged.
Sent cookies.
[0mGET /login [32m200 [0m10.134 ms - 13[0m
Request received with body: {}
Received response: "{\n  \"_embedded\" : {\n    \"customerOrders\" : [ ]\n  },\n  \"_links\" : {\n    \"self\" : {\n      \"href\" : \"http://orders/orders/search/customerId?sort=date&custId=57a98d98e4b00679b4a830b2\"\n    }\n  }\n}"
[0mGET /orders [32m201 [0m4.101 ms - -[0m
[0mGET /catalogue [32m200 [0m3.060 ms - -[0m
Received login request
{"user":{"firstName":"User","lastName":"Name","username":"user","id":"57a98d98e4b00679b4a830b2","_links":{"addresses":{"href":"http://user/customers/57a98d98e4b00679b4a830b2/addresses"},"cards":{"href":"http://user/customers/57a98d98e4b00679b4a830b2/cards"},"customer":{"href":"http://user/customers/57a98d98e4b00679b4a830b2"},"self":{"href":"http://user/customers/57a98d98e4b00679b4a830b2"}}}}

57a98d98e4b00679b4a830b2
Merging carts for customer id: 57a98d98e4b00679b4a830b2 and session id: IA4hWqhludem9HqSa4kHpRUPtll58XK0
Carts merged.
Sent cookies.
[0mGET /login [32m200 [0m11.350 ms - 13[0m
Request received with body: {}
Received response: "{\n  \"_embedded\" : {\n    \"customerOrders\" : [ ]\n  },\n  \"_links\" : {\n    \"self\" : {\n      \"href\" : \"http://orders/orders/search/customerId?sort=date&custId=57a98d98e4b00679b4a830b2\"\n    }\n  }\n}"
[0mGET /orders [32m201 [0m4.317 ms - -[0m
