Starting Redis Server
1:C 16 Aug 2026 08:05:26.456 * oO0OoO0OoO0Oo Redis is starting oO0OoO0OoO0Oo
1:C 16 Aug 2026 08:05:26.456 * Redis version=8.8.0, bits=64, commit=00000000, modified=1, pid=1, just started
1:C 16 Aug 2026 08:05:26.456 * Configuration loaded
1:M 16 Aug 2026 08:05:26.456 * monotonic clock: POSIX clock_gettime
1:M 16 Aug 2026 08:05:26.457 * Running mode=standalone, port=6379.
1:M 16 Aug 2026 08:05:26.457 * <bf> RedisBloom version 8.8.0 (Git=unknown)
1:M 16 Aug 2026 08:05:26.457 * <bf> Registering configuration options: [
1:M 16 Aug 2026 08:05:26.457 * <bf> 	{ bf-error-rate       :      0.01 }
1:M 16 Aug 2026 08:05:26.457 * <bf> 	{ bf-initial-size     :       100 }
1:M 16 Aug 2026 08:05:26.457 * <bf> 	{ bf-expansion-factor :         2 }
1:M 16 Aug 2026 08:05:26.457 * <bf> 	{ cf-bucket-size      :         2 }
1:M 16 Aug 2026 08:05:26.457 * <bf> 	{ cf-initial-size     :      1024 }
1:M 16 Aug 2026 08:05:26.457 * <bf> 	{ cf-max-iterations   :        20 }
1:M 16 Aug 2026 08:05:26.457 * <bf> 	{ cf-expansion-factor :         1 }
1:M 16 Aug 2026 08:05:26.457 * <bf> 	{ cf-max-expansions   :        32 }
1:M 16 Aug 2026 08:05:26.457 * <bf> ]
1:M 16 Aug 2026 08:05:26.457 * Module 'bf' loaded from /usr/local/lib/redis/modules//redisbloom.so
1:M 16 Aug 2026 08:05:26.459 * <search> search-workers default: 16 (min of MAX_WORKER_THREADS=16 and CPU cores)
1:M 16 Aug 2026 08:05:26.459 * <search> Redis version found by RedisSearch : 8.8.0 - oss
1:M 16 Aug 2026 08:05:26.459 * <search> RediSearch version 8.8.0 (Git=d2ae026)
1:M 16 Aug 2026 08:05:26.459 * <search> Low level api version 1 initialized successfully
1:M 16 Aug 2026 08:05:26.459 * <search> gc: ON, prefix min length: 2, min word length to stem: 4, prefix max expansions: 200, query timeout (ms): 500, timeout policy: return, oom policy: return, cursor read size: 1000, cursor max idle (ms): 300000, max doctable size: 1000000, max number of search results:  1000000, default scorer: BM25STD, 
1:M 16 Aug 2026 08:05:26.459 * <search> Initialized thread pools!
1:M 16 Aug 2026 08:05:26.459 * <search> Enabled workers threadpool of size 16
1:M 16 Aug 2026 08:05:26.466 * <search> Subscribe to config changes
1:M 16 Aug 2026 08:05:26.466 * <search> Subscribe to cluster slot migration events
1:M 16 Aug 2026 08:05:26.466 * <search> Enabled role change notification
1:M 16 Aug 2026 08:05:26.466 * <search> Cluster configuration: AUTO partitions, type: 0, coordinator timeout: 0ms
1:M 16 Aug 2026 08:05:26.466 * Module 'search' loaded from /usr/local/lib/redis/modules//redisearch.so
1:M 16 Aug 2026 08:05:26.467 * <timeseries> RedisTimeSeries version 80800, git_sha=42ca4f1078fca732b7f9256adbf25914d67e1cc9
1:M 16 Aug 2026 08:05:26.467 * <timeseries> Redis version found by RedisTimeSeries : 8.8.0 - oss
1:M 16 Aug 2026 08:05:26.467 * <timeseries> Registering configuration options: [
1:M 16 Aug 2026 08:05:26.467 * <timeseries> 	{ ts-compaction-policy   :              }
1:M 16 Aug 2026 08:05:26.467 * <timeseries> 	{ ts-num-threads         :            3 }
1:M 16 Aug 2026 08:05:26.467 * <timeseries> 	{ ts-libmr-protocol      :     INTERNAL }
1:M 16 Aug 2026 08:05:26.467 * <timeseries> 	{ ts-retention-policy    :            0 }
1:M 16 Aug 2026 08:05:26.467 * <timeseries> 	{ ts-duplicate-policy    :        block }
1:M 16 Aug 2026 08:05:26.467 * <timeseries> 	{ ts-chunk-size-bytes    :         4096 }
1:M 16 Aug 2026 08:05:26.467 * <timeseries> 	{ ts-encoding            :   compressed }
1:M 16 Aug 2026 08:05:26.467 * <timeseries> 	{ ts-ignore-max-time-diff:            0 }
1:M 16 Aug 2026 08:05:26.467 * <timeseries> 	{ ts-ignore-max-val-diff :     0.000000 }
1:M 16 Aug 2026 08:05:26.467 * <timeseries> ]
1:M 16 Aug 2026 08:05:26.467 * <timeseries> Detected redis oss
1:M 16 Aug 2026 08:05:26.467 * <timeseries> Subscribe to ASM events
1:M 16 Aug 2026 08:05:26.467 * <timeseries> Enabled diskless replication
1:M 16 Aug 2026 08:05:26.467 * Module 'timeseries' loaded from /usr/local/lib/redis/modules//redistimeseries.so
1:M 16 Aug 2026 08:05:26.468 * <ReJSON> Created new data type 'ReJSON-RL'
1:M 16 Aug 2026 08:05:26.468 * <ReJSON> version: 80800 git sha: unknown branch: unknown
1:M 16 Aug 2026 08:05:26.468 * <ReJSON> Exported RedisJSON_V1 API
1:M 16 Aug 2026 08:05:26.468 * <ReJSON> Exported RedisJSON_V2 API
1:M 16 Aug 2026 08:05:26.468 * <ReJSON> Exported RedisJSON_V3 API
1:M 16 Aug 2026 08:05:26.468 * <ReJSON> Exported RedisJSON_V4 API
1:M 16 Aug 2026 08:05:26.468 * <ReJSON> Exported RedisJSON_V5 API
1:M 16 Aug 2026 08:05:26.468 * <ReJSON> Exported RedisJSON_V6 API
1:M 16 Aug 2026 08:05:26.468 * <ReJSON> Exported RedisJSON_V7 API
1:M 16 Aug 2026 08:05:26.468 * <ReJSON> Enabled diskless replication
1:M 16 Aug 2026 08:05:26.468 * <ReJSON> Initialized shared string cache, thread safe: true.
1:M 16 Aug 2026 08:05:26.468 * Module 'ReJSON' loaded from /usr/local/lib/redis/modules//rejson.so
1:M 16 Aug 2026 08:05:26.468 * <search> Acquired RedisJSON_V7 API
1:M 16 Aug 2026 08:05:26.471 * Server initialized
1:M 16 Aug 2026 08:05:26.471 * Ready to accept connections tcp
1:M 16 Aug 2026 08:05:26.471 # WARNING: Redis does not require authentication and is not protected by network restrictions. Redis will accept connections from any IP address on any network interface.
