
              RabbitMQ 3.6.8. Copyright (C) 2007-2016 Pivotal Software, Inc.
  ##  ##      Licensed under the MPL.  See http://www.rabbitmq.com/
  ##  ##
  ##########  Logs: tty
  ######  ##        tty
  ##########
              Starting broker...

=INFO REPORT==== 16-Aug-2026::06:29:03 ===
Starting RabbitMQ 3.6.8 on Erlang 19.3
Copyright (C) 2007-2016 Pivotal Software, Inc.
Licensed under the MPL.  See http://www.rabbitmq.com/

=INFO REPORT==== 16-Aug-2026::06:29:03 ===
node           : rabbit@rabbitmq-5f4fc89676-7wqp4
home dir       : /var/lib/rabbitmq
config file(s) : /etc/rabbitmq/rabbitmq.config
cookie hash    : 3nidwp5iwVu4VWpsCXTbXQ==
log            : tty
sasl log       : tty
database dir   : /var/lib/rabbitmq/mnesia/rabbit@rabbitmq-5f4fc89676-7wqp4

=INFO REPORT==== 16-Aug-2026::06:29:06 ===
Memory limit set to 12365MB of 30914MB total.

=INFO REPORT==== 16-Aug-2026::06:29:06 ===
Disk free limit set to 50MB

=INFO REPORT==== 16-Aug-2026::06:29:06 ===
Limiting to approx 1048476 file handles (943626 sockets)

=INFO REPORT==== 16-Aug-2026::06:29:06 ===
FHC read buffering:  OFF
FHC write buffering: ON

=INFO REPORT==== 16-Aug-2026::06:29:06 ===
Database directory at /var/lib/rabbitmq/mnesia/rabbit@rabbitmq-5f4fc89676-7wqp4 is empty. Initialising from scratch...

=INFO REPORT==== 16-Aug-2026::06:29:06 ===
    application: mnesia
    exited: stopped
    type: temporary

=INFO REPORT==== 16-Aug-2026::06:29:06 ===
Waiting for Mnesia tables for 30000 ms, 9 retries left

=INFO REPORT==== 16-Aug-2026::06:29:06 ===
Waiting for Mnesia tables for 30000 ms, 9 retries left

=INFO REPORT==== 16-Aug-2026::06:29:06 ===
Waiting for Mnesia tables for 30000 ms, 9 retries left

=INFO REPORT==== 16-Aug-2026::06:29:06 ===
Priority queues enabled, real BQ is rabbit_variable_queue

=INFO REPORT==== 16-Aug-2026::06:29:06 ===
Starting rabbit_node_monitor

=INFO REPORT==== 16-Aug-2026::06:29:06 ===
Management plugin: using rates mode 'basic'

=INFO REPORT==== 16-Aug-2026::06:29:06 ===
msg_store_transient: using rabbit_msg_store_ets_index to provide index

=INFO REPORT==== 16-Aug-2026::06:29:06 ===
msg_store_persistent: using rabbit_msg_store_ets_index to provide index

=WARNING REPORT==== 16-Aug-2026::06:29:06 ===
msg_store_persistent: rebuilding indices from scratch

=INFO REPORT==== 16-Aug-2026::06:29:06 ===
Adding vhost '/'

=INFO REPORT==== 16-Aug-2026::06:29:06 ===
Creating user 'guest'

=INFO REPORT==== 16-Aug-2026::06:29:06 ===
Setting user tags for user 'guest' to [administrator]

=INFO REPORT==== 16-Aug-2026::06:29:06 ===
Setting permissions for 'guest' in '/' to '.*', '.*', '.*'

=INFO REPORT==== 16-Aug-2026::06:29:06 ===
started TCP Listener on [::]:5672

=INFO REPORT==== 16-Aug-2026::06:29:06 ===
Management plugin started. Port: 15672

=INFO REPORT==== 16-Aug-2026::06:29:06 ===
Statistics database started.
 completed with 6 plugins.

=INFO REPORT==== 16-Aug-2026::06:29:06 ===
Server startup complete; 6 plugins started.
 * rabbitmq_management
 * amqp_client
 * rabbitmq_management_agent
 * rabbitmq_web_dispatch
 * cowboy
 * cowlib

=INFO REPORT==== 16-Aug-2026::06:29:07 ===
accepting AMQP connection <0.560.0> (10.244.2.166:51330 -> 10.244.2.171:5672)

=INFO REPORT==== 16-Aug-2026::06:29:07 ===
connection <0.560.0> (10.244.2.166:51330 -> 10.244.2.171:5672): user 'guest' authenticated and granted access to vhost '/'
