ts=2026-08-16T06:24:02Z caller=logging.go:85 method=Health result=2 took=30.068碌s
ts=2026-08-16T06:24:03Z caller=logging.go:85 method=Health result=2 took=28.635碌s
ts=2026-08-16T06:24:05Z caller=logging.go:36 method=List tags= order=id pageNum=1 pageSize=10 result=9 err=null took=744.26碌s
ts=2026-08-16T06:24:05Z caller=logging.go:85 method=Health result=2 took=31.642碌s
ts=2026-08-16T06:24:06Z caller=logging.go:85 method=Health result=2 took=30.87碌s
ts=2026-08-16T06:24:08Z caller=logging.go:36 method=List tags= order=id pageNum=1 pageSize=10 result=9 err=null took=771.212碌s
ts=2026-08-16T06:24:08Z caller=logging.go:85 method=Health result=2 took=26.07碌s
ts=2026-08-16T06:24:09Z caller=logging.go:85 method=Health result=2 took=26.451碌s
ts=2026-08-16T06:24:11Z caller=logging.go:85 method=Health result=2 took=28.094碌s
ts=2026-08-16T06:24:11Z caller=logging.go:36 method=List tags= order=id pageNum=1 pageSize=10 result=9 err=null took=863.605碌s
ts=2026-08-16T06:24:12Z caller=logging.go:85 method=Health result=2 took=29.888碌s
ts=2026-08-16T06:24:14Z caller=logging.go:85 method=Health result=2 took=26.962碌s
ts=2026-08-16T06:24:14Z caller=logging.go:36 method=List tags= order=id pageNum=1 pageSize=10 result=9 err=null took=771.543碌s
ts=2026-08-16T06:24:15Z caller=logging.go:85 method=Health result=2 took=27.082碌s
ts=2026-08-16T06:24:17Z caller=logging.go:85 method=Health result=2 took=27.092碌s
ts=2026-08-16T06:24:17Z caller=logging.go:36 method=List tags= order=id pageNum=1 pageSize=10 result=9 err=null took=701.742碌s
ts=2026-08-16T06:24:18Z caller=logging.go:85 method=Health result=2 took=27.673碌s
ts=2026-08-16T06:24:20Z caller=logging.go:85 method=Health result=2 took=30.078碌s
ts=2026-08-16T06:24:20Z caller=logging.go:36 method=List tags= order=id pageNum=1 pageSize=10 result=9 err=null took=716.276碌s
ts=2026-08-16T06:24:21Z caller=logging.go:85 method=Health result=2 took=27.453碌s
ts=2026-08-16T06:24:23Z caller=logging.go:85 method=Health result=2 took=27.212碌s
ts=2026-08-16T06:24:24Z caller=logging.go:36 method=List tags= order=id pageNum=1 pageSize=10 result=9 err=null took=745.402碌s
ts=2026-08-16T06:24:24Z caller=logging.go:85 method=Health result=2 took=40.895碌s
ts=2026-08-16T06:24:26Z caller=logging.go:85 method=Health result=2 took=27.293碌s
ts=2026-08-16T06:24:27Z caller=logging.go:36 method=List tags= order=id pageNum=1 pageSize=10 result=9 err=null took=754.595碌s
ts=2026-08-16T06:24:27Z caller=logging.go:85 method=Health result=2 took=27.874碌s
ts=2026-08-16T06:24:29Z caller=logging.go:85 method=Health result=2 took=27.433碌s
ts=2026-08-16T06:24:30Z caller=logging.go:36 method=List tags= order=id pageNum=1 pageSize=10 result=9 err=null took=776.245碌s
ts=2026-08-16T06:24:30Z caller=logging.go:85 method=Health result=2 took=27.985碌s
ts=2026-08-16T06:24:32Z caller=logging.go:85 method=Health result=2 took=28.926碌s
ts=2026-08-16T06:24:33Z caller=logging.go:36 method=List tags= order=id pageNum=1 pageSize=10 result=9 err=null took=722.806碌s
ts=2026-08-16T06:24:33Z caller=logging.go:85 method=Health result=2 took=27.984碌s
ts=2026-08-16T06:24:35Z caller=logging.go:85 method=Health result=2 took=27.884碌s
ts=2026-08-16T06:24:36Z caller=logging.go:36 method=List tags= order=id pageNum=1 pageSize=10 result=9 err=null took=755.116碌s
ts=2026-08-16T06:24:36Z caller=logging.go:85 method=Health result=2 took=28.355碌s
ts=2026-08-16T06:24:38Z caller=logging.go:85 method=Health result=2 took=26.311碌s
ts=2026-08-16T06:24:39Z caller=logging.go:36 method=List tags= order=id pageNum=1 pageSize=10 result=9 err=null took=758.377碌s
ts=2026-08-16T06:24:39Z caller=logging.go:85 method=Health result=2 took=29.077碌s
ts=2026-08-16T06:24:41Z caller=logging.go:85 method=Health result=2 took=30.319碌s
ts=2026-08-16T06:24:42Z caller=logging.go:36 method=List tags= order=id pageNum=1 pageSize=10 result=9 err=null took=720.074碌s
ts=2026-08-16T06:24:42Z caller=logging.go:85 method=Health result=2 took=27.724碌s
ts=2026-08-16T06:24:44Z caller=logging.go:85 method=Health result=2 took=27.072碌s
ts=2026-08-16T06:24:45Z caller=logging.go:36 method=List tags= order=id pageNum=1 pageSize=10 result=9 err=null took=730.944碌s
ts=2026-08-16T06:24:45Z caller=logging.go:85 method=Health result=2 took=27.663碌s
ts=2026-08-16T06:24:47Z caller=logging.go:85 method=Health result=2 took=28.004碌s
ts=2026-08-16T06:24:48Z caller=logging.go:36 method=List tags= order=id pageNum=1 pageSize=10 result=9 err=null took=786.811碌s
ts=2026-08-16T06:24:48Z caller=logging.go:85 method=Health result=2 took=27.403碌s
ts=2026-08-16T06:24:50Z caller=logging.go:85 method=Health result=2 took=27.573碌s
ts=2026-08-16T06:24:51Z caller=logging.go:36 method=List tags= order=id pageNum=1 pageSize=10 result=9 err=null took=708.281碌s
ts=2026-08-16T06:24:51Z caller=logging.go:85 method=Health result=2 took=28.104碌s
ts=2026-08-16T06:24:53Z caller=logging.go:36 method=List tags= order=id pageNum=1 pageSize=10 result=9 err=null took=761.217碌s
ts=2026-08-16T06:24:53Z caller=logging.go:36 method=List tags= order=id pageNum=1 pageSize=10 result=9 err=null took=710.575碌s
ts=2026-08-16T06:24:53Z caller=logging.go:36 method=List tags= order=id pageNum=1 pageSize=10 result=9 err=null took=813.973碌s
ts=2026-08-16T06:24:53Z caller=logging.go:85 method=Health result=2 took=26.832碌s
ts=2026-08-16T06:24:53Z caller=logging.go:36 method=List tags= order=id pageNum=1 pageSize=10 result=9 err=null took=665.762碌s
ts=2026-08-16T06:24:53Z caller=logging.go:36 method=List tags= order=id pageNum=1 pageSize=10 result=9 err=null took=676.372碌s
ts=2026-08-16T06:24:54Z caller=logging.go:36 method=List tags= order=id pageNum=1 pageSize=10 result=9 err=null took=743.432碌s
ts=2026-08-16T06:24:54Z caller=logging.go:36 method=List tags= order=id pageNum=1 pageSize=10 result=9 err=null took=742.18碌s
ts=2026-08-16T06:24:54Z caller=logging.go:36 method=List tags= order=id pageNum=1 pageSize=10 result=9 err=null took=716.118碌s
ts=2026-08-16T06:24:54Z caller=logging.go:36 method=List tags= order=id pageNum=1 pageSize=10 result=9 err=null took=705.092碌s
ts=2026-08-16T06:24:54Z caller=logging.go:85 method=Health result=2 took=27.524碌s
ts=2026-08-16T06:24:54Z caller=logging.go:36 method=List tags= order=id pageNum=1 pageSize=10 result=9 err=null took=748.036碌s
ts=2026-08-16T06:24:56Z caller=logging.go:85 method=Health result=2 took=28.295碌s
ts=2026-08-16T06:24:57Z caller=logging.go:85 method=Health result=2 took=27.644碌s
ts=2026-08-16T06:24:58Z caller=logging.go:36 method=List tags= order=id pageNum=1 pageSize=10 result=9 err=null took=889.832碌s
ts=2026-08-16T06:24:59Z caller=logging.go:85 method=Health result=2 took=27.373碌s
ts=2026-08-16T06:25:00Z caller=logging.go:36 method=List tags= order=id pageNum=1 pageSize=10 result=9 err=null took=777.277碌s
ts=2026-08-16T06:25:00Z caller=logging.go:85 method=Health result=2 took=29.588碌s
ts=2026-08-16T06:25:02Z caller=logging.go:85 method=Health result=2 took=29.858碌s
ts=2026-08-16T06:25:02Z caller=logging.go:36 method=List tags= order=id pageNum=1 pageSize=10 result=9 err=null took=727.771碌s
ts=2026-08-16T06:25:03Z caller=logging.go:85 method=Health result=2 took=29.677碌s
ts=2026-08-16T06:25:04Z caller=logging.go:36 method=List tags= order=id pageNum=1 pageSize=10 result=9 err=null took=758.28碌s
ts=2026-08-16T06:25:05Z caller=logging.go:85 method=Health result=2 took=26.522碌s
ts=2026-08-16T06:25:06Z caller=logging.go:85 method=Health result=2 took=26.361碌s
ts=2026-08-16T06:25:06Z caller=logging.go:36 method=List tags= order=id pageNum=1 pageSize=10 result=9 err=null took=713.013碌s
ts=2026-08-16T06:25:08Z caller=logging.go:85 method=Health result=2 took=27.173碌s
ts=2026-08-16T06:25:08Z caller=logging.go:36 method=List tags= order=id pageNum=1 pageSize=10 result=9 err=null took=730.238碌s
ts=2026-08-16T06:25:09Z caller=logging.go:85 method=Health result=2 took=25.981碌s
ts=2026-08-16T06:25:11Z caller=logging.go:85 method=Health result=2 took=26.932碌s
ts=2026-08-16T06:25:12Z caller=logging.go:36 method=List tags= order=id pageNum=1 pageSize=10 result=9 err=null took=712.563碌s
ts=2026-08-16T06:25:12Z caller=logging.go:85 method=Health result=2 took=27.093碌s
ts=2026-08-16T06:25:14Z caller=logging.go:85 method=Health result=2 took=28.385碌s
ts=2026-08-16T06:25:15Z caller=logging.go:36 method=List tags= order=id pageNum=1 pageSize=10 result=9 err=null took=700.942碌s
ts=2026-08-16T06:25:15Z caller=logging.go:85 method=Health result=2 took=28.465碌s
ts=2026-08-16T06:25:17Z caller=logging.go:85 method=Health result=2 took=26.842碌s
ts=2026-08-16T06:25:18Z caller=logging.go:36 method=List tags= order=id pageNum=1 pageSize=10 result=9 err=null took=728.367碌s
ts=2026-08-16T06:25:18Z caller=logging.go:85 method=Health result=2 took=29.247碌s
ts=2026-08-16T06:25:20Z caller=logging.go:85 method=Health result=2 took=32.734碌s
ts=2026-08-16T06:25:21Z caller=logging.go:36 method=List tags= order=id pageNum=1 pageSize=10 result=9 err=null took=721.974碌s
ts=2026-08-16T06:25:21Z caller=logging.go:85 method=Health result=2 took=26.001碌s
ts=2026-08-16T06:25:23Z caller=logging.go:85 method=Health result=2 took=27.193碌s
ts=2026-08-16T06:25:24Z caller=logging.go:36 method=List tags= order=id pageNum=1 pageSize=10 result=9 err=null took=761.524碌s
ts=2026-08-16T06:25:24Z caller=logging.go:85 method=Health result=2 took=29.337碌s
ts=2026-08-16T06:25:26Z caller=logging.go:85 method=Health result=2 took=27.313碌s
ts=2026-08-16T06:25:27Z caller=logging.go:36 method=List tags= order=id pageNum=1 pageSize=10 result=9 err=null took=747.436碌s
ts=2026-08-16T06:25:27Z caller=logging.go:85 method=Health result=2 took=34.116碌s
ts=2026-08-16T06:25:29Z caller=logging.go:85 method=Health result=2 took=25.47碌s
ts=2026-08-16T06:25:30Z caller=logging.go:36 method=List tags= order=id pageNum=1 pageSize=10 result=9 err=null took=707.092碌s
ts=2026-08-16T06:25:30Z caller=logging.go:85 method=Health result=2 took=27.984碌s
ts=2026-08-16T06:25:32Z caller=logging.go:85 method=Health result=2 took=28.456碌s
ts=2026-08-16T06:25:33Z caller=logging.go:36 method=List tags= order=id pageNum=1 pageSize=10 result=9 err=null took=775.715碌s
ts=2026-08-16T06:25:33Z caller=logging.go:85 method=Health result=2 took=29.648碌s
ts=2026-08-16T06:25:35Z caller=logging.go:85 method=Health result=2 took=47.121碌s
ts=2026-08-16T06:25:36Z caller=logging.go:36 method=List tags= order=id pageNum=1 pageSize=10 result=9 err=null took=787.068碌s
ts=2026-08-16T06:25:36Z caller=logging.go:85 method=Health result=2 took=28.125碌s
ts=2026-08-16T06:25:38Z caller=logging.go:85 method=Health result=2 took=26.973碌s
ts=2026-08-16T06:25:39Z caller=logging.go:36 method=List tags= order=id pageNum=1 pageSize=10 result=9 err=null took=695.715碌s
ts=2026-08-16T06:25:39Z caller=logging.go:85 method=Health result=2 took=25.22碌s
ts=2026-08-16T06:25:41Z caller=logging.go:85 method=Health result=2 took=26.472碌s
ts=2026-08-16T06:25:42Z caller=logging.go:85 method=Health result=2 took=29.107碌s
ts=2026-08-16T06:25:42Z caller=logging.go:36 method=List tags= order=id pageNum=1 pageSize=10 result=9 err=null took=706.614碌s
ts=2026-08-16T06:25:44Z caller=logging.go:85 method=Health result=2 took=26.812碌s
ts=2026-08-16T06:25:45Z caller=logging.go:85 method=Health result=2 took=29.628碌s
ts=2026-08-16T06:25:45Z caller=logging.go:36 method=List tags= order=id pageNum=1 pageSize=10 result=9 err=null took=692.699碌s
ts=2026-08-16T06:25:47Z caller=logging.go:85 method=Health result=2 took=27.604碌s
ts=2026-08-16T06:25:48Z caller=logging.go:85 method=Health result=2 took=29.347碌s
ts=2026-08-16T06:25:48Z caller=logging.go:36 method=List tags= order=id pageNum=1 pageSize=10 result=9 err=null took=764.485碌s
ts=2026-08-16T06:25:50Z caller=logging.go:85 method=Health result=2 took=29.497碌s
ts=2026-08-16T06:25:51Z caller=logging.go:85 method=Health result=2 took=25.68碌s
ts=2026-08-16T06:25:52Z caller=logging.go:36 method=List tags= order=id pageNum=1 pageSize=10 result=9 err=null took=810.784碌s
ts=2026-08-16T06:25:53Z caller=logging.go:85 method=Health result=2 took=28.775碌s
ts=2026-08-16T06:25:54Z caller=logging.go:85 method=Health result=2 took=27.824碌s
ts=2026-08-16T06:25:55Z caller=logging.go:36 method=List tags= order=id pageNum=1 pageSize=10 result=9 err=null took=729.948碌s
ts=2026-08-16T06:25:56Z caller=logging.go:85 method=Health result=2 took=42.121碌s
ts=2026-08-16T06:25:57Z caller=logging.go:85 method=Health result=2 took=27.644碌s
ts=2026-08-16T06:25:58Z caller=logging.go:36 method=List tags= order=id pageNum=1 pageSize=10 result=9 err=null took=924.614碌s
ts=2026-08-16T06:25:59Z caller=logging.go:85 method=Health result=2 took=30.428碌s
ts=2026-08-16T06:26:00Z caller=logging.go:85 method=Health result=2 took=28.024碌s
ts=2026-08-16T06:26:01Z caller=logging.go:36 method=List tags= order=id pageNum=1 pageSize=10 result=9 err=null took=718.88碌s
ts=2026-08-16T06:26:02Z caller=logging.go:85 method=Health result=2 took=28.445碌s
ts=2026-08-16T06:26:03Z caller=logging.go:85 method=Health result=2 took=29.507碌s
ts=2026-08-16T06:26:04Z caller=logging.go:36 method=List tags= order=id pageNum=1 pageSize=10 result=9 err=null took=740.626碌s
ts=2026-08-16T06:26:05Z caller=logging.go:85 method=Health result=2 took=28.826碌s
ts=2026-08-16T06:26:06Z caller=logging.go:85 method=Health result=2 took=28.065碌s
ts=2026-08-16T06:26:07Z caller=logging.go:36 method=List tags= order=id pageNum=1 pageSize=10 result=9 err=null took=712.985碌s
ts=2026-08-16T06:26:08Z caller=logging.go:85 method=Health result=2 took=33.425碌s
ts=2026-08-16T06:26:09Z caller=logging.go:85 method=Health result=2 took=27.824碌s
ts=2026-08-16T06:26:10Z caller=logging.go:36 method=List tags= order=id pageNum=1 pageSize=10 result=9 err=null took=769.016碌s
ts=2026-08-16T06:26:11Z caller=logging.go:85 method=Health result=2 took=27.994碌s
ts=2026-08-16T06:26:12Z caller=logging.go:36 method=List tags= order=id pageNum=1 pageSize=10 result=9 err=null took=767.161碌s
ts=2026-08-16T06:26:12Z caller=logging.go:36 method=List tags= order=id pageNum=1 pageSize=10 result=9 err=null took=700.095碌s
ts=2026-08-16T06:26:12Z caller=logging.go:36 method=List tags= order=id pageNum=1 pageSize=10 result=9 err=null took=768.677碌s
ts=2026-08-16T06:26:12Z caller=logging.go:36 method=List tags= order=id pageNum=1 pageSize=10 result=9 err=null took=700.821碌s
ts=2026-08-16T06:26:12Z caller=logging.go:36 method=List tags= order=id pageNum=1 pageSize=10 result=9 err=null took=700.554碌s
ts=2026-08-16T06:26:12Z caller=logging.go:85 method=Health result=2 took=36.822碌s
ts=2026-08-16T06:26:13Z caller=logging.go:36 method=List tags= order=id pageNum=1 pageSize=10 result=9 err=null took=749.502碌s
ts=2026-08-16T06:26:14Z caller=logging.go:85 method=Health result=2 took=27.633碌s
ts=2026-08-16T06:26:15Z caller=logging.go:85 method=Health result=2 took=32.673碌s
ts=2026-08-16T06:26:17Z caller=logging.go:85 method=Health result=2 took=26.853碌s
ts=2026-08-16T06:26:18Z caller=logging.go:85 method=Health result=2 took=28.456碌s
ts=2026-08-16T06:26:19Z caller=logging.go:36 method=List tags= order=id pageNum=1 pageSize=10 result=9 err=null took=752.451碌s
ts=2026-08-16T06:26:19Z caller=logging.go:36 method=List tags= order=id pageNum=1 pageSize=10 result=9 err=null took=763.213碌s
ts=2026-08-16T06:26:20Z caller=logging.go:36 method=List tags= order=id pageNum=1 pageSize=10 result=9 err=null took=711.094碌s
ts=2026-08-16T06:26:20Z caller=logging.go:36 method=List tags= order=id pageNum=1 pageSize=10 result=9 err=null took=807.451碌s
ts=2026-08-16T06:26:20Z caller=logging.go:85 method=Health result=2 took=27.533碌s
ts=2026-08-16T06:26:21Z caller=logging.go:85 method=Health result=2 took=30.158碌s
ts=2026-08-16T06:26:22Z caller=logging.go:36 method=List tags= order=id pageNum=1 pageSize=10 result=9 err=null took=733.19碌s
ts=2026-08-16T06:26:23Z caller=logging.go:85 method=Health result=2 took=26.922碌s
ts=2026-08-16T06:26:24Z caller=logging.go:85 method=Health result=2 took=27.393碌s
ts=2026-08-16T06:26:24Z caller=logging.go:36 method=List tags= order=id pageNum=1 pageSize=10 result=9 err=null took=1.001885ms
ts=2026-08-16T06:26:26Z caller=logging.go:85 method=Health result=2 took=33.515碌s
ts=2026-08-16T06:26:26Z caller=logging.go:36 method=List tags= order=id pageNum=1 pageSize=10 result=9 err=null took=763.579碌s
ts=2026-08-16T06:26:27Z caller=logging.go:85 method=Health result=2 took=28.465碌s
ts=2026-08-16T06:26:29Z caller=logging.go:36 method=List tags= order=id pageNum=1 pageSize=10 result=9 err=null took=740.708碌s
ts=2026-08-16T06:26:29Z caller=logging.go:85 method=Health result=2 took=25.871碌s
ts=2026-08-16T06:26:30Z caller=logging.go:85 method=Health result=2 took=27.082碌s
ts=2026-08-16T06:26:31Z caller=logging.go:36 method=List tags= order=id pageNum=1 pageSize=10 result=9 err=null took=727.46碌s
ts=2026-08-16T06:26:32Z caller=logging.go:85 method=Health result=2 took=26.752碌s
ts=2026-08-16T06:26:33Z caller=logging.go:36 method=List tags= order=id pageNum=1 pageSize=10 result=9 err=null took=733.514碌s
ts=2026-08-16T06:26:33Z caller=logging.go:85 method=Health result=2 took=27.784碌s
ts=2026-08-16T06:26:35Z caller=logging.go:85 method=Health result=2 took=29.187碌s
ts=2026-08-16T06:26:36Z caller=logging.go:36 method=List tags= order=id pageNum=1 pageSize=10 result=9 err=null took=718.22碌s
ts=2026-08-16T06:26:36Z caller=logging.go:85 method=Health result=2 took=26.542碌s
ts=2026-08-16T06:26:38Z caller=logging.go:85 method=Health result=2 took=29.006碌s
ts=2026-08-16T06:26:39Z caller=logging.go:36 method=List tags= order=id pageNum=1 pageSize=10 result=9 err=null took=714.231碌s
ts=2026-08-16T06:26:39Z caller=logging.go:85 method=Health result=2 took=30.429碌s
ts=2026-08-16T06:26:41Z caller=logging.go:85 method=Health result=2 took=28.044碌s
ts=2026-08-16T06:26:42Z caller=logging.go:36 method=List tags= order=id pageNum=1 pageSize=10 result=9 err=null took=722.482碌s
ts=2026-08-16T06:26:42Z caller=logging.go:85 method=Health result=2 took=29.448碌s
ts=2026-08-16T06:26:44Z caller=logging.go:85 method=Health result=2 took=52.201碌s
ts=2026-08-16T06:26:45Z caller=logging.go:36 method=List tags= order=id pageNum=1 pageSize=10 result=9 err=null took=756.388碌s
ts=2026-08-16T06:26:45Z caller=logging.go:85 method=Health result=2 took=27.414碌s
ts=2026-08-16T06:26:47Z caller=logging.go:85 method=Health result=2 took=35.789碌s
ts=2026-08-16T06:26:48Z caller=logging.go:36 method=List tags= order=id pageNum=1 pageSize=10 result=9 err=null took=737.712碌s
ts=2026-08-16T06:26:48Z caller=logging.go:85 method=Health result=2 took=29.006碌s
ts=2026-08-16T06:26:50Z caller=logging.go:85 method=Health result=2 took=26.691碌s
ts=2026-08-16T06:26:51Z caller=logging.go:36 method=List tags= order=id pageNum=1 pageSize=10 result=9 err=null took=754.476碌s
ts=2026-08-16T06:26:51Z caller=logging.go:85 method=Health result=2 took=27.834碌s
ts=2026-08-16T06:26:53Z caller=logging.go:85 method=Health result=2 took=27.073碌s
ts=2026-08-16T06:26:54Z caller=logging.go:36 method=List tags= order=id pageNum=1 pageSize=10 result=9 err=null took=838.451碌s
ts=2026-08-16T06:26:54Z caller=logging.go:85 method=Health result=2 took=23.255碌s
ts=2026-08-16T06:26:56Z caller=logging.go:85 method=Health result=2 took=28.836碌s
ts=2026-08-16T06:26:57Z caller=logging.go:85 method=Health result=2 took=27.403碌s
ts=2026-08-16T06:26:57Z caller=logging.go:36 method=List tags= order=id pageNum=1 pageSize=10 result=9 err=null took=746.312碌s
ts=2026-08-16T06:26:59Z caller=logging.go:85 method=Health result=2 took=28.065碌s
ts=2026-08-16T06:27:00Z caller=logging.go:85 method=Health result=2 took=30.609碌s
ts=2026-08-16T06:27:00Z caller=logging.go:36 method=List tags= order=id pageNum=1 pageSize=10 result=9 err=null took=831.393碌s
ts=2026-08-16T06:27:02Z caller=logging.go:85 method=Health result=2 took=29.407碌s
ts=2026-08-16T06:27:03Z caller=logging.go:85 method=Health result=2 took=27.233碌s
ts=2026-08-16T06:27:04Z caller=logging.go:36 method=List tags= order=id pageNum=1 pageSize=10 result=9 err=null took=745.466碌s
ts=2026-08-16T06:27:05Z caller=logging.go:85 method=Health result=2 took=27.513碌s
ts=2026-08-16T06:27:06Z caller=logging.go:85 method=Health result=2 took=28.264碌s
ts=2026-08-16T06:27:07Z caller=logging.go:36 method=List tags= order=id pageNum=1 pageSize=10 result=9 err=null took=792.944碌s
ts=2026-08-16T06:27:08Z caller=logging.go:85 method=Health result=2 took=27.563碌s
ts=2026-08-16T06:27:09Z caller=logging.go:85 method=Health result=2 took=27.744碌s
ts=2026-08-16T06:27:10Z caller=logging.go:36 method=List tags= order=id pageNum=1 pageSize=10 result=9 err=null took=782.859碌s
ts=2026-08-16T06:27:11Z caller=logging.go:85 method=Health result=2 took=29.016碌s
ts=2026-08-16T06:27:12Z caller=logging.go:85 method=Health result=2 took=27.413碌s
ts=2026-08-16T06:27:13Z caller=logging.go:36 method=List tags= order=id pageNum=1 pageSize=10 result=9 err=null took=815.301碌s
ts=2026-08-16T06:27:14Z caller=logging.go:85 method=Health result=2 took=26.792碌s
ts=2026-08-16T06:27:15Z caller=logging.go:85 method=Health result=2 took=52.764碌s
ts=2026-08-16T06:27:16Z caller=logging.go:36 method=List tags= order=id pageNum=1 pageSize=10 result=9 err=null took=729.756碌s
ts=2026-08-16T06:27:17Z caller=logging.go:85 method=Health result=2 took=27.483碌s
ts=2026-08-16T06:27:18Z caller=logging.go:85 method=Health result=2 took=30.199碌s
ts=2026-08-16T06:27:19Z caller=logging.go:36 method=List tags= order=id pageNum=1 pageSize=10 result=9 err=null took=738.814碌s
ts=2026-08-16T06:27:20Z caller=logging.go:85 method=Health result=2 took=28.055碌s
ts=2026-08-16T06:27:21Z caller=logging.go:85 method=Health result=2 took=32.854碌s
ts=2026-08-16T06:27:22Z caller=logging.go:36 method=List tags= order=id pageNum=1 pageSize=10 result=9 err=null took=733.389碌s
ts=2026-08-16T06:27:23Z caller=logging.go:85 method=Health result=2 took=28.836碌s
ts=2026-08-16T06:27:24Z caller=logging.go:85 method=Health result=2 took=26.602碌s
ts=2026-08-16T06:27:25Z caller=logging.go:36 method=List tags= order=id pageNum=1 pageSize=10 result=9 err=null took=731.706碌s
ts=2026-08-16T06:27:26Z caller=logging.go:85 method=Health result=2 took=69.716碌s
ts=2026-08-16T06:27:27Z caller=logging.go:85 method=Health result=2 took=28.606碌s
ts=2026-08-16T06:27:28Z caller=logging.go:36 method=List tags= order=id pageNum=1 pageSize=10 result=9 err=null took=751.369碌s
ts=2026-08-16T06:27:29Z caller=logging.go:85 method=Health result=2 took=27.213碌s
ts=2026-08-16T06:27:30Z caller=logging.go:85 method=Health result=2 took=27.283碌s
ts=2026-08-16T06:27:31Z caller=logging.go:36 method=List tags= order=id pageNum=1 pageSize=10 result=9 err=null took=729.145碌s
ts=2026-08-16T06:27:32Z caller=logging.go:85 method=Health result=2 took=27.944碌s
ts=2026-08-16T06:27:33Z caller=logging.go:85 method=Health result=2 took=26.482碌s
ts=2026-08-16T06:27:34Z caller=logging.go:36 method=List tags= order=id pageNum=1 pageSize=10 result=9 err=null took=753.601碌s
ts=2026-08-16T06:27:35Z caller=logging.go:85 method=Health result=2 took=26.912碌s
ts=2026-08-16T06:27:36Z caller=logging.go:36 method=List tags= order=id pageNum=1 pageSize=10 result=9 err=null took=733.099碌s
ts=2026-08-16T06:27:36Z caller=logging.go:36 method=List tags= order=id pageNum=1 pageSize=10 result=9 err=null took=723.955碌s
ts=2026-08-16T06:27:36Z caller=logging.go:36 method=List tags= order=id pageNum=1 pageSize=10 result=9 err=null took=704.056碌s
ts=2026-08-16T06:27:36Z caller=logging.go:36 method=List tags= order=id pageNum=1 pageSize=10 result=9 err=null took=712.343碌s
ts=2026-08-16T06:27:36Z caller=logging.go:85 method=Health result=2 took=27.604碌s
ts=2026-08-16T06:27:36Z caller=logging.go:36 method=List tags= order=id pageNum=1 pageSize=10 result=9 err=null took=726.134碌s
ts=2026-08-16T06:27:37Z caller=logging.go:36 method=List tags= order=id pageNum=1 pageSize=10 result=9 err=null took=714.36碌s
ts=2026-08-16T06:27:38Z caller=logging.go:85 method=Health result=2 took=27.052碌s
ts=2026-08-16T06:27:39Z caller=logging.go:85 method=Health result=2 took=28.054碌s
ts=2026-08-16T06:27:41Z caller=logging.go:85 method=Health result=2 took=31.181碌s
ts=2026-08-16T06:27:42Z caller=logging.go:85 method=Health result=2 took=27.082碌s
ts=2026-08-16T06:27:44Z caller=logging.go:36 method=List tags= order=id pageNum=1 pageSize=10 result=9 err=null took=756.058碌s
ts=2026-08-16T06:27:44Z caller=logging.go:36 method=List tags= order=id pageNum=1 pageSize=10 result=9 err=null took=718.97碌s
ts=2026-08-16T06:27:44Z caller=logging.go:36 method=List tags= order=id pageNum=1 pageSize=10 result=9 err=null took=772.966碌s
ts=2026-08-16T06:27:44Z caller=logging.go:36 method=List tags= order=id pageNum=1 pageSize=10 result=9 err=null took=832.476碌s
ts=2026-08-16T06:27:44Z caller=logging.go:85 method=Health result=2 took=28.355碌s
ts=2026-08-16T06:27:45Z caller=logging.go:85 method=Health result=2 took=28.676碌s
ts=2026-08-16T06:27:47Z caller=logging.go:36 method=List tags= order=id pageNum=1 pageSize=10 result=9 err=null took=781.843碌s
ts=2026-08-16T06:27:47Z caller=logging.go:85 method=Health result=2 took=28.175碌s
ts=2026-08-16T06:27:48Z caller=logging.go:85 method=Health result=2 took=26.852碌s
ts=2026-08-16T06:27:49Z caller=logging.go:36 method=List tags= order=id pageNum=1 pageSize=10 result=9 err=null took=724.639碌s
ts=2026-08-16T06:27:50Z caller=logging.go:85 method=Health result=2 took=27.383碌s
ts=2026-08-16T06:27:51Z caller=logging.go:36 method=List tags= order=id pageNum=1 pageSize=10 result=9 err=null took=731.866碌s
ts=2026-08-16T06:27:51Z caller=logging.go:85 method=Health result=2 took=29.356碌s
ts=2026-08-16T06:27:53Z caller=logging.go:36 method=List tags= order=id pageNum=1 pageSize=10 result=9 err=null took=793.403碌s
ts=2026-08-16T06:27:53Z caller=logging.go:85 method=Health result=2 took=30.449碌s
ts=2026-08-16T06:27:54Z caller=logging.go:85 method=Health result=2 took=27.403碌s
ts=2026-08-16T06:27:55Z caller=logging.go:36 method=List tags= order=id pageNum=1 pageSize=10 result=9 err=null took=760.901碌s
ts=2026-08-16T06:27:56Z caller=logging.go:85 method=Health result=2 took=28.304碌s
ts=2026-08-16T06:27:57Z caller=logging.go:36 method=List tags= order=id pageNum=1 pageSize=10 result=9 err=null took=788.714碌s
ts=2026-08-16T06:27:57Z caller=logging.go:85 method=Health result=2 took=27.122碌s
ts=2026-08-16T06:27:59Z caller=logging.go:85 method=Health result=2 took=29.166碌s
ts=2026-08-16T06:28:00Z caller=logging.go:36 method=List tags= order=id pageNum=1 pageSize=10 result=9 err=null took=732.56碌s
ts=2026-08-16T06:28:00Z caller=logging.go:85 method=Health result=2 took=26.531碌s
ts=2026-08-16T06:28:02Z caller=logging.go:85 method=Health result=2 took=26.832碌s
ts=2026-08-16T06:28:03Z caller=logging.go:36 method=List tags= order=id pageNum=1 pageSize=10 result=9 err=null took=713.385碌s
ts=2026-08-16T06:28:03Z caller=logging.go:85 method=Health result=2 took=34.296碌s
ts=2026-08-16T06:28:05Z caller=logging.go:85 method=Health result=2 took=26.392碌s
ts=2026-08-16T06:28:06Z caller=logging.go:36 method=List tags= order=id pageNum=1 pageSize=10 result=9 err=null took=725.509碌s
ts=2026-08-16T06:28:06Z caller=logging.go:85 method=Health result=2 took=27.233碌s
ts=2026-08-16T06:28:08Z caller=logging.go:85 method=Health result=2 took=31碌s
ts=2026-08-16T06:28:09Z caller=logging.go:36 method=List tags= order=id pageNum=1 pageSize=10 result=9 err=null took=702.381碌s
ts=2026-08-16T06:28:09Z caller=logging.go:85 method=Health result=2 took=26.752碌s
ts=2026-08-16T06:28:11Z caller=logging.go:85 method=Health result=2 took=29.227碌s
ts=2026-08-16T06:28:12Z caller=logging.go:85 method=Health result=2 took=28.495碌s
ts=2026-08-16T06:28:12Z caller=logging.go:36 method=List tags= order=id pageNum=1 pageSize=10 result=9 err=null took=694.464碌s
ts=2026-08-16T06:28:14Z caller=logging.go:85 method=Health result=2 took=28.305碌s
ts=2026-08-16T06:28:15Z caller=logging.go:85 method=Health result=2 took=51.079碌s
ts=2026-08-16T06:28:15Z caller=logging.go:36 method=List tags= order=id pageNum=1 pageSize=10 result=9 err=null took=731.777碌s
ts=2026-08-16T06:28:17Z caller=logging.go:85 method=Health result=2 took=26.741碌s
ts=2026-08-16T06:28:18Z caller=logging.go:85 method=Health result=2 took=28.937碌s
ts=2026-08-16T06:28:18Z caller=logging.go:36 method=List tags= order=id pageNum=1 pageSize=10 result=9 err=null took=678.767碌s
ts=2026-08-16T06:28:20Z caller=logging.go:85 method=Health result=2 took=25.648碌s
ts=2026-08-16T06:28:21Z caller=logging.go:85 method=Health result=2 took=30.608碌s
ts=2026-08-16T06:28:22Z caller=logging.go:36 method=List tags= order=id pageNum=1 pageSize=10 result=9 err=null took=755.489碌s
ts=2026-08-16T06:28:23Z caller=logging.go:85 method=Health result=2 took=31.83碌s
ts=2026-08-16T06:28:24Z caller=logging.go:85 method=Health result=2 took=27.322碌s
ts=2026-08-16T06:28:25Z caller=logging.go:36 method=List tags= order=id pageNum=1 pageSize=10 result=9 err=null took=1.023198ms
ts=2026-08-16T06:28:26Z caller=logging.go:85 method=Health result=2 took=34.677碌s
ts=2026-08-16T06:28:27Z caller=logging.go:85 method=Health result=2 took=26.852碌s
ts=2026-08-16T06:28:28Z caller=logging.go:36 method=List tags= order=id pageNum=1 pageSize=10 result=9 err=null took=718.791碌s
ts=2026-08-16T06:28:29Z caller=logging.go:85 method=Health result=2 took=29.948碌s
ts=2026-08-16T06:28:30Z caller=logging.go:85 method=Health result=2 took=26.06碌s
ts=2026-08-16T06:28:31Z caller=logging.go:36 method=List tags= order=id pageNum=1 pageSize=10 result=9 err=null took=734.548碌s
ts=2026-08-16T06:28:32Z caller=logging.go:85 method=Health result=2 took=27.704碌s
ts=2026-08-16T06:28:33Z caller=logging.go:85 method=Health result=2 took=43.214碌s
ts=2026-08-16T06:28:34Z caller=logging.go:36 method=List tags= order=id pageNum=1 pageSize=10 result=9 err=null took=712.177碌s
ts=2026-08-16T06:28:35Z caller=logging.go:85 method=Health result=2 took=28.796碌s
ts=2026-08-16T06:28:36Z caller=logging.go:85 method=Health result=2 took=28.385碌s
ts=2026-08-16T06:28:37Z caller=logging.go:36 method=List tags= order=id pageNum=1 pageSize=10 result=9 err=null took=722.881碌s
ts=2026-08-16T06:28:38Z caller=logging.go:85 method=Health result=2 took=49.486碌s
ts=2026-08-16T06:28:39Z caller=logging.go:85 method=Health result=2 took=27.734碌s
ts=2026-08-16T06:28:40Z caller=logging.go:36 method=List tags= order=id pageNum=1 pageSize=10 result=9 err=null took=740.887碌s
ts=2026-08-16T06:28:41Z caller=logging.go:85 method=Health result=2 took=26.842碌s
ts=2026-08-16T06:28:42Z caller=logging.go:85 method=Health result=2 took=27.824碌s
ts=2026-08-16T06:28:43Z caller=logging.go:36 method=List tags= order=id pageNum=1 pageSize=10 result=9 err=null took=731.297碌s
ts=2026-08-16T06:28:44Z caller=logging.go:85 method=Health result=2 took=27.654碌s
ts=2026-08-16T06:28:45Z caller=logging.go:85 method=Health result=2 took=28.365碌s
ts=2026-08-16T06:28:46Z caller=logging.go:36 method=List tags= order=id pageNum=1 pageSize=10 result=9 err=null took=846.203碌s
ts=2026-08-16T06:28:47Z caller=logging.go:85 method=Health result=2 took=30.349碌s
ts=2026-08-16T06:28:48Z caller=logging.go:85 method=Health result=2 took=28.285碌s
ts=2026-08-16T06:28:49Z caller=logging.go:36 method=List tags= order=id pageNum=1 pageSize=10 result=9 err=null took=730.701碌s
ts=2026-08-16T06:28:50Z caller=logging.go:85 method=Health result=2 took=29.497碌s
ts=2026-08-16T06:28:51Z caller=logging.go:85 method=Health result=2 took=39.948碌s
ts=2026-08-16T06:28:53Z caller=logging.go:36 method=List tags= order=id pageNum=1 pageSize=10 result=9 err=null took=758.53碌s
ts=2026-08-16T06:28:53Z caller=logging.go:85 method=Health result=2 took=29.678碌s
ts=2026-08-16T06:28:54Z caller=logging.go:85 method=Health result=2 took=27.463碌s
ts=2026-08-16T06:28:56Z caller=logging.go:36 method=List tags= order=id pageNum=1 pageSize=10 result=9 err=null took=819.277碌s
ts=2026-08-16T06:28:56Z caller=logging.go:85 method=Health result=2 took=27.834碌s
ts=2026-08-16T06:28:57Z caller=logging.go:85 method=Health result=2 took=27.323碌s
ts=2026-08-16T06:28:59Z caller=logging.go:36 method=List tags= order=id pageNum=1 pageSize=10 result=9 err=null took=776.739碌s
ts=2026-08-16T06:28:59Z caller=logging.go:85 method=Health result=2 took=30.038碌s
ts=2026-08-16T06:29:00Z caller=logging.go:85 method=Health result=2 took=49.255碌s
ts=2026-08-16T06:29:00Z caller=logging.go:36 method=List tags= order=id pageNum=1 pageSize=10 result=9 err=null took=742.284碌s
ts=2026-08-16T06:29:00Z caller=logging.go:36 method=List tags= order=id pageNum=1 pageSize=10 result=9 err=null took=734.156碌s
ts=2026-08-16T06:29:01Z caller=logging.go:36 method=List tags= order=id pageNum=1 pageSize=10 result=9 err=null took=747.582碌s
ts=2026-08-16T06:29:01Z caller=logging.go:36 method=List tags= order=id pageNum=1 pageSize=10 result=9 err=null took=693.659碌s
ts=2026-08-16T06:29:01Z caller=logging.go:36 method=List tags= order=id pageNum=1 pageSize=10 result=9 err=null took=722.948碌s
ts=2026-08-16T06:29:02Z caller=logging.go:36 method=List tags= order=id pageNum=1 pageSize=10 result=9 err=null took=761.782碌s
ts=2026-08-16T06:29:02Z caller=logging.go:36 method=List tags= order=id pageNum=1 pageSize=10 result=9 err=null took=804.053碌s
ts=2026-08-16T06:29:02Z caller=logging.go:36 method=List tags= order=id pageNum=1 pageSize=10 result=9 err=null took=733.306碌s
ts=2026-08-16T06:29:02Z caller=logging.go:36 method=List tags= order=id pageNum=1 pageSize=10 result=9 err=null took=852.647碌s
ts=2026-08-16T06:29:02Z caller=logging.go:36 method=List tags= order=id pageNum=1 pageSize=10 result=9 err=null took=767.098碌s
ts=2026-08-16T06:29:02Z caller=logging.go:85 method=Health result=2 took=26.973碌s
ts=2026-08-16T06:29:03Z caller=logging.go:85 method=Health result=2 took=26.942碌s
ts=2026-08-16T06:29:05Z caller=logging.go:85 method=Health result=2 took=27.183碌s
ts=2026-08-16T06:29:06Z caller=logging.go:36 method=List tags= order=id pageNum=1 pageSize=10 result=9 err=null took=743.07碌s
ts=2026-08-16T06:29:06Z caller=logging.go:85 method=Health result=2 took=41.471碌s
ts=2026-08-16T06:29:08Z caller=logging.go:36 method=List tags= order=id pageNum=1 pageSize=10 result=9 err=null took=818.907碌s
ts=2026-08-16T06:29:08Z caller=logging.go:85 method=Health result=2 took=27.414碌s
ts=2026-08-16T06:29:09Z caller=logging.go:85 method=Health result=2 took=33.735碌s
ts=2026-08-16T06:29:10Z caller=logging.go:36 method=List tags= order=id pageNum=1 pageSize=10 result=9 err=null took=738.331碌s
ts=2026-08-16T06:29:11Z caller=logging.go:85 method=Health result=2 took=28.675碌s
ts=2026-08-16T06:29:12Z caller=logging.go:36 method=List tags= order=id pageNum=1 pageSize=10 result=9 err=null took=756.166碌s
ts=2026-08-16T06:29:12Z caller=logging.go:85 method=Health result=2 took=28.755碌s
ts=2026-08-16T06:29:14Z caller=logging.go:36 method=List tags= order=id pageNum=1 pageSize=10 result=9 err=null took=715.717碌s
ts=2026-08-16T06:29:14Z caller=logging.go:85 method=Health result=2 took=30.54碌s
ts=2026-08-16T06:29:15Z caller=logging.go:85 method=Health result=2 took=29.006碌s
ts=2026-08-16T06:29:16Z caller=logging.go:36 method=List tags= order=id pageNum=1 pageSize=10 result=9 err=null took=737.684碌s
ts=2026-08-16T06:29:17Z caller=logging.go:85 method=Health result=2 took=27.353碌s
ts=2026-08-16T06:29:18Z caller=logging.go:85 method=Health result=2 took=27.132碌s
ts=2026-08-16T06:29:19Z caller=logging.go:36 method=List tags= order=id pageNum=1 pageSize=10 result=9 err=null took=732.96碌s
ts=2026-08-16T06:29:20Z caller=logging.go:85 method=Health result=2 took=36.24碌s
ts=2026-08-16T06:29:21Z caller=logging.go:85 method=Health result=2 took=28.836碌s
ts=2026-08-16T06:29:22Z caller=logging.go:36 method=List tags= order=id pageNum=1 pageSize=10 result=9 err=null took=745.98碌s
ts=2026-08-16T06:29:23Z caller=logging.go:85 method=Health result=2 took=29.427碌s
ts=2026-08-16T06:29:24Z caller=logging.go:85 method=Health result=2 took=27.403碌s
ts=2026-08-16T06:29:25Z caller=logging.go:36 method=List tags= order=id pageNum=1 pageSize=10 result=9 err=null took=751.504碌s
ts=2026-08-16T06:29:26Z caller=logging.go:85 method=Health result=2 took=27.843碌s
ts=2026-08-16T06:29:27Z caller=logging.go:85 method=Health result=2 took=30.93碌s
ts=2026-08-16T06:29:28Z caller=logging.go:36 method=List tags= order=id pageNum=1 pageSize=10 result=9 err=null took=780.276碌s
ts=2026-08-16T06:29:29Z caller=logging.go:85 method=Health result=2 took=28.946碌s
ts=2026-08-16T06:29:30Z caller=logging.go:85 method=Health result=2 took=28.445碌s
ts=2026-08-16T06:29:32Z caller=logging.go:36 method=List tags= order=id pageNum=1 pageSize=10 result=9 err=null took=720.11碌s
ts=2026-08-16T06:29:32Z caller=logging.go:85 method=Health result=2 took=27.544碌s
ts=2026-08-16T06:29:33Z caller=logging.go:85 method=Health result=2 took=28.075碌s
ts=2026-08-16T06:29:35Z caller=logging.go:36 method=List tags= order=id pageNum=1 pageSize=10 result=9 err=null took=798.313碌s
ts=2026-08-16T06:29:35Z caller=logging.go:85 method=Health result=2 took=30.228碌s
ts=2026-08-16T06:29:36Z caller=logging.go:85 method=Health result=2 took=27.924碌s
ts=2026-08-16T06:29:38Z caller=logging.go:36 method=List tags= order=id pageNum=1 pageSize=10 result=9 err=null took=840.354碌s
ts=2026-08-16T06:29:38Z caller=logging.go:85 method=Health result=2 took=30.48碌s
ts=2026-08-16T06:29:39Z caller=logging.go:85 method=Health result=2 took=29.597碌s
ts=2026-08-16T06:29:41Z caller=logging.go:36 method=List tags= order=id pageNum=1 pageSize=10 result=9 err=null took=757.554碌s
ts=2026-08-16T06:29:41Z caller=logging.go:85 method=Health result=2 took=27.844碌s
ts=2026-08-16T06:29:42Z caller=logging.go:85 method=Health result=2 took=49.828碌s
ts=2026-08-16T06:29:44Z caller=logging.go:36 method=List tags= order=id pageNum=1 pageSize=10 result=9 err=null took=777.979碌s
ts=2026-08-16T06:29:44Z caller=logging.go:85 method=Health result=2 took=27.964碌s
ts=2026-08-16T06:29:45Z caller=logging.go:85 method=Health result=2 took=26.823碌s
ts=2026-08-16T06:29:47Z caller=logging.go:36 method=List tags= order=id pageNum=1 pageSize=10 result=9 err=null took=708.909碌s
ts=2026-08-16T06:29:47Z caller=logging.go:85 method=Health result=2 took=28.686碌s
ts=2026-08-16T06:29:48Z caller=logging.go:85 method=Health result=2 took=26.972碌s
ts=2026-08-16T06:29:50Z caller=logging.go:36 method=List tags= order=id pageNum=1 pageSize=10 result=9 err=null took=698.015碌s
ts=2026-08-16T06:29:50Z caller=logging.go:85 method=Health result=2 took=28.896碌s
ts=2026-08-16T06:29:51Z caller=logging.go:85 method=Health result=2 took=26.691碌s
ts=2026-08-16T06:29:53Z caller=logging.go:85 method=Health result=2 took=25.79碌s
ts=2026-08-16T06:29:53Z caller=logging.go:36 method=List tags= order=id pageNum=1 pageSize=10 result=9 err=null took=690.81碌s
ts=2026-08-16T06:29:54Z caller=logging.go:85 method=Health result=2 took=26.582碌s
ts=2026-08-16T06:29:56Z caller=logging.go:85 method=Health result=2 took=28.977碌s
ts=2026-08-16T06:29:56Z caller=logging.go:36 method=List tags= order=id pageNum=1 pageSize=10 result=9 err=null took=743.692碌s
ts=2026-08-16T06:29:57Z caller=logging.go:85 method=Health result=2 took=27.653碌s
ts=2026-08-16T06:29:59Z caller=logging.go:85 method=Health result=2 took=27.954碌s
ts=2026-08-16T06:29:59Z caller=logging.go:36 method=List tags= order=id pageNum=1 pageSize=10 result=9 err=null took=745.984碌s
ts=2026-08-16T06:30:00Z caller=logging.go:85 method=Health result=2 took=28.566碌s
ts=2026-08-16T06:30:02Z caller=logging.go:85 method=Health result=2 took=29.327碌s
ts=2026-08-16T06:30:02Z caller=logging.go:36 method=List tags= order=id pageNum=1 pageSize=10 result=9 err=null took=727.018碌s
ts=2026-08-16T06:30:03Z caller=logging.go:85 method=Health result=2 took=28.165碌s
ts=2026-08-16T06:30:05Z caller=logging.go:85 method=Health result=2 took=27.564碌s
ts=2026-08-16T06:30:05Z caller=logging.go:36 method=List tags= order=id pageNum=1 pageSize=10 result=9 err=null took=745.486碌s
ts=2026-08-16T06:30:06Z caller=logging.go:85 method=Health result=2 took=27.824碌s
ts=2026-08-16T06:30:08Z caller=logging.go:85 method=Health result=2 took=25.659碌s
ts=2026-08-16T06:30:09Z caller=logging.go:36 method=List tags= order=id pageNum=1 pageSize=10 result=9 err=null took=766.463碌s
ts=2026-08-16T06:30:09Z caller=logging.go:85 method=Health result=2 took=27.514碌s
ts=2026-08-16T06:30:11Z caller=logging.go:85 method=Health result=2 took=28.074碌s
ts=2026-08-16T06:30:12Z caller=logging.go:36 method=List tags= order=id pageNum=1 pageSize=10 result=9 err=null took=717.021碌s
ts=2026-08-16T06:30:12Z caller=logging.go:85 method=Health result=2 took=32.052碌s
ts=2026-08-16T06:30:14Z caller=logging.go:85 method=Health result=2 took=27.414碌s
ts=2026-08-16T06:30:15Z caller=logging.go:36 method=List tags= order=id pageNum=1 pageSize=10 result=9 err=null took=721.98碌s
ts=2026-08-16T06:30:15Z caller=logging.go:85 method=Health result=2 took=30.479碌s
ts=2026-08-16T06:30:17Z caller=logging.go:85 method=Health result=2 took=27.423碌s
ts=2026-08-16T06:30:18Z caller=logging.go:36 method=List tags= order=id pageNum=1 pageSize=10 result=9 err=null took=828.417碌s
ts=2026-08-16T06:30:18Z caller=logging.go:85 method=Health result=2 took=28.626碌s
ts=2026-08-16T06:30:20Z caller=logging.go:36 method=List tags= order=id pageNum=1 pageSize=10 result=9 err=null took=719.199碌s
ts=2026-08-16T06:30:20Z caller=logging.go:36 method=List tags= order=id pageNum=1 pageSize=10 result=9 err=null took=685.413碌s
ts=2026-08-16T06:30:20Z caller=logging.go:36 method=List tags= order=id pageNum=1 pageSize=10 result=9 err=null took=686.367碌s
ts=2026-08-16T06:30:20Z caller=logging.go:36 method=List tags= order=id pageNum=1 pageSize=10 result=9 err=null took=725.516碌s
ts=2026-08-16T06:30:20Z caller=logging.go:36 method=List tags= order=id pageNum=1 pageSize=10 result=9 err=null took=731.548碌s
ts=2026-08-16T06:30:20Z caller=logging.go:85 method=Health result=2 took=35.808碌s
ts=2026-08-16T06:30:20Z caller=logging.go:36 method=List tags= order=id pageNum=1 pageSize=10 result=9 err=null took=995.151碌s
ts=2026-08-16T06:30:20Z caller=logging.go:36 method=List tags= order=id pageNum=1 pageSize=10 result=9 err=null took=721.452碌s
ts=2026-08-16T06:30:20Z caller=logging.go:36 method=List tags= order=id pageNum=1 pageSize=10 result=9 err=null took=750.031碌s
ts=2026-08-16T06:30:20Z caller=logging.go:36 method=List tags= order=id pageNum=1 pageSize=10 result=9 err=null took=726.177碌s
ts=2026-08-16T06:30:21Z caller=logging.go:36 method=List tags= order=id pageNum=1 pageSize=10 result=9 err=null took=727.093碌s
ts=2026-08-16T06:30:21Z caller=logging.go:85 method=Health result=2 took=26.932碌s
ts=2026-08-16T06:30:23Z caller=logging.go:85 method=Health result=2 took=27.774碌s
ts=2026-08-16T06:30:24Z caller=logging.go:85 method=Health result=2 took=28.434碌s
ts=2026-08-16T06:30:25Z caller=logging.go:36 method=List tags= order=id pageNum=1 pageSize=10 result=9 err=null took=1.061324ms
ts=2026-08-16T06:30:26Z caller=logging.go:85 method=Health result=2 took=28.194碌s
ts=2026-08-16T06:30:27Z caller=logging.go:85 method=Health result=2 took=27.904碌s
ts=2026-08-16T06:30:27Z caller=logging.go:36 method=List tags= order=id pageNum=1 pageSize=10 result=9 err=null took=735.482碌s
ts=2026-08-16T06:30:29Z caller=logging.go:85 method=Health result=2 took=31.101碌s
ts=2026-08-16T06:30:29Z caller=logging.go:36 method=List tags= order=id pageNum=1 pageSize=10 result=9 err=null took=743.792碌s
ts=2026-08-16T06:30:30Z caller=logging.go:85 method=Health result=2 took=28.024碌s
ts=2026-08-16T06:30:32Z caller=logging.go:36 method=List tags= order=id pageNum=1 pageSize=10 result=9 err=null took=849.024碌s
ts=2026-08-16T06:30:32Z caller=logging.go:85 method=Health result=2 took=27.714碌s
ts=2026-08-16T06:30:33Z caller=logging.go:85 method=Health result=2 took=29.448碌s
ts=2026-08-16T06:30:34Z caller=logging.go:36 method=List tags= order=id pageNum=1 pageSize=10 result=9 err=null took=732.299碌s
ts=2026-08-16T06:30:35Z caller=logging.go:85 method=Health result=2 took=49.857碌s
ts=2026-08-16T06:30:36Z caller=logging.go:36 method=List tags= order=id pageNum=1 pageSize=10 result=9 err=null took=767.327碌s
ts=2026-08-16T06:30:36Z caller=logging.go:85 method=Health result=2 took=28.626碌s
ts=2026-08-16T06:30:38Z caller=logging.go:85 method=Health result=2 took=31.772碌s
ts=2026-08-16T06:30:39Z caller=logging.go:36 method=List tags= order=id pageNum=1 pageSize=10 result=9 err=null took=822.875碌s
ts=2026-08-16T06:30:39Z caller=logging.go:85 method=Health result=2 took=27.674碌s
ts=2026-08-16T06:30:41Z caller=logging.go:85 method=Health result=2 took=28.526碌s
ts=2026-08-16T06:30:42Z caller=logging.go:36 method=List tags= order=id pageNum=1 pageSize=10 result=9 err=null took=715.34碌s
ts=2026-08-16T06:30:42Z caller=logging.go:85 method=Health result=2 took=27.634碌s
ts=2026-08-16T06:30:44Z caller=logging.go:85 method=Health result=2 took=30.469碌s
ts=2026-08-16T06:30:45Z caller=logging.go:36 method=List tags= order=id pageNum=1 pageSize=10 result=9 err=null took=710.998碌s
ts=2026-08-16T06:30:45Z caller=logging.go:85 method=Health result=2 took=30.429碌s
ts=2026-08-16T06:30:47Z caller=logging.go:85 method=Health result=2 took=28.265碌s
ts=2026-08-16T06:30:48Z caller=logging.go:36 method=List tags= order=id pageNum=1 pageSize=10 result=9 err=null took=735.085碌s
ts=2026-08-16T06:30:48Z caller=logging.go:85 method=Health result=2 took=27.894碌s
ts=2026-08-16T06:30:50Z caller=logging.go:85 method=Health result=2 took=28.104碌s
ts=2026-08-16T06:30:51Z caller=logging.go:36 method=List tags= order=id pageNum=1 pageSize=10 result=9 err=null took=726.404碌s
ts=2026-08-16T06:30:51Z caller=logging.go:85 method=Health result=2 took=26.942碌s
ts=2026-08-16T06:30:53Z caller=logging.go:85 method=Health result=2 took=27.464碌s
ts=2026-08-16T06:30:54Z caller=logging.go:36 method=List tags= order=id pageNum=1 pageSize=10 result=9 err=null took=763.99碌s
ts=2026-08-16T06:30:54Z caller=logging.go:85 method=Health result=2 took=28.175碌s
ts=2026-08-16T06:30:56Z caller=logging.go:85 method=Health result=2 took=28.626碌s
ts=2026-08-16T06:30:57Z caller=logging.go:36 method=List tags= order=id pageNum=1 pageSize=10 result=9 err=null took=747.729碌s
ts=2026-08-16T06:30:57Z caller=logging.go:85 method=Health result=2 took=27.112碌s
ts=2026-08-16T06:30:59Z caller=logging.go:85 method=Health result=2 took=28.075碌s
ts=2026-08-16T06:31:00Z caller=logging.go:36 method=List tags= order=id pageNum=1 pageSize=10 result=9 err=null took=727.349碌s
ts=2026-08-16T06:31:00Z caller=logging.go:85 method=Health result=2 took=26.602碌s
ts=2026-08-16T06:31:02Z caller=logging.go:85 method=Health result=2 took=27.543碌s
ts=2026-08-16T06:31:03Z caller=logging.go:85 method=Health result=2 took=28.435碌s
ts=2026-08-16T06:31:03Z caller=logging.go:36 method=List tags= order=id pageNum=1 pageSize=10 result=9 err=null took=699.505碌s
ts=2026-08-16T06:31:05Z caller=logging.go:85 method=Health result=2 took=28.686碌s
ts=2026-08-16T06:31:06Z caller=logging.go:85 method=Health result=2 took=27.653碌s
ts=2026-08-16T06:31:06Z caller=logging.go:36 method=List tags= order=id pageNum=1 pageSize=10 result=9 err=null took=729.785碌s
ts=2026-08-16T06:31:08Z caller=logging.go:85 method=Health result=2 took=26.511碌s
ts=2026-08-16T06:31:09Z caller=logging.go:85 method=Health result=2 took=24.989碌s
ts=2026-08-16T06:31:09Z caller=logging.go:36 method=List tags= order=id pageNum=1 pageSize=10 result=9 err=null took=789.914碌s
ts=2026-08-16T06:31:11Z caller=logging.go:85 method=Health result=2 took=27.383碌s
ts=2026-08-16T06:31:12Z caller=logging.go:85 method=Health result=2 took=27.813碌s
ts=2026-08-16T06:31:13Z caller=logging.go:36 method=List tags= order=id pageNum=1 pageSize=10 result=9 err=null took=768.093碌s
ts=2026-08-16T06:31:14Z caller=logging.go:85 method=Health result=2 took=27.272碌s
ts=2026-08-16T06:31:15Z caller=logging.go:85 method=Health result=2 took=27.563碌s
ts=2026-08-16T06:31:16Z caller=logging.go:36 method=List tags= order=id pageNum=1 pageSize=10 result=9 err=null took=782.748碌s
ts=2026-08-16T06:31:17Z caller=logging.go:85 method=Health result=2 took=27.674碌s
ts=2026-08-16T06:31:18Z caller=logging.go:85 method=Health result=2 took=27.193碌s
ts=2026-08-16T06:31:19Z caller=logging.go:36 method=List tags= order=id pageNum=1 pageSize=10 result=9 err=null took=780.147碌s
ts=2026-08-16T06:31:20Z caller=logging.go:85 method=Health result=2 took=27.373碌s
ts=2026-08-16T06:31:21Z caller=logging.go:85 method=Health result=2 took=27.343碌s
ts=2026-08-16T06:31:22Z caller=logging.go:36 method=List tags= order=id pageNum=1 pageSize=10 result=9 err=null took=747.6碌s
ts=2026-08-16T06:31:23Z caller=logging.go:85 method=Health result=2 took=27.824碌s
ts=2026-08-16T06:31:24Z caller=logging.go:85 method=Health result=2 took=28.125碌s
ts=2026-08-16T06:31:25Z caller=logging.go:36 method=List tags= order=id pageNum=1 pageSize=10 result=9 err=null took=828.668碌s
ts=2026-08-16T06:31:26Z caller=logging.go:85 method=Health result=2 took=30.088碌s
ts=2026-08-16T06:31:27Z caller=logging.go:85 method=Health result=2 took=41.891碌s
ts=2026-08-16T06:31:28Z caller=logging.go:36 method=List tags= order=id pageNum=1 pageSize=10 result=9 err=null took=733.627碌s
ts=2026-08-16T06:31:29Z caller=logging.go:85 method=Health result=2 took=27.574碌s
ts=2026-08-16T06:31:30Z caller=logging.go:85 method=Health result=2 took=26.852碌s
ts=2026-08-16T06:31:31Z caller=logging.go:36 method=List tags= order=id pageNum=1 pageSize=10 result=9 err=null took=743.02碌s
ts=2026-08-16T06:31:32Z caller=logging.go:85 method=Health result=2 took=28.776碌s
ts=2026-08-16T06:31:33Z caller=logging.go:85 method=Health result=2 took=32.754碌s
ts=2026-08-16T06:31:34Z caller=logging.go:36 method=List tags= order=id pageNum=1 pageSize=10 result=9 err=null took=730.738碌s
ts=2026-08-16T06:31:35Z caller=logging.go:85 method=Health result=2 took=28.445碌s
ts=2026-08-16T06:31:36Z caller=logging.go:85 method=Health result=2 took=27.103碌s
ts=2026-08-16T06:31:37Z caller=logging.go:36 method=List tags= order=id pageNum=1 pageSize=10 result=9 err=null took=742.29碌s
