images: "./images/"
Abs(images): "/images" (<nil>)
Getwd: "/" (<nil>)
ls: ["images/WAT.jpg" "images/WAT2.jpg" "images/bit_of_leg_1.jpeg" "images/bit_of_leg_2.jpeg" "images/catsocks.jpg" "images/catsocks2.jpg" "images/classic.jpg" "images/classic2.jpg" "images/colourful_socks.jpg" "images/cross_1.jpeg" "images/cross_2.jpeg" "images/holy_1.jpeg" "images/holy_2.jpeg" "images/holy_3.jpeg" "images/puma_1.jpeg" "images/puma_2.jpeg" "images/rugby_socks.jpg" "images/sock.jpeg" "images/youtube_1.jpeg" "images/youtube_2.jpeg"]
ts=2026-08-16T07:45:24Z caller=main.go:136 transport=HTTP port=80
ts=2026-08-16T07:48:24Z caller=logging.go:85 method=Health result=2 took=179.873碌s
ts=2026-08-16T07:48:27Z caller=logging.go:36 method=List tags= order=id pageNum=1 pageSize=10 result=9 err=null took=1.439855ms
ts=2026-08-16T07:48:27Z caller=logging.go:85 method=Health result=2 took=27.032碌s
ts=2026-08-16T07:48:29Z caller=logging.go:36 method=List tags= order=id pageNum=1 pageSize=10 result=9 err=null took=958.132碌s
ts=2026-08-16T07:48:30Z caller=logging.go:85 method=Health result=2 took=28.586碌s
ts=2026-08-16T07:48:31Z caller=logging.go:36 method=List tags= order=id pageNum=1 pageSize=10 result=9 err=null took=878.527碌s
ts=2026-08-16T07:48:33Z caller=logging.go:85 method=Health result=2 took=27.564碌s
ts=2026-08-16T07:48:33Z caller=logging.go:36 method=List tags= order=id pageNum=1 pageSize=10 result=9 err=null took=738.933碌s
ts=2026-08-16T07:48:35Z caller=logging.go:36 method=List tags= order=id pageNum=1 pageSize=10 result=9 err=null took=810.442碌s
ts=2026-08-16T07:48:36Z caller=logging.go:85 method=Health result=2 took=27.673碌s
ts=2026-08-16T07:48:37Z caller=logging.go:36 method=List tags= order=id pageNum=1 pageSize=10 result=9 err=null took=759.921碌s
ts=2026-08-16T07:48:39Z caller=logging.go:85 method=Health result=2 took=27.894碌s
ts=2026-08-16T07:48:40Z caller=logging.go:36 method=List tags= order=id pageNum=1 pageSize=10 result=9 err=null took=807.09碌s
ts=2026-08-16T07:48:42Z caller=logging.go:85 method=Health result=2 took=29.637碌s
ts=2026-08-16T07:48:44Z caller=logging.go:36 method=List tags= order=id pageNum=1 pageSize=10 result=9 err=null took=745.446碌s
ts=2026-08-16T07:48:45Z caller=logging.go:85 method=Health result=2 took=29.658碌s
ts=2026-08-16T07:48:47Z caller=logging.go:36 method=List tags= order=id pageNum=1 pageSize=10 result=9 err=null took=782.114碌s
ts=2026-08-16T07:48:48Z caller=logging.go:85 method=Health result=2 took=29.738碌s
ts=2026-08-16T07:48:50Z caller=logging.go:36 method=List tags= order=id pageNum=1 pageSize=10 result=9 err=null took=715.538碌s
ts=2026-08-16T07:48:51Z caller=logging.go:85 method=Health result=2 took=36.922碌s
ts=2026-08-16T07:48:53Z caller=logging.go:36 method=List tags= order=id pageNum=1 pageSize=10 result=9 err=null took=764.827碌s
ts=2026-08-16T07:48:54Z caller=logging.go:85 method=Health result=2 took=27.854碌s
ts=2026-08-16T07:48:56Z caller=logging.go:36 method=List tags= order=id pageNum=1 pageSize=10 result=9 err=null took=759.498碌s
ts=2026-08-16T07:48:57Z caller=logging.go:85 method=Health result=2 took=26.943碌s
ts=2026-08-16T07:48:59Z caller=logging.go:36 method=List tags= order=id pageNum=1 pageSize=10 result=9 err=null took=819.56碌s
ts=2026-08-16T07:49:00Z caller=logging.go:85 method=Health result=2 took=31.972碌s
ts=2026-08-16T07:49:02Z caller=logging.go:36 method=List tags= order=id pageNum=1 pageSize=10 result=9 err=null took=865.69碌s
ts=2026-08-16T07:49:03Z caller=logging.go:85 method=Health result=2 took=30.038碌s
ts=2026-08-16T07:49:05Z caller=logging.go:36 method=List tags= order=id pageNum=1 pageSize=10 result=9 err=null took=809.28碌s
ts=2026-08-16T07:49:06Z caller=logging.go:85 method=Health result=2 took=31.962碌s
ts=2026-08-16T07:49:08Z caller=logging.go:36 method=List tags= order=id pageNum=1 pageSize=10 result=9 err=null took=794.03碌s
ts=2026-08-16T07:49:09Z caller=logging.go:85 method=Health result=2 took=27.463碌s
ts=2026-08-16T07:49:11Z caller=logging.go:36 method=List tags= order=id pageNum=1 pageSize=10 result=9 err=null took=820.268碌s
ts=2026-08-16T07:49:12Z caller=logging.go:85 method=Health result=2 took=34.366碌s
ts=2026-08-16T07:49:14Z caller=logging.go:36 method=List tags= order=id pageNum=1 pageSize=10 result=9 err=null took=763.387碌s
ts=2026-08-16T07:49:15Z caller=logging.go:85 method=Health result=2 took=42.452碌s
ts=2026-08-16T07:49:17Z caller=logging.go:36 method=List tags= order=id pageNum=1 pageSize=10 result=9 err=null took=755.907碌s
ts=2026-08-16T07:49:18Z caller=logging.go:85 method=Health result=2 took=27.734碌s
ts=2026-08-16T07:49:20Z caller=logging.go:36 method=List tags= order=id pageNum=1 pageSize=10 result=9 err=null took=808.319碌s
ts=2026-08-16T07:49:21Z caller=logging.go:85 method=Health result=2 took=35.639碌s
ts=2026-08-16T07:49:24Z caller=logging.go:36 method=List tags= order=id pageNum=1 pageSize=10 result=9 err=null took=844.568碌s
ts=2026-08-16T07:49:24Z caller=logging.go:85 method=Health result=2 took=48.083碌s
ts=2026-08-16T07:49:27Z caller=logging.go:36 method=List tags= order=id pageNum=1 pageSize=10 result=9 err=null took=750.395碌s
ts=2026-08-16T07:49:27Z caller=logging.go:85 method=Health result=2 took=27.693碌s
ts=2026-08-16T07:49:30Z caller=logging.go:36 method=List tags= order=id pageNum=1 pageSize=10 result=9 err=null took=903.442碌s
ts=2026-08-16T07:49:30Z caller=logging.go:85 method=Health result=2 took=29.727碌s
ts=2026-08-16T07:49:33Z caller=logging.go:36 method=List tags= order=id pageNum=1 pageSize=10 result=9 err=null took=758.747碌s
ts=2026-08-16T07:49:33Z caller=logging.go:85 method=Health result=2 took=27.954碌s
ts=2026-08-16T07:49:36Z caller=logging.go:36 method=List tags= order=id pageNum=1 pageSize=10 result=9 err=null took=768.862碌s
ts=2026-08-16T07:49:36Z caller=logging.go:85 method=Health result=2 took=33.315碌s
ts=2026-08-16T07:49:39Z caller=logging.go:36 method=List tags= order=id pageNum=1 pageSize=10 result=9 err=null took=705.113碌s
ts=2026-08-16T07:49:39Z caller=logging.go:85 method=Health result=2 took=28.696碌s
