
              RabbitMQ 3.6.8. Copyright (C) 2007-2016 Pivotal Software, Inc.
  ##  ##      Licensed under the MPL.  See http://www.rabbitmq.com/
  ##  ##
  ##########  Logs: tty
  ######  ##        tty
  ##########
              Starting broker...

=INFO REPORT==== 15-Aug-2026::07:16:29 ===
Starting RabbitMQ 3.6.8 on Erlang 19.3
Copyright (C) 2007-2016 Pivotal Software, Inc.
Licensed under the MPL.  See http://www.rabbitmq.com/

=INFO REPORT==== 15-Aug-2026::07:16:29 ===
node           : rabbit@rabbitmq-5f4fc89676-2bdrp
home dir       : /var/lib/rabbitmq
config file(s) : /etc/rabbitmq/rabbitmq.config
cookie hash    : ZqUP1ukB/EVq4TyIwfL9gA==
log            : tty
sasl log       : tty
database dir   : /var/lib/rabbitmq/mnesia/rabbit@rabbitmq-5f4fc89676-2bdrp

=INFO REPORT==== 15-Aug-2026::07:16:31 ===
Memory limit set to 12365MB of 30914MB total.

=INFO REPORT==== 15-Aug-2026::07:16:31 ===
Disk free limit set to 50MB

=INFO REPORT==== 15-Aug-2026::07:16:31 ===
Limiting to approx 1048476 file handles (943626 sockets)

=INFO REPORT==== 15-Aug-2026::07:16:31 ===
FHC read buffering:  OFF
FHC write buffering: ON

=INFO REPORT==== 15-Aug-2026::07:16:31 ===
Database directory at /var/lib/rabbitmq/mnesia/rabbit@rabbitmq-5f4fc89676-2bdrp is empty. Initialising from scratch...

=INFO REPORT==== 15-Aug-2026::07:16:31 ===
    application: mnesia
    exited: stopped
    type: temporary

=INFO REPORT==== 15-Aug-2026::07:16:31 ===
Waiting for Mnesia tables for 30000 ms, 9 retries left

=INFO REPORT==== 15-Aug-2026::07:16:31 ===
Waiting for Mnesia tables for 30000 ms, 9 retries left

=INFO REPORT==== 15-Aug-2026::07:16:31 ===
Waiting for Mnesia tables for 30000 ms, 9 retries left

=INFO REPORT==== 15-Aug-2026::07:16:31 ===
Priority queues enabled, real BQ is rabbit_variable_queue

=INFO REPORT==== 15-Aug-2026::07:16:31 ===
Starting rabbit_node_monitor

=INFO REPORT==== 15-Aug-2026::07:16:31 ===
Management plugin: using rates mode 'basic'

=INFO REPORT==== 15-Aug-2026::07:16:31 ===
msg_store_transient: using rabbit_msg_store_ets_index to provide index

=INFO REPORT==== 15-Aug-2026::07:16:31 ===
msg_store_persistent: using rabbit_msg_store_ets_index to provide index

=WARNING REPORT==== 15-Aug-2026::07:16:31 ===
msg_store_persistent: rebuilding indices from scratch

=INFO REPORT==== 15-Aug-2026::07:16:31 ===
Adding vhost '/'

=INFO REPORT==== 15-Aug-2026::07:16:31 ===
Creating user 'guest'

=INFO REPORT==== 15-Aug-2026::07:16:31 ===
Setting user tags for user 'guest' to [administrator]

=INFO REPORT==== 15-Aug-2026::07:16:31 ===
Setting permissions for 'guest' in '/' to '.*', '.*', '.*'

=INFO REPORT==== 15-Aug-2026::07:16:31 ===
started TCP Listener on [::]:5672

=INFO REPORT==== 15-Aug-2026::07:16:31 ===
Management plugin started. Port: 15672

=INFO REPORT==== 15-Aug-2026::07:16:31 ===
Statistics database started.
 completed with 6 plugins.

=INFO REPORT==== 15-Aug-2026::07:16:31 ===
Server startup complete; 6 plugins started.
 * rabbitmq_management
 * amqp_client
 * rabbitmq_management_agent
 * rabbitmq_web_dispatch
 * cowboy
 * cowlib

=INFO REPORT==== 15-Aug-2026::07:16:32 ===
accepting AMQP connection <0.561.0> (10.244.2.67:58554 -> 10.244.2.69:5672)

=INFO REPORT==== 15-Aug-2026::07:16:32 ===
connection <0.561.0> (10.244.2.67:58554 -> 10.244.2.69:5672): user 'guest' authenticated and granted access to vhost '/'

=WARNING REPORT==== 15-Aug-2026::11:08:33 ===
closing AMQP connection <0.561.0> (10.244.2.67:58554 -> 10.244.2.69:5672):
client unexpectedly closed TCP connection

=INFO REPORT==== 15-Aug-2026::11:09:38 ===
accepting AMQP connection <0.797.0> (10.244.2.94:33028 -> 10.244.2.69:5672)

=INFO REPORT==== 15-Aug-2026::11:09:38 ===
connection <0.797.0> (10.244.2.94:33028 -> 10.244.2.69:5672): user 'guest' authenticated and granted access to vhost '/'

=WARNING REPORT==== 15-Aug-2026::11:09:51 ===
closing AMQP connection <0.797.0> (10.244.2.94:33028 -> 10.244.2.69:5672):
client unexpectedly closed TCP connection

=INFO REPORT==== 15-Aug-2026::11:10:49 ===
accepting AMQP connection <0.813.0> (10.244.2.95:41134 -> 10.244.2.69:5672)

=INFO REPORT==== 15-Aug-2026::11:10:49 ===
connection <0.813.0> (10.244.2.95:41134 -> 10.244.2.69:5672): user 'guest' authenticated and granted access to vhost '/'
