2026-08-16 05:58:46.384  INFO [bootstrap,,,] 7 --- [           main] s.c.a.AnnotationConfigApplicationContext : Refreshing org.springframework.context.annotation.AnnotationConfigApplicationContext@51521cc1: startup date [Sun Aug 16 05:58:46 GMT 2026]; root of context hierarchy
2026-08-16 05:58:49.986  INFO [bootstrap,,,] 7 --- [           main] trationDelegate$BeanPostProcessorChecker : Bean 'configurationPropertiesRebinderAutoConfiguration' of type [class org.springframework.cloud.autoconfigure.ConfigurationPropertiesRebinderAutoConfiguration$$EnhancerBySpringCGLIB$$b894f39] is not eligible for getting processed by all BeanPostProcessors (for example: not eligible for auto-proxying)

  .   ____          _            __ _ _
 /\\ / ___'_ __ _ _(_)_ __  __ _ \ \ \ \
( ( )\___ | '_ | '_| | '_ \/ _` | \ \ \ \
 \\/  ___)| |_)| | | | | || (_| |  ) ) ) )
  '  |____| .__|_| |_|_| |_\__, | / / / /
 =========|_|==============|___/=/_/_/_/
 :: Spring Boot ::        (v1.4.4.RELEASE)

2026-08-16 05:58:52.884  INFO [carts,,,] 7 --- [           main] works.weave.socks.cart.CartApplication   : No active profile set, falling back to default profiles: default
2026-08-16 05:58:52.984  INFO [carts,,,] 7 --- [           main] ationConfigEmbeddedWebApplicationContext : Refreshing org.springframework.boot.context.embedded.AnnotationConfigEmbeddedWebApplicationContext@649d209a: startup date [Sun Aug 16 05:58:52 GMT 2026]; parent: org.springframework.context.annotation.AnnotationConfigApplicationContext@51521cc1
2026-08-16 05:59:08.563  INFO [carts,,,] 7 --- [           main] o.s.b.f.s.DefaultListableBeanFactory     : Overriding bean definition for bean 'managementServletContext' with a different definition: replacing [Root bean: class [null]; scope=; abstract=false; lazyInit=false; autowireMode=3; dependencyCheck=0; autowireCandidate=true; primary=false; factoryBeanName=org.springframework.boot.actuate.autoconfigure.EndpointWebMvcHypermediaManagementContextConfiguration; factoryMethodName=managementServletContext; initMethodName=null; destroyMethodName=(inferred); defined in class path resource [org/springframework/boot/actuate/autoconfigure/EndpointWebMvcHypermediaManagementContextConfiguration.class]] with [Root bean: class [null]; scope=; abstract=false; lazyInit=false; autowireMode=3; dependencyCheck=0; autowireCandidate=true; primary=false; factoryBeanName=org.springframework.boot.actuate.autoconfigure.EndpointWebMvcAutoConfiguration; factoryMethodName=managementServletContext; initMethodName=null; destroyMethodName=(inferred); defined in class path resource [org/springframework/boot/actuate/autoconfigure/EndpointWebMvcAutoConfiguration.class]]
2026-08-16 05:59:09.466  WARN [carts,,,] 7 --- [           main] o.s.c.a.ConfigurationClassPostProcessor  : Cannot enhance @Configuration bean definition 'refreshScope' since its singleton instance has been created too early. The typical cause is a non-static @Bean method with a BeanDefinitionRegistryPostProcessor return type: Consider declaring such methods as 'static'.
2026-08-16 05:59:11.069  INFO [carts,,,] 7 --- [           main] o.s.cloud.context.scope.GenericScope     : BeanFactory id=063d23b5-fa4f-330e-8afb-cdf6f03b608e
2026-08-16 05:59:12.565  INFO [carts,,,] 7 --- [           main] trationDelegate$BeanPostProcessorChecker : Bean 'org.springframework.cloud.sleuth.instrument.async.AsyncDefaultAutoConfiguration$DefaultAsyncConfigurerSupport' of type [class org.springframework.cloud.sleuth.instrument.async.AsyncDefaultAutoConfiguration$DefaultAsyncConfigurerSupport$$EnhancerBySpringCGLIB$$2cb0e9ff] is not eligible for getting processed by all BeanPostProcessors (for example: not eligible for auto-proxying)
2026-08-16 05:59:14.466  INFO [carts,,,] 7 --- [           main] trationDelegate$BeanPostProcessorChecker : Bean 'org.springframework.cloud.autoconfigure.ConfigurationPropertiesRebinderAutoConfiguration' of type [class org.springframework.cloud.autoconfigure.ConfigurationPropertiesRebinderAutoConfiguration$$EnhancerBySpringCGLIB$$b894f39] is not eligible for getting processed by all BeanPostProcessors (for example: not eligible for auto-proxying)
2026-08-16 05:59:14.665  INFO [carts,,,] 7 --- [           main] trationDelegate$BeanPostProcessorChecker : Bean 'org.springframework.cloud.sleuth.instrument.web.TraceWebAutoConfiguration' of type [class org.springframework.cloud.sleuth.instrument.web.TraceWebAutoConfiguration$$EnhancerBySpringCGLIB$$ecb4cb09] is not eligible for getting processed by all BeanPostProcessors (for example: not eligible for auto-proxying)
2026-08-16 05:59:20.270  INFO [carts,,,] 7 --- [           main] s.b.c.e.t.TomcatEmbeddedServletContainer : Tomcat initialized with port(s): 80 (http)
2026-08-16 05:59:20.463  INFO [carts,,,] 7 --- [           main] o.apache.catalina.core.StandardService   : Starting service Tomcat
2026-08-16 05:59:20.464  INFO [carts,,,] 7 --- [           main] org.apache.catalina.core.StandardEngine  : Starting Servlet Engine: Apache Tomcat/8.5.11
2026-08-16 05:59:21.262  INFO [carts,,,] 7 --- [ost-startStop-1] o.a.c.c.C.[Tomcat].[localhost].[/]       : Initializing Spring embedded WebApplicationContext
2026-08-16 05:59:21.262  INFO [carts,,,] 7 --- [ost-startStop-1] o.s.web.context.ContextLoader            : Root WebApplicationContext: initialization completed in 28278 ms
2026-08-16 05:59:31.161  INFO [carts,,,] 7 --- [ost-startStop-1] o.s.b.w.servlet.FilterRegistrationBean   : Mapping filter: 'metricsFilter' to: [/*]
2026-08-16 05:59:31.161  INFO [carts,,,] 7 --- [ost-startStop-1] o.s.b.w.servlet.FilterRegistrationBean   : Mapping filter: 'characterEncodingFilter' to: [/*]
2026-08-16 05:59:31.162  INFO [carts,,,] 7 --- [ost-startStop-1] o.s.b.c.embedded.FilterRegistrationBean  : Mapping filter: 'traceFilter' to: [/*]
2026-08-16 05:59:31.162  INFO [carts,,,] 7 --- [ost-startStop-1] o.s.b.w.servlet.FilterRegistrationBean   : Mapping filter: 'hiddenHttpMethodFilter' to: [/*]
2026-08-16 05:59:31.162  INFO [carts,,,] 7 --- [ost-startStop-1] o.s.b.w.servlet.FilterRegistrationBean   : Mapping filter: 'httpPutFormContentFilter' to: [/*]
2026-08-16 05:59:31.661  INFO [carts,,,] 7 --- [ost-startStop-1] o.s.b.w.servlet.FilterRegistrationBean   : Mapping filter: 'requestContextFilter' to: [/*]
2026-08-16 05:59:31.661  INFO [carts,,,] 7 --- [ost-startStop-1] o.s.b.w.servlet.FilterRegistrationBean   : Mapping filter: 'webRequestLoggingFilter' to: [/*]
2026-08-16 05:59:31.661  INFO [carts,,,] 7 --- [ost-startStop-1] o.s.b.w.servlet.FilterRegistrationBean   : Mapping filter: 'applicationContextIdFilter' to: [/*]
2026-08-16 05:59:31.661  INFO [carts,,,] 7 --- [ost-startStop-1] o.s.b.w.servlet.ServletRegistrationBean  : Mapping servlet: 'metricsServlet' to [/metrics]
2026-08-16 05:59:31.760  INFO [carts,,,] 7 --- [ost-startStop-1] o.s.b.w.servlet.ServletRegistrationBean  : Mapping servlet: 'dispatcherServlet' to [/]
2026-08-16 05:59:35.566  INFO [carts,,,] 7 --- [           main] org.mongodb.driver.cluster               : Cluster created with settings {hosts=[carts-db:27017], mode=SINGLE, requiredClusterType=UNKNOWN, serverSelectionTimeout='10000 ms', maxWaitQueueSize=500}
2026-08-16 05:59:36.464  INFO [carts,,,] 7 --- [-carts-db:27017] org.mongodb.driver.connection            : Opened connection [connectionId{localValue:1, serverValue:3}] to carts-db:27017
2026-08-16 05:59:36.465  INFO [carts,,,] 7 --- [-carts-db:27017] org.mongodb.driver.cluster               : Monitor thread successfully connected to server with description ServerDescription{address=carts-db:27017, type=STANDALONE, state=CONNECTED, ok=true, version=ServerVersion{versionList=[4, 4, 29]}, minWireVersion=0, maxWireVersion=9, maxDocumentSize=16777216, roundTripTimeNanos=567771}
2026-08-16 05:59:47.663  INFO [carts,,,] 7 --- [           main] o.s.b.f.config.PropertiesFactoryBean     : Loading properties file from class path resource [rest-default-messages.properties]
