ts=2026-08-16T07:04:42Z caller=logging.go:85 method=Health result=2 took=27.343碌s
ts=2026-08-16T07:04:43Z caller=logging.go:36 method=List tags= order=id pageNum=1 pageSize=10 result=9 err=null took=748.023碌s
ts=2026-08-16T07:04:44Z caller=logging.go:85 method=Health result=2 took=27.163碌s
ts=2026-08-16T07:04:45Z caller=logging.go:36 method=List tags= order=id pageNum=1 pageSize=10 result=9 err=null took=748.579碌s
ts=2026-08-16T07:04:45Z caller=logging.go:85 method=Health result=2 took=28.685碌s
ts=2026-08-16T07:04:47Z caller=logging.go:85 method=Health result=2 took=28.285碌s
ts=2026-08-16T07:04:47Z caller=logging.go:36 method=List tags= order=id pageNum=1 pageSize=10 result=9 err=null took=699.454碌s
ts=2026-08-16T07:04:48Z caller=logging.go:85 method=Health result=2 took=28.215碌s
ts=2026-08-16T07:04:49Z caller=logging.go:36 method=List tags= order=id pageNum=1 pageSize=10 result=9 err=null took=814.114碌s
ts=2026-08-16T07:04:50Z caller=logging.go:85 method=Health result=2 took=28.385碌s
ts=2026-08-16T07:04:51Z caller=logging.go:85 method=Health result=2 took=36.6碌s
ts=2026-08-16T07:04:51Z caller=logging.go:36 method=List tags= order=id pageNum=1 pageSize=10 result=9 err=null took=754.16碌s
ts=2026-08-16T07:04:53Z caller=logging.go:85 method=Health result=2 took=27.894碌s
ts=2026-08-16T07:04:53Z caller=logging.go:36 method=List tags= order=id pageNum=1 pageSize=10 result=9 err=null took=765.261碌s
ts=2026-08-16T07:04:54Z caller=logging.go:85 method=Health result=2 took=27.082碌s
ts=2026-08-16T07:04:56Z caller=logging.go:85 method=Health result=2 took=27.002碌s
ts=2026-08-16T07:04:56Z caller=logging.go:36 method=List tags= order=id pageNum=1 pageSize=10 result=9 err=null took=772.424碌s
ts=2026-08-16T07:04:57Z caller=logging.go:85 method=Health result=2 took=28.264碌s
ts=2026-08-16T07:04:59Z caller=logging.go:85 method=Health result=2 took=26.962碌s
ts=2026-08-16T07:05:00Z caller=logging.go:36 method=List tags= order=id pageNum=1 pageSize=10 result=9 err=null took=718.68碌s
ts=2026-08-16T07:05:00Z caller=logging.go:85 method=Health result=2 took=28.044碌s
ts=2026-08-16T07:05:02Z caller=logging.go:85 method=Health result=2 took=32.343碌s
ts=2026-08-16T07:05:03Z caller=logging.go:36 method=List tags= order=id pageNum=1 pageSize=10 result=9 err=null took=856.607碌s
ts=2026-08-16T07:05:03Z caller=logging.go:85 method=Health result=2 took=28.375碌s
ts=2026-08-16T07:05:05Z caller=logging.go:85 method=Health result=2 took=27.864碌s
ts=2026-08-16T07:05:06Z caller=logging.go:36 method=List tags= order=id pageNum=1 pageSize=10 result=9 err=null took=720.686碌s
ts=2026-08-16T07:05:06Z caller=logging.go:85 method=Health result=2 took=27.663碌s
ts=2026-08-16T07:05:08Z caller=logging.go:85 method=Health result=2 took=28.535碌s
ts=2026-08-16T07:05:09Z caller=logging.go:36 method=List tags= order=id pageNum=1 pageSize=10 result=9 err=null took=724.214碌s
ts=2026-08-16T07:05:09Z caller=logging.go:85 method=Health result=2 took=39.216碌s
ts=2026-08-16T07:05:11Z caller=logging.go:85 method=Health result=2 took=28.846碌s
ts=2026-08-16T07:05:12Z caller=logging.go:36 method=List tags= order=id pageNum=1 pageSize=10 result=9 err=null took=725.478碌s
ts=2026-08-16T07:05:12Z caller=logging.go:85 method=Health result=2 took=28.224碌s
ts=2026-08-16T07:05:14Z caller=logging.go:85 method=Health result=2 took=29.117碌s
ts=2026-08-16T07:05:15Z caller=logging.go:36 method=List tags= order=id pageNum=1 pageSize=10 result=9 err=null took=813.909碌s
ts=2026-08-16T07:05:15Z caller=logging.go:85 method=Health result=2 took=35.629碌s
ts=2026-08-16T07:05:17Z caller=logging.go:85 method=Health result=2 took=27.453碌s
ts=2026-08-16T07:05:18Z caller=logging.go:36 method=List tags= order=id pageNum=1 pageSize=10 result=9 err=null took=784.242碌s
ts=2026-08-16T07:05:18Z caller=logging.go:85 method=Health result=2 took=28.084碌s
ts=2026-08-16T07:05:20Z caller=logging.go:85 method=Health result=2 took=27.373碌s
ts=2026-08-16T07:05:21Z caller=logging.go:36 method=List tags= order=id pageNum=1 pageSize=10 result=9 err=null took=783.377碌s
ts=2026-08-16T07:05:21Z caller=logging.go:85 method=Health result=2 took=27.323碌s
ts=2026-08-16T07:05:23Z caller=logging.go:85 method=Health result=2 took=28.024碌s
ts=2026-08-16T07:05:24Z caller=logging.go:36 method=List tags= order=id pageNum=1 pageSize=10 result=9 err=null took=763.89碌s
ts=2026-08-16T07:05:24Z caller=logging.go:85 method=Health result=2 took=26.351碌s
ts=2026-08-16T07:05:26Z caller=logging.go:85 method=Health result=2 took=36.09碌s
ts=2026-08-16T07:05:27Z caller=logging.go:36 method=List tags= order=id pageNum=1 pageSize=10 result=9 err=null took=762.556碌s
ts=2026-08-16T07:05:27Z caller=logging.go:85 method=Health result=2 took=25.86碌s
ts=2026-08-16T07:05:29Z caller=logging.go:85 method=Health result=2 took=27.082碌s
ts=2026-08-16T07:05:30Z caller=logging.go:85 method=Health result=2 took=26.492碌s
ts=2026-08-16T07:05:30Z caller=logging.go:36 method=List tags= order=id pageNum=1 pageSize=10 result=9 err=null took=858.321碌s
ts=2026-08-16T07:05:32Z caller=logging.go:85 method=Health result=2 took=28.074碌s
ts=2026-08-16T07:05:33Z caller=logging.go:85 method=Health result=2 took=37.252碌s
ts=2026-08-16T07:05:33Z caller=logging.go:36 method=List tags= order=id pageNum=1 pageSize=10 result=9 err=null took=708.521碌s
ts=2026-08-16T07:05:35Z caller=logging.go:85 method=Health result=2 took=27.073碌s
ts=2026-08-16T07:05:36Z caller=logging.go:85 method=Health result=2 took=25.329碌s
ts=2026-08-16T07:05:36Z caller=logging.go:36 method=List tags= order=id pageNum=1 pageSize=10 result=9 err=null took=795.241碌s
ts=2026-08-16T07:05:38Z caller=logging.go:85 method=Health result=2 took=28.586碌s
ts=2026-08-16T07:05:39Z caller=logging.go:85 method=Health result=2 took=37.553碌s
ts=2026-08-16T07:05:40Z caller=logging.go:36 method=List tags= order=id pageNum=1 pageSize=10 result=9 err=null took=1.24363ms
ts=2026-08-16T07:05:41Z caller=logging.go:85 method=Health result=2 took=27.303碌s
ts=2026-08-16T07:05:42Z caller=logging.go:85 method=Health result=2 took=27.844碌s
ts=2026-08-16T07:05:43Z caller=logging.go:36 method=List tags= order=id pageNum=1 pageSize=10 result=9 err=null took=717.032碌s
ts=2026-08-16T07:05:44Z caller=logging.go:85 method=Health result=2 took=29.928碌s
ts=2026-08-16T07:05:45Z caller=logging.go:85 method=Health result=2 took=30.98碌s
ts=2026-08-16T07:05:46Z caller=logging.go:36 method=List tags= order=id pageNum=1 pageSize=10 result=9 err=null took=785.973碌s
ts=2026-08-16T07:05:47Z caller=logging.go:85 method=Health result=2 took=28.575碌s
ts=2026-08-16T07:05:48Z caller=logging.go:85 method=Health result=2 took=26.692碌s
ts=2026-08-16T07:05:49Z caller=logging.go:36 method=List tags= order=id pageNum=1 pageSize=10 result=9 err=null took=770.852碌s
ts=2026-08-16T07:05:50Z caller=logging.go:85 method=Health result=2 took=26.712碌s
ts=2026-08-16T07:05:51Z caller=logging.go:85 method=Health result=2 took=28.034碌s
ts=2026-08-16T07:05:52Z caller=logging.go:36 method=List tags= order=id pageNum=1 pageSize=10 result=9 err=null took=808.802碌s
ts=2026-08-16T07:05:53Z caller=logging.go:85 method=Health result=2 took=27.332碌s
ts=2026-08-16T07:05:54Z caller=logging.go:85 method=Health result=2 took=27.232碌s
ts=2026-08-16T07:05:55Z caller=logging.go:36 method=List tags= order=id pageNum=1 pageSize=10 result=9 err=null took=812.618碌s
ts=2026-08-16T07:05:56Z caller=logging.go:85 method=Health result=2 took=28.214碌s
ts=2026-08-16T07:05:57Z caller=logging.go:36 method=List tags= order=id pageNum=1 pageSize=10 result=9 err=null took=729.909碌s
ts=2026-08-16T07:05:57Z caller=logging.go:36 method=List tags= order=id pageNum=1 pageSize=10 result=9 err=null took=711.55碌s
ts=2026-08-16T07:05:57Z caller=logging.go:36 method=List tags= order=id pageNum=1 pageSize=10 result=9 err=null took=697.929碌s
ts=2026-08-16T07:05:57Z caller=logging.go:36 method=List tags= order=id pageNum=1 pageSize=10 result=9 err=null took=694.278碌s
ts=2026-08-16T07:05:57Z caller=logging.go:36 method=List tags= order=id pageNum=1 pageSize=10 result=9 err=null took=796.975碌s
ts=2026-08-16T07:05:57Z caller=logging.go:85 method=Health result=2 took=27.623碌s
ts=2026-08-16T07:05:58Z caller=logging.go:36 method=List tags= order=id pageNum=1 pageSize=10 result=9 err=null took=726.93碌s
ts=2026-08-16T07:05:59Z caller=logging.go:85 method=Health result=2 took=27.383碌s
ts=2026-08-16T07:06:00Z caller=logging.go:85 method=Health result=2 took=27.383碌s
ts=2026-08-16T07:06:00Z caller=logging.go:36 method=List tags= order=id pageNum=1 pageSize=10 result=9 err=null took=797.183碌s
ts=2026-08-16T07:06:02Z caller=logging.go:85 method=Health result=2 took=27.103碌s
ts=2026-08-16T07:06:03Z caller=logging.go:36 method=List tags= order=id pageNum=1 pageSize=10 result=9 err=null took=747.436碌s
ts=2026-08-16T07:06:03Z caller=logging.go:85 method=Health result=2 took=27.934碌s
ts=2026-08-16T07:06:05Z caller=logging.go:85 method=Health result=2 took=28.445碌s
ts=2026-08-16T07:06:06Z caller=logging.go:36 method=List tags= order=id pageNum=1 pageSize=10 result=9 err=null took=700.976碌s
ts=2026-08-16T07:06:06Z caller=logging.go:85 method=Health result=2 took=27.533碌s
ts=2026-08-16T07:06:08Z caller=logging.go:85 method=Health result=2 took=48.083碌s
ts=2026-08-16T07:06:08Z caller=logging.go:36 method=List tags= order=id pageNum=1 pageSize=10 result=9 err=null took=763.183碌s
ts=2026-08-16T07:06:09Z caller=logging.go:85 method=Health result=2 took=27.994碌s
ts=2026-08-16T07:06:11Z caller=logging.go:85 method=Health result=2 took=28.886碌s
ts=2026-08-16T07:06:12Z caller=logging.go:85 method=Health result=2 took=27.403碌s
ts=2026-08-16T07:06:14Z caller=logging.go:85 method=Health result=2 took=28.966碌s
ts=2026-08-16T07:06:15Z caller=logging.go:85 method=Health result=2 took=26.801碌s
ts=2026-08-16T07:06:17Z caller=logging.go:85 method=Health result=2 took=29.227碌s
ts=2026-08-16T07:06:18Z caller=logging.go:85 method=Health result=2 took=28.114碌s
ts=2026-08-16T07:06:20Z caller=logging.go:85 method=Health result=2 took=27.223碌s
ts=2026-08-16T07:06:21Z caller=logging.go:85 method=Health result=2 took=28.185碌s
ts=2026-08-16T07:06:23Z caller=logging.go:85 method=Health result=2 took=28.054碌s
ts=2026-08-16T07:06:24Z caller=logging.go:85 method=Health result=2 took=28.275碌s
ts=2026-08-16T07:06:26Z caller=logging.go:85 method=Health result=2 took=26.502碌s
ts=2026-08-16T07:06:27Z caller=logging.go:85 method=Health result=2 took=28.545碌s
ts=2026-08-16T07:06:28Z caller=logging.go:36 method=List tags= order=id pageNum=1 pageSize=10 result=9 err=null took=741.224碌s
ts=2026-08-16T07:06:29Z caller=logging.go:85 method=Health result=2 took=27.944碌s
ts=2026-08-16T07:06:30Z caller=logging.go:85 method=Health result=2 took=28.695碌s
ts=2026-08-16T07:06:30Z caller=logging.go:36 method=List tags= order=id pageNum=1 pageSize=10 result=9 err=null took=752.957碌s
ts=2026-08-16T07:06:32Z caller=logging.go:85 method=Health result=2 took=26.983碌s
ts=2026-08-16T07:06:32Z caller=logging.go:36 method=List tags= order=id pageNum=1 pageSize=10 result=9 err=null took=762.295碌s
ts=2026-08-16T07:06:33Z caller=logging.go:85 method=Health result=2 took=26.922碌s
ts=2026-08-16T07:06:34Z caller=logging.go:36 method=List tags= order=id pageNum=1 pageSize=10 result=9 err=null took=753.688碌s
ts=2026-08-16T07:06:35Z caller=logging.go:85 method=Health result=2 took=38.284碌s
ts=2026-08-16T07:06:36Z caller=logging.go:85 method=Health result=2 took=27.944碌s
ts=2026-08-16T07:06:36Z caller=logging.go:36 method=List tags= order=id pageNum=1 pageSize=10 result=9 err=null took=739.536碌s
ts=2026-08-16T07:06:38Z caller=logging.go:85 method=Health result=2 took=33.605碌s
ts=2026-08-16T07:06:39Z caller=logging.go:36 method=List tags= order=id pageNum=1 pageSize=10 result=9 err=null took=736.572碌s
ts=2026-08-16T07:06:39Z caller=logging.go:85 method=Health result=2 took=27.302碌s
ts=2026-08-16T07:06:41Z caller=logging.go:85 method=Health result=2 took=27.774碌s
ts=2026-08-16T07:06:42Z caller=logging.go:36 method=List tags= order=id pageNum=1 pageSize=10 result=9 err=null took=740.211碌s
ts=2026-08-16T07:06:42Z caller=logging.go:85 method=Health result=2 took=28.796碌s
ts=2026-08-16T07:06:44Z caller=logging.go:85 method=Health result=2 took=28.796碌s
ts=2026-08-16T07:06:45Z caller=logging.go:36 method=List tags= order=id pageNum=1 pageSize=10 result=9 err=null took=711.236碌s
ts=2026-08-16T07:06:45Z caller=logging.go:85 method=Health result=2 took=26.681碌s
ts=2026-08-16T07:06:47Z caller=logging.go:85 method=Health result=2 took=27.623碌s
ts=2026-08-16T07:06:48Z caller=logging.go:36 method=List tags= order=id pageNum=1 pageSize=10 result=9 err=null took=812.806碌s
ts=2026-08-16T07:06:48Z caller=logging.go:85 method=Health result=2 took=28.815碌s
ts=2026-08-16T07:06:50Z caller=logging.go:85 method=Health result=2 took=27.303碌s
ts=2026-08-16T07:06:51Z caller=logging.go:36 method=List tags= order=id pageNum=1 pageSize=10 result=9 err=null took=783.145碌s
ts=2026-08-16T07:06:51Z caller=logging.go:85 method=Health result=2 took=27.964碌s
ts=2026-08-16T07:06:53Z caller=logging.go:85 method=Health result=2 took=27.383碌s
ts=2026-08-16T07:06:54Z caller=logging.go:36 method=List tags= order=id pageNum=1 pageSize=10 result=9 err=null took=705.814碌s
ts=2026-08-16T07:06:54Z caller=logging.go:85 method=Health result=2 took=28.255碌s
ts=2026-08-16T07:06:56Z caller=logging.go:85 method=Health result=2 took=30.298碌s
ts=2026-08-16T07:06:57Z caller=logging.go:36 method=List tags= order=id pageNum=1 pageSize=10 result=9 err=null took=757.16碌s
ts=2026-08-16T07:06:57Z caller=logging.go:85 method=Health result=2 took=27.975碌s
ts=2026-08-16T07:06:59Z caller=logging.go:85 method=Health result=2 took=27.874碌s
ts=2026-08-16T07:07:00Z caller=logging.go:36 method=List tags= order=id pageNum=1 pageSize=10 result=9 err=null took=744.295碌s
ts=2026-08-16T07:07:00Z caller=logging.go:85 method=Health result=2 took=26.872碌s
ts=2026-08-16T07:07:02Z caller=logging.go:85 method=Health result=2 took=26.992碌s
ts=2026-08-16T07:07:03Z caller=logging.go:36 method=List tags= order=id pageNum=1 pageSize=10 result=9 err=null took=776.136碌s
ts=2026-08-16T07:07:03Z caller=logging.go:85 method=Health result=2 took=28.415碌s
ts=2026-08-16T07:07:05Z caller=logging.go:85 method=Health result=2 took=28.165碌s
ts=2026-08-16T07:07:06Z caller=logging.go:85 method=Health result=2 took=28.014碌s
ts=2026-08-16T07:07:06Z caller=logging.go:36 method=List tags= order=id pageNum=1 pageSize=10 result=9 err=null took=769.433碌s
ts=2026-08-16T07:07:08Z caller=logging.go:85 method=Health result=2 took=48.735碌s
ts=2026-08-16T07:07:09Z caller=logging.go:85 method=Health result=2 took=28.144碌s
ts=2026-08-16T07:07:09Z caller=logging.go:36 method=List tags= order=id pageNum=1 pageSize=10 result=9 err=null took=880.759碌s
ts=2026-08-16T07:07:11Z caller=logging.go:85 method=Health result=2 took=28.014碌s
ts=2026-08-16T07:07:12Z caller=logging.go:85 method=Health result=2 took=30.369碌s
ts=2026-08-16T07:07:12Z caller=logging.go:36 method=List tags= order=id pageNum=1 pageSize=10 result=9 err=null took=739.074碌s
ts=2026-08-16T07:07:14Z caller=logging.go:85 method=Health result=2 took=27.714碌s
ts=2026-08-16T07:07:15Z caller=logging.go:85 method=Health result=2 took=28.616碌s
ts=2026-08-16T07:07:15Z caller=logging.go:36 method=List tags= order=id pageNum=1 pageSize=10 result=9 err=null took=770.081碌s
ts=2026-08-16T07:07:17Z caller=logging.go:85 method=Health result=2 took=28.385碌s
ts=2026-08-16T07:07:18Z caller=logging.go:85 method=Health result=2 took=27.633碌s
ts=2026-08-16T07:07:18Z caller=logging.go:36 method=List tags= order=id pageNum=1 pageSize=10 result=9 err=null took=816.71碌s
ts=2026-08-16T07:07:20Z caller=logging.go:85 method=Health result=2 took=29.568碌s
ts=2026-08-16T07:07:21Z caller=logging.go:85 method=Health result=2 took=27.093碌s
ts=2026-08-16T07:07:22Z caller=logging.go:36 method=List tags= order=id pageNum=1 pageSize=10 result=9 err=null took=730.084碌s
ts=2026-08-16T07:07:23Z caller=logging.go:85 method=Health result=2 took=29.717碌s
ts=2026-08-16T07:07:24Z caller=logging.go:85 method=Health result=2 took=31.721碌s
ts=2026-08-16T07:07:25Z caller=logging.go:36 method=List tags= order=id pageNum=1 pageSize=10 result=9 err=null took=795.028碌s
ts=2026-08-16T07:07:26Z caller=logging.go:85 method=Health result=2 took=27.373碌s
ts=2026-08-16T07:07:27Z caller=logging.go:85 method=Health result=2 took=28.325碌s
ts=2026-08-16T07:07:28Z caller=logging.go:36 method=List tags= order=id pageNum=1 pageSize=10 result=9 err=null took=785.2碌s
ts=2026-08-16T07:07:29Z caller=logging.go:85 method=Health result=2 took=30.349碌s
ts=2026-08-16T07:07:30Z caller=logging.go:85 method=Health result=2 took=26.281碌s
ts=2026-08-16T07:07:31Z caller=logging.go:36 method=List tags= order=id pageNum=1 pageSize=10 result=9 err=null took=701.352碌s
ts=2026-08-16T07:07:32Z caller=logging.go:85 method=Health result=2 took=28.215碌s
ts=2026-08-16T07:07:33Z caller=logging.go:85 method=Health result=2 took=27.583碌s
ts=2026-08-16T07:07:34Z caller=logging.go:36 method=List tags= order=id pageNum=1 pageSize=10 result=9 err=null took=762.306碌s
ts=2026-08-16T07:07:35Z caller=logging.go:85 method=Health result=2 took=28.636碌s
ts=2026-08-16T07:07:36Z caller=logging.go:85 method=Health result=2 took=27.713碌s
ts=2026-08-16T07:07:37Z caller=logging.go:36 method=List tags= order=id pageNum=1 pageSize=10 result=9 err=null took=791.674碌s
ts=2026-08-16T07:07:38Z caller=logging.go:85 method=Health result=2 took=27.864碌s
ts=2026-08-16T07:07:39Z caller=logging.go:85 method=Health result=2 took=28.695碌s
ts=2026-08-16T07:07:40Z caller=logging.go:36 method=List tags= order=id pageNum=1 pageSize=10 result=9 err=null took=819.297碌s
ts=2026-08-16T07:07:41Z caller=logging.go:85 method=Health result=2 took=27.984碌s
ts=2026-08-16T07:07:42Z caller=logging.go:36 method=List tags= order=id pageNum=1 pageSize=10 result=9 err=null took=736.958碌s
ts=2026-08-16T07:07:42Z caller=logging.go:36 method=List tags= order=id pageNum=1 pageSize=10 result=9 err=null took=736.859碌s
ts=2026-08-16T07:07:42Z caller=logging.go:36 method=List tags= order=id pageNum=1 pageSize=10 result=9 err=null took=704.575碌s
ts=2026-08-16T07:07:42Z caller=logging.go:36 method=List tags= order=id pageNum=1 pageSize=10 result=9 err=null took=707.431碌s
ts=2026-08-16T07:07:42Z caller=logging.go:36 method=List tags= order=id pageNum=1 pageSize=10 result=9 err=null took=730.094碌s
ts=2026-08-16T07:07:42Z caller=logging.go:85 method=Health result=2 took=27.474碌s
ts=2026-08-16T07:07:43Z caller=logging.go:36 method=List tags= order=id pageNum=1 pageSize=10 result=9 err=null took=772.502碌s
ts=2026-08-16T07:07:44Z caller=logging.go:85 method=Health result=2 took=28.054碌s
ts=2026-08-16T07:07:45Z caller=logging.go:85 method=Health result=2 took=27.513碌s
ts=2026-08-16T07:07:45Z caller=logging.go:36 method=List tags= order=id pageNum=1 pageSize=10 result=9 err=null took=774.522碌s
ts=2026-08-16T07:07:47Z caller=logging.go:85 method=Health result=2 took=29.757碌s
ts=2026-08-16T07:07:48Z caller=logging.go:36 method=List tags= order=id pageNum=1 pageSize=10 result=9 err=null took=722.316碌s
ts=2026-08-16T07:07:48Z caller=logging.go:85 method=Health result=2 took=28.215碌s
ts=2026-08-16T07:07:50Z caller=logging.go:85 method=Health result=2 took=28.255碌s
ts=2026-08-16T07:07:51Z caller=logging.go:36 method=List tags= order=id pageNum=1 pageSize=10 result=9 err=null took=738.803碌s
ts=2026-08-16T07:07:51Z caller=logging.go:85 method=Health result=2 took=32.644碌s
ts=2026-08-16T07:07:53Z caller=logging.go:85 method=Health result=2 took=28.174碌s
ts=2026-08-16T07:07:53Z caller=logging.go:36 method=List tags= order=id pageNum=1 pageSize=10 result=9 err=null took=799.628碌s
ts=2026-08-16T07:07:54Z caller=logging.go:85 method=Health result=2 took=27.203碌s
ts=2026-08-16T07:07:56Z caller=logging.go:85 method=Health result=2 took=27.082碌s
ts=2026-08-16T07:07:57Z caller=logging.go:85 method=Health result=2 took=28.425碌s
ts=2026-08-16T07:07:59Z caller=logging.go:85 method=Health result=2 took=29.297碌s
ts=2026-08-16T07:08:00Z caller=logging.go:85 method=Health result=2 took=36.23碌s
ts=2026-08-16T07:08:02Z caller=logging.go:85 method=Health result=2 took=39.146碌s
ts=2026-08-16T07:08:03Z caller=logging.go:85 method=Health result=2 took=28.555碌s
ts=2026-08-16T07:08:05Z caller=logging.go:85 method=Health result=2 took=30.429碌s
ts=2026-08-16T07:08:06Z caller=logging.go:85 method=Health result=2 took=27.102碌s
ts=2026-08-16T07:08:08Z caller=logging.go:85 method=Health result=2 took=27.964碌s
ts=2026-08-16T07:08:09Z caller=logging.go:85 method=Health result=2 took=28.175碌s
ts=2026-08-16T07:08:11Z caller=logging.go:85 method=Health result=2 took=28.365碌s
ts=2026-08-16T07:08:12Z caller=logging.go:85 method=Health result=2 took=27.093碌s
ts=2026-08-16T07:08:13Z caller=logging.go:36 method=List tags= order=id pageNum=1 pageSize=10 result=9 err=null took=750.354碌s
ts=2026-08-16T07:08:14Z caller=logging.go:85 method=Health result=2 took=27.643碌s
ts=2026-08-16T07:08:15Z caller=logging.go:85 method=Health result=2 took=29.868碌s
ts=2026-08-16T07:08:15Z caller=logging.go:36 method=List tags= order=id pageNum=1 pageSize=10 result=9 err=null took=754.993碌s
ts=2026-08-16T07:08:17Z caller=logging.go:85 method=Health result=2 took=28.284碌s
ts=2026-08-16T07:08:17Z caller=logging.go:36 method=List tags= order=id pageNum=1 pageSize=10 result=9 err=null took=758.845碌s
ts=2026-08-16T07:08:18Z caller=logging.go:85 method=Health result=2 took=33.685碌s
ts=2026-08-16T07:08:19Z caller=logging.go:36 method=List tags= order=id pageNum=1 pageSize=10 result=9 err=null took=872.17碌s
ts=2026-08-16T07:08:20Z caller=logging.go:85 method=Health result=2 took=29.246碌s
ts=2026-08-16T07:08:21Z caller=logging.go:85 method=Health result=2 took=28.656碌s
ts=2026-08-16T07:08:21Z caller=logging.go:36 method=List tags= order=id pageNum=1 pageSize=10 result=9 err=null took=779.27碌s
ts=2026-08-16T07:08:23Z caller=logging.go:85 method=Health result=2 took=28.385碌s
ts=2026-08-16T07:08:24Z caller=logging.go:36 method=List tags= order=id pageNum=1 pageSize=10 result=9 err=null took=800.68碌s
ts=2026-08-16T07:08:24Z caller=logging.go:85 method=Health result=2 took=29.497碌s
ts=2026-08-16T07:08:26Z caller=logging.go:85 method=Health result=2 took=32.232碌s
ts=2026-08-16T07:08:27Z caller=logging.go:36 method=List tags= order=id pageNum=1 pageSize=10 result=9 err=null took=711.342碌s
ts=2026-08-16T07:08:27Z caller=logging.go:85 method=Health result=2 took=28.044碌s
ts=2026-08-16T07:08:29Z caller=logging.go:85 method=Health result=2 took=28.536碌s
ts=2026-08-16T07:08:30Z caller=logging.go:36 method=List tags= order=id pageNum=1 pageSize=10 result=9 err=null took=728.543碌s
ts=2026-08-16T07:08:30Z caller=logging.go:85 method=Health result=2 took=29.637碌s
ts=2026-08-16T07:08:32Z caller=logging.go:85 method=Health result=2 took=25.95碌s
ts=2026-08-16T07:08:33Z caller=logging.go:36 method=List tags= order=id pageNum=1 pageSize=10 result=9 err=null took=730.333碌s
ts=2026-08-16T07:08:33Z caller=logging.go:85 method=Health result=2 took=33.074碌s
ts=2026-08-16T07:08:35Z caller=logging.go:85 method=Health result=2 took=28.074碌s
ts=2026-08-16T07:08:36Z caller=logging.go:36 method=List tags= order=id pageNum=1 pageSize=10 result=9 err=null took=758.286碌s
ts=2026-08-16T07:08:36Z caller=logging.go:85 method=Health result=2 took=27.633碌s
ts=2026-08-16T07:08:38Z caller=logging.go:85 method=Health result=2 took=45.378碌s
ts=2026-08-16T07:08:39Z caller=logging.go:36 method=List tags= order=id pageNum=1 pageSize=10 result=9 err=null took=784.864碌s
ts=2026-08-16T07:08:39Z caller=logging.go:85 method=Health result=2 took=28.074碌s
ts=2026-08-16T07:08:41Z caller=logging.go:85 method=Health result=2 took=28.826碌s
ts=2026-08-16T07:08:42Z caller=logging.go:36 method=List tags= order=id pageNum=1 pageSize=10 result=9 err=null took=721.462碌s
ts=2026-08-16T07:08:42Z caller=logging.go:85 method=Health result=2 took=26.602碌s
ts=2026-08-16T07:08:44Z caller=logging.go:85 method=Health result=2 took=26.892碌s
ts=2026-08-16T07:08:45Z caller=logging.go:36 method=List tags= order=id pageNum=1 pageSize=10 result=9 err=null took=818.388碌s
ts=2026-08-16T07:08:45Z caller=logging.go:85 method=Health result=2 took=28.004碌s
ts=2026-08-16T07:08:47Z caller=logging.go:85 method=Health result=2 took=28.785碌s
ts=2026-08-16T07:08:48Z caller=logging.go:36 method=List tags= order=id pageNum=1 pageSize=10 result=9 err=null took=780.43碌s
ts=2026-08-16T07:08:48Z caller=logging.go:85 method=Health result=2 took=28.335碌s
ts=2026-08-16T07:08:50Z caller=logging.go:85 method=Health result=2 took=29.197碌s
ts=2026-08-16T07:08:51Z caller=logging.go:85 method=Health result=2 took=28.014碌s
ts=2026-08-16T07:08:51Z caller=logging.go:36 method=List tags= order=id pageNum=1 pageSize=10 result=9 err=null took=763.729碌s
ts=2026-08-16T07:08:53Z caller=logging.go:85 method=Health result=2 took=26.772碌s
ts=2026-08-16T07:08:54Z caller=logging.go:85 method=Health result=2 took=28.195碌s
ts=2026-08-16T07:08:54Z caller=logging.go:36 method=List tags= order=id pageNum=1 pageSize=10 result=9 err=null took=868.14碌s
ts=2026-08-16T07:08:56Z caller=logging.go:85 method=Health result=2 took=29.066碌s
ts=2026-08-16T07:08:57Z caller=logging.go:85 method=Health result=2 took=28.004碌s
ts=2026-08-16T07:08:57Z caller=logging.go:36 method=List tags= order=id pageNum=1 pageSize=10 result=9 err=null took=812.833碌s
ts=2026-08-16T07:08:59Z caller=logging.go:85 method=Health result=2 took=29.077碌s
ts=2026-08-16T07:09:00Z caller=logging.go:85 method=Health result=2 took=27.994碌s
ts=2026-08-16T07:09:01Z caller=logging.go:36 method=List tags= order=id pageNum=1 pageSize=10 result=9 err=null took=769.32碌s
ts=2026-08-16T07:09:02Z caller=logging.go:85 method=Health result=2 took=27.323碌s
ts=2026-08-16T07:09:03Z caller=logging.go:85 method=Health result=2 took=28.255碌s
ts=2026-08-16T07:09:04Z caller=logging.go:36 method=List tags= order=id pageNum=1 pageSize=10 result=9 err=null took=738.058碌s
ts=2026-08-16T07:09:05Z caller=logging.go:85 method=Health result=2 took=27.553碌s
ts=2026-08-16T07:09:06Z caller=logging.go:85 method=Health result=2 took=28.004碌s
ts=2026-08-16T07:09:07Z caller=logging.go:36 method=List tags= order=id pageNum=1 pageSize=10 result=9 err=null took=762.595碌s
ts=2026-08-16T07:09:08Z caller=logging.go:85 method=Health result=2 took=27.914碌s
ts=2026-08-16T07:09:09Z caller=logging.go:85 method=Health result=2 took=27.433碌s
ts=2026-08-16T07:09:10Z caller=logging.go:36 method=List tags= order=id pageNum=1 pageSize=10 result=9 err=null took=690碌s
ts=2026-08-16T07:09:11Z caller=logging.go:85 method=Health result=2 took=27.333碌s
ts=2026-08-16T07:09:12Z caller=logging.go:85 method=Health result=2 took=27.123碌s
ts=2026-08-16T07:09:13Z caller=logging.go:36 method=List tags= order=id pageNum=1 pageSize=10 result=9 err=null took=766.975碌s
ts=2026-08-16T07:09:14Z caller=logging.go:85 method=Health result=2 took=28.074碌s
ts=2026-08-16T07:09:15Z caller=logging.go:85 method=Health result=2 took=25.97碌s
ts=2026-08-16T07:09:16Z caller=logging.go:36 method=List tags= order=id pageNum=1 pageSize=10 result=9 err=null took=756.344碌s
ts=2026-08-16T07:09:17Z caller=logging.go:85 method=Health result=2 took=27.593碌s
ts=2026-08-16T07:09:18Z caller=logging.go:85 method=Health result=2 took=28.115碌s
ts=2026-08-16T07:09:19Z caller=logging.go:36 method=List tags= order=id pageNum=1 pageSize=10 result=9 err=null took=742.913碌s
ts=2026-08-16T07:09:20Z caller=logging.go:85 method=Health result=2 took=35.939碌s
ts=2026-08-16T07:09:21Z caller=logging.go:85 method=Health result=2 took=28.996碌s
ts=2026-08-16T07:09:22Z caller=logging.go:36 method=List tags= order=id pageNum=1 pageSize=10 result=9 err=null took=789.263碌s
ts=2026-08-16T07:09:23Z caller=logging.go:85 method=Health result=2 took=36.401碌s
ts=2026-08-16T07:09:24Z caller=logging.go:85 method=Health result=2 took=27.783碌s
ts=2026-08-16T07:09:25Z caller=logging.go:36 method=List tags= order=id pageNum=1 pageSize=10 result=9 err=null took=787.895碌s
ts=2026-08-16T07:09:26Z caller=logging.go:85 method=Health result=2 took=28.816碌s
ts=2026-08-16T07:09:27Z caller=logging.go:36 method=List tags= order=id pageNum=1 pageSize=10 result=9 err=null took=722.006碌s
ts=2026-08-16T07:09:27Z caller=logging.go:36 method=List tags= order=id pageNum=1 pageSize=10 result=9 err=null took=741.298碌s
ts=2026-08-16T07:09:27Z caller=logging.go:36 method=List tags= order=id pageNum=1 pageSize=10 result=9 err=null took=712.319碌s
ts=2026-08-16T07:09:27Z caller=logging.go:85 method=Health result=2 took=28.686碌s
ts=2026-08-16T07:09:27Z caller=logging.go:36 method=List tags= order=id pageNum=1 pageSize=10 result=9 err=null took=835.346碌s
ts=2026-08-16T07:09:27Z caller=logging.go:36 method=List tags= order=id pageNum=1 pageSize=10 result=9 err=null took=718.254碌s
ts=2026-08-16T07:09:28Z caller=logging.go:36 method=List tags= order=id pageNum=1 pageSize=10 result=9 err=null took=721.275碌s
ts=2026-08-16T07:09:29Z caller=logging.go:36 method=List tags= order=id pageNum=1 pageSize=10 result=9 err=null took=698.811碌s
ts=2026-08-16T07:09:29Z caller=logging.go:85 method=Health result=2 took=26.892碌s
ts=2026-08-16T07:09:29Z caller=logging.go:36 method=List tags= order=id pageNum=1 pageSize=10 result=9 err=null took=701.968碌s
ts=2026-08-16T07:09:30Z caller=logging.go:36 method=List tags= order=id pageNum=1 pageSize=10 result=9 err=null took=721.46碌s
ts=2026-08-16T07:09:30Z caller=logging.go:85 method=Health result=2 took=27.643碌s
ts=2026-08-16T07:09:30Z caller=logging.go:36 method=List tags= order=id pageNum=1 pageSize=10 result=9 err=null took=821.659碌s
ts=2026-08-16T07:09:32Z caller=logging.go:85 method=Health result=2 took=28.415碌s
ts=2026-08-16T07:09:33Z caller=logging.go:85 method=Health result=2 took=28.195碌s
ts=2026-08-16T07:09:35Z caller=logging.go:85 method=Health result=2 took=27.854碌s
ts=2026-08-16T07:09:36Z caller=logging.go:85 method=Health result=2 took=27.313碌s
ts=2026-08-16T07:09:38Z caller=logging.go:85 method=Health result=2 took=27.874碌s
ts=2026-08-16T07:09:39Z caller=logging.go:85 method=Health result=2 took=27.984碌s
ts=2026-08-16T07:09:41Z caller=logging.go:85 method=Health result=2 took=27.192碌s
ts=2026-08-16T07:09:42Z caller=logging.go:85 method=Health result=2 took=26.923碌s
ts=2026-08-16T07:09:44Z caller=logging.go:85 method=Health result=2 took=27.313碌s
ts=2026-08-16T07:09:45Z caller=logging.go:85 method=Health result=2 took=28.916碌s
ts=2026-08-16T07:09:47Z caller=logging.go:85 method=Health result=2 took=30.439碌s
ts=2026-08-16T07:09:48Z caller=logging.go:85 method=Health result=2 took=27.663碌s
ts=2026-08-16T07:09:50Z caller=logging.go:85 method=Health result=2 took=30.93碌s
ts=2026-08-16T07:09:51Z caller=logging.go:85 method=Health result=2 took=30.228碌s
ts=2026-08-16T07:09:53Z caller=logging.go:85 method=Health result=2 took=27.323碌s
ts=2026-08-16T07:09:54Z caller=logging.go:85 method=Health result=2 took=27.954碌s
ts=2026-08-16T07:09:56Z caller=logging.go:85 method=Health result=2 took=26.34碌s
ts=2026-08-16T07:09:57Z caller=logging.go:85 method=Health result=2 took=36.581碌s
ts=2026-08-16T07:09:59Z caller=logging.go:85 method=Health result=2 took=27.654碌s
ts=2026-08-16T07:09:59Z caller=logging.go:36 method=List tags= order=id pageNum=1 pageSize=10 result=9 err=null took=702.498碌s
ts=2026-08-16T07:10:00Z caller=logging.go:85 method=Health result=2 took=28.445碌s
ts=2026-08-16T07:10:01Z caller=logging.go:36 method=List tags= order=id pageNum=1 pageSize=10 result=9 err=null took=720.573碌s
ts=2026-08-16T07:10:02Z caller=logging.go:85 method=Health result=2 took=28.305碌s
ts=2026-08-16T07:10:03Z caller=logging.go:85 method=Health result=2 took=28.235碌s
ts=2026-08-16T07:10:03Z caller=logging.go:36 method=List tags= order=id pageNum=1 pageSize=10 result=9 err=null took=750.05碌s
ts=2026-08-16T07:10:05Z caller=logging.go:85 method=Health result=2 took=28.084碌s
ts=2026-08-16T07:10:05Z caller=logging.go:36 method=List tags= order=id pageNum=1 pageSize=10 result=9 err=null took=707.568碌s
ts=2026-08-16T07:10:06Z caller=logging.go:85 method=Health result=2 took=27.493碌s
ts=2026-08-16T07:10:07Z caller=logging.go:36 method=List tags= order=id pageNum=1 pageSize=10 result=9 err=null took=739.067碌s
ts=2026-08-16T07:10:08Z caller=logging.go:85 method=Health result=2 took=29.797碌s
ts=2026-08-16T07:10:09Z caller=logging.go:85 method=Health result=2 took=38.355碌s
ts=2026-08-16T07:10:09Z caller=logging.go:36 method=List tags= order=id pageNum=1 pageSize=10 result=9 err=null took=771.534碌s
ts=2026-08-16T07:10:11Z caller=logging.go:85 method=Health result=2 took=27.493碌s
ts=2026-08-16T07:10:12Z caller=logging.go:85 method=Health result=2 took=28.896碌s
ts=2026-08-16T07:10:13Z caller=logging.go:36 method=List tags= order=id pageNum=1 pageSize=10 result=9 err=null took=724.182碌s
ts=2026-08-16T07:10:14Z caller=logging.go:85 method=Health result=2 took=27.393碌s
ts=2026-08-16T07:10:15Z caller=logging.go:85 method=Health result=2 took=27.634碌s
ts=2026-08-16T07:10:16Z caller=logging.go:36 method=List tags= order=id pageNum=1 pageSize=10 result=9 err=null took=797.954碌s
ts=2026-08-16T07:10:17Z caller=logging.go:85 method=Health result=2 took=28.976碌s
ts=2026-08-16T07:10:18Z caller=logging.go:85 method=Health result=2 took=30.459碌s
ts=2026-08-16T07:10:19Z caller=logging.go:36 method=List tags= order=id pageNum=1 pageSize=10 result=9 err=null took=778.687碌s
ts=2026-08-16T07:10:20Z caller=logging.go:85 method=Health result=2 took=27.414碌s
ts=2026-08-16T07:10:21Z caller=logging.go:85 method=Health result=2 took=29.357碌s
ts=2026-08-16T07:10:22Z caller=logging.go:36 method=List tags= order=id pageNum=1 pageSize=10 result=9 err=null took=734.766碌s
ts=2026-08-16T07:10:23Z caller=logging.go:85 method=Health result=2 took=30.309碌s
ts=2026-08-16T07:10:24Z caller=logging.go:85 method=Health result=2 took=26.451碌s
ts=2026-08-16T07:10:25Z caller=logging.go:36 method=List tags= order=id pageNum=1 pageSize=10 result=9 err=null took=740.723碌s
ts=2026-08-16T07:10:26Z caller=logging.go:85 method=Health result=2 took=28.164碌s
ts=2026-08-16T07:10:27Z caller=logging.go:85 method=Health result=2 took=27.694碌s
ts=2026-08-16T07:10:28Z caller=logging.go:36 method=List tags= order=id pageNum=1 pageSize=10 result=9 err=null took=721.911碌s
ts=2026-08-16T07:10:29Z caller=logging.go:85 method=Health result=2 took=28.215碌s
ts=2026-08-16T07:10:30Z caller=logging.go:85 method=Health result=2 took=27.613碌s
ts=2026-08-16T07:10:31Z caller=logging.go:36 method=List tags= order=id pageNum=1 pageSize=10 result=9 err=null took=749.716碌s
ts=2026-08-16T07:10:32Z caller=logging.go:85 method=Health result=2 took=27.383碌s
ts=2026-08-16T07:10:33Z caller=logging.go:85 method=Health result=2 took=27.593碌s
ts=2026-08-16T07:10:34Z caller=logging.go:36 method=List tags= order=id pageNum=1 pageSize=10 result=9 err=null took=842.556碌s
ts=2026-08-16T07:10:35Z caller=logging.go:85 method=Health result=2 took=35.669碌s
ts=2026-08-16T07:10:36Z caller=logging.go:85 method=Health result=2 took=26.852碌s
ts=2026-08-16T07:10:37Z caller=logging.go:36 method=List tags= order=id pageNum=1 pageSize=10 result=9 err=null took=805.448碌s
ts=2026-08-16T07:10:38Z caller=logging.go:85 method=Health result=2 took=28.525碌s
ts=2026-08-16T07:10:39Z caller=logging.go:85 method=Health result=2 took=27.744碌s
ts=2026-08-16T07:10:40Z caller=logging.go:36 method=List tags= order=id pageNum=1 pageSize=10 result=9 err=null took=788.185碌s
ts=2026-08-16T07:10:41Z caller=logging.go:85 method=Health result=2 took=30.188碌s
ts=2026-08-16T07:10:42Z caller=logging.go:85 method=Health result=2 took=554.698碌s
ts=2026-08-16T07:10:43Z caller=logging.go:36 method=List tags= order=id pageNum=1 pageSize=10 result=9 err=null took=764.626碌s
ts=2026-08-16T07:10:44Z caller=logging.go:85 method=Health result=2 took=27.994碌s
ts=2026-08-16T07:10:45Z caller=logging.go:85 method=Health result=2 took=28.485碌s
ts=2026-08-16T07:10:46Z caller=logging.go:36 method=List tags= order=id pageNum=1 pageSize=10 result=9 err=null took=771.703碌s
ts=2026-08-16T07:10:47Z caller=logging.go:85 method=Health result=2 took=27.353碌s
ts=2026-08-16T07:10:48Z caller=logging.go:85 method=Health result=2 took=28.104碌s
ts=2026-08-16T07:10:49Z caller=logging.go:36 method=List tags= order=id pageNum=1 pageSize=10 result=9 err=null took=722.548碌s
ts=2026-08-16T07:10:50Z caller=logging.go:85 method=Health result=2 took=28.085碌s
ts=2026-08-16T07:10:51Z caller=logging.go:85 method=Health result=2 took=27.463碌s
ts=2026-08-16T07:10:53Z caller=logging.go:36 method=List tags= order=id pageNum=1 pageSize=10 result=9 err=null took=731.105碌s
ts=2026-08-16T07:10:53Z caller=logging.go:85 method=Health result=2 took=26.531碌s
ts=2026-08-16T07:10:54Z caller=logging.go:85 method=Health result=2 took=31.07碌s
ts=2026-08-16T07:10:56Z caller=logging.go:36 method=List tags= order=id pageNum=1 pageSize=10 result=9 err=null took=718.478碌s
ts=2026-08-16T07:10:56Z caller=logging.go:85 method=Health result=2 took=27.443碌s
ts=2026-08-16T07:10:57Z caller=logging.go:85 method=Health result=2 took=27.834碌s
ts=2026-08-16T07:10:59Z caller=logging.go:36 method=List tags= order=id pageNum=1 pageSize=10 result=9 err=null took=767.598碌s
ts=2026-08-16T07:10:59Z caller=logging.go:85 method=Health result=2 took=31.28碌s
ts=2026-08-16T07:11:00Z caller=logging.go:85 method=Health result=2 took=28.335碌s
ts=2026-08-16T07:11:02Z caller=logging.go:36 method=List tags= order=id pageNum=1 pageSize=10 result=9 err=null took=726.461碌s
ts=2026-08-16T07:11:02Z caller=logging.go:85 method=Health result=2 took=27.242碌s
ts=2026-08-16T07:11:03Z caller=logging.go:85 method=Health result=2 took=27.994碌s
ts=2026-08-16T07:11:05Z caller=logging.go:36 method=List tags= order=id pageNum=1 pageSize=10 result=9 err=null took=797.994碌s
ts=2026-08-16T07:11:05Z caller=logging.go:85 method=Health result=2 took=28.926碌s
ts=2026-08-16T07:11:06Z caller=logging.go:85 method=Health result=2 took=27.083碌s
ts=2026-08-16T07:11:08Z caller=logging.go:36 method=List tags= order=id pageNum=1 pageSize=10 result=9 err=null took=731.126碌s
ts=2026-08-16T07:11:08Z caller=logging.go:85 method=Health result=2 took=26.962碌s
ts=2026-08-16T07:11:09Z caller=logging.go:85 method=Health result=2 took=27.964碌s
ts=2026-08-16T07:11:11Z caller=logging.go:36 method=List tags= order=id pageNum=1 pageSize=10 result=9 err=null took=825.874碌s
ts=2026-08-16T07:11:11Z caller=logging.go:85 method=Health result=2 took=35.98碌s
ts=2026-08-16T07:11:12Z caller=logging.go:85 method=Health result=2 took=29.217碌s
ts=2026-08-16T07:11:13Z caller=logging.go:36 method=List tags= order=id pageNum=1 pageSize=10 result=9 err=null took=743.124碌s
ts=2026-08-16T07:11:13Z caller=logging.go:36 method=List tags= order=id pageNum=1 pageSize=10 result=9 err=null took=713.206碌s
ts=2026-08-16T07:11:13Z caller=logging.go:36 method=List tags= order=id pageNum=1 pageSize=10 result=9 err=null took=724.253碌s
ts=2026-08-16T07:11:13Z caller=logging.go:36 method=List tags= order=id pageNum=1 pageSize=10 result=9 err=null took=774.811碌s
ts=2026-08-16T07:11:13Z caller=logging.go:36 method=List tags= order=id pageNum=1 pageSize=10 result=9 err=null took=728.401碌s
ts=2026-08-16T07:11:14Z caller=logging.go:36 method=List tags= order=id pageNum=1 pageSize=10 result=9 err=null took=695.648碌s
ts=2026-08-16T07:11:14Z caller=logging.go:85 method=Health result=2 took=27.062碌s
ts=2026-08-16T07:11:14Z caller=logging.go:36 method=List tags= order=id pageNum=1 pageSize=10 result=9 err=null took=727.624碌s
ts=2026-08-16T07:11:15Z caller=logging.go:36 method=List tags= order=id pageNum=1 pageSize=10 result=9 err=null took=751.917碌s
ts=2026-08-16T07:11:15Z caller=logging.go:85 method=Health result=2 took=35.849碌s
ts=2026-08-16T07:11:16Z caller=logging.go:36 method=List tags= order=id pageNum=1 pageSize=10 result=9 err=null took=733.828碌s
ts=2026-08-16T07:11:16Z caller=logging.go:36 method=List tags= order=id pageNum=1 pageSize=10 result=9 err=null took=763.098碌s
ts=2026-08-16T07:11:17Z caller=logging.go:85 method=Health result=2 took=28.655碌s
ts=2026-08-16T07:11:18Z caller=logging.go:85 method=Health result=2 took=29.807碌s
ts=2026-08-16T07:11:20Z caller=logging.go:85 method=Health result=2 took=27.123碌s
ts=2026-08-16T07:11:21Z caller=logging.go:85 method=Health result=2 took=27.503碌s
ts=2026-08-16T07:11:23Z caller=logging.go:85 method=Health result=2 took=30.239碌s
ts=2026-08-16T07:11:24Z caller=logging.go:85 method=Health result=2 took=29.206碌s
ts=2026-08-16T07:11:26Z caller=logging.go:85 method=Health result=2 took=30.039碌s
ts=2026-08-16T07:11:27Z caller=logging.go:85 method=Health result=2 took=28.996碌s
ts=2026-08-16T07:11:29Z caller=logging.go:85 method=Health result=2 took=28.145碌s
ts=2026-08-16T07:11:30Z caller=logging.go:85 method=Health result=2 took=27.533碌s
ts=2026-08-16T07:11:32Z caller=logging.go:85 method=Health result=2 took=28.135碌s
ts=2026-08-16T07:11:33Z caller=logging.go:85 method=Health result=2 took=27.814碌s
ts=2026-08-16T07:11:35Z caller=logging.go:85 method=Health result=2 took=26.863碌s
ts=2026-08-16T07:11:36Z caller=logging.go:85 method=Health result=2 took=28.074碌s
ts=2026-08-16T07:11:38Z caller=logging.go:85 method=Health result=2 took=27.994碌s
ts=2026-08-16T07:11:39Z caller=logging.go:85 method=Health result=2 took=28.595碌s
ts=2026-08-16T07:11:41Z caller=logging.go:85 method=Health result=2 took=28.635碌s
ts=2026-08-16T07:11:42Z caller=logging.go:85 method=Health result=2 took=28.154碌s
ts=2026-08-16T07:11:44Z caller=logging.go:85 method=Health result=2 took=27.243碌s
ts=2026-08-16T07:11:45Z caller=logging.go:36 method=List tags= order=id pageNum=1 pageSize=10 result=9 err=null took=820.142碌s
ts=2026-08-16T07:11:45Z caller=logging.go:85 method=Health result=2 took=30.549碌s
ts=2026-08-16T07:11:47Z caller=logging.go:36 method=List tags= order=id pageNum=1 pageSize=10 result=9 err=null took=733.804碌s
ts=2026-08-16T07:11:47Z caller=logging.go:85 method=Health result=2 took=26.712碌s
ts=2026-08-16T07:11:48Z caller=logging.go:85 method=Health result=2 took=28.074碌s
ts=2026-08-16T07:11:49Z caller=logging.go:36 method=List tags= order=id pageNum=1 pageSize=10 result=9 err=null took=769.434碌s
ts=2026-08-16T07:11:50Z caller=logging.go:85 method=Health result=2 took=27.063碌s
ts=2026-08-16T07:11:51Z caller=logging.go:36 method=List tags= order=id pageNum=1 pageSize=10 result=9 err=null took=768.277碌s
ts=2026-08-16T07:11:51Z caller=logging.go:85 method=Health result=2 took=29.537碌s
ts=2026-08-16T07:11:53Z caller=logging.go:85 method=Health result=2 took=27.834碌s
ts=2026-08-16T07:11:53Z caller=logging.go:36 method=List tags= order=id pageNum=1 pageSize=10 result=9 err=null took=733.736碌s
ts=2026-08-16T07:11:54Z caller=logging.go:85 method=Health result=2 took=27.864碌s
ts=2026-08-16T07:11:55Z caller=logging.go:36 method=List tags= order=id pageNum=1 pageSize=10 result=9 err=null took=896.521碌s
ts=2026-08-16T07:11:56Z caller=logging.go:85 method=Health result=2 took=29.307碌s
ts=2026-08-16T07:11:57Z caller=logging.go:85 method=Health result=2 took=33.234碌s
ts=2026-08-16T07:11:58Z caller=logging.go:36 method=List tags= order=id pageNum=1 pageSize=10 result=9 err=null took=718.591碌s
ts=2026-08-16T07:11:59Z caller=logging.go:85 method=Health result=2 took=27.323碌s
ts=2026-08-16T07:12:00Z caller=logging.go:85 method=Health result=2 took=38.204碌s
ts=2026-08-16T07:12:01Z caller=logging.go:36 method=List tags= order=id pageNum=1 pageSize=10 result=9 err=null took=766.343碌s
ts=2026-08-16T07:12:02Z caller=logging.go:85 method=Health result=2 took=28.105碌s
ts=2026-08-16T07:12:03Z caller=logging.go:85 method=Health result=2 took=28.615碌s
ts=2026-08-16T07:12:04Z caller=logging.go:36 method=List tags= order=id pageNum=1 pageSize=10 result=9 err=null took=776.253碌s
ts=2026-08-16T07:12:05Z caller=logging.go:85 method=Health result=2 took=28.345碌s
ts=2026-08-16T07:12:06Z caller=logging.go:85 method=Health result=2 took=29.367碌s
ts=2026-08-16T07:12:08Z caller=logging.go:36 method=List tags= order=id pageNum=1 pageSize=10 result=9 err=null took=747.854碌s
ts=2026-08-16T07:12:08Z caller=logging.go:85 method=Health result=2 took=28.034碌s
ts=2026-08-16T07:12:09Z caller=logging.go:85 method=Health result=2 took=27.773碌s
ts=2026-08-16T07:12:11Z caller=logging.go:36 method=List tags= order=id pageNum=1 pageSize=10 result=9 err=null took=720.375碌s
ts=2026-08-16T07:12:11Z caller=logging.go:85 method=Health result=2 took=25.94碌s
ts=2026-08-16T07:12:12Z caller=logging.go:85 method=Health result=2 took=27.383碌s
ts=2026-08-16T07:12:14Z caller=logging.go:36 method=List tags= order=id pageNum=1 pageSize=10 result=9 err=null took=737.558碌s
ts=2026-08-16T07:12:14Z caller=logging.go:85 method=Health result=2 took=28.446碌s
ts=2026-08-16T07:12:15Z caller=logging.go:85 method=Health result=2 took=28.155碌s
ts=2026-08-16T07:12:17Z caller=logging.go:36 method=List tags= order=id pageNum=1 pageSize=10 result=9 err=null took=778.606碌s
ts=2026-08-16T07:12:17Z caller=logging.go:85 method=Health result=2 took=28.125碌s
ts=2026-08-16T07:12:18Z caller=logging.go:85 method=Health result=2 took=29.016碌s
ts=2026-08-16T07:12:20Z caller=logging.go:36 method=List tags= order=id pageNum=1 pageSize=10 result=9 err=null took=790.714碌s
ts=2026-08-16T07:12:20Z caller=logging.go:85 method=Health result=2 took=30.269碌s
ts=2026-08-16T07:12:21Z caller=logging.go:85 method=Health result=2 took=26.682碌s
ts=2026-08-16T07:12:23Z caller=logging.go:36 method=List tags= order=id pageNum=1 pageSize=10 result=9 err=null took=706.017碌s
ts=2026-08-16T07:12:23Z caller=logging.go:85 method=Health result=2 took=23.595碌s
ts=2026-08-16T07:12:24Z caller=logging.go:85 method=Health result=2 took=27.594碌s
ts=2026-08-16T07:12:26Z caller=logging.go:85 method=Health result=2 took=42.572碌s
ts=2026-08-16T07:12:26Z caller=logging.go:36 method=List tags= order=id pageNum=1 pageSize=10 result=9 err=null took=704.802碌s
ts=2026-08-16T07:12:27Z caller=logging.go:85 method=Health result=2 took=28.445碌s
ts=2026-08-16T07:12:29Z caller=logging.go:85 method=Health result=2 took=28.275碌s
ts=2026-08-16T07:12:29Z caller=logging.go:36 method=List tags= order=id pageNum=1 pageSize=10 result=9 err=null took=756.603碌s
ts=2026-08-16T07:12:30Z caller=logging.go:85 method=Health result=2 took=28.926碌s
ts=2026-08-16T07:12:32Z caller=logging.go:85 method=Health result=2 took=28.836碌s
ts=2026-08-16T07:12:32Z caller=logging.go:36 method=List tags= order=id pageNum=1 pageSize=10 result=9 err=null took=747.876碌s
ts=2026-08-16T07:12:33Z caller=logging.go:85 method=Health result=2 took=28.055碌s
ts=2026-08-16T07:12:35Z caller=logging.go:85 method=Health result=2 took=27.363碌s
ts=2026-08-16T07:12:35Z caller=logging.go:36 method=List tags= order=id pageNum=1 pageSize=10 result=9 err=null took=756.715碌s
ts=2026-08-16T07:12:36Z caller=logging.go:85 method=Health result=2 took=28.385碌s
ts=2026-08-16T07:12:38Z caller=logging.go:85 method=Health result=2 took=29.577碌s
ts=2026-08-16T07:12:38Z caller=logging.go:36 method=List tags= order=id pageNum=1 pageSize=10 result=9 err=null took=756.654碌s
ts=2026-08-16T07:12:39Z caller=logging.go:85 method=Health result=2 took=28.665碌s
ts=2026-08-16T07:12:41Z caller=logging.go:85 method=Health result=2 took=27.413碌s
ts=2026-08-16T07:12:41Z caller=logging.go:36 method=List tags= order=id pageNum=1 pageSize=10 result=9 err=null took=815.087碌s
ts=2026-08-16T07:12:42Z caller=logging.go:85 method=Health result=2 took=28.305碌s
ts=2026-08-16T07:12:44Z caller=logging.go:85 method=Health result=2 took=41.35碌s
ts=2026-08-16T07:12:45Z caller=logging.go:36 method=List tags= order=id pageNum=1 pageSize=10 result=9 err=null took=722.198碌s
ts=2026-08-16T07:12:45Z caller=logging.go:85 method=Health result=2 took=27.813碌s
ts=2026-08-16T07:12:47Z caller=logging.go:85 method=Health result=2 took=27.834碌s
ts=2026-08-16T07:12:48Z caller=logging.go:36 method=List tags= order=id pageNum=1 pageSize=10 result=9 err=null took=696.974碌s
ts=2026-08-16T07:12:48Z caller=logging.go:85 method=Health result=2 took=29.247碌s
ts=2026-08-16T07:12:50Z caller=logging.go:85 method=Health result=2 took=28.846碌s
ts=2026-08-16T07:12:51Z caller=logging.go:36 method=List tags= order=id pageNum=1 pageSize=10 result=9 err=null took=819.877碌s
ts=2026-08-16T07:12:51Z caller=logging.go:85 method=Health result=2 took=31.04碌s
ts=2026-08-16T07:12:53Z caller=logging.go:85 method=Health result=2 took=27.643碌s
ts=2026-08-16T07:12:54Z caller=logging.go:36 method=List tags= order=id pageNum=1 pageSize=10 result=9 err=null took=853.542碌s
ts=2026-08-16T07:12:54Z caller=logging.go:85 method=Health result=2 took=29.567碌s
ts=2026-08-16T07:12:56Z caller=logging.go:85 method=Health result=2 took=28.144碌s
ts=2026-08-16T07:12:57Z caller=logging.go:36 method=List tags= order=id pageNum=1 pageSize=10 result=9 err=null took=809.733碌s
