ts=2026-08-15T10:48:01Z caller=logging.go:85 method=Health result=2 took=31.2碌s
ts=2026-08-15T10:48:02Z caller=logging.go:85 method=Health result=2 took=53.263碌s
ts=2026-08-15T10:48:04Z caller=logging.go:85 method=Health result=2 took=29.137碌s
ts=2026-08-15T10:48:05Z caller=logging.go:85 method=Health result=2 took=34.677碌s
ts=2026-08-15T10:48:07Z caller=logging.go:85 method=Health result=2 took=26.01碌s
ts=2026-08-15T10:48:08Z caller=logging.go:85 method=Health result=2 took=30.9碌s
ts=2026-08-15T10:48:10Z caller=logging.go:85 method=Health result=2 took=35.348碌s
ts=2026-08-15T10:48:11Z caller=logging.go:85 method=Health result=2 took=27.052碌s
ts=2026-08-15T10:48:13Z caller=logging.go:85 method=Health result=2 took=26.261碌s
ts=2026-08-15T10:48:14Z caller=logging.go:85 method=Health result=2 took=27.924碌s
ts=2026-08-15T10:48:16Z caller=logging.go:85 method=Health result=2 took=37.312碌s
ts=2026-08-15T10:48:17Z caller=logging.go:85 method=Health result=2 took=27.383碌s
ts=2026-08-15T10:48:19Z caller=logging.go:85 method=Health result=2 took=27.593碌s
ts=2026-08-15T10:48:20Z caller=logging.go:85 method=Health result=2 took=31.691碌s
ts=2026-08-15T10:48:22Z caller=logging.go:85 method=Health result=2 took=26.712碌s
ts=2026-08-15T10:48:23Z caller=logging.go:85 method=Health result=2 took=33.725碌s
ts=2026-08-15T10:48:25Z caller=logging.go:85 method=Health result=2 took=26.121碌s
ts=2026-08-15T10:48:26Z caller=logging.go:85 method=Health result=2 took=31.962碌s
ts=2026-08-15T10:48:28Z caller=logging.go:85 method=Health result=2 took=28.926碌s
ts=2026-08-15T10:48:29Z caller=logging.go:85 method=Health result=2 took=31碌s
ts=2026-08-15T10:48:31Z caller=logging.go:85 method=Health result=2 took=26.702碌s
ts=2026-08-15T10:48:32Z caller=logging.go:85 method=Health result=2 took=29.107碌s
ts=2026-08-15T10:48:34Z caller=logging.go:85 method=Health result=2 took=26.06碌s
ts=2026-08-15T10:48:35Z caller=logging.go:85 method=Health result=2 took=28.284碌s
ts=2026-08-15T10:48:37Z caller=logging.go:85 method=Health result=2 took=27.493碌s
ts=2026-08-15T10:48:38Z caller=logging.go:85 method=Health result=2 took=28.485碌s
ts=2026-08-15T10:48:40Z caller=logging.go:85 method=Health result=2 took=28.866碌s
ts=2026-08-15T10:48:41Z caller=logging.go:85 method=Health result=2 took=33.425碌s
ts=2026-08-15T10:48:43Z caller=logging.go:85 method=Health result=2 took=26.361碌s
ts=2026-08-15T10:48:44Z caller=logging.go:85 method=Health result=2 took=30.018碌s
ts=2026-08-15T10:48:46Z caller=logging.go:85 method=Health result=2 took=37.262碌s
ts=2026-08-15T10:48:47Z caller=logging.go:85 method=Health result=2 took=30.158碌s
ts=2026-08-15T10:48:49Z caller=logging.go:85 method=Health result=2 took=26.291碌s
ts=2026-08-15T10:48:50Z caller=logging.go:85 method=Health result=2 took=36.25碌s
ts=2026-08-15T10:48:52Z caller=logging.go:85 method=Health result=2 took=29.287碌s
ts=2026-08-15T10:48:53Z caller=logging.go:85 method=Health result=2 took=38.604碌s
ts=2026-08-15T10:48:55Z caller=logging.go:85 method=Health result=2 took=28.685碌s
ts=2026-08-15T10:48:56Z caller=logging.go:85 method=Health result=2 took=27.523碌s
ts=2026-08-15T10:48:58Z caller=logging.go:85 method=Health result=2 took=26.662碌s
ts=2026-08-15T10:48:59Z caller=logging.go:85 method=Health result=2 took=28.234碌s
ts=2026-08-15T10:49:01Z caller=logging.go:85 method=Health result=2 took=29.788碌s
ts=2026-08-15T10:49:02Z caller=logging.go:85 method=Health result=2 took=28.966碌s
ts=2026-08-15T10:49:04Z caller=logging.go:85 method=Health result=2 took=26.081碌s
ts=2026-08-15T10:49:05Z caller=logging.go:85 method=Health result=2 took=35.96碌s
ts=2026-08-15T10:49:07Z caller=logging.go:85 method=Health result=2 took=26.512碌s
ts=2026-08-15T10:49:08Z caller=logging.go:85 method=Health result=2 took=29.998碌s
ts=2026-08-15T10:49:10Z caller=logging.go:85 method=Health result=2 took=27.152碌s
ts=2026-08-15T10:49:11Z caller=logging.go:85 method=Health result=2 took=52.011碌s
ts=2026-08-15T10:49:13Z caller=logging.go:85 method=Health result=2 took=34.026碌s
ts=2026-08-15T10:49:14Z caller=logging.go:85 method=Health result=2 took=27.693碌s
ts=2026-08-15T10:49:16Z caller=logging.go:85 method=Health result=2 took=26.261碌s
ts=2026-08-15T10:49:17Z caller=logging.go:85 method=Health result=2 took=27.413碌s
ts=2026-08-15T10:49:19Z caller=logging.go:85 method=Health result=2 took=27.824碌s
ts=2026-08-15T10:49:20Z caller=logging.go:85 method=Health result=2 took=29.928碌s
ts=2026-08-15T10:49:22Z caller=logging.go:85 method=Health result=2 took=26.001碌s
ts=2026-08-15T10:49:23Z caller=logging.go:85 method=Health result=2 took=26.732碌s
ts=2026-08-15T10:49:25Z caller=logging.go:85 method=Health result=2 took=26.712碌s
ts=2026-08-15T10:49:26Z caller=logging.go:85 method=Health result=2 took=25.86碌s
ts=2026-08-15T10:49:28Z caller=logging.go:85 method=Health result=2 took=25.93碌s
ts=2026-08-15T10:49:29Z caller=logging.go:85 method=Health result=2 took=28.175碌s
ts=2026-08-15T10:49:31Z caller=logging.go:85 method=Health result=2 took=26.551碌s
ts=2026-08-15T10:49:32Z caller=logging.go:85 method=Health result=2 took=35.569碌s
ts=2026-08-15T10:49:34Z caller=logging.go:85 method=Health result=2 took=27.523碌s
ts=2026-08-15T10:49:35Z caller=logging.go:85 method=Health result=2 took=34.006碌s
ts=2026-08-15T10:49:37Z caller=logging.go:85 method=Health result=2 took=26.892碌s
ts=2026-08-15T10:49:38Z caller=logging.go:85 method=Health result=2 took=26.071碌s
ts=2026-08-15T10:49:40Z caller=logging.go:85 method=Health result=2 took=36.831碌s
ts=2026-08-15T10:49:41Z caller=logging.go:85 method=Health result=2 took=27.543碌s
ts=2026-08-15T10:49:43Z caller=logging.go:85 method=Health result=2 took=27.062碌s
ts=2026-08-15T10:49:44Z caller=logging.go:85 method=Health result=2 took=26.732碌s
ts=2026-08-15T10:49:46Z caller=logging.go:85 method=Health result=2 took=29.277碌s
ts=2026-08-15T10:49:47Z caller=logging.go:85 method=Health result=2 took=30.729碌s
ts=2026-08-15T10:49:49Z caller=logging.go:85 method=Health result=2 took=34.317碌s
ts=2026-08-15T10:49:50Z caller=logging.go:85 method=Health result=2 took=26.882碌s
ts=2026-08-15T10:49:52Z caller=logging.go:85 method=Health result=2 took=31.551碌s
ts=2026-08-15T10:49:53Z caller=logging.go:85 method=Health result=2 took=25.95碌s
ts=2026-08-15T10:49:55Z caller=logging.go:85 method=Health result=2 took=26.822碌s
ts=2026-08-15T10:49:56Z caller=logging.go:85 method=Health result=2 took=25.77碌s
ts=2026-08-15T10:49:58Z caller=logging.go:85 method=Health result=2 took=26.451碌s
ts=2026-08-15T10:49:59Z caller=logging.go:85 method=Health result=2 took=28.345碌s
ts=2026-08-15T10:50:01Z caller=logging.go:85 method=Health result=2 took=28.154碌s
ts=2026-08-15T10:50:02Z caller=logging.go:85 method=Health result=2 took=52.983碌s
ts=2026-08-15T10:50:04Z caller=logging.go:85 method=Health result=2 took=27.032碌s
ts=2026-08-15T10:50:05Z caller=logging.go:85 method=Health result=2 took=34.336碌s
ts=2026-08-15T10:50:07Z caller=logging.go:85 method=Health result=2 took=29.637碌s
ts=2026-08-15T10:50:08Z caller=logging.go:85 method=Health result=2 took=28.335碌s
ts=2026-08-15T10:50:10Z caller=logging.go:85 method=Health result=2 took=27.153碌s
ts=2026-08-15T10:50:11Z caller=logging.go:85 method=Health result=2 took=28.375碌s
ts=2026-08-15T10:50:13Z caller=logging.go:85 method=Health result=2 took=29.778碌s
ts=2026-08-15T10:50:14Z caller=logging.go:85 method=Health result=2 took=27.152碌s
ts=2026-08-15T10:50:16Z caller=logging.go:85 method=Health result=2 took=26.441碌s
ts=2026-08-15T10:50:17Z caller=logging.go:85 method=Health result=2 took=27.663碌s
ts=2026-08-15T10:50:19Z caller=logging.go:85 method=Health result=2 took=33.775碌s
ts=2026-08-15T10:50:20Z caller=logging.go:85 method=Health result=2 took=28.275碌s
ts=2026-08-15T10:50:22Z caller=logging.go:85 method=Health result=2 took=27.834碌s
ts=2026-08-15T10:50:23Z caller=logging.go:85 method=Health result=2 took=29.877碌s
ts=2026-08-15T10:50:25Z caller=logging.go:85 method=Health result=2 took=29.506碌s
ts=2026-08-15T10:50:26Z caller=logging.go:85 method=Health result=2 took=26.37碌s
ts=2026-08-15T10:50:28Z caller=logging.go:85 method=Health result=2 took=29.597碌s
ts=2026-08-15T10:50:29Z caller=logging.go:85 method=Health result=2 took=37.833碌s
ts=2026-08-15T10:50:31Z caller=logging.go:85 method=Health result=2 took=27.513碌s
ts=2026-08-15T10:50:32Z caller=logging.go:85 method=Health result=2 took=26.882碌s
ts=2026-08-15T10:50:34Z caller=logging.go:85 method=Health result=2 took=28.325碌s
ts=2026-08-15T10:50:35Z caller=logging.go:85 method=Health result=2 took=35.639碌s
ts=2026-08-15T10:50:37Z caller=logging.go:85 method=Health result=2 took=29.638碌s
ts=2026-08-15T10:50:38Z caller=logging.go:85 method=Health result=2 took=31.08碌s
ts=2026-08-15T10:50:40Z caller=logging.go:85 method=Health result=2 took=27.304碌s
ts=2026-08-15T10:50:41Z caller=logging.go:85 method=Health result=2 took=34.437碌s
ts=2026-08-15T10:50:43Z caller=logging.go:85 method=Health result=2 took=29.708碌s
ts=2026-08-15T10:50:44Z caller=logging.go:85 method=Health result=2 took=30.981碌s
ts=2026-08-15T10:50:46Z caller=logging.go:85 method=Health result=2 took=28.265碌s
ts=2026-08-15T10:50:47Z caller=logging.go:85 method=Health result=2 took=38.224碌s
ts=2026-08-15T10:50:49Z caller=logging.go:85 method=Health result=2 took=27.383碌s
ts=2026-08-15T10:50:50Z caller=logging.go:85 method=Health result=2 took=30.038碌s
ts=2026-08-15T10:50:52Z caller=logging.go:85 method=Health result=2 took=34.657碌s
ts=2026-08-15T10:50:53Z caller=logging.go:85 method=Health result=2 took=27.404碌s
ts=2026-08-15T10:50:55Z caller=logging.go:85 method=Health result=2 took=27.774碌s
ts=2026-08-15T10:50:56Z caller=logging.go:85 method=Health result=2 took=28.896碌s
ts=2026-08-15T10:50:58Z caller=logging.go:85 method=Health result=2 took=27.173碌s
ts=2026-08-15T10:50:59Z caller=logging.go:85 method=Health result=2 took=38.084碌s
ts=2026-08-15T10:51:01Z caller=logging.go:85 method=Health result=2 took=26.061碌s
ts=2026-08-15T10:51:02Z caller=logging.go:85 method=Health result=2 took=28.415碌s
ts=2026-08-15T10:51:04Z caller=logging.go:85 method=Health result=2 took=33.285碌s
ts=2026-08-15T10:51:05Z caller=logging.go:85 method=Health result=2 took=41.27碌s
ts=2026-08-15T10:51:07Z caller=logging.go:85 method=Health result=2 took=28.375碌s
ts=2026-08-15T10:51:08Z caller=logging.go:85 method=Health result=2 took=27.784碌s
ts=2026-08-15T10:51:10Z caller=logging.go:85 method=Health result=2 took=50.688碌s
ts=2026-08-15T10:51:11Z caller=logging.go:85 method=Health result=2 took=34.477碌s
ts=2026-08-15T10:51:13Z caller=logging.go:85 method=Health result=2 took=34.657碌s
ts=2026-08-15T10:51:14Z caller=logging.go:85 method=Health result=2 took=30.589碌s
ts=2026-08-15T10:51:16Z caller=logging.go:85 method=Health result=2 took=29.427碌s
ts=2026-08-15T10:51:17Z caller=logging.go:85 method=Health result=2 took=49.757碌s
ts=2026-08-15T10:51:19Z caller=logging.go:85 method=Health result=2 took=29.407碌s
ts=2026-08-15T10:51:20Z caller=logging.go:85 method=Health result=2 took=33.204碌s
ts=2026-08-15T10:51:22Z caller=logging.go:85 method=Health result=2 took=27.112碌s
ts=2026-08-15T10:51:23Z caller=logging.go:85 method=Health result=2 took=52.572碌s
ts=2026-08-15T10:51:25Z caller=logging.go:85 method=Health result=2 took=27.573碌s
ts=2026-08-15T10:51:26Z caller=logging.go:85 method=Health result=2 took=28.956碌s
ts=2026-08-15T10:51:28Z caller=logging.go:85 method=Health result=2 took=27.292碌s
ts=2026-08-15T10:51:29Z caller=logging.go:85 method=Health result=2 took=27.934碌s
ts=2026-08-15T10:51:31Z caller=logging.go:85 method=Health result=2 took=26.451碌s
ts=2026-08-15T10:51:32Z caller=logging.go:85 method=Health result=2 took=27.483碌s
ts=2026-08-15T10:51:34Z caller=logging.go:85 method=Health result=2 took=26.462碌s
ts=2026-08-15T10:51:35Z caller=logging.go:85 method=Health result=2 took=29.677碌s
ts=2026-08-15T10:51:37Z caller=logging.go:85 method=Health result=2 took=105.434碌s
ts=2026-08-15T10:51:38Z caller=logging.go:85 method=Health result=2 took=27.974碌s
ts=2026-08-15T10:51:40Z caller=logging.go:85 method=Health result=2 took=30.869碌s
ts=2026-08-15T10:51:41Z caller=logging.go:85 method=Health result=2 took=34.848碌s
ts=2026-08-15T10:51:43Z caller=logging.go:85 method=Health result=2 took=28.535碌s
ts=2026-08-15T10:51:44Z caller=logging.go:85 method=Health result=2 took=28.556碌s
ts=2026-08-15T10:51:46Z caller=logging.go:85 method=Health result=2 took=27.153碌s
ts=2026-08-15T10:51:47Z caller=logging.go:85 method=Health result=2 took=34.236碌s
ts=2026-08-15T10:51:49Z caller=logging.go:85 method=Health result=2 took=27.083碌s
ts=2026-08-15T10:51:50Z caller=logging.go:85 method=Health result=2 took=27.854碌s
ts=2026-08-15T10:51:52Z caller=logging.go:85 method=Health result=2 took=28.875碌s
ts=2026-08-15T10:51:53Z caller=logging.go:85 method=Health result=2 took=37.383碌s
ts=2026-08-15T10:51:55Z caller=logging.go:85 method=Health result=2 took=29.417碌s
ts=2026-08-15T10:51:56Z caller=logging.go:85 method=Health result=2 took=28.205碌s
ts=2026-08-15T10:51:58Z caller=logging.go:85 method=Health result=2 took=25.92碌s
ts=2026-08-15T10:51:59Z caller=logging.go:85 method=Health result=2 took=32.072碌s
ts=2026-08-15T10:52:01Z caller=logging.go:85 method=Health result=2 took=27.322碌s
ts=2026-08-15T10:52:02Z caller=logging.go:85 method=Health result=2 took=28.104碌s
ts=2026-08-15T10:52:04Z caller=logging.go:85 method=Health result=2 took=29.787碌s
ts=2026-08-15T10:52:05Z caller=logging.go:85 method=Health result=2 took=30.589碌s
ts=2026-08-15T10:52:07Z caller=logging.go:85 method=Health result=2 took=32.553碌s
ts=2026-08-15T10:52:08Z caller=logging.go:85 method=Health result=2 took=29.367碌s
ts=2026-08-15T10:52:10Z caller=logging.go:85 method=Health result=2 took=29.076碌s
ts=2026-08-15T10:52:11Z caller=logging.go:85 method=Health result=2 took=38.865碌s
ts=2026-08-15T10:52:13Z caller=logging.go:85 method=Health result=2 took=34.426碌s
ts=2026-08-15T10:52:14Z caller=logging.go:85 method=Health result=2 took=31.281碌s
ts=2026-08-15T10:52:16Z caller=logging.go:85 method=Health result=2 took=28.265碌s
ts=2026-08-15T10:52:17Z caller=logging.go:85 method=Health result=2 took=34.346碌s
ts=2026-08-15T10:52:19Z caller=logging.go:36 method=List tags= order=id pageNum=1 pageSize=10 result=9 err=null took=24.766619ms
ts=2026-08-15T10:52:19Z caller=logging.go:36 method=List tags= order=id pageNum=1 pageSize=10 result=9 err=null took=900.753碌s
ts=2026-08-15T10:52:19Z caller=logging.go:85 method=Health result=2 took=31.561碌s
ts=2026-08-15T10:52:19Z caller=logging.go:36 method=List tags= order=id pageNum=1 pageSize=10 result=9 err=null took=825.267碌s
ts=2026-08-15T10:52:19Z caller=logging.go:36 method=List tags= order=id pageNum=1 pageSize=10 result=9 err=null took=817.893碌s
ts=2026-08-15T10:52:20Z caller=logging.go:36 method=List tags= order=id pageNum=1 pageSize=10 result=9 err=null took=856.747碌s
ts=2026-08-15T10:52:20Z caller=logging.go:85 method=Health result=2 took=27.824碌s
ts=2026-08-15T10:52:20Z caller=logging.go:36 method=List tags= order=id pageNum=1 pageSize=10 result=9 err=null took=743.514碌s
ts=2026-08-15T10:52:20Z caller=logging.go:36 method=List tags= order=id pageNum=1 pageSize=10 result=9 err=null took=751.479碌s
ts=2026-08-15T10:52:21Z caller=logging.go:36 method=List tags= order=id pageNum=1 pageSize=10 result=9 err=null took=857.149碌s
ts=2026-08-15T10:52:21Z caller=logging.go:36 method=List tags= order=id pageNum=1 pageSize=10 result=9 err=null took=792.443碌s
ts=2026-08-15T10:52:21Z caller=logging.go:36 method=List tags= order=id pageNum=1 pageSize=10 result=9 err=null took=879.651碌s
ts=2026-08-15T10:52:22Z caller=logging.go:85 method=Health result=2 took=27.583碌s
ts=2026-08-15T10:52:23Z caller=logging.go:85 method=Health result=2 took=53.263碌s
ts=2026-08-15T10:52:25Z caller=logging.go:85 method=Health result=2 took=26.701碌s
ts=2026-08-15T10:52:26Z caller=logging.go:85 method=Health result=2 took=28.745碌s
ts=2026-08-15T10:52:28Z caller=logging.go:85 method=Health result=2 took=27.844碌s
ts=2026-08-15T10:52:29Z caller=logging.go:85 method=Health result=2 took=28.925碌s
ts=2026-08-15T10:52:31Z caller=logging.go:85 method=Health result=2 took=28.235碌s
ts=2026-08-15T10:52:32Z caller=logging.go:85 method=Health result=2 took=27.163碌s
ts=2026-08-15T10:52:34Z caller=logging.go:85 method=Health result=2 took=26.301碌s
ts=2026-08-15T10:52:35Z caller=logging.go:85 method=Health result=2 took=29.968碌s
ts=2026-08-15T10:52:37Z caller=logging.go:85 method=Health result=2 took=27.493碌s
ts=2026-08-15T10:52:38Z caller=logging.go:85 method=Health result=2 took=28.065碌s
ts=2026-08-15T10:52:40Z caller=logging.go:85 method=Health result=2 took=27.013碌s
ts=2026-08-15T10:52:41Z caller=logging.go:85 method=Health result=2 took=26.893碌s
ts=2026-08-15T10:52:43Z caller=logging.go:85 method=Health result=2 took=28.355碌s
ts=2026-08-15T10:52:44Z caller=logging.go:85 method=Health result=2 took=26.512碌s
ts=2026-08-15T10:52:46Z caller=logging.go:85 method=Health result=2 took=34.867碌s
ts=2026-08-15T10:52:47Z caller=logging.go:85 method=Health result=2 took=26.912碌s
ts=2026-08-15T10:52:49Z caller=logging.go:85 method=Health result=2 took=26.04碌s
ts=2026-08-15T10:52:50Z caller=logging.go:85 method=Health result=2 took=27.143碌s
ts=2026-08-15T10:52:52Z caller=logging.go:85 method=Health result=2 took=37.202碌s
ts=2026-08-15T10:52:53Z caller=logging.go:85 method=Health result=2 took=33.756碌s
ts=2026-08-15T10:52:55Z caller=logging.go:36 method=List tags= order=id pageNum=1 pageSize=10 result=9 err=null took=770.963碌s
ts=2026-08-15T10:52:55Z caller=logging.go:85 method=Health result=2 took=26.251碌s
ts=2026-08-15T10:52:56Z caller=logging.go:85 method=Health result=2 took=29.818碌s
ts=2026-08-15T10:52:57Z caller=logging.go:36 method=List tags= order=id pageNum=1 pageSize=10 result=9 err=null took=812.727碌s
ts=2026-08-15T10:52:58Z caller=logging.go:85 method=Health result=2 took=27.042碌s
ts=2026-08-15T10:52:59Z caller=logging.go:85 method=Health result=2 took=26.762碌s
ts=2026-08-15T10:52:59Z caller=logging.go:36 method=List tags= order=id pageNum=1 pageSize=10 result=9 err=null took=792.745碌s
ts=2026-08-15T10:53:01Z caller=logging.go:85 method=Health result=2 took=26.842碌s
ts=2026-08-15T10:53:01Z caller=logging.go:36 method=List tags= order=id pageNum=1 pageSize=10 result=9 err=null took=756.434碌s
ts=2026-08-15T10:53:02Z caller=logging.go:85 method=Health result=2 took=27.824碌s
ts=2026-08-15T10:53:04Z caller=logging.go:36 method=List tags= order=id pageNum=1 pageSize=10 result=9 err=null took=718.08碌s
ts=2026-08-15T10:53:04Z caller=logging.go:85 method=Health result=2 took=26.642碌s
ts=2026-08-15T10:53:05Z caller=logging.go:85 method=Health result=2 took=35.549碌s
ts=2026-08-15T10:53:06Z caller=logging.go:36 method=List tags= order=id pageNum=1 pageSize=10 result=9 err=null took=763.959碌s
ts=2026-08-15T10:53:07Z caller=logging.go:85 method=Health result=2 took=40.479碌s
ts=2026-08-15T10:53:08Z caller=logging.go:36 method=List tags= order=id pageNum=1 pageSize=10 result=9 err=null took=796.823碌s
ts=2026-08-15T10:53:08Z caller=logging.go:85 method=Health result=2 took=27.303碌s
ts=2026-08-15T10:53:10Z caller=logging.go:85 method=Health result=2 took=26.231碌s
ts=2026-08-15T10:53:11Z caller=logging.go:36 method=List tags= order=id pageNum=1 pageSize=10 result=9 err=null took=810.139碌s
ts=2026-08-15T10:53:11Z caller=logging.go:85 method=Health result=2 took=34.737碌s
ts=2026-08-15T10:53:13Z caller=logging.go:85 method=Health result=2 took=30.098碌s
ts=2026-08-15T10:53:14Z caller=logging.go:36 method=List tags= order=id pageNum=1 pageSize=10 result=9 err=null took=768.599碌s
ts=2026-08-15T10:53:14Z caller=logging.go:85 method=Health result=2 took=30.228碌s
ts=2026-08-15T10:53:16Z caller=logging.go:85 method=Health result=2 took=26.001碌s
ts=2026-08-15T10:53:17Z caller=logging.go:36 method=List tags= order=id pageNum=1 pageSize=10 result=9 err=null took=706.178碌s
ts=2026-08-15T10:53:17Z caller=logging.go:85 method=Health result=2 took=27.623碌s
ts=2026-08-15T10:53:19Z caller=logging.go:85 method=Health result=2 took=26.111碌s
ts=2026-08-15T10:53:20Z caller=logging.go:36 method=List tags= order=id pageNum=1 pageSize=10 result=9 err=null took=806.332碌s
ts=2026-08-15T10:53:20Z caller=logging.go:85 method=Health result=2 took=28.545碌s
ts=2026-08-15T10:53:22Z caller=logging.go:85 method=Health result=2 took=27.222碌s
ts=2026-08-15T10:53:23Z caller=logging.go:36 method=List tags= order=id pageNum=1 pageSize=10 result=9 err=null took=700.12碌s
ts=2026-08-15T10:53:23Z caller=logging.go:85 method=Health result=2 took=35.86碌s
ts=2026-08-15T10:53:25Z caller=logging.go:85 method=Health result=2 took=31.752碌s
ts=2026-08-15T10:53:26Z caller=logging.go:36 method=List tags= order=id pageNum=1 pageSize=10 result=9 err=null took=790.241碌s
ts=2026-08-15T10:53:26Z caller=logging.go:85 method=Health result=2 took=28.546碌s
ts=2026-08-15T10:53:28Z caller=logging.go:85 method=Health result=2 took=27.824碌s
ts=2026-08-15T10:53:29Z caller=logging.go:36 method=List tags= order=id pageNum=1 pageSize=10 result=9 err=null took=770.922碌s
ts=2026-08-15T10:53:29Z caller=logging.go:85 method=Health result=2 took=29.077碌s
ts=2026-08-15T10:53:31Z caller=logging.go:85 method=Health result=2 took=26.682碌s
ts=2026-08-15T10:53:32Z caller=logging.go:85 method=Health result=2 took=26.972碌s
ts=2026-08-15T10:53:32Z caller=logging.go:36 method=List tags= order=id pageNum=1 pageSize=10 result=9 err=null took=708.743碌s
ts=2026-08-15T10:53:34Z caller=logging.go:85 method=Health result=2 took=27.163碌s
ts=2026-08-15T10:53:35Z caller=logging.go:85 method=Health result=2 took=28.305碌s
ts=2026-08-15T10:53:35Z caller=logging.go:36 method=List tags= order=id pageNum=1 pageSize=10 result=9 err=null took=793.673碌s
ts=2026-08-15T10:53:37Z caller=logging.go:85 method=Health result=2 took=28.295碌s
ts=2026-08-15T10:53:38Z caller=logging.go:85 method=Health result=2 took=25.74碌s
ts=2026-08-15T10:53:39Z caller=logging.go:36 method=List tags= order=id pageNum=1 pageSize=10 result=9 err=null took=800.538碌s
ts=2026-08-15T10:53:40Z caller=logging.go:85 method=Health result=2 took=28.355碌s
ts=2026-08-15T10:53:41Z caller=logging.go:85 method=Health result=2 took=29.597碌s
ts=2026-08-15T10:53:42Z caller=logging.go:36 method=List tags= order=id pageNum=1 pageSize=10 result=9 err=null took=862.951碌s
ts=2026-08-15T10:53:43Z caller=logging.go:85 method=Health result=2 took=28.304碌s
ts=2026-08-15T10:53:44Z caller=logging.go:85 method=Health result=2 took=27.754碌s
ts=2026-08-15T10:53:45Z caller=logging.go:36 method=List tags= order=id pageNum=1 pageSize=10 result=9 err=null took=750.548碌s
ts=2026-08-15T10:53:46Z caller=logging.go:85 method=Health result=2 took=29.126碌s
ts=2026-08-15T10:53:47Z caller=logging.go:85 method=Health result=2 took=52.581碌s
ts=2026-08-15T10:53:48Z caller=logging.go:36 method=List tags= order=id pageNum=1 pageSize=10 result=9 err=null took=771.855碌s
ts=2026-08-15T10:53:49Z caller=logging.go:85 method=Health result=2 took=28.235碌s
ts=2026-08-15T10:53:50Z caller=logging.go:85 method=Health result=2 took=28.926碌s
ts=2026-08-15T10:53:51Z caller=logging.go:36 method=List tags= order=id pageNum=1 pageSize=10 result=9 err=null took=845.041碌s
ts=2026-08-15T10:53:52Z caller=logging.go:85 method=Health result=2 took=27.323碌s
ts=2026-08-15T10:53:53Z caller=logging.go:85 method=Health result=2 took=51.23碌s
ts=2026-08-15T10:53:54Z caller=logging.go:36 method=List tags= order=id pageNum=1 pageSize=10 result=9 err=null took=787.175碌s
ts=2026-08-15T10:53:55Z caller=logging.go:85 method=Health result=2 took=27.454碌s
ts=2026-08-15T10:53:56Z caller=logging.go:85 method=Health result=2 took=28.515碌s
ts=2026-08-15T10:53:57Z caller=logging.go:36 method=List tags= order=id pageNum=1 pageSize=10 result=9 err=null took=827.948碌s
ts=2026-08-15T10:53:58Z caller=logging.go:85 method=Health result=2 took=29.628碌s
ts=2026-08-15T10:53:59Z caller=logging.go:85 method=Health result=2 took=29.477碌s
ts=2026-08-15T10:54:00Z caller=logging.go:36 method=List tags= order=id pageNum=1 pageSize=10 result=9 err=null took=865.132碌s
ts=2026-08-15T10:54:01Z caller=logging.go:85 method=Health result=2 took=26.822碌s
ts=2026-08-15T10:54:02Z caller=logging.go:85 method=Health result=2 took=26.812碌s
ts=2026-08-15T10:54:03Z caller=logging.go:36 method=List tags= order=id pageNum=1 pageSize=10 result=9 err=null took=817.694碌s
ts=2026-08-15T10:54:04Z caller=logging.go:85 method=Health result=2 took=27.794碌s
ts=2026-08-15T10:54:05Z caller=logging.go:85 method=Health result=2 took=27.864碌s
ts=2026-08-15T10:54:06Z caller=logging.go:36 method=List tags= order=id pageNum=1 pageSize=10 result=9 err=null took=735.824碌s
ts=2026-08-15T10:54:07Z caller=logging.go:85 method=Health result=2 took=27.884碌s
ts=2026-08-15T10:54:08Z caller=logging.go:85 method=Health result=2 took=26.722碌s
ts=2026-08-15T10:54:09Z caller=logging.go:36 method=List tags= order=id pageNum=1 pageSize=10 result=9 err=null took=773.117碌s
ts=2026-08-15T10:54:10Z caller=logging.go:85 method=Health result=2 took=27.533碌s
ts=2026-08-15T10:54:11Z caller=logging.go:85 method=Health result=2 took=36.14碌s
ts=2026-08-15T10:54:12Z caller=logging.go:36 method=List tags= order=id pageNum=1 pageSize=10 result=9 err=null took=813.796碌s
ts=2026-08-15T10:54:12Z caller=logging.go:36 method=List tags= order=id pageNum=1 pageSize=10 result=9 err=null took=764.28碌s
ts=2026-08-15T10:54:12Z caller=logging.go:36 method=List tags= order=id pageNum=1 pageSize=10 result=9 err=null took=732.468碌s
ts=2026-08-15T10:54:12Z caller=logging.go:36 method=List tags= order=id pageNum=1 pageSize=10 result=9 err=null took=745.924碌s
ts=2026-08-15T10:54:12Z caller=logging.go:36 method=List tags= order=id pageNum=1 pageSize=10 result=9 err=null took=779.229碌s
ts=2026-08-15T10:54:12Z caller=logging.go:36 method=List tags= order=id pageNum=1 pageSize=10 result=9 err=null took=803.005碌s
ts=2026-08-15T10:54:12Z caller=logging.go:36 method=List tags= order=id pageNum=1 pageSize=10 result=9 err=null took=830.248碌s
ts=2026-08-15T10:54:12Z caller=logging.go:36 method=List tags= order=id pageNum=1 pageSize=10 result=9 err=null took=811.912碌s
ts=2026-08-15T10:54:13Z caller=logging.go:36 method=List tags= order=id pageNum=1 pageSize=10 result=9 err=null took=842.877碌s
ts=2026-08-15T10:54:13Z caller=logging.go:36 method=List tags= order=id pageNum=1 pageSize=10 result=9 err=null took=857.457碌s
ts=2026-08-15T10:54:13Z caller=logging.go:85 method=Health result=2 took=28.696碌s
ts=2026-08-15T10:54:14Z caller=logging.go:85 method=Health result=2 took=27.884碌s
ts=2026-08-15T10:54:16Z caller=logging.go:85 method=Health result=2 took=30.099碌s
ts=2026-08-15T10:54:17Z caller=logging.go:85 method=Health result=2 took=27.593碌s
ts=2026-08-15T10:54:19Z caller=logging.go:85 method=Health result=2 took=27.814碌s
ts=2026-08-15T10:54:20Z caller=logging.go:85 method=Health result=2 took=28.405碌s
ts=2026-08-15T10:54:22Z caller=logging.go:85 method=Health result=2 took=28.305碌s
ts=2026-08-15T10:54:23Z caller=logging.go:85 method=Health result=2 took=36.24碌s
ts=2026-08-15T10:54:25Z caller=logging.go:85 method=Health result=2 took=27.313碌s
ts=2026-08-15T10:54:26Z caller=logging.go:85 method=Health result=2 took=27.623碌s
ts=2026-08-15T10:54:28Z caller=logging.go:85 method=Health result=2 took=37.623碌s
ts=2026-08-15T10:54:29Z caller=logging.go:85 method=Health result=2 took=29.567碌s
ts=2026-08-15T10:54:31Z caller=logging.go:85 method=Health result=2 took=28.064碌s
ts=2026-08-15T10:54:32Z caller=logging.go:85 method=Health result=2 took=33.665碌s
ts=2026-08-15T10:54:34Z caller=logging.go:85 method=Health result=2 took=27.784碌s
ts=2026-08-15T10:54:35Z caller=logging.go:85 method=Health result=2 took=27.243碌s
ts=2026-08-15T10:54:37Z caller=logging.go:85 method=Health result=2 took=28.375碌s
ts=2026-08-15T10:54:38Z caller=logging.go:85 method=Health result=2 took=28.295碌s
ts=2026-08-15T10:54:40Z caller=logging.go:85 method=Health result=2 took=28.675碌s
ts=2026-08-15T10:54:41Z caller=logging.go:85 method=Health result=2 took=29.276碌s
ts=2026-08-15T10:54:43Z caller=logging.go:85 method=Health result=2 took=27.162碌s
ts=2026-08-15T10:54:44Z caller=logging.go:85 method=Health result=2 took=27.864碌s
ts=2026-08-15T10:54:46Z caller=logging.go:85 method=Health result=2 took=26.732碌s
ts=2026-08-15T10:54:47Z caller=logging.go:36 method=List tags= order=id pageNum=1 pageSize=10 result=9 err=null took=834.783碌s
ts=2026-08-15T10:54:47Z caller=logging.go:85 method=Health result=2 took=30.84碌s
ts=2026-08-15T10:54:49Z caller=logging.go:85 method=Health result=2 took=42.122碌s
ts=2026-08-15T10:54:49Z caller=logging.go:36 method=List tags= order=id pageNum=1 pageSize=10 result=9 err=null took=825.218碌s
ts=2026-08-15T10:54:50Z caller=logging.go:85 method=Health result=2 took=26.821碌s
ts=2026-08-15T10:54:51Z caller=logging.go:36 method=List tags= order=id pageNum=1 pageSize=10 result=9 err=null took=765.581碌s
ts=2026-08-15T10:54:52Z caller=logging.go:85 method=Health result=2 took=36.531碌s
ts=2026-08-15T10:54:53Z caller=logging.go:85 method=Health result=2 took=33.746碌s
ts=2026-08-15T10:54:54Z caller=logging.go:36 method=List tags= order=id pageNum=1 pageSize=10 result=9 err=null took=842.439碌s
ts=2026-08-15T10:54:55Z caller=logging.go:85 method=Health result=2 took=26.801碌s
ts=2026-08-15T10:54:56Z caller=logging.go:36 method=List tags= order=id pageNum=1 pageSize=10 result=9 err=null took=795.943碌s
ts=2026-08-15T10:54:56Z caller=logging.go:85 method=Health result=2 took=36.541碌s
ts=2026-08-15T10:54:58Z caller=logging.go:36 method=List tags= order=id pageNum=1 pageSize=10 result=9 err=null took=833.452碌s
ts=2026-08-15T10:54:58Z caller=logging.go:85 method=Health result=2 took=28.986碌s
ts=2026-08-15T10:54:59Z caller=logging.go:85 method=Health result=2 took=29.788碌s
ts=2026-08-15T10:55:01Z caller=logging.go:36 method=List tags= order=id pageNum=1 pageSize=10 result=9 err=null took=732.026碌s
ts=2026-08-15T10:55:01Z caller=logging.go:85 method=Health result=2 took=27.503碌s
ts=2026-08-15T10:55:02Z caller=logging.go:85 method=Health result=2 took=24.718碌s
ts=2026-08-15T10:55:04Z caller=logging.go:36 method=List tags= order=id pageNum=1 pageSize=10 result=9 err=null took=802.412碌s
ts=2026-08-15T10:55:04Z caller=logging.go:85 method=Health result=2 took=29.487碌s
ts=2026-08-15T10:55:05Z caller=logging.go:85 method=Health result=2 took=32.784碌s
ts=2026-08-15T10:55:07Z caller=logging.go:36 method=List tags= order=id pageNum=1 pageSize=10 result=9 err=null took=778.231碌s
ts=2026-08-15T10:55:07Z caller=logging.go:85 method=Health result=2 took=27.212碌s
ts=2026-08-15T10:55:08Z caller=logging.go:85 method=Health result=2 took=66.488碌s
ts=2026-08-15T10:55:10Z caller=logging.go:36 method=List tags= order=id pageNum=1 pageSize=10 result=9 err=null took=727.216碌s
ts=2026-08-15T10:55:10Z caller=logging.go:85 method=Health result=2 took=29.637碌s
ts=2026-08-15T10:55:11Z caller=logging.go:85 method=Health result=2 took=26.942碌s
ts=2026-08-15T10:55:13Z caller=logging.go:36 method=List tags= order=id pageNum=1 pageSize=10 result=9 err=null took=1.04934ms
ts=2026-08-15T10:55:13Z caller=logging.go:85 method=Health result=2 took=29.437碌s
ts=2026-08-15T10:55:14Z caller=logging.go:85 method=Health result=2 took=28.615碌s
ts=2026-08-15T10:55:16Z caller=logging.go:36 method=List tags= order=id pageNum=1 pageSize=10 result=9 err=null took=708.691碌s
ts=2026-08-15T10:55:16Z caller=logging.go:85 method=Health result=2 took=25.83碌s
ts=2026-08-15T10:55:17Z caller=logging.go:85 method=Health result=2 took=28.145碌s
ts=2026-08-15T10:55:19Z caller=logging.go:85 method=Health result=2 took=27.834碌s
ts=2026-08-15T10:55:19Z caller=logging.go:36 method=List tags= order=id pageNum=1 pageSize=10 result=9 err=null took=790.49碌s
ts=2026-08-15T10:55:20Z caller=logging.go:85 method=Health result=2 took=27.032碌s
ts=2026-08-15T10:55:22Z caller=logging.go:85 method=Health result=2 took=28.666碌s
ts=2026-08-15T10:55:22Z caller=logging.go:36 method=List tags= order=id pageNum=1 pageSize=10 result=9 err=null took=773.022碌s
ts=2026-08-15T10:55:23Z caller=logging.go:85 method=Health result=2 took=28.896碌s
ts=2026-08-15T10:55:25Z caller=logging.go:85 method=Health result=2 took=29.447碌s
ts=2026-08-15T10:55:25Z caller=logging.go:36 method=List tags= order=id pageNum=1 pageSize=10 result=9 err=null took=762.58碌s
ts=2026-08-15T10:55:26Z caller=logging.go:85 method=Health result=2 took=28.174碌s
ts=2026-08-15T10:55:28Z caller=logging.go:85 method=Health result=2 took=34.757碌s
ts=2026-08-15T10:55:28Z caller=logging.go:36 method=List tags= order=id pageNum=1 pageSize=10 result=9 err=null took=762.926碌s
ts=2026-08-15T10:55:29Z caller=logging.go:85 method=Health result=2 took=32.683碌s
ts=2026-08-15T10:55:31Z caller=logging.go:85 method=Health result=2 took=27.303碌s
ts=2026-08-15T10:55:32Z caller=logging.go:36 method=List tags= order=id pageNum=1 pageSize=10 result=9 err=null took=700.7碌s
ts=2026-08-15T10:55:32Z caller=logging.go:85 method=Health result=2 took=30.82碌s
ts=2026-08-15T10:55:34Z caller=logging.go:85 method=Health result=2 took=27.974碌s
ts=2026-08-15T10:55:35Z caller=logging.go:36 method=List tags= order=id pageNum=1 pageSize=10 result=9 err=null took=813.113碌s
ts=2026-08-15T10:55:35Z caller=logging.go:85 method=Health result=2 took=67.16碌s
ts=2026-08-15T10:55:37Z caller=logging.go:85 method=Health result=2 took=29.727碌s
ts=2026-08-15T10:55:38Z caller=logging.go:36 method=List tags= order=id pageNum=1 pageSize=10 result=9 err=null took=748.91碌s
ts=2026-08-15T10:55:38Z caller=logging.go:85 method=Health result=2 took=26.381碌s
ts=2026-08-15T10:55:40Z caller=logging.go:85 method=Health result=2 took=33.214碌s
ts=2026-08-15T10:55:41Z caller=logging.go:36 method=List tags= order=id pageNum=1 pageSize=10 result=9 err=null took=781.473碌s
ts=2026-08-15T10:55:41Z caller=logging.go:85 method=Health result=2 took=45.148碌s
ts=2026-08-15T10:55:43Z caller=logging.go:85 method=Health result=2 took=29.327碌s
ts=2026-08-15T10:55:44Z caller=logging.go:36 method=List tags= order=id pageNum=1 pageSize=10 result=9 err=null took=749.546碌s
ts=2026-08-15T10:55:44Z caller=logging.go:85 method=Health result=2 took=28.385碌s
ts=2026-08-15T10:55:46Z caller=logging.go:85 method=Health result=2 took=27.493碌s
ts=2026-08-15T10:55:47Z caller=logging.go:36 method=List tags= order=id pageNum=1 pageSize=10 result=9 err=null took=770.708碌s
ts=2026-08-15T10:55:47Z caller=logging.go:85 method=Health result=2 took=34.186碌s
ts=2026-08-15T10:55:49Z caller=logging.go:85 method=Health result=2 took=30.579碌s
ts=2026-08-15T10:55:50Z caller=logging.go:36 method=List tags= order=id pageNum=1 pageSize=10 result=9 err=null took=759.029碌s
ts=2026-08-15T10:55:50Z caller=logging.go:85 method=Health result=2 took=37.051碌s
ts=2026-08-15T10:55:52Z caller=logging.go:85 method=Health result=2 took=35.77碌s
ts=2026-08-15T10:55:53Z caller=logging.go:36 method=List tags= order=id pageNum=1 pageSize=10 result=9 err=null took=752.997碌s
ts=2026-08-15T10:55:53Z caller=logging.go:85 method=Health result=2 took=28.816碌s
ts=2026-08-15T10:55:55Z caller=logging.go:85 method=Health result=2 took=26.181碌s
ts=2026-08-15T10:55:56Z caller=logging.go:36 method=List tags= order=id pageNum=1 pageSize=10 result=9 err=null took=771.419碌s
ts=2026-08-15T10:55:56Z caller=logging.go:85 method=Health result=2 took=26.081碌s
ts=2026-08-15T10:55:58Z caller=logging.go:85 method=Health result=2 took=29.758碌s
ts=2026-08-15T10:55:59Z caller=logging.go:36 method=List tags= order=id pageNum=1 pageSize=10 result=9 err=null took=722.409碌s
ts=2026-08-15T10:55:59Z caller=logging.go:85 method=Health result=2 took=27.093碌s
ts=2026-08-15T10:56:01Z caller=logging.go:36 method=List tags= order=id pageNum=1 pageSize=10 result=9 err=null took=715.916碌s
ts=2026-08-15T10:56:01Z caller=logging.go:36 method=List tags= order=id pageNum=1 pageSize=10 result=9 err=null took=896.793碌s
ts=2026-08-15T10:56:01Z caller=logging.go:36 method=List tags= order=id pageNum=1 pageSize=10 result=9 err=null took=731.928碌s
ts=2026-08-15T10:56:01Z caller=logging.go:36 method=List tags= order=id pageNum=1 pageSize=10 result=9 err=null took=769.534碌s
ts=2026-08-15T10:56:01Z caller=logging.go:36 method=List tags= order=id pageNum=1 pageSize=10 result=9 err=null took=732.253碌s
ts=2026-08-15T10:56:01Z caller=logging.go:85 method=Health result=2 took=34.817碌s
ts=2026-08-15T10:56:02Z caller=logging.go:36 method=List tags= order=id pageNum=1 pageSize=10 result=9 err=null took=745.123碌s
ts=2026-08-15T10:56:02Z caller=logging.go:85 method=Health result=2 took=26.581碌s
ts=2026-08-15T10:56:04Z caller=logging.go:36 method=List tags= order=id pageNum=1 pageSize=10 result=9 err=null took=801.748碌s
ts=2026-08-15T10:56:04Z caller=logging.go:85 method=Health result=2 took=27.643碌s
ts=2026-08-15T10:56:05Z caller=logging.go:36 method=List tags= order=id pageNum=1 pageSize=10 result=9 err=null took=714.475碌s
ts=2026-08-15T10:56:05Z caller=logging.go:85 method=Health result=2 took=25.199碌s
ts=2026-08-15T10:56:07Z caller=logging.go:36 method=List tags= order=id pageNum=1 pageSize=10 result=9 err=null took=782.897碌s
ts=2026-08-15T10:56:07Z caller=logging.go:85 method=Health result=2 took=28.155碌s
ts=2026-08-15T10:56:08Z caller=logging.go:85 method=Health result=2 took=28.596碌s
ts=2026-08-15T10:56:08Z caller=logging.go:36 method=List tags= order=id pageNum=1 pageSize=10 result=9 err=null took=737.202碌s
ts=2026-08-15T10:56:10Z caller=logging.go:85 method=Health result=2 took=28.645碌s
ts=2026-08-15T10:56:11Z caller=logging.go:85 method=Health result=2 took=28.556碌s
ts=2026-08-15T10:56:13Z caller=logging.go:85 method=Health result=2 took=37.914碌s
ts=2026-08-15T10:56:14Z caller=logging.go:85 method=Health result=2 took=29.276碌s
ts=2026-08-15T10:56:16Z caller=logging.go:85 method=Health result=2 took=32.423碌s
ts=2026-08-15T10:56:17Z caller=logging.go:85 method=Health result=2 took=36.05碌s
ts=2026-08-15T10:56:19Z caller=logging.go:85 method=Health result=2 took=28.586碌s
ts=2026-08-15T10:56:20Z caller=logging.go:85 method=Health result=2 took=26.421碌s
ts=2026-08-15T10:56:22Z caller=logging.go:85 method=Health result=2 took=40.939碌s
ts=2026-08-15T10:56:23Z caller=logging.go:85 method=Health result=2 took=34.948碌s
ts=2026-08-15T10:56:25Z caller=logging.go:85 method=Health result=2 took=28.325碌s
ts=2026-08-15T10:56:26Z caller=logging.go:85 method=Health result=2 took=27.413碌s
ts=2026-08-15T10:56:28Z caller=logging.go:85 method=Health result=2 took=26.672碌s
ts=2026-08-15T10:56:29Z caller=logging.go:85 method=Health result=2 took=34.717碌s
ts=2026-08-15T10:56:31Z caller=logging.go:85 method=Health result=2 took=28.766碌s
ts=2026-08-15T10:56:32Z caller=logging.go:85 method=Health result=2 took=27.633碌s
ts=2026-08-15T10:56:33Z caller=logging.go:36 method=List tags= order=id pageNum=1 pageSize=10 result=9 err=null took=760.282碌s
ts=2026-08-15T10:56:34Z caller=logging.go:85 method=Health result=2 took=29.317碌s
ts=2026-08-15T10:56:35Z caller=logging.go:36 method=List tags= order=id pageNum=1 pageSize=10 result=9 err=null took=824.942碌s
ts=2026-08-15T10:56:35Z caller=logging.go:85 method=Health result=2 took=26.631碌s
ts=2026-08-15T10:56:37Z caller=logging.go:36 method=List tags= order=id pageNum=1 pageSize=10 result=9 err=null took=778.23碌s
ts=2026-08-15T10:56:37Z caller=logging.go:85 method=Health result=2 took=26.722碌s
ts=2026-08-15T10:56:38Z caller=logging.go:85 method=Health result=2 took=27.944碌s
ts=2026-08-15T10:56:39Z caller=logging.go:36 method=List tags= order=id pageNum=1 pageSize=10 result=9 err=null took=773.83碌s
ts=2026-08-15T10:56:40Z caller=logging.go:85 method=Health result=2 took=50.548碌s
ts=2026-08-15T10:56:41Z caller=logging.go:36 method=List tags= order=id pageNum=1 pageSize=10 result=9 err=null took=717.843碌s
ts=2026-08-15T10:56:41Z caller=logging.go:85 method=Health result=2 took=32.093碌s
ts=2026-08-15T10:56:43Z caller=logging.go:36 method=List tags= order=id pageNum=1 pageSize=10 result=9 err=null took=739.782碌s
ts=2026-08-15T10:56:43Z caller=logging.go:85 method=Health result=2 took=28.757碌s
ts=2026-08-15T10:56:44Z caller=logging.go:85 method=Health result=2 took=33.265碌s
ts=2026-08-15T10:56:46Z caller=logging.go:85 method=Health result=2 took=26.652碌s
ts=2026-08-15T10:56:46Z caller=logging.go:36 method=List tags= order=id pageNum=1 pageSize=10 result=9 err=null took=813.793碌s
ts=2026-08-15T10:56:47Z caller=logging.go:85 method=Health result=2 took=34.087碌s
ts=2026-08-15T10:56:49Z caller=logging.go:85 method=Health result=2 took=33.045碌s
ts=2026-08-15T10:56:49Z caller=logging.go:36 method=List tags= order=id pageNum=1 pageSize=10 result=9 err=null took=711.211碌s
ts=2026-08-15T10:56:50Z caller=logging.go:85 method=Health result=2 took=29.748碌s
ts=2026-08-15T10:56:52Z caller=logging.go:85 method=Health result=2 took=26.892碌s
ts=2026-08-15T10:56:52Z caller=logging.go:36 method=List tags= order=id pageNum=1 pageSize=10 result=9 err=null took=794.854碌s
ts=2026-08-15T10:56:53Z caller=logging.go:85 method=Health result=2 took=34.647碌s
ts=2026-08-15T10:56:55Z caller=logging.go:85 method=Health result=2 took=27.613碌s
ts=2026-08-15T10:56:56Z caller=logging.go:36 method=List tags= order=id pageNum=1 pageSize=10 result=9 err=null took=769.481碌s
ts=2026-08-15T10:56:56Z caller=logging.go:85 method=Health result=2 took=29.216碌s
ts=2026-08-15T10:56:58Z caller=logging.go:85 method=Health result=2 took=34.467碌s
ts=2026-08-15T10:56:59Z caller=logging.go:36 method=List tags= order=id pageNum=1 pageSize=10 result=9 err=null took=719.032碌s
ts=2026-08-15T10:56:59Z caller=logging.go:85 method=Health result=2 took=32.743碌s
ts=2026-08-15T10:57:01Z caller=logging.go:85 method=Health result=2 took=27.493碌s
ts=2026-08-15T10:57:02Z caller=logging.go:36 method=List tags= order=id pageNum=1 pageSize=10 result=9 err=null took=736.277碌s
ts=2026-08-15T10:57:02Z caller=logging.go:85 method=Health result=2 took=25.75碌s
ts=2026-08-15T10:57:04Z caller=logging.go:85 method=Health result=2 took=35.108碌s
ts=2026-08-15T10:57:05Z caller=logging.go:36 method=List tags= order=id pageNum=1 pageSize=10 result=9 err=null took=833.886碌s
ts=2026-08-15T10:57:05Z caller=logging.go:85 method=Health result=2 took=34.527碌s
ts=2026-08-15T10:57:07Z caller=logging.go:85 method=Health result=2 took=33.826碌s
ts=2026-08-15T10:57:08Z caller=logging.go:36 method=List tags= order=id pageNum=1 pageSize=10 result=9 err=null took=787.665碌s
ts=2026-08-15T10:57:08Z caller=logging.go:85 method=Health result=2 took=27.493碌s
ts=2026-08-15T10:57:10Z caller=logging.go:85 method=Health result=2 took=27.103碌s
ts=2026-08-15T10:57:11Z caller=logging.go:36 method=List tags= order=id pageNum=1 pageSize=10 result=9 err=null took=742.182碌s
ts=2026-08-15T10:57:11Z caller=logging.go:85 method=Health result=2 took=40.047碌s
ts=2026-08-15T10:57:13Z caller=logging.go:85 method=Health result=2 took=27.613碌s
ts=2026-08-15T10:57:14Z caller=logging.go:36 method=List tags= order=id pageNum=1 pageSize=10 result=9 err=null took=782.424碌s
ts=2026-08-15T10:57:14Z caller=logging.go:85 method=Health result=2 took=28.655碌s
ts=2026-08-15T10:57:16Z caller=logging.go:85 method=Health result=2 took=29.327碌s
ts=2026-08-15T10:57:17Z caller=logging.go:36 method=List tags= order=id pageNum=1 pageSize=10 result=9 err=null took=745.653碌s
ts=2026-08-15T10:57:17Z caller=logging.go:85 method=Health result=2 took=34.126碌s
ts=2026-08-15T10:57:19Z caller=logging.go:85 method=Health result=2 took=35.909碌s
ts=2026-08-15T10:57:20Z caller=logging.go:36 method=List tags= order=id pageNum=1 pageSize=10 result=9 err=null took=775.726碌s
ts=2026-08-15T10:57:20Z caller=logging.go:85 method=Health result=2 took=27.193碌s
ts=2026-08-15T10:57:22Z caller=logging.go:85 method=Health result=2 took=26.05碌s
ts=2026-08-15T10:57:23Z caller=logging.go:36 method=List tags= order=id pageNum=1 pageSize=10 result=9 err=null took=862.678碌s
ts=2026-08-15T10:57:23Z caller=logging.go:85 method=Health result=2 took=28.485碌s
ts=2026-08-15T10:57:25Z caller=logging.go:85 method=Health result=2 took=26.621碌s
ts=2026-08-15T10:57:26Z caller=logging.go:36 method=List tags= order=id pageNum=1 pageSize=10 result=9 err=null took=697.068碌s
ts=2026-08-15T10:57:26Z caller=logging.go:85 method=Health result=2 took=25.951碌s
ts=2026-08-15T10:57:28Z caller=logging.go:85 method=Health result=2 took=26.842碌s
ts=2026-08-15T10:57:29Z caller=logging.go:85 method=Health result=2 took=28.476碌s
ts=2026-08-15T10:57:29Z caller=logging.go:36 method=List tags= order=id pageNum=1 pageSize=10 result=9 err=null took=761.793碌s
ts=2026-08-15T10:57:31Z caller=logging.go:85 method=Health result=2 took=27.493碌s
ts=2026-08-15T10:57:32Z caller=logging.go:85 method=Health result=2 took=32.283碌s
ts=2026-08-15T10:57:32Z caller=logging.go:36 method=List tags= order=id pageNum=1 pageSize=10 result=9 err=null took=717.939碌s
ts=2026-08-15T10:57:34Z caller=logging.go:85 method=Health result=2 took=28.215碌s
ts=2026-08-15T10:57:35Z caller=logging.go:85 method=Health result=2 took=29.417碌s
ts=2026-08-15T10:57:36Z caller=logging.go:36 method=List tags= order=id pageNum=1 pageSize=10 result=9 err=null took=774.319碌s
ts=2026-08-15T10:57:37Z caller=logging.go:85 method=Health result=2 took=26.12碌s
ts=2026-08-15T10:57:38Z caller=logging.go:85 method=Health result=2 took=27.583碌s
ts=2026-08-15T10:57:39Z caller=logging.go:36 method=List tags= order=id pageNum=1 pageSize=10 result=9 err=null took=803.916碌s
ts=2026-08-15T10:57:40Z caller=logging.go:85 method=Health result=2 took=28.155碌s
ts=2026-08-15T10:57:41Z caller=logging.go:85 method=Health result=2 took=55.106碌s
ts=2026-08-15T10:57:42Z caller=logging.go:36 method=List tags= order=id pageNum=1 pageSize=10 result=9 err=null took=787.855碌s
ts=2026-08-15T10:57:43Z caller=logging.go:85 method=Health result=2 took=26.652碌s
ts=2026-08-15T10:57:44Z caller=logging.go:85 method=Health result=2 took=34.046碌s
ts=2026-08-15T10:57:45Z caller=logging.go:36 method=List tags= order=id pageNum=1 pageSize=10 result=9 err=null took=759.961碌s
ts=2026-08-15T10:57:46Z caller=logging.go:85 method=Health result=2 took=27.463碌s
