images: "./images/"
Abs(images): "/images" (<nil>)
Getwd: "/" (<nil>)
ls: ["images/WAT.jpg" "images/WAT2.jpg" "images/bit_of_leg_1.jpeg" "images/bit_of_leg_2.jpeg" "images/catsocks.jpg" "images/catsocks2.jpg" "images/classic.jpg" "images/classic2.jpg" "images/colourful_socks.jpg" "images/cross_1.jpeg" "images/cross_2.jpeg" "images/holy_1.jpeg" "images/holy_2.jpeg" "images/holy_3.jpeg" "images/puma_1.jpeg" "images/puma_2.jpeg" "images/rugby_socks.jpg" "images/sock.jpeg" "images/youtube_1.jpeg" "images/youtube_2.jpeg"]
ts=2026-08-15T11:01:41Z caller=main.go:136 transport=HTTP port=80
ts=2026-08-15T11:04:38Z caller=logging.go:85 method=Health result=2 took=379.374碌s
ts=2026-08-15T11:04:40Z caller=logging.go:36 method=List tags= order=id pageNum=1 pageSize=10 result=9 err=null took=1.628884ms
ts=2026-08-15T11:04:41Z caller=logging.go:85 method=Health result=2 took=29.176碌s
ts=2026-08-15T11:04:42Z caller=logging.go:36 method=List tags= order=id pageNum=1 pageSize=10 result=9 err=null took=804.183碌s
ts=2026-08-15T11:04:44Z caller=logging.go:36 method=List tags= order=id pageNum=1 pageSize=10 result=9 err=null took=748.916碌s
ts=2026-08-15T11:04:44Z caller=logging.go:85 method=Health result=2 took=34.728碌s
ts=2026-08-15T11:04:46Z caller=logging.go:36 method=List tags= order=id pageNum=1 pageSize=10 result=9 err=null took=722.319碌s
ts=2026-08-15T11:04:47Z caller=logging.go:85 method=Health result=2 took=30.269碌s
ts=2026-08-15T11:04:48Z caller=logging.go:36 method=List tags= order=id pageNum=1 pageSize=10 result=9 err=null took=859.67碌s
ts=2026-08-15T11:04:50Z caller=logging.go:36 method=List tags= order=id pageNum=1 pageSize=10 result=9 err=null took=760.292碌s
ts=2026-08-15T11:04:50Z caller=logging.go:85 method=Health result=2 took=26.772碌s
ts=2026-08-15T11:04:53Z caller=logging.go:36 method=List tags= order=id pageNum=1 pageSize=10 result=9 err=null took=795.109碌s
ts=2026-08-15T11:04:53Z caller=logging.go:85 method=Health result=2 took=26.22碌s
ts=2026-08-15T11:04:56Z caller=logging.go:36 method=List tags= order=id pageNum=1 pageSize=10 result=9 err=null took=722.199碌s
ts=2026-08-15T11:04:56Z caller=logging.go:85 method=Health result=2 took=26.642碌s
ts=2026-08-15T11:04:59Z caller=logging.go:36 method=List tags= order=id pageNum=1 pageSize=10 result=9 err=null took=782.585碌s
ts=2026-08-15T11:04:59Z caller=logging.go:85 method=Health result=2 took=26.241碌s
ts=2026-08-15T11:05:02Z caller=logging.go:36 method=List tags= order=id pageNum=1 pageSize=10 result=9 err=null took=737.326碌s
ts=2026-08-15T11:05:02Z caller=logging.go:85 method=Health result=2 took=25.77碌s
ts=2026-08-15T11:05:05Z caller=logging.go:36 method=List tags= order=id pageNum=1 pageSize=10 result=9 err=null took=740.915碌s
ts=2026-08-15T11:05:05Z caller=logging.go:85 method=Health result=2 took=34.035碌s
ts=2026-08-15T11:05:08Z caller=logging.go:85 method=Health result=2 took=38.184碌s
ts=2026-08-15T11:05:08Z caller=logging.go:36 method=List tags= order=id pageNum=1 pageSize=10 result=9 err=null took=772.273碌s
ts=2026-08-15T11:05:11Z caller=logging.go:85 method=Health result=2 took=29.998碌s
ts=2026-08-15T11:05:11Z caller=logging.go:36 method=List tags= order=id pageNum=1 pageSize=10 result=9 err=null took=812.645碌s
ts=2026-08-15T11:05:14Z caller=logging.go:85 method=Health result=2 took=35.348碌s
ts=2026-08-15T11:05:15Z caller=logging.go:36 method=List tags= order=id pageNum=1 pageSize=10 result=9 err=null took=754.708碌s
ts=2026-08-15T11:05:17Z caller=logging.go:85 method=Health result=2 took=26.231碌s
ts=2026-08-15T11:05:18Z caller=logging.go:36 method=List tags= order=id pageNum=1 pageSize=10 result=9 err=null took=749.412碌s
ts=2026-08-15T11:05:20Z caller=logging.go:85 method=Health result=2 took=27.143碌s
ts=2026-08-15T11:05:21Z caller=logging.go:36 method=List tags= order=id pageNum=1 pageSize=10 result=9 err=null took=823.039碌s
ts=2026-08-15T11:05:23Z caller=logging.go:85 method=Health result=2 took=35.499碌s
ts=2026-08-15T11:05:24Z caller=logging.go:36 method=List tags= order=id pageNum=1 pageSize=10 result=9 err=null took=770.779碌s
ts=2026-08-15T11:05:26Z caller=logging.go:85 method=Health result=2 took=36.06碌s
ts=2026-08-15T11:05:27Z caller=logging.go:36 method=List tags= order=id pageNum=1 pageSize=10 result=9 err=null took=743.585碌s
ts=2026-08-15T11:05:29Z caller=logging.go:85 method=Health result=2 took=28.756碌s
ts=2026-08-15T11:05:30Z caller=logging.go:36 method=List tags= order=id pageNum=1 pageSize=10 result=9 err=null took=737.768碌s
ts=2026-08-15T11:05:32Z caller=logging.go:85 method=Health result=2 took=26.612碌s
ts=2026-08-15T11:05:33Z caller=logging.go:36 method=List tags= order=id pageNum=1 pageSize=10 result=9 err=null took=751.19碌s
ts=2026-08-15T11:05:35Z caller=logging.go:85 method=Health result=2 took=27.383碌s
ts=2026-08-15T11:05:36Z caller=logging.go:36 method=List tags= order=id pageNum=1 pageSize=10 result=9 err=null took=756.591碌s
ts=2026-08-15T11:05:38Z caller=logging.go:85 method=Health result=2 took=25.82碌s
ts=2026-08-15T11:05:39Z caller=logging.go:36 method=List tags= order=id pageNum=1 pageSize=10 result=9 err=null took=738.711碌s
ts=2026-08-15T11:05:41Z caller=logging.go:85 method=Health result=2 took=27.464碌s
ts=2026-08-15T11:05:42Z caller=logging.go:36 method=List tags= order=id pageNum=1 pageSize=10 result=9 err=null took=735.704碌s
ts=2026-08-15T11:05:44Z caller=logging.go:85 method=Health result=2 took=28.976碌s
ts=2026-08-15T11:05:45Z caller=logging.go:36 method=List tags= order=id pageNum=1 pageSize=10 result=9 err=null took=793.762碌s
ts=2026-08-15T11:05:47Z caller=logging.go:85 method=Health result=2 took=52.402碌s
ts=2026-08-15T11:05:48Z caller=logging.go:36 method=List tags= order=id pageNum=1 pageSize=10 result=9 err=null took=756.084碌s
ts=2026-08-15T11:05:50Z caller=logging.go:85 method=Health result=2 took=35.258碌s
ts=2026-08-15T11:05:51Z caller=logging.go:36 method=List tags= order=id pageNum=1 pageSize=10 result=9 err=null took=752.036碌s
ts=2026-08-15T11:05:53Z caller=logging.go:36 method=List tags= order=id pageNum=1 pageSize=10 result=9 err=null took=792.123碌s
ts=2026-08-15T11:05:53Z caller=logging.go:36 method=List tags= order=id pageNum=1 pageSize=10 result=9 err=null took=736.55碌s
ts=2026-08-15T11:05:53Z caller=logging.go:36 method=List tags= order=id pageNum=1 pageSize=10 result=9 err=null took=788.487碌s
ts=2026-08-15T11:05:53Z caller=logging.go:36 method=List tags= order=id pageNum=1 pageSize=10 result=9 err=null took=716.186碌s
ts=2026-08-15T11:05:53Z caller=logging.go:85 method=Health result=2 took=45.208碌s
ts=2026-08-15T11:05:53Z caller=logging.go:36 method=List tags= order=id pageNum=1 pageSize=10 result=9 err=null took=781.574碌s
ts=2026-08-15T11:05:54Z caller=logging.go:36 method=List tags= order=id pageNum=1 pageSize=10 result=9 err=null took=889.117碌s
ts=2026-08-15T11:05:54Z caller=logging.go:36 method=List tags= order=id pageNum=1 pageSize=10 result=9 err=null took=860.597碌s
ts=2026-08-15T11:05:54Z caller=logging.go:36 method=List tags= order=id pageNum=1 pageSize=10 result=9 err=null took=860.511碌s
ts=2026-08-15T11:05:54Z caller=logging.go:36 method=List tags= order=id pageNum=1 pageSize=10 result=9 err=null took=822.313碌s
ts=2026-08-15T11:05:54Z caller=logging.go:36 method=List tags= order=id pageNum=1 pageSize=10 result=9 err=null took=822.093碌s
ts=2026-08-15T11:05:56Z caller=logging.go:85 method=Health result=2 took=31.541碌s
ts=2026-08-15T11:05:58Z caller=logging.go:36 method=List tags= order=id pageNum=1 pageSize=10 result=9 err=null took=1.036278ms
ts=2026-08-15T11:05:59Z caller=logging.go:85 method=Health result=2 took=27.944碌s
ts=2026-08-15T11:06:00Z caller=logging.go:36 method=List tags= order=id pageNum=1 pageSize=10 result=9 err=null took=821.974碌s
ts=2026-08-15T11:06:02Z caller=logging.go:36 method=List tags= order=id pageNum=1 pageSize=10 result=9 err=null took=804.225碌s
ts=2026-08-15T11:06:02Z caller=logging.go:85 method=Health result=2 took=26.662碌s
ts=2026-08-15T11:06:04Z caller=logging.go:36 method=List tags= order=id pageNum=1 pageSize=10 result=9 err=null took=722.034碌s
ts=2026-08-15T11:06:05Z caller=logging.go:85 method=Health result=2 took=28.506碌s
ts=2026-08-15T11:06:06Z caller=logging.go:36 method=List tags= order=id pageNum=1 pageSize=10 result=9 err=null took=816.171碌s
ts=2026-08-15T11:06:08Z caller=logging.go:85 method=Health result=2 took=82.42碌s
ts=2026-08-15T11:06:08Z caller=logging.go:36 method=List tags= order=id pageNum=1 pageSize=10 result=9 err=null took=846.174碌s
ts=2026-08-15T11:06:11Z caller=logging.go:85 method=Health result=2 took=29.878碌s
ts=2026-08-15T11:06:11Z caller=logging.go:36 method=List tags= order=id pageNum=1 pageSize=10 result=9 err=null took=802.751碌s
ts=2026-08-15T11:06:14Z caller=logging.go:85 method=Health result=2 took=29.057碌s
ts=2026-08-15T11:06:15Z caller=logging.go:36 method=List tags= order=id pageNum=1 pageSize=10 result=9 err=null took=771.785碌s
ts=2026-08-15T11:06:17Z caller=logging.go:85 method=Health result=2 took=34.707碌s
ts=2026-08-15T11:06:18Z caller=logging.go:36 method=List tags= order=id pageNum=1 pageSize=10 result=9 err=null took=825.741碌s
ts=2026-08-15T11:06:20Z caller=logging.go:85 method=Health result=2 took=27.403碌s
ts=2026-08-15T11:06:21Z caller=logging.go:36 method=List tags= order=id pageNum=1 pageSize=10 result=9 err=null took=835.944碌s
ts=2026-08-15T11:06:23Z caller=logging.go:85 method=Health result=2 took=26.842碌s
ts=2026-08-15T11:06:24Z caller=logging.go:36 method=List tags= order=id pageNum=1 pageSize=10 result=9 err=null took=729.342碌s
ts=2026-08-15T11:06:26Z caller=logging.go:85 method=Health result=2 took=30.238碌s
ts=2026-08-15T11:06:27Z caller=logging.go:36 method=List tags= order=id pageNum=1 pageSize=10 result=9 err=null took=749.34碌s
ts=2026-08-15T11:06:29Z caller=logging.go:85 method=Health result=2 took=27.463碌s
ts=2026-08-15T11:06:30Z caller=logging.go:36 method=List tags= order=id pageNum=1 pageSize=10 result=9 err=null took=1.257978ms
ts=2026-08-15T11:06:32Z caller=logging.go:85 method=Health result=2 took=26.12碌s
ts=2026-08-15T11:06:33Z caller=logging.go:36 method=List tags= order=id pageNum=1 pageSize=10 result=9 err=null took=827.877碌s
ts=2026-08-15T11:06:35Z caller=logging.go:85 method=Health result=2 took=29.527碌s
ts=2026-08-15T11:06:36Z caller=logging.go:36 method=List tags= order=id pageNum=1 pageSize=10 result=9 err=null took=757.988碌s
ts=2026-08-15T11:06:38Z caller=logging.go:85 method=Health result=2 took=28.215碌s
ts=2026-08-15T11:06:39Z caller=logging.go:36 method=List tags= order=id pageNum=1 pageSize=10 result=9 err=null took=769.831碌s
ts=2026-08-15T11:06:40Z caller=logging.go:85 method=Health result=2 took=26.561碌s
ts=2026-08-15T11:06:41Z caller=logging.go:85 method=Health result=2 took=27.002碌s
ts=2026-08-15T11:06:42Z caller=logging.go:36 method=List tags= order=id pageNum=1 pageSize=10 result=9 err=null took=748.651碌s
ts=2026-08-15T11:06:43Z caller=logging.go:85 method=Health result=2 took=29.126碌s
ts=2026-08-15T11:06:44Z caller=logging.go:85 method=Health result=2 took=29.757碌s
ts=2026-08-15T11:06:45Z caller=logging.go:36 method=List tags= order=id pageNum=1 pageSize=10 result=9 err=null took=817.257碌s
ts=2026-08-15T11:06:46Z caller=logging.go:85 method=Health result=2 took=27.203碌s
ts=2026-08-15T11:06:47Z caller=logging.go:85 method=Health result=2 took=25.519碌s
ts=2026-08-15T11:06:48Z caller=logging.go:36 method=List tags= order=id pageNum=1 pageSize=10 result=9 err=null took=720.69碌s
ts=2026-08-15T11:06:49Z caller=logging.go:85 method=Health result=2 took=25.9碌s
ts=2026-08-15T11:06:50Z caller=logging.go:85 method=Health result=2 took=34.086碌s
ts=2026-08-15T11:06:52Z caller=logging.go:36 method=List tags= order=id pageNum=1 pageSize=10 result=9 err=null took=747.904碌s
ts=2026-08-15T11:06:52Z caller=logging.go:85 method=Health result=2 took=34.597碌s
ts=2026-08-15T11:06:53Z caller=logging.go:85 method=Health result=2 took=27.684碌s
ts=2026-08-15T11:06:55Z caller=logging.go:36 method=List tags= order=id pageNum=1 pageSize=10 result=9 err=null took=751.056碌s
ts=2026-08-15T11:06:55Z caller=logging.go:85 method=Health result=2 took=24.447碌s
ts=2026-08-15T11:06:56Z caller=logging.go:85 method=Health result=2 took=27.133碌s
ts=2026-08-15T11:06:58Z caller=logging.go:36 method=List tags= order=id pageNum=1 pageSize=10 result=9 err=null took=768.965碌s
ts=2026-08-15T11:06:58Z caller=logging.go:85 method=Health result=2 took=28.004碌s
ts=2026-08-15T11:06:59Z caller=logging.go:85 method=Health result=2 took=27.263碌s
ts=2026-08-15T11:07:01Z caller=logging.go:36 method=List tags= order=id pageNum=1 pageSize=10 result=9 err=null took=786.739碌s
ts=2026-08-15T11:07:01Z caller=logging.go:85 method=Health result=2 took=33.084碌s
ts=2026-08-15T11:07:02Z caller=logging.go:85 method=Health result=2 took=31.752碌s
ts=2026-08-15T11:07:04Z caller=logging.go:36 method=List tags= order=id pageNum=1 pageSize=10 result=9 err=null took=782.955碌s
ts=2026-08-15T11:07:04Z caller=logging.go:85 method=Health result=2 took=35.739碌s
ts=2026-08-15T11:07:05Z caller=logging.go:85 method=Health result=2 took=26.541碌s
ts=2026-08-15T11:07:07Z caller=logging.go:36 method=List tags= order=id pageNum=1 pageSize=10 result=9 err=null took=835.228碌s
ts=2026-08-15T11:07:07Z caller=logging.go:85 method=Health result=2 took=29.046碌s
ts=2026-08-15T11:07:08Z caller=logging.go:85 method=Health result=2 took=40.609碌s
ts=2026-08-15T11:07:10Z caller=logging.go:36 method=List tags= order=id pageNum=1 pageSize=10 result=9 err=null took=793.506碌s
