2026-08-15 11:06:03.660  INFO [bootstrap,,,] 7 --- [           main] s.c.a.AnnotationConfigApplicationContext : Refreshing org.springframework.context.annotation.AnnotationConfigApplicationContext@1b4fb997: startup date [Sat Aug 15 11:06:03 GMT 2026]; root of context hierarchy
2026-08-15 11:06:11.061  INFO [bootstrap,,,] 7 --- [           main] trationDelegate$BeanPostProcessorChecker : Bean 'configurationPropertiesRebinderAutoConfiguration' of type [class org.springframework.cloud.autoconfigure.ConfigurationPropertiesRebinderAutoConfiguration$$EnhancerBySpringCGLIB$$aac074a3] is not eligible for getting processed by all BeanPostProcessors (for example: not eligible for auto-proxying)

  .   ____          _            __ _ _
 /\\ / ___'_ __ _ _(_)_ __  __ _ \ \ \ \
( ( )\___ | '_ | '_| | '_ \/ _` | \ \ \ \
 \\/  ___)| |_)| | | | | || (_| |  ) ) ) )
  '  |____| .__|_| |_|_| |_\__, | / / / /
 =========|_|==============|___/=/_/_/_/
 :: Spring Boot ::        (v1.4.0.RELEASE)

2026-08-15 11:06:17.054  INFO [shipping,,,] 7 --- [           main] w.w.s.s.ShippingServiceApplication       : No active profile set, falling back to default profiles: default
2026-08-15 11:06:17.156  INFO [shipping,,,] 7 --- [           main] ationConfigEmbeddedWebApplicationContext : Refreshing org.springframework.boot.context.embedded.AnnotationConfigEmbeddedWebApplicationContext@2b80d80f: startup date [Sat Aug 15 11:06:17 GMT 2026]; parent: org.springframework.context.annotation.AnnotationConfigApplicationContext@1b4fb997
2026-08-15 11:06:32.956  INFO [shipping,,,] 7 --- [           main] o.s.b.f.s.DefaultListableBeanFactory     : Overriding bean definition for bean 'managementServletContext' with a different definition: replacing [Root bean: class [null]; scope=; abstract=false; lazyInit=false; autowireMode=3; dependencyCheck=0; autowireCandidate=true; primary=false; factoryBeanName=org.springframework.boot.actuate.autoconfigure.EndpointWebMvcHypermediaManagementContextConfiguration; factoryMethodName=managementServletContext; initMethodName=null; destroyMethodName=(inferred); defined in class path resource [org/springframework/boot/actuate/autoconfigure/EndpointWebMvcHypermediaManagementContextConfiguration.class]] with [Root bean: class [null]; scope=; abstract=false; lazyInit=false; autowireMode=3; dependencyCheck=0; autowireCandidate=true; primary=false; factoryBeanName=org.springframework.boot.actuate.autoconfigure.EndpointWebMvcAutoConfiguration; factoryMethodName=managementServletContext; initMethodName=null; destroyMethodName=(inferred); defined in class path resource [org/springframework/boot/actuate/autoconfigure/EndpointWebMvcAutoConfiguration.class]]
2026-08-15 11:06:33.550  WARN [shipping,,,] 7 --- [           main] o.s.c.a.ConfigurationClassPostProcessor  : Cannot enhance @Configuration bean definition 'refreshScope' since its singleton instance has been created too early. The typical cause is a non-static @Bean method with a BeanDefinitionRegistryPostProcessor return type: Consider declaring such methods as 'static'.
2026-08-15 11:06:35.253  INFO [shipping,,,] 7 --- [           main] o.s.cloud.context.scope.GenericScope     : BeanFactory id=69fa8f89-262f-398f-981d-158092c7771c
2026-08-15 11:06:35.951  INFO [shipping,,,] 7 --- [           main] trationDelegate$BeanPostProcessorChecker : Bean 'org.springframework.amqp.rabbit.annotation.RabbitBootstrapConfiguration' of type [class org.springframework.amqp.rabbit.annotation.RabbitBootstrapConfiguration$$EnhancerBySpringCGLIB$$55122fd4] is not eligible for getting processed by all BeanPostProcessors (for example: not eligible for auto-proxying)
2026-08-15 11:06:38.553  INFO [shipping,,,] 7 --- [           main] trationDelegate$BeanPostProcessorChecker : Bean 'org.springframework.cloud.sleuth.instrument.async.AsyncDefaultAutoConfiguration$DefaultAsyncConfigurerSupport' of type [class org.springframework.cloud.sleuth.instrument.async.AsyncDefaultAutoConfiguration$DefaultAsyncConfigurerSupport$$EnhancerBySpringCGLIB$$cbe80f69] is not eligible for getting processed by all BeanPostProcessors (for example: not eligible for auto-proxying)
2026-08-15 11:06:41.551  INFO [shipping,,,] 7 --- [           main] trationDelegate$BeanPostProcessorChecker : Bean 'spring.data.rest-org.springframework.boot.autoconfigure.data.rest.RepositoryRestProperties' of type [class org.springframework.boot.autoconfigure.data.rest.RepositoryRestProperties] is not eligible for getting processed by all BeanPostProcessors (for example: not eligible for auto-proxying)
2026-08-15 11:06:42.151  INFO [shipping,,,] 7 --- [           main] trationDelegate$BeanPostProcessorChecker : Bean 'org.springframework.boot.autoconfigure.data.rest.RepositoryRestMvcAutoConfiguration' of type [class org.springframework.boot.autoconfigure.data.rest.RepositoryRestMvcAutoConfiguration$$EnhancerBySpringCGLIB$$ccb4c298] is not eligible for getting processed by all BeanPostProcessors (for example: not eligible for auto-proxying)
2026-08-15 11:06:42.253  INFO [shipping,,,] 7 --- [           main] trationDelegate$BeanPostProcessorChecker : Bean 'spring.jackson-org.springframework.boot.autoconfigure.jackson.JacksonProperties' of type [class org.springframework.boot.autoconfigure.jackson.JacksonProperties] is not eligible for getting processed by all BeanPostProcessors (for example: not eligible for auto-proxying)
2026-08-15 11:06:42.455  INFO [shipping,,,] 7 --- [           main] trationDelegate$BeanPostProcessorChecker : Bean 'org.springframework.boot.autoconfigure.jackson.JacksonAutoConfiguration$Jackson2ObjectMapperBuilderCustomizerConfiguration' of type [class org.springframework.boot.autoconfigure.jackson.JacksonAutoConfiguration$Jackson2ObjectMapperBuilderCustomizerConfiguration$$EnhancerBySpringCGLIB$$579d993f] is not eligible for getting processed by all BeanPostProcessors (for example: not eligible for auto-proxying)
2026-08-15 11:06:42.556  INFO [shipping,,,] 7 --- [           main] trationDelegate$BeanPostProcessorChecker : Bean 'standardJacksonObjectMapperBuilderCustomizer' of type [class org.springframework.boot.autoconfigure.jackson.JacksonAutoConfiguration$Jackson2ObjectMapperBuilderCustomizerConfiguration$StandardJackson2ObjectMapperBuilderCustomizer] is not eligible for getting processed by all BeanPostProcessors (for example: not eligible for auto-proxying)
2026-08-15 11:06:42.852  INFO [shipping,,,] 7 --- [           main] trationDelegate$BeanPostProcessorChecker : Bean 'org.springframework.boot.autoconfigure.jackson.JacksonAutoConfiguration$JacksonObjectMapperBuilderConfiguration' of type [class org.springframework.boot.autoconfigure.jackson.JacksonAutoConfiguration$JacksonObjectMapperBuilderConfiguration$$EnhancerBySpringCGLIB$$9c86b350] is not eligible for getting processed by all BeanPostProcessors (for example: not eligible for auto-proxying)
2026-08-15 11:06:42.956  INFO [shipping,,,] 7 --- [           main] trationDelegate$BeanPostProcessorChecker : Bean 'org.springframework.boot.autoconfigure.jackson.JacksonAutoConfiguration' of type [class org.springframework.boot.autoconfigure.jackson.JacksonAutoConfiguration$$EnhancerBySpringCGLIB$$cc458ec6] is not eligible for getting processed by all BeanPostProcessors (for example: not eligible for auto-proxying)
2026-08-15 11:06:43.452  INFO [shipping,,,] 7 --- [           main] trationDelegate$BeanPostProcessorChecker : Bean 'jsonComponentModule' of type [class org.springframework.boot.jackson.JsonComponentModule] is not eligible for getting processed by all BeanPostProcessors (for example: not eligible for auto-proxying)
2026-08-15 11:06:44.351  INFO [shipping,,,] 7 --- [           main] trationDelegate$BeanPostProcessorChecker : Bean 'org.springframework.data.web.config.SpringDataJacksonConfiguration' of type [class org.springframework.data.web.config.SpringDataJacksonConfiguration$$EnhancerBySpringCGLIB$$c74ce57a] is not eligible for getting processed by all BeanPostProcessors (for example: not eligible for auto-proxying)
2026-08-15 11:06:44.357  INFO [shipping,,,] 7 --- [           main] trationDelegate$BeanPostProcessorChecker : Bean 'jacksonGeoModule' of type [class org.springframework.data.geo.GeoModule] is not eligible for getting processed by all BeanPostProcessors (for example: not eligible for auto-proxying)
2026-08-15 11:06:44.359  INFO [shipping,,,] 7 --- [           main] trationDelegate$BeanPostProcessorChecker : Bean 'jacksonObjectMapperBuilder' of type [class org.springframework.http.converter.json.Jackson2ObjectMapperBuilder] is not eligible for getting processed by all BeanPostProcessors (for example: not eligible for auto-proxying)
2026-08-15 11:06:45.056  INFO [shipping,,,] 7 --- [           main] trationDelegate$BeanPostProcessorChecker : Bean 'springBootRepositoryRestConfigurer' of type [class org.springframework.boot.autoconfigure.data.rest.SpringBootRepositoryRestConfigurer] is not eligible for getting processed by all BeanPostProcessors (for example: not eligible for auto-proxying)
2026-08-15 11:06:45.251  INFO [shipping,,,] 7 --- [           main] trationDelegate$BeanPostProcessorChecker : Bean 'defaultRelProvider' of type [class org.springframework.hateoas.core.EvoInflectorRelProvider] is not eligible for getting processed by all BeanPostProcessors (for example: not eligible for auto-proxying)
2026-08-15 11:06:45.356  INFO [shipping,,,] 7 --- [           main] trationDelegate$BeanPostProcessorChecker : Bean 'annotationRelProvider' of type [class org.springframework.hateoas.core.AnnotationRelProvider] is not eligible for getting processed by all BeanPostProcessors (for example: not eligible for auto-proxying)
2026-08-15 11:06:45.698  INFO [shipping,,,] 7 --- [           main] trationDelegate$BeanPostProcessorChecker : Bean '(inner bean)#741a8937' of type [class org.springframework.plugin.core.support.PluginRegistryFactoryBean] is not eligible for getting processed by all BeanPostProcessors (for example: not eligible for auto-proxying)
2026-08-15 11:06:45.952  INFO [shipping,,,] 7 --- [           main] trationDelegate$BeanPostProcessorChecker : Bean '(inner bean)#741a8937' of type [class org.springframework.plugin.core.OrderAwarePluginRegistry] is not eligible for getting processed by all BeanPostProcessors (for example: not eligible for auto-proxying)
2026-08-15 11:06:46.051  INFO [shipping,,,] 7 --- [           main] trationDelegate$BeanPostProcessorChecker : Bean '_relProvider' of type [class org.springframework.hateoas.core.DelegatingRelProvider] is not eligible for getting processed by all BeanPostProcessors (for example: not eligible for auto-proxying)
2026-08-15 11:06:46.153  INFO [shipping,,,] 7 --- [           main] trationDelegate$BeanPostProcessorChecker : Bean 'org.springframework.boot.autoconfigure.data.rest.SpringBootRepositoryRestMvcConfiguration' of type [class org.springframework.boot.autoconfigure.data.rest.SpringBootRepositoryRestMvcConfiguration$$EnhancerBySpringCGLIB$$14a23ac6] is not eligible for getting processed by all BeanPostProcessors (for example: not eligible for auto-proxying)
2026-08-15 11:06:48.052  INFO [shipping,,,] 7 --- [           main] trationDelegate$BeanPostProcessorChecker : Bean 'org.springframework.cloud.autoconfigure.ConfigurationPropertiesRebinderAutoConfiguration' of type [class org.springframework.cloud.autoconfigure.ConfigurationPropertiesRebinderAutoConfiguration$$EnhancerBySpringCGLIB$$aac074a3] is not eligible for getting processed by all BeanPostProcessors (for example: not eligible for auto-proxying)
2026-08-15 11:06:48.554  INFO [shipping,,,] 7 --- [           main] trationDelegate$BeanPostProcessorChecker : Bean 'org.springframework.cloud.sleuth.instrument.web.TraceWebAutoConfiguration' of type [class org.springframework.cloud.sleuth.instrument.web.TraceWebAutoConfiguration$$EnhancerBySpringCGLIB$$8bebf073] is not eligible for getting processed by all BeanPostProcessors (for example: not eligible for auto-proxying)
2026-08-15 11:06:52.755  INFO [shipping,,,] 7 --- [           main] s.b.c.e.t.TomcatEmbeddedServletContainer : Tomcat initialized with port(s): 80 (http)
2026-08-15 11:06:52.957  INFO [shipping,,,] 7 --- [           main] o.apache.catalina.core.StandardService   : Starting service Tomcat
2026-08-15 11:06:52.957  INFO [shipping,,,] 7 --- [           main] org.apache.catalina.core.StandardEngine  : Starting Servlet Engine: Apache Tomcat/8.5.4
2026-08-15 11:06:53.553  INFO [shipping,,,] 7 --- [ost-startStop-1] o.a.c.c.C.[Tomcat].[localhost].[/]       : Initializing Spring embedded WebApplicationContext
2026-08-15 11:06:53.553  INFO [shipping,,,] 7 --- [ost-startStop-1] o.s.web.context.ContextLoader            : Root WebApplicationContext: initialization completed in 36397 ms
2026-08-15 11:07:00.150  INFO [shipping,,,] 7 --- [ost-startStop-1] o.s.b.w.servlet.FilterRegistrationBean   : Mapping filter: 'metricFilter' to: [/*]
2026-08-15 11:07:00.151  INFO [shipping,,,] 7 --- [ost-startStop-1] o.s.b.w.servlet.FilterRegistrationBean   : Mapping filter: 'characterEncodingFilter' to: [/*]
2026-08-15 11:07:00.151  INFO [shipping,,,] 7 --- [ost-startStop-1] o.s.b.c.embedded.FilterRegistrationBean  : Mapping filter: 'traceFilter' to: [/*]
2026-08-15 11:07:00.202  INFO [shipping,,,] 7 --- [ost-startStop-1] o.s.b.w.servlet.FilterRegistrationBean   : Mapping filter: 'hiddenHttpMethodFilter' to: [/*]
2026-08-15 11:07:00.202  INFO [shipping,,,] 7 --- [ost-startStop-1] o.s.b.w.servlet.FilterRegistrationBean   : Mapping filter: 'httpPutFormContentFilter' to: [/*]
2026-08-15 11:07:00.202  INFO [shipping,,,] 7 --- [ost-startStop-1] o.s.b.w.servlet.FilterRegistrationBean   : Mapping filter: 'requestContextFilter' to: [/*]
2026-08-15 11:07:00.202  INFO [shipping,,,] 7 --- [ost-startStop-1] o.s.b.w.servlet.FilterRegistrationBean   : Mapping filter: 'webRequestLoggingFilter' to: [/*]
2026-08-15 11:07:00.202  INFO [shipping,,,] 7 --- [ost-startStop-1] o.s.b.w.servlet.FilterRegistrationBean   : Mapping filter: 'applicationContextIdFilter' to: [/*]
2026-08-15 11:07:00.202  INFO [shipping,,,] 7 --- [ost-startStop-1] o.s.b.w.servlet.ServletRegistrationBean  : Mapping servlet: 'metricsServlet' to [/metrics]
2026-08-15 11:07:00.249  INFO [shipping,,,] 7 --- [ost-startStop-1] o.s.b.w.servlet.ServletRegistrationBean  : Mapping servlet: 'dispatcherServlet' to [/]
2026-08-15 11:07:02.650  INFO [shipping,,,] 7 --- [           main] o.s.b.f.config.PropertiesFactoryBean     : Loading properties file from class path resource [rest-default-messages.properties]
