Starting Redis Server
1:C 16 Aug 2026 08:05:26.456 * oO0OoO0OoO0Oo Redis is starting oO0OoO0OoO0Oo
1:C 16 Aug 2026 08:05:26.456 * Redis version=8.8.0, bits=64, commit=00000000, modified=1, pid=1, just started
1:C 16 Aug 2026 08:05:26.456 * Configuration loaded
1:M 16 Aug 2026 08:05:26.456 * monotonic clock: POSIX clock_gettime
1:M 16 Aug 2026 08:05:26.457 * Running mode=standalone, port=6379.
1:M 16 Aug 2026 08:05:26.457 * <bf> RedisBloom version 8.8.0 (Git=unknown)
1:M 16 Aug 2026 08:05:26.457 * <bf> Registering configuration options: [
1:M 16 Aug 2026 08:05:26.457 * <bf> 	{ bf-error-rate       :      0.01 }
1:M 16 Aug 2026 08:05:26.457 * <bf> 	{ bf-initial-size     :       100 }
1:M 16 Aug 2026 08:05:26.457 * <bf> 	{ bf-expansion-factor :         2 }
1:M 16 Aug 2026 08:05:26.457 * <bf> 	{ cf-bucket-size      :         2 }
1:M 16 Aug 2026 08:05:26.457 * <bf> 	{ cf-initial-size     :      1024 }
1:M 16 Aug 2026 08:05:26.457 * <bf> 	{ cf-max-iterations   :        20 }
1:M 16 Aug 2026 08:05:26.457 * <bf> 	{ cf-expansion-factor :         1 }
1:M 16 Aug 2026 08:05:26.457 * <bf> 	{ cf-max-expansions   :        32 }
1:M 16 Aug 2026 08:05:26.457 * <bf> ]
1:M 16 Aug 2026 08:05:26.457 * Module 'bf' loaded from /usr/local/lib/redis/modules//redisbloom.so
1:M 16 Aug 2026 08:05:26.459 * <search> search-workers default: 16 (min of MAX_WORKER_THREADS=16 and CPU cores)
1:M 16 Aug 2026 08:05:26.459 * <search> Redis version found by RedisSearch : 8.8.0 - oss
1:M 16 Aug 2026 08:05:26.459 * <search> RediSearch version 8.8.0 (Git=d2ae026)
1:M 16 Aug 2026 08:05:26.459 * <search> Low level api version 1 initialized successfully
1:M 16 Aug 2026 08:05:26.459 * <search> gc: ON, prefix min length: 2, min word length to stem: 4, prefix max expansions: 200, query timeout (ms): 500, timeout policy: return, oom policy: return, cursor read size: 1000, cursor max idle (ms): 300000, max doctable size: 1000000, max number of search results:  1000000, default scorer: BM25STD, 
1:M 16 Aug 2026 08:05:26.459 * <search> Initialized thread pools!
1:M 16 Aug 2026 08:05:26.459 * <search> Enabled workers threadpool of size 16
1:M 16 Aug 2026 08:05:26.466 * <search> Subscribe to config changes
1:M 16 Aug 2026 08:05:26.466 * <search> Subscribe to cluster slot migration events
1:M 16 Aug 2026 08:05:26.466 * <search> Enabled role change notification
1:M 16 Aug 2026 08:05:26.466 * <search> Cluster configuration: AUTO partitions, type: 0, coordinator timeout: 0ms
1:M 16 Aug 2026 08:05:26.466 * Module 'search' loaded from /usr/local/lib/redis/modules//redisearch.so
1:M 16 Aug 2026 08:05:26.467 * <timeseries> RedisTimeSeries version 80800, git_sha=42ca4f1078fca732b7f9256adbf25914d67e1cc9
1:M 16 Aug 2026 08:05:26.467 * <timeseries> Redis version found by RedisTimeSeries : 8.8.0 - oss
1:M 16 Aug 2026 08:05:26.467 * <timeseries> Registering configuration options: [
1:M 16 Aug 2026 08:05:26.467 * <timeseries> 	{ ts-compaction-policy   :              }
1:M 16 Aug 2026 08:05:26.467 * <timeseries> 	{ ts-num-threads         :            3 }
1:M 16 Aug 2026 08:05:26.467 * <timeseries> 	{ ts-libmr-protocol      :     INTERNAL }
1:M 16 Aug 2026 08:05:26.467 * <timeseries> 	{ ts-retention-policy    :            0 }
1:M 16 Aug 2026 08:05:26.467 * <timeseries> 	{ ts-duplicate-policy    :        block }
1:M 16 Aug 2026 08:05:26.467 * <timeseries> 	{ ts-chunk-size-bytes    :         4096 }
1:M 16 Aug 2026 08:05:26.467 * <timeseries> 	{ ts-encoding            :   compressed }
1:M 16 Aug 2026 08:05:26.467 * <timeseries> 	{ ts-ignore-max-time-diff:            0 }
1:M 16 Aug 2026 08:05:26.467 * <timeseries> 	{ ts-ignore-max-val-diff :     0.000000 }
1:M 16 Aug 2026 08:05:26.467 * <timeseries> ]
1:M 16 Aug 2026 08:05:26.467 * <timeseries> Detected redis oss
1:M 16 Aug 2026 08:05:26.467 * <timeseries> Subscribe to ASM events
1:M 16 Aug 2026 08:05:26.467 * <timeseries> Enabled diskless replication
1:M 16 Aug 2026 08:05:26.467 * Module 'timeseries' loaded from /usr/local/lib/redis/modules//redistimeseries.so
1:M 16 Aug 2026 08:05:26.468 * <ReJSON> Created new data type 'ReJSON-RL'
1:M 16 Aug 2026 08:05:26.468 * <ReJSON> version: 80800 git sha: unknown branch: unknown
1:M 16 Aug 2026 08:05:26.468 * <ReJSON> Exported RedisJSON_V1 API
1:M 16 Aug 2026 08:05:26.468 * <ReJSON> Exported RedisJSON_V2 API
1:M 16 Aug 2026 08:05:26.468 * <ReJSON> Exported RedisJSON_V3 API
1:M 16 Aug 2026 08:05:26.468 * <ReJSON> Exported RedisJSON_V4 API
1:M 16 Aug 2026 08:05:26.468 * <ReJSON> Exported RedisJSON_V5 API
1:M 16 Aug 2026 08:05:26.468 * <ReJSON> Exported RedisJSON_V6 API
1:M 16 Aug 2026 08:05:26.468 * <ReJSON> Exported RedisJSON_V7 API
1:M 16 Aug 2026 08:05:26.468 * <ReJSON> Enabled diskless replication
1:M 16 Aug 2026 08:05:26.468 * <ReJSON> Initialized shared string cache, thread safe: true.
1:M 16 Aug 2026 08:05:26.468 * Module 'ReJSON' loaded from /usr/local/lib/redis/modules//rejson.so
1:M 16 Aug 2026 08:05:26.468 * <search> Acquired RedisJSON_V7 API
1:M 16 Aug 2026 08:05:26.471 * Server initialized
1:M 16 Aug 2026 08:05:26.471 * Ready to accept connections tcp
1:M 16 Aug 2026 08:05:26.471 # WARNING: Redis does not require authentication and is not protected by network restrictions. Redis will accept connections from any IP address on any network interface.
1:M 16 Aug 2026 08:10:27.054 * 100 changes in 300 seconds. Saving...
1:M 16 Aug 2026 08:10:27.054 * Background saving started by pid 57
57:C 16 Aug 2026 08:10:27.054 # Failed opening the temp RDB file temp-57.rdb (in server root dir /data) for saving: Read-only file system
1:M 16 Aug 2026 08:10:27.154 # Background saving error
1:M 16 Aug 2026 08:10:33.069 * 100 changes in 300 seconds. Saving...
1:M 16 Aug 2026 08:10:33.069 * Background saving started by pid 58
58:C 16 Aug 2026 08:10:33.069 # Failed opening the temp RDB file temp-58.rdb (in server root dir /data) for saving: Read-only file system
1:M 16 Aug 2026 08:10:33.169 # Background saving error
1:M 16 Aug 2026 08:10:39.084 * 100 changes in 300 seconds. Saving...
1:M 16 Aug 2026 08:10:39.084 * Background saving started by pid 59
59:C 16 Aug 2026 08:10:39.084 # Failed opening the temp RDB file temp-59.rdb (in server root dir /data) for saving: Read-only file system
1:M 16 Aug 2026 08:10:39.184 # Background saving error
1:M 16 Aug 2026 08:10:45.099 * 100 changes in 300 seconds. Saving...
1:M 16 Aug 2026 08:10:45.099 * Background saving started by pid 60
60:C 16 Aug 2026 08:10:45.099 # Failed opening the temp RDB file temp-60.rdb (in server root dir /data) for saving: Read-only file system
1:M 16 Aug 2026 08:10:45.200 # Background saving error
1:M 16 Aug 2026 08:10:51.014 * 100 changes in 300 seconds. Saving...
1:M 16 Aug 2026 08:10:51.014 * Background saving started by pid 61
61:C 16 Aug 2026 08:10:51.015 # Failed opening the temp RDB file temp-61.rdb (in server root dir /data) for saving: Read-only file system
1:M 16 Aug 2026 08:10:51.115 # Warning, detected child with unmatched pid: 52
1:M 16 Aug 2026 08:10:51.216 # Background saving error
1:M 16 Aug 2026 08:10:57.029 * 100 changes in 300 seconds. Saving...
1:M 16 Aug 2026 08:10:57.030 * Background saving started by pid 62
62:C 16 Aug 2026 08:10:57.030 # Failed opening the temp RDB file temp-62.rdb (in server root dir /data) for saving: Read-only file system
1:M 16 Aug 2026 08:10:57.130 # Background saving error
1:M 16 Aug 2026 08:11:03.046 * 100 changes in 300 seconds. Saving...
1:M 16 Aug 2026 08:11:03.046 * Background saving started by pid 63
63:C 16 Aug 2026 08:11:03.046 # Failed opening the temp RDB file temp-63.rdb (in server root dir /data) for saving: Read-only file system
1:M 16 Aug 2026 08:11:03.147 # Background saving error
1:M 16 Aug 2026 08:11:09.061 * 100 changes in 300 seconds. Saving...
1:M 16 Aug 2026 08:11:09.061 * Background saving started by pid 64
64:C 16 Aug 2026 08:11:09.062 # Failed opening the temp RDB file temp-64.rdb (in server root dir /data) for saving: Read-only file system
1:M 16 Aug 2026 08:11:09.162 # Background saving error
1:M 16 Aug 2026 08:11:15.077 * 100 changes in 300 seconds. Saving...
1:M 16 Aug 2026 08:11:15.077 * Background saving started by pid 65
65:C 16 Aug 2026 08:11:15.077 # Failed opening the temp RDB file temp-65.rdb (in server root dir /data) for saving: Read-only file system
1:M 16 Aug 2026 08:11:15.178 # Background saving error
1:M 16 Aug 2026 08:11:21.093 * 100 changes in 300 seconds. Saving...
1:M 16 Aug 2026 08:11:21.093 * Background saving started by pid 66
66:C 16 Aug 2026 08:11:21.093 # Failed opening the temp RDB file temp-66.rdb (in server root dir /data) for saving: Read-only file system
1:M 16 Aug 2026 08:11:21.194 # Background saving error
1:M 16 Aug 2026 08:11:27.007 * 100 changes in 300 seconds. Saving...
1:M 16 Aug 2026 08:11:27.008 * Background saving started by pid 67
67:C 16 Aug 2026 08:11:27.008 # Failed opening the temp RDB file temp-67.rdb (in server root dir /data) for saving: Read-only file system
1:M 16 Aug 2026 08:11:27.108 # Background saving error
1:M 16 Aug 2026 08:11:33.023 * 100 changes in 300 seconds. Saving...
1:M 16 Aug 2026 08:11:33.023 * Background saving started by pid 68
68:C 16 Aug 2026 08:11:33.024 # Failed opening the temp RDB file temp-68.rdb (in server root dir /data) for saving: Read-only file system
1:M 16 Aug 2026 08:11:33.124 # Background saving error
1:M 16 Aug 2026 08:11:39.040 * 100 changes in 300 seconds. Saving...
1:M 16 Aug 2026 08:11:39.040 * Background saving started by pid 69
69:C 16 Aug 2026 08:11:39.040 # Failed opening the temp RDB file temp-69.rdb (in server root dir /data) for saving: Read-only file system
1:M 16 Aug 2026 08:11:39.140 # Background saving error
1:M 16 Aug 2026 08:11:45.056 * 100 changes in 300 seconds. Saving...
1:M 16 Aug 2026 08:11:45.056 * Background saving started by pid 70
70:C 16 Aug 2026 08:11:45.056 # Failed opening the temp RDB file temp-70.rdb (in server root dir /data) for saving: Read-only file system
1:M 16 Aug 2026 08:11:45.157 # Background saving error
1:M 16 Aug 2026 08:11:51.074 * 100 changes in 300 seconds. Saving...
1:M 16 Aug 2026 08:11:51.074 * Background saving started by pid 71
71:C 16 Aug 2026 08:11:51.074 # Failed opening the temp RDB file temp-71.rdb (in server root dir /data) for saving: Read-only file system
1:M 16 Aug 2026 08:11:51.174 # Background saving error
1:M 16 Aug 2026 08:11:57.089 * 100 changes in 300 seconds. Saving...
1:M 16 Aug 2026 08:11:57.090 * Background saving started by pid 72
72:C 16 Aug 2026 08:11:57.090 # Failed opening the temp RDB file temp-72.rdb (in server root dir /data) for saving: Read-only file system
1:M 16 Aug 2026 08:11:57.190 # Background saving error
1:M 16 Aug 2026 08:12:03.005 * 100 changes in 300 seconds. Saving...
1:M 16 Aug 2026 08:12:03.006 * Background saving started by pid 73
73:C 16 Aug 2026 08:12:03.006 # Failed opening the temp RDB file temp-73.rdb (in server root dir /data) for saving: Read-only file system
1:M 16 Aug 2026 08:12:03.106 # Background saving error
