ts=2026-08-16T06:49:23.067500617Z caller=main.go:155 transport=HTTP port=80
ts=2026-08-16T06:52:20.757769185Z caller=middlewares.go:157 method=Health result=2 took=483.678碌s
ts=2026-08-16T06:52:22.302983558Z caller=middlewares.go:34 method=Login took=1.233606ms
ts=2026-08-16T06:52:23.757116874Z caller=middlewares.go:157 method=Health result=2 took=294.379碌s
ts=2026-08-16T06:52:24.409659592Z caller=middlewares.go:34 method=Login took=1.062616ms
ts=2026-08-16T06:52:26.499070612Z caller=middlewares.go:34 method=Login took=894.922碌s
ts=2026-08-16T06:52:26.754858783Z caller=middlewares.go:157 method=Health result=2 took=265.394碌s
ts=2026-08-16T06:52:28.57498161Z caller=middlewares.go:34 method=Login took=991.738碌s
ts=2026-08-16T06:52:29.755077233Z caller=middlewares.go:157 method=Health result=2 took=262.051碌s
ts=2026-08-16T06:52:30.668866302Z caller=middlewares.go:34 method=Login took=928.737碌s
ts=2026-08-16T06:52:32.739639867Z caller=middlewares.go:34 method=Login took=1.009226ms
ts=2026-08-16T06:52:32.755618829Z caller=middlewares.go:157 method=Health result=2 took=183.319碌s
ts=2026-08-16T06:52:35.75506261Z caller=middlewares.go:157 method=Health result=2 took=279.587碌s
ts=2026-08-16T06:52:35.821585183Z caller=middlewares.go:34 method=Login took=929.744碌s
ts=2026-08-16T06:52:38.755742329Z caller=middlewares.go:157 method=Health result=2 took=264.563碌s
ts=2026-08-16T06:52:38.908190578Z caller=middlewares.go:34 method=Login took=891.77碌s
ts=2026-08-16T06:52:41.755571446Z caller=middlewares.go:157 method=Health result=2 took=254.203碌s
ts=2026-08-16T06:52:41.98024371Z caller=middlewares.go:34 method=Login took=917.171碌s
ts=2026-08-16T06:52:44.755633455Z caller=middlewares.go:157 method=Health result=2 took=270.314碌s
ts=2026-08-16T06:52:45.068284817Z caller=middlewares.go:34 method=Login took=940.124碌s
ts=2026-08-16T06:52:47.754769766Z caller=middlewares.go:157 method=Health result=2 took=267.9碌s
ts=2026-08-16T06:52:48.165371482Z caller=middlewares.go:34 method=Login took=921.017碌s
ts=2026-08-16T06:52:50.755663084Z caller=middlewares.go:157 method=Health result=2 took=373.104碌s
ts=2026-08-16T06:52:51.245187477Z caller=middlewares.go:34 method=Login took=960.695碌s
ts=2026-08-16T06:52:53.755769027Z caller=middlewares.go:157 method=Health result=2 took=282.86碌s
ts=2026-08-16T06:52:54.335293674Z caller=middlewares.go:34 method=Login took=918.515碌s
ts=2026-08-16T06:52:56.754500665Z caller=middlewares.go:157 method=Health result=2 took=283.009碌s
ts=2026-08-16T06:52:57.399584412Z caller=middlewares.go:34 method=Login took=957.957碌s
ts=2026-08-16T06:52:59.754333537Z caller=middlewares.go:157 method=Health result=2 took=275.324碌s
ts=2026-08-16T06:53:00.490058442Z caller=middlewares.go:34 method=Login took=883.454碌s
ts=2026-08-16T06:53:02.753978717Z caller=middlewares.go:157 method=Health result=2 took=260.706碌s
ts=2026-08-16T06:53:03.581187504Z caller=middlewares.go:34 method=Login took=1.048825ms
ts=2026-08-16T06:53:05.754243821Z caller=middlewares.go:157 method=Health result=2 took=291.817碌s
ts=2026-08-16T06:53:06.663002015Z caller=middlewares.go:34 method=Login took=898.042碌s
ts=2026-08-16T06:53:08.75421758Z caller=middlewares.go:157 method=Health result=2 took=280.023碌s
ts=2026-08-16T06:53:09.73679595Z caller=middlewares.go:34 method=Login took=924.403碌s
ts=2026-08-16T06:53:11.754712197Z caller=middlewares.go:157 method=Health result=2 took=261.076碌s
ts=2026-08-16T06:53:12.827053112Z caller=middlewares.go:34 method=Login took=896.149碌s
ts=2026-08-16T06:53:14.754431642Z caller=middlewares.go:157 method=Health result=2 took=292.718碌s
ts=2026-08-16T06:53:15.921863123Z caller=middlewares.go:34 method=Login took=936.186碌s
ts=2026-08-16T06:53:17.754160313Z caller=middlewares.go:157 method=Health result=2 took=268.461碌s
ts=2026-08-16T06:53:19.002883446Z caller=middlewares.go:34 method=Login took=1.080435ms
ts=2026-08-16T06:53:20.754112269Z caller=middlewares.go:157 method=Health result=2 took=267.389碌s
ts=2026-08-16T06:53:22.072952911Z caller=middlewares.go:34 method=Login took=933.19碌s
ts=2026-08-16T06:53:23.75475748Z caller=middlewares.go:157 method=Health result=2 took=276.628碌s
ts=2026-08-16T06:53:25.136902746Z caller=middlewares.go:34 method=Login took=887.361碌s
ts=2026-08-16T06:53:26.752577708Z caller=middlewares.go:157 method=Health result=2 took=280.057碌s
ts=2026-08-16T06:53:28.219188736Z caller=middlewares.go:34 method=Login took=928.168碌s
ts=2026-08-16T06:53:29.753386405Z caller=middlewares.go:157 method=Health result=2 took=276.455碌s
ts=2026-08-16T06:53:31.289012058Z caller=middlewares.go:34 method=Login took=949.268碌s
ts=2026-08-16T06:53:32.753131703Z caller=middlewares.go:157 method=Health result=2 took=269.712碌s
ts=2026-08-16T06:53:34.369506339Z caller=middlewares.go:34 method=Login took=966.978碌s
ts=2026-08-16T06:53:35.753091397Z caller=middlewares.go:157 method=Health result=2 took=271.918碌s
ts=2026-08-16T06:53:36.042881337Z caller=middlewares.go:34 method=Login took=962.524碌s
ts=2026-08-16T06:53:36.112018563Z caller=middlewares.go:34 method=Login took=968.871碌s
ts=2026-08-16T06:53:36.152012063Z caller=middlewares.go:34 method=Login took=940.737碌s
ts=2026-08-16T06:53:36.219459359Z caller=middlewares.go:34 method=Login took=811.776碌s
ts=2026-08-16T06:53:36.29957623Z caller=middlewares.go:34 method=Login took=903.133碌s
ts=2026-08-16T06:53:39.148154615Z caller=middlewares.go:34 method=Login took=1.501549724s
ts=2026-08-16T06:53:39.752670735Z caller=middlewares.go:157 method=Health result=2 took=500.340438ms
ts=2026-08-16T06:53:41.721974333Z caller=middlewares.go:34 method=Login took=1.501531853s
ts=2026-08-16T06:53:42.753291416Z caller=middlewares.go:157 method=Health result=2 took=500.418199ms
ts=2026-08-16T06:53:44.295880163Z caller=middlewares.go:34 method=Login took=1.501441905s
ts=2026-08-16T06:53:45.752765062Z caller=middlewares.go:157 method=Health result=2 took=500.363923ms
ts=2026-08-16T06:53:47.254035011Z caller=middlewares.go:157 method=Health result=2 took=500.326564ms
ts=2026-08-16T06:53:47.367486741Z caller=middlewares.go:34 method=Login took=2.001814119s
ts=2026-08-16T06:53:50.254864474Z caller=middlewares.go:157 method=Health result=2 took=500.332169ms
ts=2026-08-16T06:53:53.254646742Z caller=middlewares.go:157 method=Health result=2 took=500.319553ms
ts=2026-08-16T06:53:56.252696372Z caller=middlewares.go:157 method=Health result=2 took=498.848138ms
ts=2026-08-16T06:53:59.253317809Z caller=middlewares.go:157 method=Health result=2 took=500.343094ms
ts=2026-08-16T06:54:02.253525697Z caller=middlewares.go:157 method=Health result=2 took=500.346959ms
ts=2026-08-16T06:54:05.253139335Z caller=middlewares.go:157 method=Health result=2 took=500.33122ms
ts=2026-08-16T06:54:07.253368218Z caller=middlewares.go:157 method=Health result=2 took=381.376碌s
ts=2026-08-16T06:54:07.591588351Z caller=middlewares.go:34 method=Login took=929.282碌s
ts=2026-08-16T06:54:09.678751125Z caller=middlewares.go:34 method=Login took=895.888碌s
ts=2026-08-16T06:54:10.252683509Z caller=middlewares.go:157 method=Health result=2 took=268.652碌s
ts=2026-08-16T06:54:11.74519086Z caller=middlewares.go:34 method=Login took=1.013295ms
ts=2026-08-16T06:54:13.252888709Z caller=middlewares.go:157 method=Health result=2 took=287.828碌s
ts=2026-08-16T06:54:13.82161334Z caller=middlewares.go:34 method=Login took=923.08碌s
ts=2026-08-16T06:54:15.901483329Z caller=middlewares.go:34 method=Login took=965.484碌s
ts=2026-08-16T06:54:16.253327134Z caller=middlewares.go:157 method=Health result=2 took=289.972碌s
ts=2026-08-16T06:54:17.972361587Z caller=middlewares.go:34 method=Login took=890.348碌s
ts=2026-08-16T06:54:19.253479439Z caller=middlewares.go:157 method=Health result=2 took=281.056碌s
ts=2026-08-16T06:54:21.05870154Z caller=middlewares.go:34 method=Login took=1.019588ms
ts=2026-08-16T06:54:21.739167672Z caller=middlewares.go:157 method=Health result=2 took=263.862碌s
ts=2026-08-16T06:54:22.252591578Z caller=middlewares.go:157 method=Health result=2 took=282.198碌s
ts=2026-08-16T06:54:24.139408409Z caller=middlewares.go:34 method=Login took=951.725碌s
ts=2026-08-16T06:54:24.738889916Z caller=middlewares.go:157 method=Health result=2 took=269.627碌s
ts=2026-08-16T06:54:25.252706333Z caller=middlewares.go:157 method=Health result=2 took=287.192碌s
ts=2026-08-16T06:54:27.234381792Z caller=middlewares.go:34 method=Login took=931.325碌s
ts=2026-08-16T06:54:27.73832955Z caller=middlewares.go:157 method=Health result=2 took=287.478碌s
ts=2026-08-16T06:54:28.252072464Z caller=middlewares.go:157 method=Health result=2 took=286.401碌s
ts=2026-08-16T06:54:30.282064104Z caller=middlewares.go:34 method=Login took=991.032碌s
ts=2026-08-16T06:54:30.737295741Z caller=middlewares.go:157 method=Health result=2 took=282.777碌s
ts=2026-08-16T06:54:31.254442828Z caller=middlewares.go:157 method=Health result=2 took=261.717碌s
ts=2026-08-16T06:54:33.344912086Z caller=middlewares.go:34 method=Login took=1.075105ms
ts=2026-08-16T06:54:33.737794961Z caller=middlewares.go:157 method=Health result=2 took=329.209碌s
ts=2026-08-16T06:54:34.252104579Z caller=middlewares.go:157 method=Health result=2 took=276.747碌s
ts=2026-08-16T06:54:36.429577949Z caller=middlewares.go:34 method=Login took=976.174碌s
ts=2026-08-16T06:54:36.73811105Z caller=middlewares.go:157 method=Health result=2 took=277.207碌s
ts=2026-08-16T06:54:37.252211802Z caller=middlewares.go:157 method=Health result=2 took=266.828碌s
ts=2026-08-16T06:54:39.489832475Z caller=middlewares.go:34 method=Login took=930.625碌s
ts=2026-08-16T06:54:39.737919817Z caller=middlewares.go:157 method=Health result=2 took=265.776碌s
ts=2026-08-16T06:54:40.252204621Z caller=middlewares.go:157 method=Health result=2 took=295.713碌s
ts=2026-08-16T06:54:42.569098055Z caller=middlewares.go:34 method=Login took=927.333碌s
ts=2026-08-16T06:54:42.738348405Z caller=middlewares.go:157 method=Health result=2 took=356.386碌s
ts=2026-08-16T06:54:43.252016548Z caller=middlewares.go:157 method=Health result=2 took=283.219碌s
ts=2026-08-16T06:54:45.647319982Z caller=middlewares.go:34 method=Login took=901.228碌s
ts=2026-08-16T06:54:45.738094501Z caller=middlewares.go:157 method=Health result=2 took=236.529碌s
ts=2026-08-16T06:54:46.252127126Z caller=middlewares.go:157 method=Health result=2 took=266.046碌s
ts=2026-08-16T06:54:48.69532333Z caller=middlewares.go:34 method=Login took=975.305碌s
ts=2026-08-16T06:54:48.737476882Z caller=middlewares.go:157 method=Health result=2 took=169.504碌s
ts=2026-08-16T06:54:49.251843317Z caller=middlewares.go:157 method=Health result=2 took=299.045碌s
ts=2026-08-16T06:54:51.737778564Z caller=middlewares.go:157 method=Health result=2 took=287.653碌s
ts=2026-08-16T06:54:51.765462381Z caller=middlewares.go:34 method=Login took=923.509碌s
ts=2026-08-16T06:54:52.251689936Z caller=middlewares.go:157 method=Health result=2 took=249.894碌s
ts=2026-08-16T06:54:54.737333144Z caller=middlewares.go:157 method=Health result=2 took=364.157碌s
ts=2026-08-16T06:54:54.839924538Z caller=middlewares.go:34 method=Login took=895.187碌s
ts=2026-08-16T06:54:55.252531313Z caller=middlewares.go:157 method=Health result=2 took=265.671碌s
ts=2026-08-16T06:54:57.73585798Z caller=middlewares.go:157 method=Health result=2 took=263.007碌s
ts=2026-08-16T06:54:57.931805584Z caller=middlewares.go:34 method=Login took=990.429碌s
ts=2026-08-16T06:54:58.250202976Z caller=middlewares.go:157 method=Health result=2 took=268.844碌s
ts=2026-08-16T06:55:00.73650104Z caller=middlewares.go:157 method=Health result=2 took=292.223碌s
ts=2026-08-16T06:55:01.006306699Z caller=middlewares.go:34 method=Login took=864.557碌s
ts=2026-08-16T06:55:01.249840281Z caller=middlewares.go:157 method=Health result=2 took=270.41碌s
ts=2026-08-16T06:55:03.735868227Z caller=middlewares.go:157 method=Health result=2 took=284.704碌s
ts=2026-08-16T06:55:04.11114029Z caller=middlewares.go:34 method=Login took=976.34碌s
ts=2026-08-16T06:55:04.250045858Z caller=middlewares.go:157 method=Health result=2 took=248.554碌s
ts=2026-08-16T06:55:06.735887517Z caller=middlewares.go:157 method=Health result=2 took=287.169碌s
ts=2026-08-16T06:55:07.20196765Z caller=middlewares.go:34 method=Login took=918.913碌s
ts=2026-08-16T06:55:07.25002534Z caller=middlewares.go:157 method=Health result=2 took=176.353碌s
ts=2026-08-16T06:55:09.735638799Z caller=middlewares.go:157 method=Health result=2 took=340.948碌s
ts=2026-08-16T06:55:10.250406607Z caller=middlewares.go:157 method=Health result=2 took=304.843碌s
ts=2026-08-16T06:55:10.282070813Z caller=middlewares.go:34 method=Login took=921.063碌s
ts=2026-08-16T06:55:12.735651742Z caller=middlewares.go:157 method=Health result=2 took=292.389碌s
ts=2026-08-16T06:55:13.250107385Z caller=middlewares.go:157 method=Health result=2 took=271.329碌s
ts=2026-08-16T06:55:13.367850203Z caller=middlewares.go:34 method=Login took=1.038463ms
ts=2026-08-16T06:55:15.735939214Z caller=middlewares.go:157 method=Health result=2 took=264.004碌s
ts=2026-08-16T06:55:16.24988268Z caller=middlewares.go:157 method=Health result=2 took=285.608碌s
ts=2026-08-16T06:55:16.444885518Z caller=middlewares.go:34 method=Login took=977.223碌s
ts=2026-08-16T06:55:18.735583864Z caller=middlewares.go:157 method=Health result=2 took=290.704碌s
ts=2026-08-16T06:55:19.2501898Z caller=middlewares.go:157 method=Health result=2 took=270.424碌s
ts=2026-08-16T06:55:19.541683839Z caller=middlewares.go:34 method=Login took=922.189碌s
