ts=2026-08-16T05:45:08Z caller=logging.go:85 method=Health result=2 took=27.965碌s
ts=2026-08-16T05:45:08Z caller=logging.go:85 method=Health result=2 took=32.593碌s
ts=2026-08-16T05:45:10Z caller=logging.go:36 method=List tags= order=id pageNum=1 pageSize=10 result=9 err=null took=825.012碌s
ts=2026-08-16T05:45:11Z caller=logging.go:85 method=Health result=2 took=41.12碌s
ts=2026-08-16T05:45:11Z caller=logging.go:85 method=Health result=2 took=29.317碌s
ts=2026-08-16T05:45:12Z caller=logging.go:36 method=List tags= order=id pageNum=1 pageSize=10 result=9 err=null took=736.93碌s
ts=2026-08-16T05:45:14Z caller=logging.go:85 method=Health result=2 took=28.675碌s
ts=2026-08-16T05:45:14Z caller=logging.go:85 method=Health result=2 took=29.317碌s
ts=2026-08-16T05:45:15Z caller=logging.go:36 method=List tags= order=id pageNum=1 pageSize=10 result=9 err=null took=746.909碌s
ts=2026-08-16T05:45:17Z caller=logging.go:36 method=List tags= order=id pageNum=1 pageSize=10 result=9 err=null took=721.34碌s
ts=2026-08-16T05:45:17Z caller=logging.go:85 method=Health result=2 took=27.904碌s
ts=2026-08-16T05:45:17Z caller=logging.go:85 method=Health result=2 took=28.605碌s
ts=2026-08-16T05:45:19Z caller=logging.go:36 method=List tags= order=id pageNum=1 pageSize=10 result=9 err=null took=739.003碌s
ts=2026-08-16T05:45:20Z caller=logging.go:85 method=Health result=2 took=29.267碌s
ts=2026-08-16T05:45:20Z caller=logging.go:85 method=Health result=2 took=50.017碌s
ts=2026-08-16T05:45:21Z caller=logging.go:36 method=List tags= order=id pageNum=1 pageSize=10 result=9 err=null took=769.049碌s
ts=2026-08-16T05:45:23Z caller=logging.go:36 method=List tags= order=id pageNum=1 pageSize=10 result=9 err=null took=739.746碌s
ts=2026-08-16T05:45:23Z caller=logging.go:85 method=Health result=2 took=21.021碌s
ts=2026-08-16T05:45:23Z caller=logging.go:85 method=Health result=2 took=28.035碌s
ts=2026-08-16T05:45:26Z caller=logging.go:85 method=Health result=2 took=31.171碌s
ts=2026-08-16T05:45:26Z caller=logging.go:36 method=List tags= order=id pageNum=1 pageSize=10 result=9 err=null took=789.889碌s
ts=2026-08-16T05:45:26Z caller=logging.go:85 method=Health result=2 took=28.566碌s
ts=2026-08-16T05:45:29Z caller=logging.go:85 method=Health result=2 took=30.589碌s
ts=2026-08-16T05:45:29Z caller=logging.go:36 method=List tags= order=id pageNum=1 pageSize=10 result=9 err=null took=789.658碌s
ts=2026-08-16T05:45:29Z caller=logging.go:85 method=Health result=2 took=29.367碌s
ts=2026-08-16T05:45:32Z caller=logging.go:85 method=Health result=2 took=28.435碌s
ts=2026-08-16T05:45:32Z caller=logging.go:85 method=Health result=2 took=27.754碌s
ts=2026-08-16T05:45:32Z caller=logging.go:36 method=List tags= order=id pageNum=1 pageSize=10 result=9 err=null took=731.651碌s
ts=2026-08-16T05:45:35Z caller=logging.go:85 method=Health result=2 took=28.095碌s
ts=2026-08-16T05:45:35Z caller=logging.go:85 method=Health result=2 took=28.735碌s
ts=2026-08-16T05:45:36Z caller=logging.go:36 method=List tags= order=id pageNum=1 pageSize=10 result=9 err=null took=808.735碌s
ts=2026-08-16T05:45:38Z caller=logging.go:85 method=Health result=2 took=36.38碌s
ts=2026-08-16T05:45:38Z caller=logging.go:85 method=Health result=2 took=27.353碌s
ts=2026-08-16T05:45:39Z caller=logging.go:36 method=List tags= order=id pageNum=1 pageSize=10 result=9 err=null took=738.003碌s
ts=2026-08-16T05:45:41Z caller=logging.go:85 method=Health result=2 took=27.554碌s
ts=2026-08-16T05:45:41Z caller=logging.go:85 method=Health result=2 took=28.154碌s
ts=2026-08-16T05:45:42Z caller=logging.go:36 method=List tags= order=id pageNum=1 pageSize=10 result=9 err=null took=814.497碌s
ts=2026-08-16T05:45:44Z caller=logging.go:85 method=Health result=2 took=28.004碌s
ts=2026-08-16T05:45:44Z caller=logging.go:85 method=Health result=2 took=27.303碌s
ts=2026-08-16T05:45:45Z caller=logging.go:36 method=List tags= order=id pageNum=1 pageSize=10 result=9 err=null took=737.668碌s
ts=2026-08-16T05:45:47Z caller=logging.go:85 method=Health result=2 took=27.854碌s
ts=2026-08-16T05:45:47Z caller=logging.go:85 method=Health result=2 took=30.519碌s
ts=2026-08-16T05:45:48Z caller=logging.go:36 method=List tags= order=id pageNum=1 pageSize=10 result=9 err=null took=741.856碌s
ts=2026-08-16T05:45:50Z caller=logging.go:85 method=Health result=2 took=28.765碌s
ts=2026-08-16T05:45:50Z caller=logging.go:85 method=Health result=2 took=28.104碌s
ts=2026-08-16T05:45:51Z caller=logging.go:36 method=List tags= order=id pageNum=1 pageSize=10 result=9 err=null took=820.849碌s
ts=2026-08-16T05:45:53Z caller=logging.go:85 method=Health result=2 took=29.577碌s
ts=2026-08-16T05:45:53Z caller=logging.go:85 method=Health result=2 took=32.854碌s
ts=2026-08-16T05:45:54Z caller=logging.go:36 method=List tags= order=id pageNum=1 pageSize=10 result=9 err=null took=854.964碌s
ts=2026-08-16T05:45:56Z caller=logging.go:85 method=Health result=2 took=35.108碌s
ts=2026-08-16T05:45:56Z caller=logging.go:85 method=Health result=2 took=26.982碌s
ts=2026-08-16T05:45:57Z caller=logging.go:36 method=List tags= order=id pageNum=1 pageSize=10 result=9 err=null took=886.164碌s
ts=2026-08-16T05:45:59Z caller=logging.go:85 method=Health result=2 took=28.916碌s
ts=2026-08-16T05:45:59Z caller=logging.go:85 method=Health result=2 took=27.723碌s
ts=2026-08-16T05:46:00Z caller=logging.go:36 method=List tags= order=id pageNum=1 pageSize=10 result=9 err=null took=744.991碌s
ts=2026-08-16T05:46:02Z caller=logging.go:85 method=Health result=2 took=28.015碌s
ts=2026-08-16T05:46:02Z caller=logging.go:85 method=Health result=2 took=28.004碌s
ts=2026-08-16T05:46:03Z caller=logging.go:36 method=List tags= order=id pageNum=1 pageSize=10 result=9 err=null took=770.275碌s
ts=2026-08-16T05:46:05Z caller=logging.go:85 method=Health result=2 took=28.084碌s
ts=2026-08-16T05:46:05Z caller=logging.go:85 method=Health result=2 took=38.615碌s
ts=2026-08-16T05:46:06Z caller=logging.go:36 method=List tags= order=id pageNum=1 pageSize=10 result=9 err=null took=735.068碌s
ts=2026-08-16T05:46:08Z caller=logging.go:85 method=Health result=2 took=27.684碌s
ts=2026-08-16T05:46:08Z caller=logging.go:85 method=Health result=2 took=512.192碌s
ts=2026-08-16T05:46:10Z caller=logging.go:36 method=List tags= order=id pageNum=1 pageSize=10 result=9 err=null took=795.253碌s
ts=2026-08-16T05:46:11Z caller=logging.go:85 method=Health result=2 took=27.002碌s
ts=2026-08-16T05:46:11Z caller=logging.go:85 method=Health result=2 took=28.195碌s
ts=2026-08-16T05:46:13Z caller=logging.go:36 method=List tags= order=id pageNum=1 pageSize=10 result=9 err=null took=819.566碌s
ts=2026-08-16T05:46:14Z caller=logging.go:85 method=Health result=2 took=39.046碌s
ts=2026-08-16T05:46:14Z caller=logging.go:85 method=Health result=2 took=31.962碌s
ts=2026-08-16T05:46:16Z caller=logging.go:36 method=List tags= order=id pageNum=1 pageSize=10 result=9 err=null took=904.124碌s
ts=2026-08-16T05:46:17Z caller=logging.go:85 method=Health result=2 took=41.17碌s
ts=2026-08-16T05:46:17Z caller=logging.go:85 method=Health result=2 took=28.014碌s
ts=2026-08-16T05:46:19Z caller=logging.go:36 method=List tags= order=id pageNum=1 pageSize=10 result=9 err=null took=721.386碌s
ts=2026-08-16T05:46:20Z caller=logging.go:85 method=Health result=2 took=28.355碌s
ts=2026-08-16T05:46:20Z caller=logging.go:85 method=Health result=2 took=28.275碌s
ts=2026-08-16T05:46:22Z caller=logging.go:36 method=List tags= order=id pageNum=1 pageSize=10 result=9 err=null took=719.352碌s
ts=2026-08-16T05:46:23Z caller=logging.go:85 method=Health result=2 took=28.796碌s
ts=2026-08-16T05:46:23Z caller=logging.go:85 method=Health result=2 took=29.537碌s
ts=2026-08-16T05:46:25Z caller=logging.go:36 method=List tags= order=id pageNum=1 pageSize=10 result=9 err=null took=790.349碌s
ts=2026-08-16T05:46:26Z caller=logging.go:85 method=Health result=2 took=49.797碌s
ts=2026-08-16T05:46:26Z caller=logging.go:85 method=Health result=2 took=30.88碌s
ts=2026-08-16T05:46:27Z caller=logging.go:36 method=List tags= order=id pageNum=1 pageSize=10 result=9 err=null took=830.677碌s
ts=2026-08-16T05:46:27Z caller=logging.go:36 method=List tags= order=id pageNum=1 pageSize=10 result=9 err=null took=763.978碌s
ts=2026-08-16T05:46:27Z caller=logging.go:36 method=List tags= order=id pageNum=1 pageSize=10 result=9 err=null took=726.927碌s
ts=2026-08-16T05:46:27Z caller=logging.go:36 method=List tags= order=id pageNum=1 pageSize=10 result=9 err=null took=823.193碌s
ts=2026-08-16T05:46:27Z caller=logging.go:36 method=List tags= order=id pageNum=1 pageSize=10 result=9 err=null took=748.297碌s
ts=2026-08-16T05:46:29Z caller=logging.go:36 method=List tags= order=id pageNum=1 pageSize=10 result=9 err=null took=1.000947889s
ts=2026-08-16T05:46:30Z caller=logging.go:85 method=Health result=2 took=30.619碌s
ts=2026-08-16T05:46:30Z caller=logging.go:85 method=Health result=2 took=28.435碌s
ts=2026-08-16T05:46:31Z caller=logging.go:36 method=List tags= order=id pageNum=1 pageSize=10 result=9 err=null took=1.001014135s
ts=2026-08-16T05:46:33Z caller=logging.go:36 method=List tags= order=id pageNum=1 pageSize=10 result=9 err=null took=1.000952734s
ts=2026-08-16T05:46:35Z caller=logging.go:36 method=List tags= order=id pageNum=1 pageSize=10 result=9 err=null took=1.000964206s
ts=2026-08-16T05:46:36Z caller=logging.go:85 method=Health result=2 took=31.09碌s
ts=2026-08-16T05:46:36Z caller=logging.go:85 method=Health result=2 took=2.814644082s
ts=2026-08-16T05:46:36Z caller=logging.go:85 method=Health result=2 took=3.003257926s
ts=2026-08-16T05:46:36Z caller=logging.go:85 method=Health result=2 took=27.263碌s
ts=2026-08-16T05:46:37Z caller=logging.go:85 method=Health result=2 took=30.789碌s
ts=2026-08-16T05:46:38Z caller=logging.go:36 method=List tags= order=id pageNum=1 pageSize=10 result=9 err=null took=1.001245249s
ts=2026-08-16T05:46:39Z caller=logging.go:85 method=Health result=2 took=28.014碌s
ts=2026-08-16T05:46:40Z caller=logging.go:85 method=Health result=2 took=28.044碌s
ts=2026-08-16T05:46:42Z caller=logging.go:85 method=Health result=2 took=29.056碌s
ts=2026-08-16T05:46:43Z caller=logging.go:85 method=Health result=2 took=29.066碌s
ts=2026-08-16T05:46:45Z caller=logging.go:85 method=Health result=2 took=27.773碌s
ts=2026-08-16T05:46:46Z caller=logging.go:85 method=Health result=2 took=27.142碌s
ts=2026-08-16T05:46:48Z caller=logging.go:85 method=Health result=2 took=30.288碌s
ts=2026-08-16T05:46:49Z caller=logging.go:85 method=Health result=2 took=28.675碌s
ts=2026-08-16T05:46:51Z caller=logging.go:85 method=Health result=2 took=30.84碌s
ts=2026-08-16T05:46:52Z caller=logging.go:85 method=Health result=2 took=28.075碌s
ts=2026-08-16T05:46:54Z caller=logging.go:85 method=Health result=2 took=29.608碌s
ts=2026-08-16T05:46:55Z caller=logging.go:85 method=Health result=2 took=27.242碌s
ts=2026-08-16T05:46:57Z caller=logging.go:85 method=Health result=2 took=27.985碌s
ts=2026-08-16T05:46:59Z caller=logging.go:36 method=List tags= order=id pageNum=1 pageSize=10 result=9 err=null took=720.264碌s
ts=2026-08-16T05:46:59Z caller=logging.go:85 method=Health result=2 took=30.168碌s
ts=2026-08-16T05:47:00Z caller=logging.go:85 method=Health result=2 took=33.425碌s
ts=2026-08-16T05:47:01Z caller=logging.go:36 method=List tags= order=id pageNum=1 pageSize=10 result=9 err=null took=767.896碌s
ts=2026-08-16T05:47:02Z caller=logging.go:85 method=Health result=2 took=26.522碌s
ts=2026-08-16T05:47:03Z caller=logging.go:36 method=List tags= order=id pageNum=1 pageSize=10 result=9 err=null took=864.026碌s
ts=2026-08-16T05:47:03Z caller=logging.go:85 method=Health result=2 took=28.435碌s
ts=2026-08-16T05:47:05Z caller=logging.go:36 method=List tags= order=id pageNum=1 pageSize=10 result=9 err=null took=746.679碌s
ts=2026-08-16T05:47:05Z caller=logging.go:85 method=Health result=2 took=26.421碌s
ts=2026-08-16T05:47:06Z caller=logging.go:85 method=Health result=2 took=27.373碌s
ts=2026-08-16T05:47:07Z caller=logging.go:36 method=List tags= order=id pageNum=1 pageSize=10 result=9 err=null took=787.453碌s
ts=2026-08-16T05:47:08Z caller=logging.go:85 method=Health result=2 took=26.321碌s
ts=2026-08-16T05:47:09Z caller=logging.go:36 method=List tags= order=id pageNum=1 pageSize=10 result=9 err=null took=776.389碌s
ts=2026-08-16T05:47:09Z caller=logging.go:85 method=Health result=2 took=26.371碌s
ts=2026-08-16T05:47:11Z caller=logging.go:85 method=Health result=2 took=26.802碌s
ts=2026-08-16T05:47:12Z caller=logging.go:36 method=List tags= order=id pageNum=1 pageSize=10 result=9 err=null took=752.991碌s
ts=2026-08-16T05:47:12Z caller=logging.go:85 method=Health result=2 took=27.003碌s
ts=2026-08-16T05:47:14Z caller=logging.go:85 method=Health result=2 took=27.834碌s
ts=2026-08-16T05:47:15Z caller=logging.go:36 method=List tags= order=id pageNum=1 pageSize=10 result=9 err=null took=798.012碌s
ts=2026-08-16T05:47:15Z caller=logging.go:85 method=Health result=2 took=30.438碌s
ts=2026-08-16T05:47:17Z caller=logging.go:85 method=Health result=2 took=26.852碌s
ts=2026-08-16T05:47:18Z caller=logging.go:85 method=Health result=2 took=27.373碌s
ts=2026-08-16T05:47:18Z caller=logging.go:36 method=List tags= order=id pageNum=1 pageSize=10 result=9 err=null took=721.586碌s
ts=2026-08-16T05:47:20Z caller=logging.go:85 method=Health result=2 took=28.846碌s
ts=2026-08-16T05:47:21Z caller=logging.go:85 method=Health result=2 took=28.686碌s
ts=2026-08-16T05:47:22Z caller=logging.go:36 method=List tags= order=id pageNum=1 pageSize=10 result=9 err=null took=739.867碌s
ts=2026-08-16T05:47:23Z caller=logging.go:85 method=Health result=2 took=27.944碌s
ts=2026-08-16T05:47:24Z caller=logging.go:85 method=Health result=2 took=28.996碌s
ts=2026-08-16T05:47:25Z caller=logging.go:36 method=List tags= order=id pageNum=1 pageSize=10 result=9 err=null took=839.225碌s
ts=2026-08-16T05:47:26Z caller=logging.go:85 method=Health result=2 took=33.314碌s
ts=2026-08-16T05:47:27Z caller=logging.go:85 method=Health result=2 took=27.864碌s
ts=2026-08-16T05:47:28Z caller=logging.go:36 method=List tags= order=id pageNum=1 pageSize=10 result=9 err=null took=910.368碌s
ts=2026-08-16T05:47:29Z caller=logging.go:85 method=Health result=2 took=27.503碌s
ts=2026-08-16T05:47:30Z caller=logging.go:85 method=Health result=2 took=27.694碌s
ts=2026-08-16T05:47:31Z caller=logging.go:36 method=List tags= order=id pageNum=1 pageSize=10 result=9 err=null took=798.243碌s
ts=2026-08-16T05:47:32Z caller=logging.go:85 method=Health result=2 took=26.982碌s
ts=2026-08-16T05:47:33Z caller=logging.go:85 method=Health result=2 took=28.676碌s
ts=2026-08-16T05:47:34Z caller=logging.go:36 method=List tags= order=id pageNum=1 pageSize=10 result=9 err=null took=764.02碌s
ts=2026-08-16T05:47:35Z caller=logging.go:85 method=Health result=2 took=30.288碌s
ts=2026-08-16T05:47:36Z caller=logging.go:85 method=Health result=2 took=27.854碌s
ts=2026-08-16T05:47:37Z caller=logging.go:36 method=List tags= order=id pageNum=1 pageSize=10 result=9 err=null took=807.534碌s
ts=2026-08-16T05:47:38Z caller=logging.go:85 method=Health result=2 took=28.064碌s
ts=2026-08-16T05:47:39Z caller=logging.go:85 method=Health result=2 took=27.915碌s
ts=2026-08-16T05:47:40Z caller=logging.go:36 method=List tags= order=id pageNum=1 pageSize=10 result=9 err=null took=743.422碌s
ts=2026-08-16T05:47:41Z caller=logging.go:85 method=Health result=2 took=28.656碌s
ts=2026-08-16T05:47:42Z caller=logging.go:85 method=Health result=2 took=27.243碌s
ts=2026-08-16T05:47:43Z caller=logging.go:36 method=List tags= order=id pageNum=1 pageSize=10 result=9 err=null took=736.699碌s
ts=2026-08-16T05:47:44Z caller=logging.go:85 method=Health result=2 took=29.537碌s
ts=2026-08-16T05:47:45Z caller=logging.go:85 method=Health result=2 took=29.046碌s
ts=2026-08-16T05:47:46Z caller=logging.go:36 method=List tags= order=id pageNum=1 pageSize=10 result=9 err=null took=854.628碌s
ts=2026-08-16T05:47:47Z caller=logging.go:85 method=Health result=2 took=30.128碌s
ts=2026-08-16T05:47:48Z caller=logging.go:85 method=Health result=2 took=27.564碌s
ts=2026-08-16T05:47:49Z caller=logging.go:36 method=List tags= order=id pageNum=1 pageSize=10 result=9 err=null took=859.008碌s
ts=2026-08-16T05:47:50Z caller=logging.go:85 method=Health result=2 took=27.383碌s
ts=2026-08-16T05:47:51Z caller=logging.go:85 method=Health result=2 took=30.92碌s
ts=2026-08-16T05:47:52Z caller=logging.go:36 method=List tags= order=id pageNum=1 pageSize=10 result=9 err=null took=737.818碌s
ts=2026-08-16T05:47:53Z caller=logging.go:85 method=Health result=2 took=30.139碌s
ts=2026-08-16T05:47:54Z caller=logging.go:85 method=Health result=2 took=26.781碌s
ts=2026-08-16T05:47:56Z caller=logging.go:36 method=List tags= order=id pageNum=1 pageSize=10 result=9 err=null took=756.794碌s
ts=2026-08-16T05:47:56Z caller=logging.go:85 method=Health result=2 took=28.175碌s
ts=2026-08-16T05:47:57Z caller=logging.go:85 method=Health result=2 took=27.032碌s
ts=2026-08-16T05:47:59Z caller=logging.go:36 method=List tags= order=id pageNum=1 pageSize=10 result=9 err=null took=755.154碌s
ts=2026-08-16T05:47:59Z caller=logging.go:85 method=Health result=2 took=27.363碌s
ts=2026-08-16T05:48:00Z caller=logging.go:85 method=Health result=2 took=27.152碌s
ts=2026-08-16T05:48:02Z caller=logging.go:36 method=List tags= order=id pageNum=1 pageSize=10 result=9 err=null took=810.795碌s
ts=2026-08-16T05:48:02Z caller=logging.go:85 method=Health result=2 took=27.934碌s
ts=2026-08-16T05:48:03Z caller=logging.go:85 method=Health result=2 took=27.503碌s
ts=2026-08-16T05:48:05Z caller=logging.go:36 method=List tags= order=id pageNum=1 pageSize=10 result=9 err=null took=807.912碌s
ts=2026-08-16T05:48:05Z caller=logging.go:85 method=Health result=2 took=112.518碌s
ts=2026-08-16T05:48:06Z caller=logging.go:85 method=Health result=2 took=33.455碌s
ts=2026-08-16T05:48:08Z caller=logging.go:36 method=List tags= order=id pageNum=1 pageSize=10 result=9 err=null took=781.863碌s
ts=2026-08-16T05:48:08Z caller=logging.go:85 method=Health result=2 took=27.283碌s
ts=2026-08-16T05:48:09Z caller=logging.go:85 method=Health result=2 took=48.353碌s
ts=2026-08-16T05:48:11Z caller=logging.go:36 method=List tags= order=id pageNum=1 pageSize=10 result=9 err=null took=760.894碌s
ts=2026-08-16T05:48:11Z caller=logging.go:85 method=Health result=2 took=28.355碌s
ts=2026-08-16T05:48:12Z caller=logging.go:85 method=Health result=2 took=28.775碌s
ts=2026-08-16T05:48:13Z caller=logging.go:36 method=List tags= order=id pageNum=1 pageSize=10 result=9 err=null took=686.315碌s
ts=2026-08-16T05:48:13Z caller=logging.go:36 method=List tags= order=id pageNum=1 pageSize=10 result=9 err=null took=815.86碌s
ts=2026-08-16T05:48:13Z caller=logging.go:36 method=List tags= order=id pageNum=1 pageSize=10 result=9 err=null took=723.651碌s
ts=2026-08-16T05:48:13Z caller=logging.go:36 method=List tags= order=id pageNum=1 pageSize=10 result=9 err=null took=802.033碌s
ts=2026-08-16T05:48:13Z caller=logging.go:36 method=List tags= order=id pageNum=1 pageSize=10 result=9 err=null took=709.944碌s
ts=2026-08-16T05:48:15Z caller=logging.go:85 method=Health result=2 took=27.423碌s
ts=2026-08-16T05:48:15Z caller=logging.go:36 method=List tags= order=id pageNum=1 pageSize=10 result=9 err=null took=1.000887529s
ts=2026-08-16T05:48:16Z caller=logging.go:85 method=Health result=2 took=26.511碌s
ts=2026-08-16T05:48:17Z caller=logging.go:36 method=List tags= order=id pageNum=1 pageSize=10 result=9 err=null took=1.000931753s
ts=2026-08-16T05:48:18Z caller=logging.go:85 method=Health result=2 took=27.984碌s
ts=2026-08-16T05:48:19Z caller=logging.go:85 method=Health result=2 took=31.572碌s
ts=2026-08-16T05:48:19Z caller=logging.go:36 method=List tags= order=id pageNum=1 pageSize=10 result=9 err=null took=1.000924221s
ts=2026-08-16T05:48:21Z caller=logging.go:85 method=Health result=2 took=26.942碌s
ts=2026-08-16T05:48:22Z caller=logging.go:36 method=List tags= order=id pageNum=1 pageSize=10 result=9 err=null took=1.00096686s
ts=2026-08-16T05:48:22Z caller=logging.go:85 method=Health result=2 took=26.672碌s
ts=2026-08-16T05:48:24Z caller=logging.go:36 method=List tags= order=id pageNum=1 pageSize=10 result=9 err=null took=1.00087442s
ts=2026-08-16T05:48:24Z caller=logging.go:85 method=Health result=2 took=29.617碌s
ts=2026-08-16T05:48:25Z caller=logging.go:85 method=Health result=2 took=28.806碌s
ts=2026-08-16T05:48:27Z caller=logging.go:85 method=Health result=2 took=28.526碌s
ts=2026-08-16T05:48:28Z caller=logging.go:85 method=Health result=2 took=27.844碌s
ts=2026-08-16T05:48:30Z caller=logging.go:85 method=Health result=2 took=30.679碌s
ts=2026-08-16T05:48:31Z caller=logging.go:85 method=Health result=2 took=29.878碌s
ts=2026-08-16T05:48:33Z caller=logging.go:85 method=Health result=2 took=29.657碌s
ts=2026-08-16T05:48:34Z caller=logging.go:85 method=Health result=2 took=27.573碌s
ts=2026-08-16T05:48:36Z caller=logging.go:85 method=Health result=2 took=38.926碌s
ts=2026-08-16T05:48:37Z caller=logging.go:85 method=Health result=2 took=34.818碌s
ts=2026-08-16T05:48:39Z caller=logging.go:85 method=Health result=2 took=27.434碌s
ts=2026-08-16T05:48:40Z caller=logging.go:85 method=Health result=2 took=29.087碌s
ts=2026-08-16T05:48:42Z caller=logging.go:85 method=Health result=2 took=27.814碌s
ts=2026-08-16T05:48:44Z caller=logging.go:85 method=Health result=2 took=29.708碌s
ts=2026-08-16T05:48:45Z caller=logging.go:36 method=List tags= order=id pageNum=1 pageSize=10 result=9 err=null took=784.086碌s
ts=2026-08-16T05:48:45Z caller=logging.go:85 method=Health result=2 took=27.153碌s
ts=2026-08-16T05:48:47Z caller=logging.go:36 method=List tags= order=id pageNum=1 pageSize=10 result=9 err=null took=865.753碌s
ts=2026-08-16T05:48:47Z caller=logging.go:85 method=Health result=2 took=27.383碌s
ts=2026-08-16T05:48:48Z caller=logging.go:85 method=Health result=2 took=28.495碌s
ts=2026-08-16T05:48:49Z caller=logging.go:36 method=List tags= order=id pageNum=1 pageSize=10 result=9 err=null took=818.387碌s
ts=2026-08-16T05:48:50Z caller=logging.go:85 method=Health result=2 took=30.169碌s
ts=2026-08-16T05:48:51Z caller=logging.go:36 method=List tags= order=id pageNum=1 pageSize=10 result=9 err=null took=754.871碌s
ts=2026-08-16T05:48:51Z caller=logging.go:85 method=Health result=2 took=28.485碌s
ts=2026-08-16T05:48:53Z caller=logging.go:36 method=List tags= order=id pageNum=1 pageSize=10 result=9 err=null took=692.987碌s
ts=2026-08-16T05:48:53Z caller=logging.go:85 method=Health result=2 took=26.752碌s
ts=2026-08-16T05:48:54Z caller=logging.go:85 method=Health result=2 took=27.092碌s
ts=2026-08-16T05:48:55Z caller=logging.go:36 method=List tags= order=id pageNum=1 pageSize=10 result=9 err=null took=726.311碌s
ts=2026-08-16T05:48:56Z caller=logging.go:85 method=Health result=2 took=32.914碌s
ts=2026-08-16T05:48:57Z caller=logging.go:85 method=Health result=2 took=28.565碌s
ts=2026-08-16T05:48:58Z caller=logging.go:36 method=List tags= order=id pageNum=1 pageSize=10 result=9 err=null took=720.033碌s
ts=2026-08-16T05:48:59Z caller=logging.go:85 method=Health result=2 took=27.243碌s
ts=2026-08-16T05:49:00Z caller=logging.go:85 method=Health result=2 took=26.562碌s
ts=2026-08-16T05:49:01Z caller=logging.go:36 method=List tags= order=id pageNum=1 pageSize=10 result=9 err=null took=853.437碌s
ts=2026-08-16T05:49:02Z caller=logging.go:85 method=Health result=2 took=27.593碌s
ts=2026-08-16T05:49:03Z caller=logging.go:85 method=Health result=2 took=27.884碌s
ts=2026-08-16T05:49:04Z caller=logging.go:36 method=List tags= order=id pageNum=1 pageSize=10 result=9 err=null took=902.778碌s
ts=2026-08-16T05:49:05Z caller=logging.go:85 method=Health result=2 took=27.554碌s
ts=2026-08-16T05:49:06Z caller=logging.go:85 method=Health result=2 took=27.814碌s
ts=2026-08-16T05:49:08Z caller=logging.go:36 method=List tags= order=id pageNum=1 pageSize=10 result=9 err=null took=813.055碌s
ts=2026-08-16T05:49:08Z caller=logging.go:85 method=Health result=2 took=28.325碌s
ts=2026-08-16T05:49:09Z caller=logging.go:85 method=Health result=2 took=28.225碌s
ts=2026-08-16T05:49:11Z caller=logging.go:36 method=List tags= order=id pageNum=1 pageSize=10 result=9 err=null took=796.342碌s
ts=2026-08-16T05:49:11Z caller=logging.go:85 method=Health result=2 took=27.283碌s
ts=2026-08-16T05:49:12Z caller=logging.go:85 method=Health result=2 took=31.19碌s
ts=2026-08-16T05:49:14Z caller=logging.go:36 method=List tags= order=id pageNum=1 pageSize=10 result=9 err=null took=733.12碌s
ts=2026-08-16T05:49:14Z caller=logging.go:85 method=Health result=2 took=28.816碌s
ts=2026-08-16T05:49:15Z caller=logging.go:85 method=Health result=2 took=25.94碌s
ts=2026-08-16T05:49:17Z caller=logging.go:36 method=List tags= order=id pageNum=1 pageSize=10 result=9 err=null took=709.555碌s
ts=2026-08-16T05:49:17Z caller=logging.go:85 method=Health result=2 took=27.924碌s
ts=2026-08-16T05:49:18Z caller=logging.go:85 method=Health result=2 took=28.234碌s
ts=2026-08-16T05:49:20Z caller=logging.go:36 method=List tags= order=id pageNum=1 pageSize=10 result=9 err=null took=819.127碌s
ts=2026-08-16T05:49:20Z caller=logging.go:85 method=Health result=2 took=30.569碌s
ts=2026-08-16T05:49:21Z caller=logging.go:85 method=Health result=2 took=27.373碌s
ts=2026-08-16T05:49:23Z caller=logging.go:36 method=List tags= order=id pageNum=1 pageSize=10 result=9 err=null took=762.528碌s
ts=2026-08-16T05:49:23Z caller=logging.go:85 method=Health result=2 took=27.744碌s
ts=2026-08-16T05:49:24Z caller=logging.go:85 method=Health result=2 took=28.184碌s
ts=2026-08-16T05:49:26Z caller=logging.go:36 method=List tags= order=id pageNum=1 pageSize=10 result=9 err=null took=752.517碌s
ts=2026-08-16T05:49:26Z caller=logging.go:85 method=Health result=2 took=40.719碌s
ts=2026-08-16T05:49:27Z caller=logging.go:85 method=Health result=2 took=29.257碌s
ts=2026-08-16T05:49:29Z caller=logging.go:36 method=List tags= order=id pageNum=1 pageSize=10 result=9 err=null took=707.72碌s
ts=2026-08-16T05:49:29Z caller=logging.go:85 method=Health result=2 took=26.862碌s
ts=2026-08-16T05:49:30Z caller=logging.go:85 method=Health result=2 took=28.565碌s
ts=2026-08-16T05:49:32Z caller=logging.go:36 method=List tags= order=id pageNum=1 pageSize=10 result=9 err=null took=733.65碌s
ts=2026-08-16T05:49:32Z caller=logging.go:85 method=Health result=2 took=26.381碌s
ts=2026-08-16T05:49:33Z caller=logging.go:85 method=Health result=2 took=27.203碌s
ts=2026-08-16T05:49:35Z caller=logging.go:85 method=Health result=2 took=27.894碌s
ts=2026-08-16T05:49:35Z caller=logging.go:36 method=List tags= order=id pageNum=1 pageSize=10 result=9 err=null took=846.249碌s
ts=2026-08-16T05:49:36Z caller=logging.go:85 method=Health result=2 took=29.217碌s
ts=2026-08-16T05:49:38Z caller=logging.go:85 method=Health result=2 took=27.273碌s
ts=2026-08-16T05:49:38Z caller=logging.go:36 method=List tags= order=id pageNum=1 pageSize=10 result=9 err=null took=757.88碌s
ts=2026-08-16T05:49:39Z caller=logging.go:85 method=Health result=2 took=27.974碌s
ts=2026-08-16T05:49:41Z caller=logging.go:85 method=Health result=2 took=26.552碌s
ts=2026-08-16T05:49:41Z caller=logging.go:36 method=List tags= order=id pageNum=1 pageSize=10 result=9 err=null took=780.393碌s
ts=2026-08-16T05:49:42Z caller=logging.go:85 method=Health result=2 took=28.906碌s
ts=2026-08-16T05:49:44Z caller=logging.go:85 method=Health result=2 took=28.105碌s
ts=2026-08-16T05:49:44Z caller=logging.go:36 method=List tags= order=id pageNum=1 pageSize=10 result=9 err=null took=705.168碌s
ts=2026-08-16T05:49:45Z caller=logging.go:85 method=Health result=2 took=27.383碌s
ts=2026-08-16T05:49:47Z caller=logging.go:85 method=Health result=2 took=27.654碌s
ts=2026-08-16T05:49:48Z caller=logging.go:36 method=List tags= order=id pageNum=1 pageSize=10 result=9 err=null took=784.23碌s
ts=2026-08-16T05:49:48Z caller=logging.go:85 method=Health result=2 took=27.584碌s
ts=2026-08-16T05:49:50Z caller=logging.go:85 method=Health result=2 took=30.399碌s
ts=2026-08-16T05:49:51Z caller=logging.go:36 method=List tags= order=id pageNum=1 pageSize=10 result=9 err=null took=796.885碌s
ts=2026-08-16T05:49:51Z caller=logging.go:85 method=Health result=2 took=30.008碌s
ts=2026-08-16T05:49:53Z caller=logging.go:85 method=Health result=2 took=36.241碌s
ts=2026-08-16T05:49:54Z caller=logging.go:36 method=List tags= order=id pageNum=1 pageSize=10 result=9 err=null took=742.978碌s
ts=2026-08-16T05:49:54Z caller=logging.go:85 method=Health result=2 took=28.225碌s
ts=2026-08-16T05:49:56Z caller=logging.go:85 method=Health result=2 took=37.583碌s
ts=2026-08-16T05:49:57Z caller=logging.go:36 method=List tags= order=id pageNum=1 pageSize=10 result=9 err=null took=760.879碌s
ts=2026-08-16T05:49:57Z caller=logging.go:85 method=Health result=2 took=26.401碌s
ts=2026-08-16T05:49:58Z caller=logging.go:36 method=List tags= order=id pageNum=1 pageSize=10 result=9 err=null took=692.991碌s
ts=2026-08-16T05:49:58Z caller=logging.go:36 method=List tags= order=id pageNum=1 pageSize=10 result=9 err=null took=860.295碌s
ts=2026-08-16T05:49:59Z caller=logging.go:36 method=List tags= order=id pageNum=1 pageSize=10 result=9 err=null took=852.757碌s
ts=2026-08-16T05:49:59Z caller=logging.go:36 method=List tags= order=id pageNum=1 pageSize=10 result=9 err=null took=781.184碌s
ts=2026-08-16T05:49:59Z caller=logging.go:36 method=List tags= order=id pageNum=1 pageSize=10 result=9 err=null took=731.736碌s
ts=2026-08-16T05:49:59Z caller=logging.go:85 method=Health result=2 took=28.936碌s
ts=2026-08-16T05:50:00Z caller=logging.go:36 method=List tags= order=id pageNum=1 pageSize=10 result=9 err=null took=773.817碌s
ts=2026-08-16T05:50:00Z caller=logging.go:85 method=Health result=2 took=27.453碌s
ts=2026-08-16T05:50:02Z caller=logging.go:85 method=Health result=2 took=26.992碌s
ts=2026-08-16T05:50:03Z caller=logging.go:85 method=Health result=2 took=28.926碌s
ts=2026-08-16T05:50:05Z caller=logging.go:85 method=Health result=2 took=27.112碌s
ts=2026-08-16T05:50:06Z caller=logging.go:85 method=Health result=2 took=28.104碌s
ts=2026-08-16T05:50:08Z caller=logging.go:85 method=Health result=2 took=30.659碌s
ts=2026-08-16T05:50:09Z caller=logging.go:85 method=Health result=2 took=30.82碌s
ts=2026-08-16T05:50:11Z caller=logging.go:85 method=Health result=2 took=28.977碌s
ts=2026-08-16T05:50:12Z caller=logging.go:85 method=Health result=2 took=26.681碌s
ts=2026-08-16T05:50:14Z caller=logging.go:85 method=Health result=2 took=27.173碌s
ts=2026-08-16T05:50:15Z caller=logging.go:36 method=List tags= order=id pageNum=1 pageSize=10 result=9 err=null took=752.725碌s
ts=2026-08-16T05:50:15Z caller=logging.go:36 method=List tags= order=id pageNum=1 pageSize=10 result=9 err=null took=758.594碌s
ts=2026-08-16T05:50:15Z caller=logging.go:36 method=List tags= order=id pageNum=1 pageSize=10 result=9 err=null took=778.564碌s
ts=2026-08-16T05:50:15Z caller=logging.go:36 method=List tags= order=id pageNum=1 pageSize=10 result=9 err=null took=653.632碌s
ts=2026-08-16T05:50:15Z caller=logging.go:85 method=Health result=2 took=27.583碌s
ts=2026-08-16T05:50:17Z caller=logging.go:85 method=Health result=2 took=27.734碌s
ts=2026-08-16T05:50:18Z caller=logging.go:85 method=Health result=2 took=27.523碌s
ts=2026-08-16T05:50:20Z caller=logging.go:85 method=Health result=2 took=27.223碌s
ts=2026-08-16T05:50:21Z caller=logging.go:85 method=Health result=2 took=27.624碌s
ts=2026-08-16T05:50:23Z caller=logging.go:85 method=Health result=2 took=32.573碌s
ts=2026-08-16T05:50:24Z caller=logging.go:85 method=Health result=2 took=28.826碌s
ts=2026-08-16T05:50:26Z caller=logging.go:85 method=Health result=2 took=29.296碌s
ts=2026-08-16T05:50:27Z caller=logging.go:85 method=Health result=2 took=27.263碌s
ts=2026-08-16T05:50:29Z caller=logging.go:85 method=Health result=2 took=27.724碌s
ts=2026-08-16T05:50:30Z caller=logging.go:85 method=Health result=2 took=27.513碌s
ts=2026-08-16T05:50:32Z caller=logging.go:85 method=Health result=2 took=27.012碌s
ts=2026-08-16T05:50:33Z caller=logging.go:85 method=Health result=2 took=43.595碌s
ts=2026-08-16T05:50:35Z caller=logging.go:85 method=Health result=2 took=27.463碌s
ts=2026-08-16T05:50:36Z caller=logging.go:85 method=Health result=2 took=27.664碌s
ts=2026-08-16T05:50:38Z caller=logging.go:85 method=Health result=2 took=28.174碌s
ts=2026-08-16T05:50:39Z caller=logging.go:85 method=Health result=2 took=28.345碌s
ts=2026-08-16T05:50:41Z caller=logging.go:85 method=Health result=2 took=29.868碌s
ts=2026-08-16T05:50:42Z caller=logging.go:85 method=Health result=2 took=27.463碌s
ts=2026-08-16T05:50:44Z caller=logging.go:85 method=Health result=2 took=28.515碌s
ts=2026-08-16T05:50:45Z caller=logging.go:85 method=Health result=2 took=28.516碌s
ts=2026-08-16T05:50:47Z caller=logging.go:85 method=Health result=2 took=29.046碌s
ts=2026-08-16T05:50:48Z caller=logging.go:85 method=Health result=2 took=27.914碌s
ts=2026-08-16T05:50:50Z caller=logging.go:85 method=Health result=2 took=26.782碌s
ts=2026-08-16T05:50:51Z caller=logging.go:85 method=Health result=2 took=28.215碌s
ts=2026-08-16T05:50:53Z caller=logging.go:85 method=Health result=2 took=28.255碌s
ts=2026-08-16T05:50:54Z caller=logging.go:85 method=Health result=2 took=31.17碌s
ts=2026-08-16T05:50:56Z caller=logging.go:85 method=Health result=2 took=27.994碌s
ts=2026-08-16T05:50:57Z caller=logging.go:85 method=Health result=2 took=27.303碌s
ts=2026-08-16T05:50:59Z caller=logging.go:85 method=Health result=2 took=27.303碌s
ts=2026-08-16T05:51:00Z caller=logging.go:85 method=Health result=2 took=36碌s
ts=2026-08-16T05:51:02Z caller=logging.go:85 method=Health result=2 took=27.844碌s
ts=2026-08-16T05:51:03Z caller=logging.go:85 method=Health result=2 took=28.174碌s
ts=2026-08-16T05:51:05Z caller=logging.go:85 method=Health result=2 took=27.453碌s
ts=2026-08-16T05:51:06Z caller=logging.go:85 method=Health result=2 took=28.595碌s
ts=2026-08-16T05:51:08Z caller=logging.go:85 method=Health result=2 took=27.393碌s
ts=2026-08-16T05:51:09Z caller=logging.go:85 method=Health result=2 took=27.643碌s
ts=2026-08-16T05:51:11Z caller=logging.go:85 method=Health result=2 took=26.913碌s
ts=2026-08-16T05:51:12Z caller=logging.go:85 method=Health result=2 took=28.596碌s
ts=2026-08-16T05:51:14Z caller=logging.go:85 method=Health result=2 took=27.534碌s
ts=2026-08-16T05:51:15Z caller=logging.go:85 method=Health result=2 took=27.704碌s
ts=2026-08-16T05:51:17Z caller=logging.go:85 method=Health result=2 took=27.053碌s
ts=2026-08-16T05:51:18Z caller=logging.go:85 method=Health result=2 took=29.046碌s
ts=2026-08-16T05:51:20Z caller=logging.go:85 method=Health result=2 took=27.984碌s
ts=2026-08-16T05:51:21Z caller=logging.go:85 method=Health result=2 took=32.754碌s
ts=2026-08-16T05:51:23Z caller=logging.go:85 method=Health result=2 took=27.193碌s
ts=2026-08-16T05:51:24Z caller=logging.go:85 method=Health result=2 took=40.308碌s
ts=2026-08-16T05:51:26Z caller=logging.go:85 method=Health result=2 took=27.743碌s
ts=2026-08-16T05:51:27Z caller=logging.go:85 method=Health result=2 took=28.124碌s
ts=2026-08-16T05:51:29Z caller=logging.go:85 method=Health result=2 took=28.465碌s
ts=2026-08-16T05:51:30Z caller=logging.go:85 method=Health result=2 took=29.197碌s
ts=2026-08-16T05:51:32Z caller=logging.go:85 method=Health result=2 took=44.466碌s
ts=2026-08-16T05:51:33Z caller=logging.go:85 method=Health result=2 took=37.954碌s
ts=2026-08-16T05:51:35Z caller=logging.go:85 method=Health result=2 took=28.035碌s
ts=2026-08-16T05:51:36Z caller=logging.go:85 method=Health result=2 took=31.11碌s
ts=2026-08-16T05:51:38Z caller=logging.go:85 method=Health result=2 took=27.233碌s
ts=2026-08-16T05:51:39Z caller=logging.go:85 method=Health result=2 took=26.882碌s
ts=2026-08-16T05:51:41Z caller=logging.go:85 method=Health result=2 took=27.533碌s
ts=2026-08-16T05:51:42Z caller=logging.go:85 method=Health result=2 took=27.483碌s
ts=2026-08-16T05:51:44Z caller=logging.go:85 method=Health result=2 took=31.812碌s
ts=2026-08-16T05:51:45Z caller=logging.go:85 method=Health result=2 took=28.315碌s
ts=2026-08-16T05:51:47Z caller=logging.go:85 method=Health result=2 took=26.301碌s
ts=2026-08-16T05:51:48Z caller=logging.go:85 method=Health result=2 took=27.914碌s
ts=2026-08-16T05:51:50Z caller=logging.go:85 method=Health result=2 took=28.675碌s
ts=2026-08-16T05:51:51Z caller=logging.go:85 method=Health result=2 took=27.684碌s
ts=2026-08-16T05:51:53Z caller=logging.go:85 method=Health result=2 took=26.762碌s
ts=2026-08-16T05:51:54Z caller=logging.go:85 method=Health result=2 took=25.68碌s
ts=2026-08-16T05:51:56Z caller=logging.go:85 method=Health result=2 took=27.183碌s
ts=2026-08-16T05:51:57Z caller=logging.go:85 method=Health result=2 took=30.198碌s
ts=2026-08-16T05:51:59Z caller=logging.go:85 method=Health result=2 took=28.055碌s
ts=2026-08-16T05:52:00Z caller=logging.go:85 method=Health result=2 took=32.744碌s
ts=2026-08-16T05:52:02Z caller=logging.go:85 method=Health result=2 took=27.403碌s
ts=2026-08-16T05:52:03Z caller=logging.go:85 method=Health result=2 took=28.736碌s
ts=2026-08-16T05:52:05Z caller=logging.go:85 method=Health result=2 took=27.603碌s
ts=2026-08-16T05:52:06Z caller=logging.go:85 method=Health result=2 took=35.579碌s
ts=2026-08-16T05:52:08Z caller=logging.go:85 method=Health result=2 took=25.74碌s
ts=2026-08-16T05:52:09Z caller=logging.go:85 method=Health result=2 took=28.555碌s
ts=2026-08-16T05:52:11Z caller=logging.go:85 method=Health result=2 took=52.432碌s
ts=2026-08-16T05:52:12Z caller=logging.go:85 method=Health result=2 took=27.985碌s
ts=2026-08-16T05:52:14Z caller=logging.go:85 method=Health result=2 took=30.229碌s
ts=2026-08-16T05:52:15Z caller=logging.go:85 method=Health result=2 took=34.707碌s
ts=2026-08-16T05:52:17Z caller=logging.go:85 method=Health result=2 took=27.924碌s
ts=2026-08-16T05:52:18Z caller=logging.go:85 method=Health result=2 took=29.738碌s
ts=2026-08-16T05:52:20Z caller=logging.go:85 method=Health result=2 took=27.313碌s
ts=2026-08-16T05:52:21Z caller=logging.go:85 method=Health result=2 took=48.565碌s
ts=2026-08-16T05:52:23Z caller=logging.go:85 method=Health result=2 took=28.646碌s
ts=2026-08-16T05:52:24Z caller=logging.go:85 method=Health result=2 took=30.439碌s
ts=2026-08-16T05:52:26Z caller=logging.go:85 method=Health result=2 took=27.403碌s
ts=2026-08-16T05:52:27Z caller=logging.go:85 method=Health result=2 took=28.345碌s
ts=2026-08-16T05:52:29Z caller=logging.go:85 method=Health result=2 took=30.85碌s
ts=2026-08-16T05:52:30Z caller=logging.go:85 method=Health result=2 took=27.683碌s
ts=2026-08-16T05:52:32Z caller=logging.go:85 method=Health result=2 took=28.555碌s
ts=2026-08-16T05:52:33Z caller=logging.go:85 method=Health result=2 took=30.379碌s
ts=2026-08-16T05:52:35Z caller=logging.go:85 method=Health result=2 took=26.983碌s
ts=2026-08-16T05:52:36Z caller=logging.go:85 method=Health result=2 took=32.733碌s
ts=2026-08-16T05:52:38Z caller=logging.go:85 method=Health result=2 took=27.303碌s
ts=2026-08-16T05:52:39Z caller=logging.go:85 method=Health result=2 took=30.8碌s
ts=2026-08-16T05:52:41Z caller=logging.go:85 method=Health result=2 took=27.213碌s
ts=2026-08-16T05:52:42Z caller=logging.go:85 method=Health result=2 took=27.904碌s
ts=2026-08-16T05:52:44Z caller=logging.go:85 method=Health result=2 took=28.265碌s
ts=2026-08-16T05:52:45Z caller=logging.go:85 method=Health result=2 took=28.936碌s
ts=2026-08-16T05:52:47Z caller=logging.go:85 method=Health result=2 took=28.655碌s
ts=2026-08-16T05:52:48Z caller=logging.go:85 method=Health result=2 took=27.754碌s
ts=2026-08-16T05:52:50Z caller=logging.go:85 method=Health result=2 took=26.411碌s
ts=2026-08-16T05:52:51Z caller=logging.go:85 method=Health result=2 took=49.235碌s
ts=2026-08-16T05:52:53Z caller=logging.go:85 method=Health result=2 took=30.369碌s
ts=2026-08-16T05:52:54Z caller=logging.go:85 method=Health result=2 took=31.972碌s
ts=2026-08-16T05:52:56Z caller=logging.go:85 method=Health result=2 took=27.514碌s
ts=2026-08-16T05:52:57Z caller=logging.go:85 method=Health result=2 took=28.376碌s
ts=2026-08-16T05:52:59Z caller=logging.go:85 method=Health result=2 took=27.633碌s
ts=2026-08-16T05:53:00Z caller=logging.go:85 method=Health result=2 took=31.01碌s
ts=2026-08-16T05:53:02Z caller=logging.go:85 method=Health result=2 took=28.455碌s
ts=2026-08-16T05:53:03Z caller=logging.go:85 method=Health result=2 took=27.263碌s
ts=2026-08-16T05:53:04Z caller=logging.go:36 method=List tags= order=id pageNum=1 pageSize=10 result=9 err=null took=3.209499ms
ts=2026-08-16T05:53:05Z caller=logging.go:85 method=Health result=2 took=29.287碌s
ts=2026-08-16T05:53:06Z caller=logging.go:36 method=List tags= order=id pageNum=1 pageSize=10 result=9 err=null took=859.939碌s
ts=2026-08-16T05:53:06Z caller=logging.go:85 method=Health result=2 took=42.953碌s
ts=2026-08-16T05:53:08Z caller=logging.go:36 method=List tags= order=id pageNum=1 pageSize=10 result=9 err=null took=724.417碌s
ts=2026-08-16T05:53:08Z caller=logging.go:85 method=Health result=2 took=29.758碌s
ts=2026-08-16T05:53:09Z caller=logging.go:85 method=Health result=2 took=31.441碌s
ts=2026-08-16T05:53:10Z caller=logging.go:36 method=List tags= order=id pageNum=1 pageSize=10 result=9 err=null took=1.029308ms
ts=2026-08-16T05:53:11Z caller=logging.go:85 method=Health result=2 took=27.503碌s
ts=2026-08-16T05:53:12Z caller=logging.go:36 method=List tags= order=id pageNum=1 pageSize=10 result=9 err=null took=803.421碌s
ts=2026-08-16T05:53:12Z caller=logging.go:85 method=Health result=2 took=27.283碌s
ts=2026-08-16T05:53:14Z caller=logging.go:36 method=List tags= order=id pageNum=1 pageSize=10 result=9 err=null took=782.815碌s
ts=2026-08-16T05:53:14Z caller=logging.go:85 method=Health result=2 took=26.341碌s
ts=2026-08-16T05:53:15Z caller=logging.go:85 method=Health result=2 took=28.776碌s
ts=2026-08-16T05:53:17Z caller=logging.go:85 method=Health result=2 took=39.106碌s
ts=2026-08-16T05:53:17Z caller=logging.go:36 method=List tags= order=id pageNum=1 pageSize=10 result=9 err=null took=878.212碌s
ts=2026-08-16T05:53:18Z caller=logging.go:85 method=Health result=2 took=26.592碌s
ts=2026-08-16T05:53:20Z caller=logging.go:85 method=Health result=2 took=28.225碌s
ts=2026-08-16T05:53:20Z caller=logging.go:36 method=List tags= order=id pageNum=1 pageSize=10 result=9 err=null took=771.025碌s
ts=2026-08-16T05:53:21Z caller=logging.go:85 method=Health result=2 took=28.345碌s
ts=2026-08-16T05:53:23Z caller=logging.go:85 method=Health result=2 took=27.694碌s
ts=2026-08-16T05:53:23Z caller=logging.go:36 method=List tags= order=id pageNum=1 pageSize=10 result=9 err=null took=784.997碌s
ts=2026-08-16T05:53:24Z caller=logging.go:85 method=Health result=2 took=27.965碌s
ts=2026-08-16T05:53:26Z caller=logging.go:85 method=Health result=2 took=28.345碌s
ts=2026-08-16T05:53:26Z caller=logging.go:36 method=List tags= order=id pageNum=1 pageSize=10 result=9 err=null took=753.581碌s
ts=2026-08-16T05:53:27Z caller=logging.go:85 method=Health result=2 took=34.758碌s
ts=2026-08-16T05:53:29Z caller=logging.go:85 method=Health result=2 took=28.124碌s
ts=2026-08-16T05:53:30Z caller=logging.go:36 method=List tags= order=id pageNum=1 pageSize=10 result=9 err=null took=775.148碌s
ts=2026-08-16T05:53:30Z caller=logging.go:85 method=Health result=2 took=29.777碌s
ts=2026-08-16T05:53:32Z caller=logging.go:85 method=Health result=2 took=27.784碌s
ts=2026-08-16T05:53:33Z caller=logging.go:36 method=List tags= order=id pageNum=1 pageSize=10 result=9 err=null took=765.875碌s
ts=2026-08-16T05:53:33Z caller=logging.go:85 method=Health result=2 took=28.575碌s
ts=2026-08-16T05:53:35Z caller=logging.go:85 method=Health result=2 took=28.996碌s
ts=2026-08-16T05:53:36Z caller=logging.go:36 method=List tags= order=id pageNum=1 pageSize=10 result=9 err=null took=878.262碌s
ts=2026-08-16T05:53:36Z caller=logging.go:85 method=Health result=2 took=28.365碌s
ts=2026-08-16T05:53:38Z caller=logging.go:85 method=Health result=2 took=27.955碌s
ts=2026-08-16T05:53:39Z caller=logging.go:36 method=List tags= order=id pageNum=1 pageSize=10 result=9 err=null took=744.16碌s
ts=2026-08-16T05:53:39Z caller=logging.go:85 method=Health result=2 took=28.195碌s
ts=2026-08-16T05:53:41Z caller=logging.go:85 method=Health result=2 took=28.706碌s
ts=2026-08-16T05:53:42Z caller=logging.go:36 method=List tags= order=id pageNum=1 pageSize=10 result=9 err=null took=806.973碌s
ts=2026-08-16T05:53:42Z caller=logging.go:85 method=Health result=2 took=28.005碌s
ts=2026-08-16T05:53:44Z caller=logging.go:85 method=Health result=2 took=29.428碌s
ts=2026-08-16T05:53:45Z caller=logging.go:36 method=List tags= order=id pageNum=1 pageSize=10 result=9 err=null took=791.798碌s
ts=2026-08-16T05:53:45Z caller=logging.go:85 method=Health result=2 took=29.307碌s
ts=2026-08-16T05:53:47Z caller=logging.go:85 method=Health result=2 took=39.326碌s
ts=2026-08-16T05:53:48Z caller=logging.go:36 method=List tags= order=id pageNum=1 pageSize=10 result=9 err=null took=740.171碌s
ts=2026-08-16T05:53:48Z caller=logging.go:85 method=Health result=2 took=27.032碌s
ts=2026-08-16T05:53:50Z caller=logging.go:85 method=Health result=2 took=27.874碌s
ts=2026-08-16T05:53:51Z caller=logging.go:36 method=List tags= order=id pageNum=1 pageSize=10 result=9 err=null took=739.263碌s
ts=2026-08-16T05:53:51Z caller=logging.go:85 method=Health result=2 took=25.85碌s
ts=2026-08-16T05:53:53Z caller=logging.go:85 method=Health result=2 took=27.413碌s
ts=2026-08-16T05:53:54Z caller=logging.go:36 method=List tags= order=id pageNum=1 pageSize=10 result=9 err=null took=821.502碌s
ts=2026-08-16T05:53:54Z caller=logging.go:85 method=Health result=2 took=40.258碌s
ts=2026-08-16T05:53:56Z caller=logging.go:85 method=Health result=2 took=28.986碌s
ts=2026-08-16T05:53:57Z caller=logging.go:36 method=List tags= order=id pageNum=1 pageSize=10 result=9 err=null took=856.483碌s
ts=2026-08-16T05:53:57Z caller=logging.go:85 method=Health result=2 took=29.578碌s
ts=2026-08-16T05:53:59Z caller=logging.go:85 method=Health result=2 took=27.954碌s
ts=2026-08-16T05:54:00Z caller=logging.go:36 method=List tags= order=id pageNum=1 pageSize=10 result=9 err=null took=770.529碌s
ts=2026-08-16T05:54:00Z caller=logging.go:85 method=Health result=2 took=26.08碌s
ts=2026-08-16T05:54:02Z caller=logging.go:85 method=Health result=2 took=28.385碌s
ts=2026-08-16T05:54:03Z caller=logging.go:85 method=Health result=2 took=27.954碌s
ts=2026-08-16T05:54:03Z caller=logging.go:36 method=List tags= order=id pageNum=1 pageSize=10 result=9 err=null took=856.755碌s
ts=2026-08-16T05:54:05Z caller=logging.go:85 method=Health result=2 took=28.174碌s
ts=2026-08-16T05:54:06Z caller=logging.go:85 method=Health result=2 took=38.354碌s
ts=2026-08-16T05:54:07Z caller=logging.go:36 method=List tags= order=id pageNum=1 pageSize=10 result=9 err=null took=757.258碌s
ts=2026-08-16T05:54:08Z caller=logging.go:85 method=Health result=2 took=27.975碌s
ts=2026-08-16T05:54:09Z caller=logging.go:85 method=Health result=2 took=27.323碌s
ts=2026-08-16T05:54:10Z caller=logging.go:36 method=List tags= order=id pageNum=1 pageSize=10 result=9 err=null took=707.912碌s
ts=2026-08-16T05:54:11Z caller=logging.go:85 method=Health result=2 took=36.17碌s
ts=2026-08-16T05:54:12Z caller=logging.go:85 method=Health result=2 took=29.577碌s
ts=2026-08-16T05:54:13Z caller=logging.go:36 method=List tags= order=id pageNum=1 pageSize=10 result=9 err=null took=770.654碌s
ts=2026-08-16T05:54:14Z caller=logging.go:85 method=Health result=2 took=36.891碌s
ts=2026-08-16T05:54:15Z caller=logging.go:85 method=Health result=2 took=30.419碌s
ts=2026-08-16T05:54:16Z caller=logging.go:36 method=List tags= order=id pageNum=1 pageSize=10 result=9 err=null took=743.672碌s
