Initializing database
2026-08-15T11:30:31.979291Z 0 [Warning] TIMESTAMP with implicit DEFAULT value is deprecated. Please use --explicit_defaults_for_timestamp server option (see documentation for more details).
2026-08-15T11:30:32.130183Z 0 [Warning] InnoDB: New log files created, LSN=45790
2026-08-15T11:30:32.165491Z 0 [Warning] InnoDB: Creating foreign key constraint system tables.
2026-08-15T11:30:32.180804Z 0 [Warning] No existing UUID has been found, so we assume that this is the first time that this server has been started. Generating a new UUID: b9a0526e-989c-11f1-a558-02fd810ea1d2.
2026-08-15T11:30:32.184160Z 0 [Warning] Gtid table is not ready to be used. Table 'mysql.gtid_executed' cannot be opened.
2026-08-15T11:30:32.184773Z 1 [Warning] root@localhost is created with an empty password ! Please consider switching off the --initialize-insecure option.
2026-08-15T11:30:33.386387Z 1 [Warning] 'user' entry 'root@localhost' ignored in --skip-name-resolve mode.
2026-08-15T11:30:33.386427Z 1 [Warning] 'user' entry 'mysql.sys@localhost' ignored in --skip-name-resolve mode.
2026-08-15T11:30:33.386439Z 1 [Warning] 'db' entry 'sys mysql.sys@localhost' ignored in --skip-name-resolve mode.
2026-08-15T11:30:33.386448Z 1 [Warning] 'proxies_priv' entry '@ root@localhost' ignored in --skip-name-resolve mode.
2026-08-15T11:30:33.386467Z 1 [Warning] 'tables_priv' entry 'sys_config mysql.sys@localhost' ignored in --skip-name-resolve mode.
Database initialized
MySQL init process in progress...
2026-08-15T11:30:35.225501Z 0 [Warning] TIMESTAMP with implicit DEFAULT value is deprecated. Please use --explicit_defaults_for_timestamp server option (see documentation for more details).
2026-08-15T11:30:35.226376Z 0 [Note] mysqld (mysqld 5.7.17) starting as process 58 ...
2026-08-15T11:30:35.227842Z 0 [Note] InnoDB: PUNCH HOLE support available
2026-08-15T11:30:35.227873Z 0 [Note] InnoDB: Mutexes and rw_locks use GCC atomic builtins
2026-08-15T11:30:35.227877Z 0 [Note] InnoDB: Uses event mutexes
2026-08-15T11:30:35.227878Z 0 [Note] InnoDB: GCC builtin __atomic_thread_fence() is used for memory barrier
2026-08-15T11:30:35.227879Z 0 [Note] InnoDB: Compressed tables use zlib 1.2.3
2026-08-15T11:30:35.227880Z 0 [Note] InnoDB: Using Linux native AIO
2026-08-15T11:30:35.228043Z 0 [Note] InnoDB: Number of pools: 1
2026-08-15T11:30:35.228112Z 0 [Note] InnoDB: Using CPU crc32 instructions
2026-08-15T11:30:35.230749Z 0 [Note] InnoDB: Initializing buffer pool, total size = 128M, instances = 1, chunk size = 128M
2026-08-15T11:30:35.233763Z 0 [Note] InnoDB: Completed initialization of buffer pool
2026-08-15T11:30:35.235996Z 0 [Note] InnoDB: If the mysqld execution user is authorized, page cleaner thread priority can be changed. See the man page of setpriority().
2026-08-15T11:30:35.246990Z 0 [Note] InnoDB: Highest supported file format is Barracuda.
2026-08-15T11:30:35.254585Z 0 [Note] InnoDB: Creating shared tablespace for temporary tables
2026-08-15T11:30:35.254638Z 0 [Note] InnoDB: Setting file './ibtmp1' size to 12 MB. Physically writing the file full; Please wait ...
2026-08-15T11:30:35.266912Z 0 [Note] InnoDB: File './ibtmp1' size is now 12 MB.
2026-08-15T11:30:35.267189Z 0 [Note] InnoDB: 96 redo rollback segment(s) found. 96 redo rollback segment(s) are active.
2026-08-15T11:30:35.267211Z 0 [Note] InnoDB: 32 non-redo rollback segment(s) are active.
2026-08-15T11:30:35.267905Z 0 [Note] InnoDB: 5.7.17 started; log sequence number 2534561
2026-08-15T11:30:35.268042Z 0 [Note] InnoDB: Loading buffer pool(s) from /var/lib/mysql/ib_buffer_pool
2026-08-15T11:30:35.268458Z 0 [Note] Plugin 'FEDERATED' is disabled.
2026-08-15T11:30:35.268965Z 0 [Note] InnoDB: Buffer pool(s) load completed at 260815 11:30:35
2026-08-15T11:30:35.270547Z 0 [Warning] Failed to set up SSL because of the following SSL library error: SSL context is not usable without certificate and private key
2026-08-15T11:30:35.287561Z 0 [Warning] 'user' entry 'root@localhost' ignored in --skip-name-resolve mode.
2026-08-15T11:30:35.287596Z 0 [Warning] 'user' entry 'mysql.sys@localhost' ignored in --skip-name-resolve mode.
2026-08-15T11:30:35.287609Z 0 [Warning] 'db' entry 'sys mysql.sys@localhost' ignored in --skip-name-resolve mode.
2026-08-15T11:30:35.287613Z 0 [Warning] 'proxies_priv' entry '@ root@localhost' ignored in --skip-name-resolve mode.
2026-08-15T11:30:35.288122Z 0 [Warning] 'tables_priv' entry 'sys_config mysql.sys@localhost' ignored in --skip-name-resolve mode.
2026-08-15T11:30:35.291908Z 0 [Note] Event Scheduler: Loaded 0 events
2026-08-15T11:30:35.292080Z 0 [Note] Executing 'SELECT * FROM INFORMATION_SCHEMA.TABLES;' to get a list of tables using the deprecated partition engine. You may use the startup option '--disable-partition-engine-check' to skip this check. 
2026-08-15T11:30:35.292100Z 0 [Note] Beginning of list of non-natively partitioned tables
2026-08-15T11:30:35.295532Z 0 [Note] End of list of non-natively partitioned tables
2026-08-15T11:30:35.295629Z 0 [Note] mysqld: ready for connections.
Version: '5.7.17'  socket: '/var/run/mysqld/mysqld.sock'  port: 0  MySQL Community Server (GPL)
Warning: Unable to load '/usr/share/zoneinfo/iso3166.tab' as time zone. Skipping it.
Warning: Unable to load '/usr/share/zoneinfo/leap-seconds.list' as time zone. Skipping it.
Warning: Unable to load '/usr/share/zoneinfo/zone.tab' as time zone. Skipping it.
2026-08-15T11:30:37.719665Z 5 [Warning] 'db' entry 'sys mysql.sys@localhost' ignored in --skip-name-resolve mode.
2026-08-15T11:30:37.719693Z 5 [Warning] 'proxies_priv' entry '@ root@localhost' ignored in --skip-name-resolve mode.
2026-08-15T11:30:37.719712Z 5 [Warning] 'tables_priv' entry 'sys_config mysql.sys@localhost' ignored in --skip-name-resolve mode.
mysql: [Warning] Using a password on the command line interface can be insecure.

/usr/local/bin/docker-entrypoint.sh: running /docker-entrypoint-initdb.d/dump.sql
mysql: [Warning] Using a password on the command line interface can be insecure.


2026-08-15T11:30:37.986876Z 0 [Note] Giving 0 client threads a chance to die gracefully
2026-08-15T11:30:37.986907Z 0 [Note] Shutting down slave threads
2026-08-15T11:30:37.986916Z 0 [Note] Forcefully disconnecting 0 remaining clients
2026-08-15T11:30:37.986920Z 0 [Note] Event Scheduler: Purging the queue. 0 events
2026-08-15T11:30:37.986962Z 0 [Note] Binlog end
2026-08-15T11:30:37.987698Z 0 [Note] Shutting down plugin 'ngram'
2026-08-15T11:30:37.987721Z 0 [Note] Shutting down plugin 'BLACKHOLE'
2026-08-15T11:30:37.987726Z 0 [Note] Shutting down plugin 'partition'
2026-08-15T11:30:37.987727Z 0 [Note] Shutting down plugin 'ARCHIVE'
2026-08-15T11:30:37.987727Z 0 [Note] Shutting down plugin 'INNODB_SYS_VIRTUAL'
2026-08-15T11:30:37.987729Z 0 [Note] Shutting down plugin 'INNODB_SYS_DATAFILES'
2026-08-15T11:30:37.987729Z 0 [Note] Shutting down plugin 'INNODB_SYS_TABLESPACES'
2026-08-15T11:30:37.987730Z 0 [Note] Shutting down plugin 'INNODB_SYS_FOREIGN_COLS'
2026-08-15T11:30:37.987730Z 0 [Note] Shutting down plugin 'INNODB_SYS_FOREIGN'
2026-08-15T11:30:37.987731Z 0 [Note] Shutting down plugin 'INNODB_SYS_FIELDS'
2026-08-15T11:30:37.987731Z 0 [Note] Shutting down plugin 'INNODB_SYS_COLUMNS'
2026-08-15T11:30:37.987732Z 0 [Note] Shutting down plugin 'INNODB_SYS_INDEXES'
2026-08-15T11:30:37.987732Z 0 [Note] Shutting down plugin 'INNODB_SYS_TABLESTATS'
2026-08-15T11:30:37.987733Z 0 [Note] Shutting down plugin 'INNODB_SYS_TABLES'
2026-08-15T11:30:37.987733Z 0 [Note] Shutting down plugin 'INNODB_FT_INDEX_TABLE'
2026-08-15T11:30:37.987734Z 0 [Note] Shutting down plugin 'INNODB_FT_INDEX_CACHE'
2026-08-15T11:30:37.987734Z 0 [Note] Shutting down plugin 'INNODB_FT_CONFIG'
2026-08-15T11:30:37.987735Z 0 [Note] Shutting down plugin 'INNODB_FT_BEING_DELETED'
2026-08-15T11:30:37.987735Z 0 [Note] Shutting down plugin 'INNODB_FT_DELETED'
2026-08-15T11:30:37.987736Z 0 [Note] Shutting down plugin 'INNODB_FT_DEFAULT_STOPWORD'
2026-08-15T11:30:37.987736Z 0 [Note] Shutting down plugin 'INNODB_METRICS'
2026-08-15T11:30:37.987737Z 0 [Note] Shutting down plugin 'INNODB_TEMP_TABLE_INFO'
2026-08-15T11:30:37.987737Z 0 [Note] Shutting down plugin 'INNODB_BUFFER_POOL_STATS'
2026-08-15T11:30:37.987738Z 0 [Note] Shutting down plugin 'INNODB_BUFFER_PAGE_LRU'
2026-08-15T11:30:37.987738Z 0 [Note] Shutting down plugin 'INNODB_BUFFER_PAGE'
2026-08-15T11:30:37.987739Z 0 [Note] Shutting down plugin 'INNODB_CMP_PER_INDEX_RESET'
2026-08-15T11:30:37.987739Z 0 [Note] Shutting down plugin 'INNODB_CMP_PER_INDEX'
2026-08-15T11:30:37.987739Z 0 [Note] Shutting down plugin 'INNODB_CMPMEM_RESET'
2026-08-15T11:30:37.987740Z 0 [Note] Shutting down plugin 'INNODB_CMPMEM'
2026-08-15T11:30:37.987740Z 0 [Note] Shutting down plugin 'INNODB_CMP_RESET'
2026-08-15T11:30:37.987741Z 0 [Note] Shutting down plugin 'INNODB_CMP'
2026-08-15T11:30:37.987741Z 0 [Note] Shutting down plugin 'INNODB_LOCK_WAITS'
2026-08-15T11:30:37.987742Z 0 [Note] Shutting down plugin 'INNODB_LOCKS'
2026-08-15T11:30:37.987742Z 0 [Note] Shutting down plugin 'INNODB_TRX'
2026-08-15T11:30:37.987743Z 0 [Note] Shutting down plugin 'InnoDB'
2026-08-15T11:30:37.987796Z 0 [Note] InnoDB: FTS optimize thread exiting.
2026-08-15T11:30:37.987918Z 0 [Note] InnoDB: Starting shutdown...
2026-08-15T11:30:38.088119Z 0 [Note] InnoDB: Dumping buffer pool(s) to /var/lib/mysql/ib_buffer_pool
2026-08-15T11:30:38.088382Z 0 [Note] InnoDB: Buffer pool(s) dump completed at 260815 11:30:38
2026-08-15T11:30:39.307051Z 0 [Note] InnoDB: Shutdown completed; log sequence number 12203624
2026-08-15T11:30:39.308376Z 0 [Note] InnoDB: Removed temporary tablespace data file: "ibtmp1"
2026-08-15T11:30:39.308405Z 0 [Note] Shutting down plugin 'MRG_MYISAM'
2026-08-15T11:30:39.308410Z 0 [Note] Shutting down plugin 'MyISAM'
2026-08-15T11:30:39.308416Z 0 [Note] Shutting down plugin 'CSV'
2026-08-15T11:30:39.308419Z 0 [Note] Shutting down plugin 'MEMORY'
2026-08-15T11:30:39.308420Z 0 [Note] Shutting down plugin 'PERFORMANCE_SCHEMA'
2026-08-15T11:30:39.308435Z 0 [Note] Shutting down plugin 'sha256_password'
2026-08-15T11:30:39.308436Z 0 [Note] Shutting down plugin 'mysql_native_password'
2026-08-15T11:30:39.308522Z 0 [Note] Shutting down plugin 'binlog'
2026-08-15T11:30:39.309331Z 0 [Note] mysqld: Shutdown complete


MySQL init process done. Ready for start up.

2026-08-15T11:30:39.517865Z 0 [Warning] TIMESTAMP with implicit DEFAULT value is deprecated. Please use --explicit_defaults_for_timestamp server option (see documentation for more details).
2026-08-15T11:30:39.518546Z 0 [Note] mysqld (mysqld 5.7.17) starting as process 1 ...
2026-08-15T11:30:39.519917Z 0 [Note] InnoDB: PUNCH HOLE support available
2026-08-15T11:30:39.519946Z 0 [Note] InnoDB: Mutexes and rw_locks use GCC atomic builtins
2026-08-15T11:30:39.519954Z 0 [Note] InnoDB: Uses event mutexes
2026-08-15T11:30:39.519956Z 0 [Note] InnoDB: GCC builtin __atomic_thread_fence() is used for memory barrier
2026-08-15T11:30:39.519957Z 0 [Note] InnoDB: Compressed tables use zlib 1.2.3
2026-08-15T11:30:39.519958Z 0 [Note] InnoDB: Using Linux native AIO
2026-08-15T11:30:39.520075Z 0 [Note] InnoDB: Number of pools: 1
2026-08-15T11:30:39.520156Z 0 [Note] InnoDB: Using CPU crc32 instructions
2026-08-15T11:30:39.522458Z 0 [Note] InnoDB: Initializing buffer pool, total size = 128M, instances = 1, chunk size = 128M
2026-08-15T11:30:39.525269Z 0 [Note] InnoDB: Completed initialization of buffer pool
2026-08-15T11:30:39.527100Z 0 [Note] InnoDB: If the mysqld execution user is authorized, page cleaner thread priority can be changed. See the man page of setpriority().
2026-08-15T11:30:39.537933Z 0 [Note] InnoDB: Highest supported file format is Barracuda.
2026-08-15T11:30:39.544848Z 0 [Note] InnoDB: Creating shared tablespace for temporary tables
2026-08-15T11:30:39.544896Z 0 [Note] InnoDB: Setting file './ibtmp1' size to 12 MB. Physically writing the file full; Please wait ...
2026-08-15T11:30:39.554608Z 0 [Note] InnoDB: File './ibtmp1' size is now 12 MB.
2026-08-15T11:30:39.554891Z 0 [Note] InnoDB: 96 redo rollback segment(s) found. 96 redo rollback segment(s) are active.
2026-08-15T11:30:39.554914Z 0 [Note] InnoDB: 32 non-redo rollback segment(s) are active.
2026-08-15T11:30:39.555528Z 0 [Note] InnoDB: 5.7.17 started; log sequence number 12203624
2026-08-15T11:30:39.555653Z 0 [Note] InnoDB: Loading buffer pool(s) from /var/lib/mysql/ib_buffer_pool
2026-08-15T11:30:39.555860Z 0 [Note] Plugin 'FEDERATED' is disabled.
2026-08-15T11:30:39.557074Z 0 [Note] InnoDB: Buffer pool(s) load completed at 260815 11:30:39
2026-08-15T11:30:39.558012Z 0 [Warning] Failed to set up SSL because of the following SSL library error: SSL context is not usable without certificate and private key
2026-08-15T11:30:39.558293Z 0 [Note] Server hostname (bind-address): '*'; port: 3306
2026-08-15T11:30:39.558336Z 0 [Note] IPv6 is available.
2026-08-15T11:30:39.558355Z 0 [Note]   - '::' resolves to '::';
2026-08-15T11:30:39.558365Z 0 [Note] Server socket created on IP: '::'.
2026-08-15T11:30:39.563675Z 0 [Warning] 'db' entry 'sys mysql.sys@localhost' ignored in --skip-name-resolve mode.
2026-08-15T11:30:39.563704Z 0 [Warning] 'proxies_priv' entry '@ root@localhost' ignored in --skip-name-resolve mode.
2026-08-15T11:30:39.564370Z 0 [Warning] 'tables_priv' entry 'sys_config mysql.sys@localhost' ignored in --skip-name-resolve mode.
2026-08-15T11:30:39.566082Z 0 [Note] Event Scheduler: Loaded 0 events
2026-08-15T11:30:39.566255Z 0 [Note] Executing 'SELECT * FROM INFORMATION_SCHEMA.TABLES;' to get a list of tables using the deprecated partition engine. You may use the startup option '--disable-partition-engine-check' to skip this check. 
2026-08-15T11:30:39.566275Z 0 [Note] Beginning of list of non-natively partitioned tables
2026-08-15T11:30:39.569623Z 0 [Note] End of list of non-natively partitioned tables
2026-08-15T11:30:39.569742Z 0 [Note] mysqld: ready for connections.
Version: '5.7.17'  socket: '/var/run/mysqld/mysqld.sock'  port: 3306  MySQL Community Server (GPL)
