    at Layer.handle_error (/usr/src/app/node_modules/express/lib/router/layer.js:71:5)
    at trim_prefix (/usr/src/app/node_modules/express/lib/router/index.js:315:13)
    at /usr/src/app/node_modules/express/lib/router/index.js:284:7
    at Function.process_params (/usr/src/app/node_modules/express/lib/router/index.js:335:12)
    at next (/usr/src/app/node_modules/express/lib/router/index.js:275:10)
[0mGET /catalogue [32m200 [0m3.001 ms - -[0m
Error: Can't set headers after they are sent.
    at ServerResponse.OutgoingMessage.setHeader (_http_outgoing.js:356:11)
    at ServerResponse.header (/usr/src/app/node_modules/express/lib/response.js:725:10)
    at ServerResponse.json (/usr/src/app/node_modules/express/lib/response.js:253:10)
    at ServerResponse.send (/usr/src/app/node_modules/express/lib/response.js:158:21)
    at helpers.errorHandler (/usr/src/app/helpers/index.js:22:7)
    at Layer.handle_error (/usr/src/app/node_modules/express/lib/router/layer.js:71:5)
    at trim_prefix (/usr/src/app/node_modules/express/lib/router/index.js:315:13)
    at /usr/src/app/node_modules/express/lib/router/index.js:284:7
    at Function.process_params (/usr/src/app/node_modules/express/lib/router/index.js:335:12)
    at next (/usr/src/app/node_modules/express/lib/router/index.js:275:10)
Received login request
{"user":{"firstName":"User","lastName":"Name","username":"user","id":"57a98d98e4b00679b4a830b2","_links":{"addresses":{"href":"http://user/customers/57a98d98e4b00679b4a830b2/addresses"},"cards":{"href":"http://user/customers/57a98d98e4b00679b4a830b2/cards"},"customer":{"href":"http://user/customers/57a98d98e4b00679b4a830b2"},"self":{"href":"http://user/customers/57a98d98e4b00679b4a830b2"}}}}

57a98d98e4b00679b4a830b2
Merging carts for customer id: 57a98d98e4b00679b4a830b2 and session id: tMaTe0126sEKeqB1RrcN-bjqPpS3XIX0
Carts merged.
Sent cookies.
[0mGET /login [32m200 [0m8.243 ms - 13[0m
Error: Can't set headers after they are sent.
    at ServerResponse.OutgoingMessage.setHeader (_http_outgoing.js:356:11)
    at ServerResponse.header (/usr/src/app/node_modules/express/lib/response.js:725:10)
    at ServerResponse.send (/usr/src/app/node_modules/express/lib/response.js:170:12)
    at ServerResponse.json (/usr/src/app/node_modules/express/lib/response.js:256:15)
    at ServerResponse.send (/usr/src/app/node_modules/express/lib/response.js:158:21)
    at helpers.errorHandler (/usr/src/app/helpers/index.js:22:7)
    at Layer.handle_error (/usr/src/app/node_modules/express/lib/router/layer.js:71:5)
    at trim_prefix (/usr/src/app/node_modules/express/lib/router/index.js:315:13)
    at /usr/src/app/node_modules/express/lib/router/index.js:284:7
    at Function.process_params (/usr/src/app/node_modules/express/lib/router/index.js:335:12)
Request received with body: {}
Received response: "{\n  \"_embedded\" : {\n    \"customerOrders\" : [ ]\n  },\n  \"_links\" : {\n    \"self\" : {\n      \"href\" : \"http://orders/orders/search/customerId?sort=date&custId=undefined\"\n    }\n  }\n}"
[0mGET /orders [32m201 [0m4.394 ms - -[0m
Error: Can't set headers after they are sent.
    at ServerResponse.OutgoingMessage.setHeader (_http_outgoing.js:356:11)
    at ServerResponse.header (/usr/src/app/node_modules/express/lib/response.js:725:10)
    at ServerResponse.json (/usr/src/app/node_modules/express/lib/response.js:253:10)
    at ServerResponse.send (/usr/src/app/node_modules/express/lib/response.js:158:21)
    at helpers.errorHandler (/usr/src/app/helpers/index.js:22:7)
    at Layer.handle_error (/usr/src/app/node_modules/express/lib/router/layer.js:71:5)
    at trim_prefix (/usr/src/app/node_modules/express/lib/router/index.js:315:13)
    at /usr/src/app/node_modules/express/lib/router/index.js:284:7
    at Function.process_params (/usr/src/app/node_modules/express/lib/router/index.js:335:12)
    at next (/usr/src/app/node_modules/express/lib/router/index.js:275:10)
[0mGET /catalogue [32m200 [0m3.202 ms - -[0m
Error: Can't set headers after they are sent.
    at ServerResponse.OutgoingMessage.setHeader (_http_outgoing.js:356:11)
    at ServerResponse.header (/usr/src/app/node_modules/express/lib/response.js:725:10)
    at ServerResponse.json (/usr/src/app/node_modules/express/lib/response.js:253:10)
    at ServerResponse.send (/usr/src/app/node_modules/express/lib/response.js:158:21)
    at helpers.errorHandler (/usr/src/app/helpers/index.js:22:7)
    at Layer.handle_error (/usr/src/app/node_modules/express/lib/router/layer.js:71:5)
    at trim_prefix (/usr/src/app/node_modules/express/lib/router/index.js:315:13)
    at /usr/src/app/node_modules/express/lib/router/index.js:284:7
    at Function.process_params (/usr/src/app/node_modules/express/lib/router/index.js:335:12)
    at next (/usr/src/app/node_modules/express/lib/router/index.js:275:10)
Received login request
{"user":{"firstName":"User","lastName":"Name","username":"user","id":"57a98d98e4b00679b4a830b2","_links":{"addresses":{"href":"http://user/customers/57a98d98e4b00679b4a830b2/addresses"},"cards":{"href":"http://user/customers/57a98d98e4b00679b4a830b2/cards"},"customer":{"href":"http://user/customers/57a98d98e4b00679b4a830b2"},"self":{"href":"http://user/customers/57a98d98e4b00679b4a830b2"}}}}

57a98d98e4b00679b4a830b2
Merging carts for customer id: 57a98d98e4b00679b4a830b2 and session id: QgCgDL2ApZKTa4lZW_zoSZVCDQCUE9F_
Carts merged.
Sent cookies.
[0mGET /login [32m200 [0m9.207 ms - 13[0m
Error: Can't set headers after they are sent.
    at ServerResponse.OutgoingMessage.setHeader (_http_outgoing.js:356:11)
    at ServerResponse.header (/usr/src/app/node_modules/express/lib/response.js:725:10)
    at ServerResponse.send (/usr/src/app/node_modules/express/lib/response.js:170:12)
    at ServerResponse.json (/usr/src/app/node_modules/express/lib/response.js:256:15)
    at ServerResponse.send (/usr/src/app/node_modules/express/lib/response.js:158:21)
    at helpers.errorHandler (/usr/src/app/helpers/index.js:22:7)
    at Layer.handle_error (/usr/src/app/node_modules/express/lib/router/layer.js:71:5)
    at trim_prefix (/usr/src/app/node_modules/express/lib/router/index.js:315:13)
    at /usr/src/app/node_modules/express/lib/router/index.js:284:7
    at Function.process_params (/usr/src/app/node_modules/express/lib/router/index.js:335:12)
Request received with body: {}
Received response: "{\n  \"_embedded\" : {\n    \"customerOrders\" : [ ]\n  },\n  \"_links\" : {\n    \"self\" : {\n      \"href\" : \"http://orders/orders/search/customerId?sort=date&custId=undefined\"\n    }\n  }\n}"
[0mGET /orders [32m201 [0m5.033 ms - -[0m
Error: Can't set headers after they are sent.
    at ServerResponse.OutgoingMessage.setHeader (_http_outgoing.js:356:11)
    at ServerResponse.header (/usr/src/app/node_modules/express/lib/response.js:725:10)
    at ServerResponse.json (/usr/src/app/node_modules/express/lib/response.js:253:10)
    at ServerResponse.send (/usr/src/app/node_modules/express/lib/response.js:158:21)
    at helpers.errorHandler (/usr/src/app/helpers/index.js:22:7)
    at Layer.handle_error (/usr/src/app/node_modules/express/lib/router/layer.js:71:5)
    at trim_prefix (/usr/src/app/node_modules/express/lib/router/index.js:315:13)
    at /usr/src/app/node_modules/express/lib/router/index.js:284:7
    at Function.process_params (/usr/src/app/node_modules/express/lib/router/index.js:335:12)
    at next (/usr/src/app/node_modules/express/lib/router/index.js:275:10)
[0mGET /catalogue [32m200 [0m3.659 ms - -[0m
Error: Can't set headers after they are sent.
    at ServerResponse.OutgoingMessage.setHeader (_http_outgoing.js:356:11)
    at ServerResponse.header (/usr/src/app/node_modules/express/lib/response.js:725:10)
    at ServerResponse.json (/usr/src/app/node_modules/express/lib/response.js:253:10)
    at ServerResponse.send (/usr/src/app/node_modules/express/lib/response.js:158:21)
    at helpers.errorHandler (/usr/src/app/helpers/index.js:22:7)
    at Layer.handle_error (/usr/src/app/node_modules/express/lib/router/layer.js:71:5)
    at trim_prefix (/usr/src/app/node_modules/express/lib/router/index.js:315:13)
    at /usr/src/app/node_modules/express/lib/router/index.js:284:7
    at Function.process_params (/usr/src/app/node_modules/express/lib/router/index.js:335:12)
    at next (/usr/src/app/node_modules/express/lib/router/index.js:275:10)
Received login request
{"user":{"firstName":"User","lastName":"Name","username":"user","id":"57a98d98e4b00679b4a830b2","_links":{"addresses":{"href":"http://user/customers/57a98d98e4b00679b4a830b2/addresses"},"cards":{"href":"http://user/customers/57a98d98e4b00679b4a830b2/cards"},"customer":{"href":"http://user/customers/57a98d98e4b00679b4a830b2"},"self":{"href":"http://user/customers/57a98d98e4b00679b4a830b2"}}}}

57a98d98e4b00679b4a830b2
Merging carts for customer id: 57a98d98e4b00679b4a830b2 and session id: LBkTgSUXT4rgYKnirwNX4sB-y--JoL_v
Carts merged.
Sent cookies.
[0mGET /login [32m200 [0m9.407 ms - 13[0m
Error: Can't set headers after they are sent.
    at ServerResponse.OutgoingMessage.setHeader (_http_outgoing.js:356:11)
    at ServerResponse.header (/usr/src/app/node_modules/express/lib/response.js:725:10)
    at ServerResponse.send (/usr/src/app/node_modules/express/lib/response.js:170:12)
    at ServerResponse.json (/usr/src/app/node_modules/express/lib/response.js:256:15)
    at ServerResponse.send (/usr/src/app/node_modules/express/lib/response.js:158:21)
    at helpers.errorHandler (/usr/src/app/helpers/index.js:22:7)
    at Layer.handle_error (/usr/src/app/node_modules/express/lib/router/layer.js:71:5)
    at trim_prefix (/usr/src/app/node_modules/express/lib/router/index.js:315:13)
    at /usr/src/app/node_modules/express/lib/router/index.js:284:7
    at Function.process_params (/usr/src/app/node_modules/express/lib/router/index.js:335:12)
Request received with body: {}
Received response: "{\n  \"_embedded\" : {\n    \"customerOrders\" : [ ]\n  },\n  \"_links\" : {\n    \"self\" : {\n      \"href\" : \"http://orders/orders/search/customerId?sort=date&custId=undefined\"\n    }\n  }\n}"
[0mGET /orders [32m201 [0m4.374 ms - -[0m
Error: Can't set headers after they are sent.
    at ServerResponse.OutgoingMessage.setHeader (_http_outgoing.js:356:11)
    at ServerResponse.header (/usr/src/app/node_modules/express/lib/response.js:725:10)
    at ServerResponse.json (/usr/src/app/node_modules/express/lib/response.js:253:10)
    at ServerResponse.send (/usr/src/app/node_modules/express/lib/response.js:158:21)
    at helpers.errorHandler (/usr/src/app/helpers/index.js:22:7)
    at Layer.handle_error (/usr/src/app/node_modules/express/lib/router/layer.js:71:5)
    at trim_prefix (/usr/src/app/node_modules/express/lib/router/index.js:315:13)
    at /usr/src/app/node_modules/express/lib/router/index.js:284:7
    at Function.process_params (/usr/src/app/node_modules/express/lib/router/index.js:335:12)
    at next (/usr/src/app/node_modules/express/lib/router/index.js:275:10)
[0mGET /catalogue [32m200 [0m2.870 ms - -[0m
Error: Can't set headers after they are sent.
    at ServerResponse.OutgoingMessage.setHeader (_http_outgoing.js:356:11)
    at ServerResponse.header (/usr/src/app/node_modules/express/lib/response.js:725:10)
    at ServerResponse.json (/usr/src/app/node_modules/express/lib/response.js:253:10)
    at ServerResponse.send (/usr/src/app/node_modules/express/lib/response.js:158:21)
    at helpers.errorHandler (/usr/src/app/helpers/index.js:22:7)
    at Layer.handle_error (/usr/src/app/node_modules/express/lib/router/layer.js:71:5)
    at trim_prefix (/usr/src/app/node_modules/express/lib/router/index.js:315:13)
    at /usr/src/app/node_modules/express/lib/router/index.js:284:7
    at Function.process_params (/usr/src/app/node_modules/express/lib/router/index.js:335:12)
    at next (/usr/src/app/node_modules/express/lib/router/index.js:275:10)
Received login request
{"user":{"firstName":"User","lastName":"Name","username":"user","id":"57a98d98e4b00679b4a830b2","_links":{"addresses":{"href":"http://user/customers/57a98d98e4b00679b4a830b2/addresses"},"cards":{"href":"http://user/customers/57a98d98e4b00679b4a830b2/cards"},"customer":{"href":"http://user/customers/57a98d98e4b00679b4a830b2"},"self":{"href":"http://user/customers/57a98d98e4b00679b4a830b2"}}}}

57a98d98e4b00679b4a830b2
Merging carts for customer id: 57a98d98e4b00679b4a830b2 and session id: zemZtx6R0T-U_Ct5FXk1548y_NTyQZCe
Carts merged.
Sent cookies.
[0mGET /login [32m200 [0m8.184 ms - 13[0m
Error: Can't set headers after they are sent.
    at ServerResponse.OutgoingMessage.setHeader (_http_outgoing.js:356:11)
    at ServerResponse.header (/usr/src/app/node_modules/express/lib/response.js:725:10)
    at ServerResponse.send (/usr/src/app/node_modules/express/lib/response.js:170:12)
    at ServerResponse.json (/usr/src/app/node_modules/express/lib/response.js:256:15)
    at ServerResponse.send (/usr/src/app/node_modules/express/lib/response.js:158:21)
    at helpers.errorHandler (/usr/src/app/helpers/index.js:22:7)
    at Layer.handle_error (/usr/src/app/node_modules/express/lib/router/layer.js:71:5)
    at trim_prefix (/usr/src/app/node_modules/express/lib/router/index.js:315:13)
    at /usr/src/app/node_modules/express/lib/router/index.js:284:7
    at Function.process_params (/usr/src/app/node_modules/express/lib/router/index.js:335:12)
Request received with body: {}
Received response: "{\n  \"_embedded\" : {\n    \"customerOrders\" : [ ]\n  },\n  \"_links\" : {\n    \"self\" : {\n      \"href\" : \"http://orders/orders/search/customerId?sort=date&custId=undefined\"\n    }\n  }\n}"
[0mGET /orders [32m201 [0m4.785 ms - -[0m
Error: Can't set headers after they are sent.
    at ServerResponse.OutgoingMessage.setHeader (_http_outgoing.js:356:11)
    at ServerResponse.header (/usr/src/app/node_modules/express/lib/response.js:725:10)
    at ServerResponse.json (/usr/src/app/node_modules/express/lib/response.js:253:10)
    at ServerResponse.send (/usr/src/app/node_modules/express/lib/response.js:158:21)
    at helpers.errorHandler (/usr/src/app/helpers/index.js:22:7)
    at Layer.handle_error (/usr/src/app/node_modules/express/lib/router/layer.js:71:5)
    at trim_prefix (/usr/src/app/node_modules/express/lib/router/index.js:315:13)
    at /usr/src/app/node_modules/express/lib/router/index.js:284:7
    at Function.process_params (/usr/src/app/node_modules/express/lib/router/index.js:335:12)
    at next (/usr/src/app/node_modules/express/lib/router/index.js:275:10)
[0mGET /catalogue [32m200 [0m3.107 ms - -[0m
Error: Can't set headers after they are sent.
    at ServerResponse.OutgoingMessage.setHeader (_http_outgoing.js:356:11)
    at ServerResponse.header (/usr/src/app/node_modules/express/lib/response.js:725:10)
    at ServerResponse.json (/usr/src/app/node_modules/express/lib/response.js:253:10)
    at ServerResponse.send (/usr/src/app/node_modules/express/lib/response.js:158:21)
    at helpers.errorHandler (/usr/src/app/helpers/index.js:22:7)
    at Layer.handle_error (/usr/src/app/node_modules/express/lib/router/layer.js:71:5)
    at trim_prefix (/usr/src/app/node_modules/express/lib/router/index.js:315:13)
    at /usr/src/app/node_modules/express/lib/router/index.js:284:7
    at Function.process_params (/usr/src/app/node_modules/express/lib/router/index.js:335:12)
    at next (/usr/src/app/node_modules/express/lib/router/index.js:275:10)
Received login request
{"user":{"firstName":"User","lastName":"Name","username":"user","id":"57a98d98e4b00679b4a830b2","_links":{"addresses":{"href":"http://user/customers/57a98d98e4b00679b4a830b2/addresses"},"cards":{"href":"http://user/customers/57a98d98e4b00679b4a830b2/cards"},"customer":{"href":"http://user/customers/57a98d98e4b00679b4a830b2"},"self":{"href":"http://user/customers/57a98d98e4b00679b4a830b2"}}}}

57a98d98e4b00679b4a830b2
Merging carts for customer id: 57a98d98e4b00679b4a830b2 and session id: JGigUAmfFWRyKX-E4hL1g1sZCVHp49aF
Carts merged.
Sent cookies.
[0mGET /login [32m200 [0m8.444 ms - 13[0m
Error: Can't set headers after they are sent.
    at ServerResponse.OutgoingMessage.setHeader (_http_outgoing.js:356:11)
    at ServerResponse.header (/usr/src/app/node_modules/express/lib/response.js:725:10)
    at ServerResponse.send (/usr/src/app/node_modules/express/lib/response.js:170:12)
    at ServerResponse.json (/usr/src/app/node_modules/express/lib/response.js:256:15)
    at ServerResponse.send (/usr/src/app/node_modules/express/lib/response.js:158:21)
    at helpers.errorHandler (/usr/src/app/helpers/index.js:22:7)
    at Layer.handle_error (/usr/src/app/node_modules/express/lib/router/layer.js:71:5)
    at trim_prefix (/usr/src/app/node_modules/express/lib/router/index.js:315:13)
    at /usr/src/app/node_modules/express/lib/router/index.js:284:7
    at Function.process_params (/usr/src/app/node_modules/express/lib/router/index.js:335:12)
Request received with body: {}
Received response: "{\n  \"_embedded\" : {\n    \"customerOrders\" : [ ]\n  },\n  \"_links\" : {\n    \"self\" : {\n      \"href\" : \"http://orders/orders/search/customerId?sort=date&custId=undefined\"\n    }\n  }\n}"
[0mGET /orders [32m201 [0m4.369 ms - -[0m
Error: Can't set headers after they are sent.
    at ServerResponse.OutgoingMessage.setHeader (_http_outgoing.js:356:11)
    at ServerResponse.header (/usr/src/app/node_modules/express/lib/response.js:725:10)
    at ServerResponse.json (/usr/src/app/node_modules/express/lib/response.js:253:10)
    at ServerResponse.send (/usr/src/app/node_modules/express/lib/response.js:158:21)
    at helpers.errorHandler (/usr/src/app/helpers/index.js:22:7)
    at Layer.handle_error (/usr/src/app/node_modules/express/lib/router/layer.js:71:5)
    at trim_prefix (/usr/src/app/node_modules/express/lib/router/index.js:315:13)
    at /usr/src/app/node_modules/express/lib/router/index.js:284:7
    at Function.process_params (/usr/src/app/node_modules/express/lib/router/index.js:335:12)
    at next (/usr/src/app/node_modules/express/lib/router/index.js:275:10)
[0mGET /catalogue [32m200 [0m3.470 ms - -[0m
Error: Can't set headers after they are sent.
    at ServerResponse.OutgoingMessage.setHeader (_http_outgoing.js:356:11)
    at ServerResponse.header (/usr/src/app/node_modules/express/lib/response.js:725:10)
    at ServerResponse.json (/usr/src/app/node_modules/express/lib/response.js:253:10)
    at ServerResponse.send (/usr/src/app/node_modules/express/lib/response.js:158:21)
    at helpers.errorHandler (/usr/src/app/helpers/index.js:22:7)
    at Layer.handle_error (/usr/src/app/node_modules/express/lib/router/layer.js:71:5)
    at trim_prefix (/usr/src/app/node_modules/express/lib/router/index.js:315:13)
    at /usr/src/app/node_modules/express/lib/router/index.js:284:7
    at Function.process_params (/usr/src/app/node_modules/express/lib/router/index.js:335:12)
    at next (/usr/src/app/node_modules/express/lib/router/index.js:275:10)
Received login request
{"user":{"firstName":"User","lastName":"Name","username":"user","id":"57a98d98e4b00679b4a830b2","_links":{"addresses":{"href":"http://user/customers/57a98d98e4b00679b4a830b2/addresses"},"cards":{"href":"http://user/customers/57a98d98e4b00679b4a830b2/cards"},"customer":{"href":"http://user/customers/57a98d98e4b00679b4a830b2"},"self":{"href":"http://user/customers/57a98d98e4b00679b4a830b2"}}}}

57a98d98e4b00679b4a830b2
Merging carts for customer id: 57a98d98e4b00679b4a830b2 and session id: LE2ijQSPl1IBtk-1dp4KqGxIWY-8WfsZ
Carts merged.
Sent cookies.
[0mGET /login [32m200 [0m8.603 ms - 13[0m
Error: Can't set headers after they are sent.
    at ServerResponse.OutgoingMessage.setHeader (_http_outgoing.js:356:11)
    at ServerResponse.header (/usr/src/app/node_modules/express/lib/response.js:725:10)
    at ServerResponse.send (/usr/src/app/node_modules/express/lib/response.js:170:12)
    at ServerResponse.json (/usr/src/app/node_modules/express/lib/response.js:256:15)
    at ServerResponse.send (/usr/src/app/node_modules/express/lib/response.js:158:21)
    at helpers.errorHandler (/usr/src/app/helpers/index.js:22:7)
    at Layer.handle_error (/usr/src/app/node_modules/express/lib/router/layer.js:71:5)
    at trim_prefix (/usr/src/app/node_modules/express/lib/router/index.js:315:13)
    at /usr/src/app/node_modules/express/lib/router/index.js:284:7
    at Function.process_params (/usr/src/app/node_modules/express/lib/router/index.js:335:12)
Request received with body: {}
Received response: "{\n  \"_embedded\" : {\n    \"customerOrders\" : [ ]\n  },\n  \"_links\" : {\n    \"self\" : {\n      \"href\" : \"http://orders/orders/search/customerId?sort=date&custId=undefined\"\n    }\n  }\n}"
[0mGET /orders [32m201 [0m4.704 ms - -[0m
Error: Can't set headers after they are sent.
    at ServerResponse.OutgoingMessage.setHeader (_http_outgoing.js:356:11)
    at ServerResponse.header (/usr/src/app/node_modules/express/lib/response.js:725:10)
    at ServerResponse.json (/usr/src/app/node_modules/express/lib/response.js:253:10)
    at ServerResponse.send (/usr/src/app/node_modules/express/lib/response.js:158:21)
    at helpers.errorHandler (/usr/src/app/helpers/index.js:22:7)
    at Layer.handle_error (/usr/src/app/node_modules/express/lib/router/layer.js:71:5)
    at trim_prefix (/usr/src/app/node_modules/express/lib/router/index.js:315:13)
    at /usr/src/app/node_modules/express/lib/router/index.js:284:7
    at Function.process_params (/usr/src/app/node_modules/express/lib/router/index.js:335:12)
    at next (/usr/src/app/node_modules/express/lib/router/index.js:275:10)
[0mGET /catalogue [32m200 [0m3.106 ms - -[0m
Error: Can't set headers after they are sent.
    at ServerResponse.OutgoingMessage.setHeader (_http_outgoing.js:356:11)
    at ServerResponse.header (/usr/src/app/node_modules/express/lib/response.js:725:10)
    at ServerResponse.json (/usr/src/app/node_modules/express/lib/response.js:253:10)
    at ServerResponse.send (/usr/src/app/node_modules/express/lib/response.js:158:21)
    at helpers.errorHandler (/usr/src/app/helpers/index.js:22:7)
    at Layer.handle_error (/usr/src/app/node_modules/express/lib/router/layer.js:71:5)
    at trim_prefix (/usr/src/app/node_modules/express/lib/router/index.js:315:13)
    at /usr/src/app/node_modules/express/lib/router/index.js:284:7
    at Function.process_params (/usr/src/app/node_modules/express/lib/router/index.js:335:12)
    at next (/usr/src/app/node_modules/express/lib/router/index.js:275:10)
Received login request
{"user":{"firstName":"User","lastName":"Name","username":"user","id":"57a98d98e4b00679b4a830b2","_links":{"addresses":{"href":"http://user/customers/57a98d98e4b00679b4a830b2/addresses"},"cards":{"href":"http://user/customers/57a98d98e4b00679b4a830b2/cards"},"customer":{"href":"http://user/customers/57a98d98e4b00679b4a830b2"},"self":{"href":"http://user/customers/57a98d98e4b00679b4a830b2"}}}}

57a98d98e4b00679b4a830b2
Merging carts for customer id: 57a98d98e4b00679b4a830b2 and session id: FFFL6l1yOQXy3ElZxb1ir4deUIvDSJku
Carts merged.
Sent cookies.
[0mGET /login [32m200 [0m8.555 ms - 13[0m
Error: Can't set headers after they are sent.
    at ServerResponse.OutgoingMessage.setHeader (_http_outgoing.js:356:11)
    at ServerResponse.header (/usr/src/app/node_modules/express/lib/response.js:725:10)
    at ServerResponse.send (/usr/src/app/node_modules/express/lib/response.js:170:12)
    at ServerResponse.json (/usr/src/app/node_modules/express/lib/response.js:256:15)
    at ServerResponse.send (/usr/src/app/node_modules/express/lib/response.js:158:21)
    at helpers.errorHandler (/usr/src/app/helpers/index.js:22:7)
    at Layer.handle_error (/usr/src/app/node_modules/express/lib/router/layer.js:71:5)
    at trim_prefix (/usr/src/app/node_modules/express/lib/router/index.js:315:13)
    at /usr/src/app/node_modules/express/lib/router/index.js:284:7
    at Function.process_params (/usr/src/app/node_modules/express/lib/router/index.js:335:12)
Request received with body: {}
Received response: "{\n  \"_embedded\" : {\n    \"customerOrders\" : [ ]\n  },\n  \"_links\" : {\n    \"self\" : {\n      \"href\" : \"http://orders/orders/search/customerId?sort=date&custId=undefined\"\n    }\n  }\n}"
[0mGET /orders [32m201 [0m4.889 ms - -[0m
Error: Can't set headers after they are sent.
    at ServerResponse.OutgoingMessage.setHeader (_http_outgoing.js:356:11)
    at ServerResponse.header (/usr/src/app/node_modules/express/lib/response.js:725:10)
    at ServerResponse.json (/usr/src/app/node_modules/express/lib/response.js:253:10)
    at ServerResponse.send (/usr/src/app/node_modules/express/lib/response.js:158:21)
    at helpers.errorHandler (/usr/src/app/helpers/index.js:22:7)
    at Layer.handle_error (/usr/src/app/node_modules/express/lib/router/layer.js:71:5)
    at trim_prefix (/usr/src/app/node_modules/express/lib/router/index.js:315:13)
    at /usr/src/app/node_modules/express/lib/router/index.js:284:7
    at Function.process_params (/usr/src/app/node_modules/express/lib/router/index.js:335:12)
    at next (/usr/src/app/node_modules/express/lib/router/index.js:275:10)
[0mGET /catalogue [32m200 [0m3.070 ms - -[0m
Error: Can't set headers after they are sent.
    at ServerResponse.OutgoingMessage.setHeader (_http_outgoing.js:356:11)
    at ServerResponse.header (/usr/src/app/node_modules/express/lib/response.js:725:10)
    at ServerResponse.json (/usr/src/app/node_modules/express/lib/response.js:253:10)
    at ServerResponse.send (/usr/src/app/node_modules/express/lib/response.js:158:21)
    at helpers.errorHandler (/usr/src/app/helpers/index.js:22:7)
    at Layer.handle_error (/usr/src/app/node_modules/express/lib/router/layer.js:71:5)
    at trim_prefix (/usr/src/app/node_modules/express/lib/router/index.js:315:13)
    at /usr/src/app/node_modules/express/lib/router/index.js:284:7
    at Function.process_params (/usr/src/app/node_modules/express/lib/router/index.js:335:12)
    at next (/usr/src/app/node_modules/express/lib/router/index.js:275:10)
Received login request
{"user":{"firstName":"User","lastName":"Name","username":"user","id":"57a98d98e4b00679b4a830b2","_links":{"addresses":{"href":"http://user/customers/57a98d98e4b00679b4a830b2/addresses"},"cards":{"href":"http://user/customers/57a98d98e4b00679b4a830b2/cards"},"customer":{"href":"http://user/customers/57a98d98e4b00679b4a830b2"},"self":{"href":"http://user/customers/57a98d98e4b00679b4a830b2"}}}}

57a98d98e4b00679b4a830b2
Merging carts for customer id: 57a98d98e4b00679b4a830b2 and session id: ztzYB2XlZnaQhyxZZBBPLik2ZAyekOJP
Carts merged.
Sent cookies.
[0mGET /login [32m200 [0m8.601 ms - 13[0m
Error: Can't set headers after they are sent.
    at ServerResponse.OutgoingMessage.setHeader (_http_outgoing.js:356:11)
    at ServerResponse.header (/usr/src/app/node_modules/express/lib/response.js:725:10)
    at ServerResponse.send (/usr/src/app/node_modules/express/lib/response.js:170:12)
    at ServerResponse.json (/usr/src/app/node_modules/express/lib/response.js:256:15)
    at ServerResponse.send (/usr/src/app/node_modules/express/lib/response.js:158:21)
    at helpers.errorHandler (/usr/src/app/helpers/index.js:22:7)
    at Layer.handle_error (/usr/src/app/node_modules/express/lib/router/layer.js:71:5)
    at trim_prefix (/usr/src/app/node_modules/express/lib/router/index.js:315:13)
    at /usr/src/app/node_modules/express/lib/router/index.js:284:7
    at Function.process_params (/usr/src/app/node_modules/express/lib/router/index.js:335:12)
Request received with body: {}
Received response: "{\n  \"_embedded\" : {\n    \"customerOrders\" : [ ]\n  },\n  \"_links\" : {\n    \"self\" : {\n      \"href\" : \"http://orders/orders/search/customerId?sort=date&custId=undefined\"\n    }\n  }\n}"
[0mGET /orders [32m201 [0m4.633 ms - -[0m
Error: Can't set headers after they are sent.
    at ServerResponse.OutgoingMessage.setHeader (_http_outgoing.js:356:11)
    at ServerResponse.header (/usr/src/app/node_modules/express/lib/response.js:725:10)
    at ServerResponse.json (/usr/src/app/node_modules/express/lib/response.js:253:10)
    at ServerResponse.send (/usr/src/app/node_modules/express/lib/response.js:158:21)
    at helpers.errorHandler (/usr/src/app/helpers/index.js:22:7)
    at Layer.handle_error (/usr/src/app/node_modules/express/lib/router/layer.js:71:5)
    at trim_prefix (/usr/src/app/node_modules/express/lib/router/index.js:315:13)
    at /usr/src/app/node_modules/express/lib/router/index.js:284:7
    at Function.process_params (/usr/src/app/node_modules/express/lib/router/index.js:335:12)
    at next (/usr/src/app/node_modules/express/lib/router/index.js:275:10)
[0mGET /catalogue [32m200 [0m2.951 ms - -[0m
Error: Can't set headers after they are sent.
    at ServerResponse.OutgoingMessage.setHeader (_http_outgoing.js:356:11)
    at ServerResponse.header (/usr/src/app/node_modules/express/lib/response.js:725:10)
    at ServerResponse.json (/usr/src/app/node_modules/express/lib/response.js:253:10)
    at ServerResponse.send (/usr/src/app/node_modules/express/lib/response.js:158:21)
    at helpers.errorHandler (/usr/src/app/helpers/index.js:22:7)
    at Layer.handle_error (/usr/src/app/node_modules/express/lib/router/layer.js:71:5)
    at trim_prefix (/usr/src/app/node_modules/express/lib/router/index.js:315:13)
    at /usr/src/app/node_modules/express/lib/router/index.js:284:7
    at Function.process_params (/usr/src/app/node_modules/express/lib/router/index.js:335:12)
    at next (/usr/src/app/node_modules/express/lib/router/index.js:275:10)
Received login request
{"user":{"firstName":"User","lastName":"Name","username":"user","id":"57a98d98e4b00679b4a830b2","_links":{"addresses":{"href":"http://user/customers/57a98d98e4b00679b4a830b2/addresses"},"cards":{"href":"http://user/customers/57a98d98e4b00679b4a830b2/cards"},"customer":{"href":"http://user/customers/57a98d98e4b00679b4a830b2"},"self":{"href":"http://user/customers/57a98d98e4b00679b4a830b2"}}}}

57a98d98e4b00679b4a830b2
Merging carts for customer id: 57a98d98e4b00679b4a830b2 and session id: u_r8HqsBfPdzYyymvMhl5aSheyigLjwn
Carts merged.
Sent cookies.
[0mGET /login [32m200 [0m7.581 ms - 13[0m
Error: Can't set headers after they are sent.
    at ServerResponse.OutgoingMessage.setHeader (_http_outgoing.js:356:11)
    at ServerResponse.header (/usr/src/app/node_modules/express/lib/response.js:725:10)
    at ServerResponse.send (/usr/src/app/node_modules/express/lib/response.js:170:12)
    at ServerResponse.json (/usr/src/app/node_modules/express/lib/response.js:256:15)
    at ServerResponse.send (/usr/src/app/node_modules/express/lib/response.js:158:21)
    at helpers.errorHandler (/usr/src/app/helpers/index.js:22:7)
    at Layer.handle_error (/usr/src/app/node_modules/express/lib/router/layer.js:71:5)
    at trim_prefix (/usr/src/app/node_modules/express/lib/router/index.js:315:13)
    at /usr/src/app/node_modules/express/lib/router/index.js:284:7
    at Function.process_params (/usr/src/app/node_modules/express/lib/router/index.js:335:12)
Request received with body: {}
Received response: "{\n  \"_embedded\" : {\n    \"customerOrders\" : [ ]\n  },\n  \"_links\" : {\n    \"self\" : {\n      \"href\" : \"http://orders/orders/search/customerId?sort=date&custId=undefined\"\n    }\n  }\n}"
[0mGET /orders [32m201 [0m4.195 ms - -[0m
Error: Can't set headers after they are sent.
    at ServerResponse.OutgoingMessage.setHeader (_http_outgoing.js:356:11)
    at ServerResponse.header (/usr/src/app/node_modules/express/lib/response.js:725:10)
    at ServerResponse.json (/usr/src/app/node_modules/express/lib/response.js:253:10)
    at ServerResponse.send (/usr/src/app/node_modules/express/lib/response.js:158:21)
    at helpers.errorHandler (/usr/src/app/helpers/index.js:22:7)
    at Layer.handle_error (/usr/src/app/node_modules/express/lib/router/layer.js:71:5)
    at trim_prefix (/usr/src/app/node_modules/express/lib/router/index.js:315:13)
    at /usr/src/app/node_modules/express/lib/router/index.js:284:7
    at Function.process_params (/usr/src/app/node_modules/express/lib/router/index.js:335:12)
    at next (/usr/src/app/node_modules/express/lib/router/index.js:275:10)
[0mGET /catalogue [32m200 [0m3.403 ms - -[0m
Error: Can't set headers after they are sent.
    at ServerResponse.OutgoingMessage.setHeader (_http_outgoing.js:356:11)
    at ServerResponse.header (/usr/src/app/node_modules/express/lib/response.js:725:10)
    at ServerResponse.json (/usr/src/app/node_modules/express/lib/response.js:253:10)
    at ServerResponse.send (/usr/src/app/node_modules/express/lib/response.js:158:21)
    at helpers.errorHandler (/usr/src/app/helpers/index.js:22:7)
    at Layer.handle_error (/usr/src/app/node_modules/express/lib/router/layer.js:71:5)
    at trim_prefix (/usr/src/app/node_modules/express/lib/router/index.js:315:13)
    at /usr/src/app/node_modules/express/lib/router/index.js:284:7
    at Function.process_params (/usr/src/app/node_modules/express/lib/router/index.js:335:12)
    at next (/usr/src/app/node_modules/express/lib/router/index.js:275:10)
Received login request
{"user":{"firstName":"User","lastName":"Name","username":"user","id":"57a98d98e4b00679b4a830b2","_links":{"addresses":{"href":"http://user/customers/57a98d98e4b00679b4a830b2/addresses"},"cards":{"href":"http://user/customers/57a98d98e4b00679b4a830b2/cards"},"customer":{"href":"http://user/customers/57a98d98e4b00679b4a830b2"},"self":{"href":"http://user/customers/57a98d98e4b00679b4a830b2"}}}}

57a98d98e4b00679b4a830b2
Merging carts for customer id: 57a98d98e4b00679b4a830b2 and session id: ogUkeK54iBmc29BL9GuV6lzql72h5UEi
Carts merged.
Sent cookies.
[0mGET /login [32m200 [0m8.172 ms - 13[0m
Error: Can't set headers after they are sent.
    at ServerResponse.OutgoingMessage.setHeader (_http_outgoing.js:356:11)
    at ServerResponse.header (/usr/src/app/node_modules/express/lib/response.js:725:10)
    at ServerResponse.send (/usr/src/app/node_modules/express/lib/response.js:170:12)
    at ServerResponse.json (/usr/src/app/node_modules/express/lib/response.js:256:15)
    at ServerResponse.send (/usr/src/app/node_modules/express/lib/response.js:158:21)
    at helpers.errorHandler (/usr/src/app/helpers/index.js:22:7)
    at Layer.handle_error (/usr/src/app/node_modules/express/lib/router/layer.js:71:5)
    at trim_prefix (/usr/src/app/node_modules/express/lib/router/index.js:315:13)
    at /usr/src/app/node_modules/express/lib/router/index.js:284:7
    at Function.process_params (/usr/src/app/node_modules/express/lib/router/index.js:335:12)
Request received with body: {}
Received response: "{\n  \"_embedded\" : {\n    \"customerOrders\" : [ ]\n  },\n  \"_links\" : {\n    \"self\" : {\n      \"href\" : \"http://orders/orders/search/customerId?sort=date&custId=undefined\"\n    }\n  }\n}"
[0mGET /orders [32m201 [0m5.099 ms - -[0m
Error: Can't set headers after they are sent.
    at ServerResponse.OutgoingMessage.setHeader (_http_outgoing.js:356:11)
    at ServerResponse.header (/usr/src/app/node_modules/express/lib/response.js:725:10)
    at ServerResponse.json (/usr/src/app/node_modules/express/lib/response.js:253:10)
    at ServerResponse.send (/usr/src/app/node_modules/express/lib/response.js:158:21)
    at helpers.errorHandler (/usr/src/app/helpers/index.js:22:7)
    at Layer.handle_error (/usr/src/app/node_modules/express/lib/router/layer.js:71:5)
    at trim_prefix (/usr/src/app/node_modules/express/lib/router/index.js:315:13)
    at /usr/src/app/node_modules/express/lib/router/index.js:284:7
    at Function.process_params (/usr/src/app/node_modules/express/lib/router/index.js:335:12)
    at next (/usr/src/app/node_modules/express/lib/router/index.js:275:10)
[0mGET /catalogue [32m200 [0m3.055 ms - -[0m
Error: Can't set headers after they are sent.
    at ServerResponse.OutgoingMessage.setHeader (_http_outgoing.js:356:11)
    at ServerResponse.header (/usr/src/app/node_modules/express/lib/response.js:725:10)
    at ServerResponse.json (/usr/src/app/node_modules/express/lib/response.js:253:10)
    at ServerResponse.send (/usr/src/app/node_modules/express/lib/response.js:158:21)
    at helpers.errorHandler (/usr/src/app/helpers/index.js:22:7)
    at Layer.handle_error (/usr/src/app/node_modules/express/lib/router/layer.js:71:5)
    at trim_prefix (/usr/src/app/node_modules/express/lib/router/index.js:315:13)
    at /usr/src/app/node_modules/express/lib/router/index.js:284:7
    at Function.process_params (/usr/src/app/node_modules/express/lib/router/index.js:335:12)
    at next (/usr/src/app/node_modules/express/lib/router/index.js:275:10)
Received login request
{"user":{"firstName":"User","lastName":"Name","username":"user","id":"57a98d98e4b00679b4a830b2","_links":{"addresses":{"href":"http://user/customers/57a98d98e4b00679b4a830b2/addresses"},"cards":{"href":"http://user/customers/57a98d98e4b00679b4a830b2/cards"},"customer":{"href":"http://user/customers/57a98d98e4b00679b4a830b2"},"self":{"href":"http://user/customers/57a98d98e4b00679b4a830b2"}}}}

57a98d98e4b00679b4a830b2
Merging carts for customer id: 57a98d98e4b00679b4a830b2 and session id: KIJdSaMoh0mAmEhoPS9NEla4GJV3sups
Carts merged.
Sent cookies.
[0mGET /login [32m200 [0m8.069 ms - 13[0m
Error: Can't set headers after they are sent.
    at ServerResponse.OutgoingMessage.setHeader (_http_outgoing.js:356:11)
    at ServerResponse.header (/usr/src/app/node_modules/express/lib/response.js:725:10)
    at ServerResponse.send (/usr/src/app/node_modules/express/lib/response.js:170:12)
    at ServerResponse.json (/usr/src/app/node_modules/express/lib/response.js:256:15)
    at ServerResponse.send (/usr/src/app/node_modules/express/lib/response.js:158:21)
    at helpers.errorHandler (/usr/src/app/helpers/index.js:22:7)
    at Layer.handle_error (/usr/src/app/node_modules/express/lib/router/layer.js:71:5)
    at trim_prefix (/usr/src/app/node_modules/express/lib/router/index.js:315:13)
    at /usr/src/app/node_modules/express/lib/router/index.js:284:7
    at Function.process_params (/usr/src/app/node_modules/express/lib/router/index.js:335:12)
Request received with body: {}
Received response: "{\n  \"_embedded\" : {\n    \"customerOrders\" : [ ]\n  },\n  \"_links\" : {\n    \"self\" : {\n      \"href\" : \"http://orders/orders/search/customerId?sort=date&custId=undefined\"\n    }\n  }\n}"
[0mGET /orders [32m201 [0m4.231 ms - -[0m
Error: Can't set headers after they are sent.
    at ServerResponse.OutgoingMessage.setHeader (_http_outgoing.js:356:11)
    at ServerResponse.header (/usr/src/app/node_modules/express/lib/response.js:725:10)
    at ServerResponse.json (/usr/src/app/node_modules/express/lib/response.js:253:10)
    at ServerResponse.send (/usr/src/app/node_modules/express/lib/response.js:158:21)
    at helpers.errorHandler (/usr/src/app/helpers/index.js:22:7)
    at Layer.handle_error (/usr/src/app/node_modules/express/lib/router/layer.js:71:5)
    at trim_prefix (/usr/src/app/node_modules/express/lib/router/index.js:315:13)
    at /usr/src/app/node_modules/express/lib/router/index.js:284:7
    at Function.process_params (/usr/src/app/node_modules/express/lib/router/index.js:335:12)
    at next (/usr/src/app/node_modules/express/lib/router/index.js:275:10)
