ts=2026-08-16T05:37:26Z caller=logging.go:85 method=Health result=2 took=27.995碌s
ts=2026-08-16T05:37:26Z caller=logging.go:85 method=Health result=2 took=28.575碌s
ts=2026-08-16T05:37:29Z caller=logging.go:85 method=Health result=2 took=27.183碌s
ts=2026-08-16T05:37:29Z caller=logging.go:85 method=Health result=2 took=28.285碌s
ts=2026-08-16T05:37:32Z caller=logging.go:85 method=Health result=2 took=28.034碌s
ts=2026-08-16T05:37:32Z caller=logging.go:85 method=Health result=2 took=28.335碌s
ts=2026-08-16T05:37:35Z caller=logging.go:85 method=Health result=2 took=30.93碌s
ts=2026-08-16T05:37:35Z caller=logging.go:85 method=Health result=2 took=30.709碌s
ts=2026-08-16T05:37:38Z caller=logging.go:85 method=Health result=2 took=28.766碌s
ts=2026-08-16T05:37:38Z caller=logging.go:85 method=Health result=2 took=27.393碌s
ts=2026-08-16T05:37:41Z caller=logging.go:85 method=Health result=2 took=28.385碌s
ts=2026-08-16T05:37:41Z caller=logging.go:85 method=Health result=2 took=27.834碌s
ts=2026-08-16T05:37:44Z caller=logging.go:85 method=Health result=2 took=32.322碌s
ts=2026-08-16T05:37:44Z caller=logging.go:85 method=Health result=2 took=32.243碌s
ts=2026-08-16T05:37:47Z caller=logging.go:85 method=Health result=2 took=37.403碌s
ts=2026-08-16T05:37:47Z caller=logging.go:85 method=Health result=2 took=31.371碌s
ts=2026-08-16T05:37:50Z caller=logging.go:85 method=Health result=2 took=31.541碌s
ts=2026-08-16T05:37:50Z caller=logging.go:85 method=Health result=2 took=27.915碌s
ts=2026-08-16T05:37:53Z caller=logging.go:85 method=Health result=2 took=28.144碌s
ts=2026-08-16T05:37:53Z caller=logging.go:85 method=Health result=2 took=28.675碌s
ts=2026-08-16T05:37:56Z caller=logging.go:85 method=Health result=2 took=27.202碌s
ts=2026-08-16T05:37:56Z caller=logging.go:85 method=Health result=2 took=27.944碌s
ts=2026-08-16T05:37:59Z caller=logging.go:85 method=Health result=2 took=30.108碌s
ts=2026-08-16T05:37:59Z caller=logging.go:85 method=Health result=2 took=28.374碌s
ts=2026-08-16T05:38:02Z caller=logging.go:85 method=Health result=2 took=27.503碌s
ts=2026-08-16T05:38:02Z caller=logging.go:85 method=Health result=2 took=48.184碌s
ts=2026-08-16T05:38:05Z caller=logging.go:85 method=Health result=2 took=32.944碌s
ts=2026-08-16T05:38:05Z caller=logging.go:85 method=Health result=2 took=25.971碌s
ts=2026-08-16T05:38:08Z caller=logging.go:85 method=Health result=2 took=28.385碌s
ts=2026-08-16T05:38:08Z caller=logging.go:85 method=Health result=2 took=29.317碌s
ts=2026-08-16T05:38:11Z caller=logging.go:85 method=Health result=2 took=28.155碌s
ts=2026-08-16T05:38:11Z caller=logging.go:85 method=Health result=2 took=29.287碌s
ts=2026-08-16T05:38:14Z caller=logging.go:85 method=Health result=2 took=27.824碌s
ts=2026-08-16T05:38:14Z caller=logging.go:85 method=Health result=2 took=30.569碌s
ts=2026-08-16T05:38:17Z caller=logging.go:85 method=Health result=2 took=28.866碌s
ts=2026-08-16T05:38:17Z caller=logging.go:85 method=Health result=2 took=32.293碌s
ts=2026-08-16T05:38:20Z caller=logging.go:85 method=Health result=2 took=29.598碌s
ts=2026-08-16T05:38:20Z caller=logging.go:85 method=Health result=2 took=27.253碌s
ts=2026-08-16T05:38:23Z caller=logging.go:85 method=Health result=2 took=27.543碌s
ts=2026-08-16T05:38:23Z caller=logging.go:85 method=Health result=2 took=27.654碌s
ts=2026-08-16T05:38:26Z caller=logging.go:85 method=Health result=2 took=27.644碌s
ts=2026-08-16T05:38:26Z caller=logging.go:85 method=Health result=2 took=27.643碌s
ts=2026-08-16T05:38:29Z caller=logging.go:85 method=Health result=2 took=28.054碌s
ts=2026-08-16T05:38:29Z caller=logging.go:85 method=Health result=2 took=27.984碌s
ts=2026-08-16T05:38:32Z caller=logging.go:85 method=Health result=2 took=28.305碌s
ts=2026-08-16T05:38:32Z caller=logging.go:85 method=Health result=2 took=28.996碌s
ts=2026-08-16T05:38:35Z caller=logging.go:85 method=Health result=2 took=35.319碌s
ts=2026-08-16T05:38:35Z caller=logging.go:85 method=Health result=2 took=31.661碌s
ts=2026-08-16T05:38:38Z caller=logging.go:85 method=Health result=2 took=28.095碌s
ts=2026-08-16T05:38:38Z caller=logging.go:85 method=Health result=2 took=29.246碌s
ts=2026-08-16T05:38:41Z caller=logging.go:85 method=Health result=2 took=27.914碌s
ts=2026-08-16T05:38:41Z caller=logging.go:85 method=Health result=2 took=28.856碌s
ts=2026-08-16T05:38:44Z caller=logging.go:85 method=Health result=2 took=28.075碌s
ts=2026-08-16T05:38:44Z caller=logging.go:85 method=Health result=2 took=27.844碌s
ts=2026-08-16T05:38:47Z caller=logging.go:85 method=Health result=2 took=27.012碌s
ts=2026-08-16T05:38:47Z caller=logging.go:85 method=Health result=2 took=28.906碌s
ts=2026-08-16T05:38:50Z caller=logging.go:85 method=Health result=2 took=27.092碌s
ts=2026-08-16T05:38:50Z caller=logging.go:85 method=Health result=2 took=35.057碌s
ts=2026-08-16T05:38:53Z caller=logging.go:85 method=Health result=2 took=28.865碌s
ts=2026-08-16T05:38:53Z caller=logging.go:85 method=Health result=2 took=29.116碌s
ts=2026-08-16T05:38:56Z caller=logging.go:85 method=Health result=2 took=28.445碌s
ts=2026-08-16T05:38:56Z caller=logging.go:85 method=Health result=2 took=26.33碌s
ts=2026-08-16T05:38:59Z caller=logging.go:85 method=Health result=2 took=28.073碌s
ts=2026-08-16T05:38:59Z caller=logging.go:85 method=Health result=2 took=27.942碌s
ts=2026-08-16T05:39:02Z caller=logging.go:85 method=Health result=2 took=27.133碌s
ts=2026-08-16T05:39:02Z caller=logging.go:85 method=Health result=2 took=27.874碌s
ts=2026-08-16T05:39:05Z caller=logging.go:85 method=Health result=2 took=34.468碌s
ts=2026-08-16T05:39:05Z caller=logging.go:85 method=Health result=2 took=29.208碌s
ts=2026-08-16T05:39:08Z caller=logging.go:85 method=Health result=2 took=28.165碌s
ts=2026-08-16T05:39:08Z caller=logging.go:85 method=Health result=2 took=27.504碌s
ts=2026-08-16T05:39:11Z caller=logging.go:85 method=Health result=2 took=49.297碌s
ts=2026-08-16T05:39:11Z caller=logging.go:85 method=Health result=2 took=28.807碌s
ts=2026-08-16T05:39:14Z caller=logging.go:85 method=Health result=2 took=28.636碌s
ts=2026-08-16T05:39:14Z caller=logging.go:85 method=Health result=2 took=28.174碌s
ts=2026-08-16T05:39:17Z caller=logging.go:85 method=Health result=2 took=28.375碌s
ts=2026-08-16T05:39:17Z caller=logging.go:85 method=Health result=2 took=41.721碌s
ts=2026-08-16T05:39:20Z caller=logging.go:85 method=Health result=2 took=27.183碌s
ts=2026-08-16T05:39:20Z caller=logging.go:85 method=Health result=2 took=27.814碌s
ts=2026-08-16T05:39:23Z caller=logging.go:85 method=Health result=2 took=27.573碌s
ts=2026-08-16T05:39:23Z caller=logging.go:85 method=Health result=2 took=28.284碌s
ts=2026-08-16T05:39:26Z caller=logging.go:85 method=Health result=2 took=30.98碌s
ts=2026-08-16T05:39:26Z caller=logging.go:85 method=Health result=2 took=35.739碌s
ts=2026-08-16T05:39:29Z caller=logging.go:85 method=Health result=2 took=28.205碌s
ts=2026-08-16T05:39:29Z caller=logging.go:85 method=Health result=2 took=27.624碌s
ts=2026-08-16T05:39:32Z caller=logging.go:85 method=Health result=2 took=27.764碌s
ts=2026-08-16T05:39:32Z caller=logging.go:85 method=Health result=2 took=28.064碌s
ts=2026-08-16T05:39:35Z caller=logging.go:85 method=Health result=2 took=29.126碌s
ts=2026-08-16T05:39:35Z caller=logging.go:85 method=Health result=2 took=28.666碌s
ts=2026-08-16T05:39:38Z caller=logging.go:85 method=Health result=2 took=28.615碌s
ts=2026-08-16T05:39:38Z caller=logging.go:85 method=Health result=2 took=28.264碌s
ts=2026-08-16T05:39:41Z caller=logging.go:85 method=Health result=2 took=27.794碌s
ts=2026-08-16T05:39:41Z caller=logging.go:85 method=Health result=2 took=27.523碌s
ts=2026-08-16T05:39:44Z caller=logging.go:85 method=Health result=2 took=28.024碌s
ts=2026-08-16T05:39:44Z caller=logging.go:85 method=Health result=2 took=27.373碌s
ts=2026-08-16T05:39:47Z caller=logging.go:85 method=Health result=2 took=26.722碌s
ts=2026-08-16T05:39:47Z caller=logging.go:85 method=Health result=2 took=29.818碌s
ts=2026-08-16T05:39:50Z caller=logging.go:85 method=Health result=2 took=27.743碌s
ts=2026-08-16T05:39:50Z caller=logging.go:85 method=Health result=2 took=27.814碌s
ts=2026-08-16T05:39:53Z caller=logging.go:85 method=Health result=2 took=28.045碌s
ts=2026-08-16T05:39:53Z caller=logging.go:85 method=Health result=2 took=34.416碌s
ts=2026-08-16T05:39:56Z caller=logging.go:85 method=Health result=2 took=27.093碌s
ts=2026-08-16T05:39:56Z caller=logging.go:85 method=Health result=2 took=28.575碌s
ts=2026-08-16T05:39:59Z caller=logging.go:85 method=Health result=2 took=28.305碌s
ts=2026-08-16T05:39:59Z caller=logging.go:85 method=Health result=2 took=28.926碌s
ts=2026-08-16T05:40:02Z caller=logging.go:85 method=Health result=2 took=28.526碌s
ts=2026-08-16T05:40:02Z caller=logging.go:85 method=Health result=2 took=26.542碌s
ts=2026-08-16T05:40:05Z caller=logging.go:85 method=Health result=2 took=30.529碌s
ts=2026-08-16T05:40:05Z caller=logging.go:85 method=Health result=2 took=29.136碌s
ts=2026-08-16T05:40:08Z caller=logging.go:85 method=Health result=2 took=30.089碌s
ts=2026-08-16T05:40:08Z caller=logging.go:85 method=Health result=2 took=26.632碌s
ts=2026-08-16T05:40:11Z caller=logging.go:85 method=Health result=2 took=30.159碌s
ts=2026-08-16T05:40:11Z caller=logging.go:85 method=Health result=2 took=28.756碌s
ts=2026-08-16T05:40:14Z caller=logging.go:85 method=Health result=2 took=27.854碌s
ts=2026-08-16T05:40:14Z caller=logging.go:85 method=Health result=2 took=30.378碌s
ts=2026-08-16T05:40:17Z caller=logging.go:85 method=Health result=2 took=28.365碌s
ts=2026-08-16T05:40:17Z caller=logging.go:85 method=Health result=2 took=28.004碌s
ts=2026-08-16T05:40:20Z caller=logging.go:85 method=Health result=2 took=31.822碌s
ts=2026-08-16T05:40:20Z caller=logging.go:85 method=Health result=2 took=31.01碌s
ts=2026-08-16T05:40:23Z caller=logging.go:85 method=Health result=2 took=26.361碌s
ts=2026-08-16T05:40:23Z caller=logging.go:85 method=Health result=2 took=29.918碌s
ts=2026-08-16T05:40:26Z caller=logging.go:85 method=Health result=2 took=27.824碌s
ts=2026-08-16T05:40:26Z caller=logging.go:85 method=Health result=2 took=28.034碌s
ts=2026-08-16T05:40:29Z caller=logging.go:85 method=Health result=2 took=27.093碌s
ts=2026-08-16T05:40:29Z caller=logging.go:85 method=Health result=2 took=32.563碌s
ts=2026-08-16T05:40:32Z caller=logging.go:85 method=Health result=2 took=51.039碌s
ts=2026-08-16T05:40:32Z caller=logging.go:85 method=Health result=2 took=28.135碌s
ts=2026-08-16T05:40:35Z caller=logging.go:85 method=Health result=2 took=28.906碌s
ts=2026-08-16T05:40:35Z caller=logging.go:85 method=Health result=2 took=28.285碌s
ts=2026-08-16T05:40:38Z caller=logging.go:85 method=Health result=2 took=28.956碌s
ts=2026-08-16T05:40:38Z caller=logging.go:85 method=Health result=2 took=34.767碌s
ts=2026-08-16T05:40:41Z caller=logging.go:85 method=Health result=2 took=54.185碌s
ts=2026-08-16T05:40:41Z caller=logging.go:85 method=Health result=2 took=28.335碌s
ts=2026-08-16T05:40:44Z caller=logging.go:85 method=Health result=2 took=27.834碌s
ts=2026-08-16T05:40:44Z caller=logging.go:85 method=Health result=2 took=27.103碌s
ts=2026-08-16T05:40:47Z caller=logging.go:85 method=Health result=2 took=27.403碌s
ts=2026-08-16T05:40:47Z caller=logging.go:85 method=Health result=2 took=28.375碌s
ts=2026-08-16T05:40:50Z caller=logging.go:85 method=Health result=2 took=27.774碌s
ts=2026-08-16T05:40:50Z caller=logging.go:85 method=Health result=2 took=28.535碌s
ts=2026-08-16T05:40:53Z caller=logging.go:85 method=Health result=2 took=27.733碌s
ts=2026-08-16T05:40:53Z caller=logging.go:85 method=Health result=2 took=29.046碌s
ts=2026-08-16T05:40:56Z caller=logging.go:85 method=Health result=2 took=27.403碌s
ts=2026-08-16T05:40:56Z caller=logging.go:85 method=Health result=2 took=26.34碌s
ts=2026-08-16T05:40:59Z caller=logging.go:85 method=Health result=2 took=28.449碌s
ts=2026-08-16T05:40:59Z caller=logging.go:85 method=Health result=2 took=43.715碌s
ts=2026-08-16T05:41:02Z caller=logging.go:85 method=Health result=2 took=28.235碌s
ts=2026-08-16T05:41:02Z caller=logging.go:85 method=Health result=2 took=28.715碌s
ts=2026-08-16T05:41:05Z caller=logging.go:85 method=Health result=2 took=27.585碌s
ts=2026-08-16T05:41:05Z caller=logging.go:85 method=Health result=2 took=45.762碌s
ts=2026-08-16T05:41:08Z caller=logging.go:85 method=Health result=2 took=27.775碌s
ts=2026-08-16T05:41:08Z caller=logging.go:85 method=Health result=2 took=33.718碌s
ts=2026-08-16T05:41:11Z caller=logging.go:85 method=Health result=2 took=28.826碌s
ts=2026-08-16T05:41:11Z caller=logging.go:85 method=Health result=2 took=27.914碌s
[mysql] 2026/08/16 05:41:12 packets.go:33: unexpected EOF
[mysql] 2026/08/16 05:41:12 packets.go:130: write tcp 10.244.2.126:51530->10.108.173.210:3306: write: broken pipe
ts=2026-08-16T05:41:12Z caller=logging.go:36 method=List tags= order=id pageNum=1 pageSize=10 result=9 err=null took=37.485464ms
ts=2026-08-16T05:41:14Z caller=logging.go:85 method=Health result=2 took=53.163碌s
ts=2026-08-16T05:41:14Z caller=logging.go:85 method=Health result=2 took=27.904碌s
ts=2026-08-16T05:41:16Z caller=logging.go:36 method=List tags= order=id pageNum=1 pageSize=10 result=9 err=null took=846.207碌s
ts=2026-08-16T05:41:16Z caller=logging.go:36 method=List tags= order=id pageNum=1 pageSize=10 result=9 err=null took=881.445碌s
ts=2026-08-16T05:41:16Z caller=logging.go:36 method=List tags= order=id pageNum=1 pageSize=10 result=9 err=null took=787.417碌s
ts=2026-08-16T05:41:17Z caller=logging.go:36 method=List tags= order=id pageNum=1 pageSize=10 result=9 err=null took=801.591碌s
ts=2026-08-16T05:41:17Z caller=logging.go:85 method=Health result=2 took=26.591碌s
ts=2026-08-16T05:41:17Z caller=logging.go:85 method=Health result=2 took=27.022碌s
ts=2026-08-16T05:41:20Z caller=logging.go:85 method=Health result=2 took=27.093碌s
ts=2026-08-16T05:41:20Z caller=logging.go:85 method=Health result=2 took=26.441碌s
ts=2026-08-16T05:41:23Z caller=logging.go:85 method=Health result=2 took=26.351碌s
ts=2026-08-16T05:41:23Z caller=logging.go:85 method=Health result=2 took=28.024碌s
ts=2026-08-16T05:41:26Z caller=logging.go:85 method=Health result=2 took=28.835碌s
ts=2026-08-16T05:41:26Z caller=logging.go:85 method=Health result=2 took=27.373碌s
ts=2026-08-16T05:41:27Z caller=logging.go:36 method=List tags= order=id pageNum=1 pageSize=10 result=9 err=null took=836.047碌s
ts=2026-08-16T05:41:27Z caller=logging.go:36 method=List tags= order=id pageNum=1 pageSize=10 result=9 err=null took=688.349碌s
ts=2026-08-16T05:41:27Z caller=logging.go:36 method=List tags= order=id pageNum=1 pageSize=10 result=9 err=null took=800.058碌s
ts=2026-08-16T05:41:27Z caller=logging.go:36 method=List tags= order=id pageNum=1 pageSize=10 result=9 err=null took=710.926碌s
ts=2026-08-16T05:41:27Z caller=logging.go:36 method=List tags= order=id pageNum=1 pageSize=10 result=9 err=null took=721.39碌s
ts=2026-08-16T05:41:29Z caller=logging.go:85 method=Health result=2 took=26.571碌s
ts=2026-08-16T05:41:29Z caller=logging.go:85 method=Health result=2 took=26.852碌s
ts=2026-08-16T05:41:32Z caller=logging.go:85 method=Health result=2 took=30.379碌s
ts=2026-08-16T05:41:32Z caller=logging.go:85 method=Health result=2 took=29.376碌s
ts=2026-08-16T05:41:35Z caller=logging.go:85 method=Health result=2 took=34.115碌s
ts=2026-08-16T05:41:35Z caller=logging.go:85 method=Health result=2 took=28.194碌s
ts=2026-08-16T05:41:38Z caller=logging.go:85 method=Health result=2 took=28.395碌s
ts=2026-08-16T05:41:38Z caller=logging.go:85 method=Health result=2 took=32.413碌s
ts=2026-08-16T05:41:41Z caller=logging.go:85 method=Health result=2 took=28.966碌s
ts=2026-08-16T05:41:41Z caller=logging.go:85 method=Health result=2 took=33.245碌s
ts=2026-08-16T05:41:44Z caller=logging.go:85 method=Health result=2 took=27.523碌s
ts=2026-08-16T05:41:44Z caller=logging.go:85 method=Health result=2 took=26.832碌s
ts=2026-08-16T05:41:47Z caller=logging.go:85 method=Health result=2 took=27.102碌s
ts=2026-08-16T05:41:47Z caller=logging.go:85 method=Health result=2 took=27.393碌s
ts=2026-08-16T05:41:50Z caller=logging.go:85 method=Health result=2 took=28.505碌s
ts=2026-08-16T05:41:50Z caller=logging.go:85 method=Health result=2 took=28.014碌s
ts=2026-08-16T05:41:52Z caller=logging.go:36 method=List tags= order=id pageNum=1 pageSize=10 result=9 err=null took=872.556碌s
ts=2026-08-16T05:41:52Z caller=logging.go:36 method=List tags= order=id pageNum=1 pageSize=10 result=9 err=null took=811.323碌s
ts=2026-08-16T05:41:52Z caller=logging.go:36 method=List tags= order=id pageNum=1 pageSize=10 result=9 err=null took=812.731碌s
ts=2026-08-16T05:41:52Z caller=logging.go:36 method=List tags= order=id pageNum=1 pageSize=10 result=9 err=null took=851.219碌s
ts=2026-08-16T05:41:52Z caller=logging.go:36 method=List tags= order=id pageNum=1 pageSize=10 result=9 err=null took=976.035碌s
ts=2026-08-16T05:41:52Z caller=logging.go:36 method=List tags= order=id pageNum=1 pageSize=10 result=9 err=null took=792.614碌s
ts=2026-08-16T05:41:52Z caller=logging.go:36 method=List tags= order=id pageNum=1 pageSize=10 result=9 err=null took=744.856碌s
ts=2026-08-16T05:41:52Z caller=logging.go:36 method=List tags= order=id pageNum=1 pageSize=10 result=9 err=null took=739.188碌s
ts=2026-08-16T05:41:53Z caller=logging.go:36 method=List tags= order=id pageNum=1 pageSize=10 result=9 err=null took=810.906碌s
ts=2026-08-16T05:41:53Z caller=logging.go:36 method=List tags= order=id pageNum=1 pageSize=10 result=9 err=null took=739.869碌s
ts=2026-08-16T05:41:53Z caller=logging.go:85 method=Health result=2 took=29.908碌s
ts=2026-08-16T05:41:53Z caller=logging.go:85 method=Health result=2 took=27.142碌s
ts=2026-08-16T05:41:56Z caller=logging.go:85 method=Health result=2 took=28.205碌s
ts=2026-08-16T05:41:56Z caller=logging.go:85 method=Health result=2 took=28.044碌s
ts=2026-08-16T05:41:56Z caller=logging.go:36 method=List tags= order=id pageNum=1 pageSize=10 result=9 err=null took=1.008057ms
ts=2026-08-16T05:41:59Z caller=logging.go:36 method=List tags= order=id pageNum=1 pageSize=10 result=9 err=null took=781.831碌s
ts=2026-08-16T05:41:59Z caller=logging.go:85 method=Health result=2 took=32.122碌s
ts=2026-08-16T05:41:59Z caller=logging.go:85 method=Health result=2 took=27.292碌s
ts=2026-08-16T05:42:01Z caller=logging.go:36 method=List tags= order=id pageNum=1 pageSize=10 result=9 err=null took=813.197碌s
ts=2026-08-16T05:42:02Z caller=logging.go:85 method=Health result=2 took=28.886碌s
ts=2026-08-16T05:42:02Z caller=logging.go:85 method=Health result=2 took=47.401碌s
ts=2026-08-16T05:42:03Z caller=logging.go:36 method=List tags= order=id pageNum=1 pageSize=10 result=9 err=null took=1.849081ms
ts=2026-08-16T05:42:05Z caller=logging.go:36 method=List tags= order=id pageNum=1 pageSize=10 result=9 err=null took=738.159碌s
ts=2026-08-16T05:42:05Z caller=logging.go:85 method=Health result=2 took=27.553碌s
ts=2026-08-16T05:42:05Z caller=logging.go:85 method=Health result=2 took=28.065碌s
ts=2026-08-16T05:42:07Z caller=logging.go:36 method=List tags= order=id pageNum=1 pageSize=10 result=9 err=null took=1.185067ms
ts=2026-08-16T05:42:08Z caller=logging.go:85 method=Health result=2 took=25.58碌s
ts=2026-08-16T05:42:08Z caller=logging.go:85 method=Health result=2 took=33.144碌s
ts=2026-08-16T05:42:09Z caller=logging.go:36 method=List tags= order=id pageNum=1 pageSize=10 result=9 err=null took=731.302碌s
ts=2026-08-16T05:42:11Z caller=logging.go:36 method=List tags= order=id pageNum=1 pageSize=10 result=9 err=null took=1.050608ms
ts=2026-08-16T05:42:11Z caller=logging.go:85 method=Health result=2 took=31.812碌s
ts=2026-08-16T05:42:11Z caller=logging.go:85 method=Health result=2 took=28.214碌s
ts=2026-08-16T05:42:13Z caller=logging.go:36 method=List tags= order=id pageNum=1 pageSize=10 result=9 err=null took=734.151碌s
ts=2026-08-16T05:42:14Z caller=logging.go:85 method=Health result=2 took=42.963碌s
ts=2026-08-16T05:42:14Z caller=logging.go:85 method=Health result=2 took=27.853碌s
ts=2026-08-16T05:42:15Z caller=logging.go:36 method=List tags= order=id pageNum=1 pageSize=10 result=9 err=null took=801.658碌s
ts=2026-08-16T05:42:17Z caller=logging.go:36 method=List tags= order=id pageNum=1 pageSize=10 result=9 err=null took=704.851碌s
ts=2026-08-16T05:42:17Z caller=logging.go:85 method=Health result=2 took=20.81碌s
ts=2026-08-16T05:42:17Z caller=logging.go:85 method=Health result=2 took=28.936碌s
ts=2026-08-16T05:42:19Z caller=logging.go:36 method=List tags= order=id pageNum=1 pageSize=10 result=9 err=null took=751.622碌s
ts=2026-08-16T05:42:20Z caller=logging.go:85 method=Health result=2 took=28.334碌s
ts=2026-08-16T05:42:20Z caller=logging.go:85 method=Health result=2 took=26.831碌s
ts=2026-08-16T05:42:21Z caller=logging.go:36 method=List tags= order=id pageNum=1 pageSize=10 result=9 err=null took=807.491碌s
ts=2026-08-16T05:42:23Z caller=logging.go:85 method=Health result=2 took=28.414碌s
ts=2026-08-16T05:42:23Z caller=logging.go:85 method=Health result=2 took=28.715碌s
ts=2026-08-16T05:42:23Z caller=logging.go:36 method=List tags= order=id pageNum=1 pageSize=10 result=9 err=null took=774.767碌s
ts=2026-08-16T05:42:26Z caller=logging.go:36 method=List tags= order=id pageNum=1 pageSize=10 result=9 err=null took=854.131碌s
ts=2026-08-16T05:42:26Z caller=logging.go:85 method=Health result=2 took=27.663碌s
ts=2026-08-16T05:42:26Z caller=logging.go:85 method=Health result=2 took=26.321碌s
ts=2026-08-16T05:42:28Z caller=logging.go:36 method=List tags= order=id pageNum=1 pageSize=10 result=9 err=null took=710.587碌s
ts=2026-08-16T05:42:29Z caller=logging.go:85 method=Health result=2 took=27.112碌s
ts=2026-08-16T05:42:29Z caller=logging.go:85 method=Health result=2 took=27.413碌s
ts=2026-08-16T05:42:30Z caller=logging.go:36 method=List tags= order=id pageNum=1 pageSize=10 result=9 err=null took=815.344碌s
ts=2026-08-16T05:42:32Z caller=logging.go:36 method=List tags= order=id pageNum=1 pageSize=10 result=9 err=null took=778.483碌s
ts=2026-08-16T05:42:32Z caller=logging.go:85 method=Health result=2 took=26.1碌s
ts=2026-08-16T05:42:32Z caller=logging.go:85 method=Health result=2 took=27.092碌s
ts=2026-08-16T05:42:34Z caller=logging.go:36 method=List tags= order=id pageNum=1 pageSize=10 result=9 err=null took=736.588碌s
ts=2026-08-16T05:42:35Z caller=logging.go:85 method=Health result=2 took=27.012碌s
ts=2026-08-16T05:42:35Z caller=logging.go:85 method=Health result=2 took=33.124碌s
ts=2026-08-16T05:42:36Z caller=logging.go:36 method=List tags= order=id pageNum=1 pageSize=10 result=9 err=null took=838.666碌s
ts=2026-08-16T05:42:38Z caller=logging.go:36 method=List tags= order=id pageNum=1 pageSize=10 result=9 err=null took=771.827碌s
ts=2026-08-16T05:42:38Z caller=logging.go:85 method=Health result=2 took=31.14碌s
ts=2026-08-16T05:42:38Z caller=logging.go:85 method=Health result=2 took=27.293碌s
ts=2026-08-16T05:42:40Z caller=logging.go:36 method=List tags= order=id pageNum=1 pageSize=10 result=9 err=null took=765.815碌s
ts=2026-08-16T05:42:41Z caller=logging.go:85 method=Health result=2 took=29.567碌s
ts=2026-08-16T05:42:41Z caller=logging.go:85 method=Health result=2 took=30.339碌s
ts=2026-08-16T05:42:42Z caller=logging.go:36 method=List tags= order=id pageNum=1 pageSize=10 result=9 err=null took=980.406碌s
ts=2026-08-16T05:42:44Z caller=logging.go:85 method=Health result=2 took=26.862碌s
ts=2026-08-16T05:42:44Z caller=logging.go:36 method=List tags= order=id pageNum=1 pageSize=10 result=9 err=null took=684.629碌s
ts=2026-08-16T05:42:44Z caller=logging.go:85 method=Health result=2 took=26.822碌s
ts=2026-08-16T05:42:46Z caller=logging.go:36 method=List tags= order=id pageNum=1 pageSize=10 result=9 err=null took=752.345碌s
ts=2026-08-16T05:42:47Z caller=logging.go:85 method=Health result=2 took=26.882碌s
ts=2026-08-16T05:42:47Z caller=logging.go:85 method=Health result=2 took=27.002碌s
ts=2026-08-16T05:42:48Z caller=logging.go:36 method=List tags= order=id pageNum=1 pageSize=10 result=9 err=null took=789.175碌s
ts=2026-08-16T05:42:50Z caller=logging.go:85 method=Health result=2 took=28.265碌s
ts=2026-08-16T05:42:50Z caller=logging.go:85 method=Health result=2 took=30.829碌s
ts=2026-08-16T05:42:51Z caller=logging.go:36 method=List tags= order=id pageNum=1 pageSize=10 result=9 err=null took=795.212碌s
ts=2026-08-16T05:42:53Z caller=logging.go:36 method=List tags= order=id pageNum=1 pageSize=10 result=9 err=null took=731.685碌s
ts=2026-08-16T05:42:53Z caller=logging.go:85 method=Health result=2 took=25.85碌s
ts=2026-08-16T05:42:53Z caller=logging.go:85 method=Health result=2 took=28.044碌s
ts=2026-08-16T05:42:55Z caller=logging.go:36 method=List tags= order=id pageNum=1 pageSize=10 result=9 err=null took=732.145碌s
ts=2026-08-16T05:42:56Z caller=logging.go:85 method=Health result=2 took=28.826碌s
ts=2026-08-16T05:42:56Z caller=logging.go:85 method=Health result=2 took=29.838碌s
ts=2026-08-16T05:42:57Z caller=logging.go:36 method=List tags= order=id pageNum=1 pageSize=10 result=9 err=null took=764.106碌s
ts=2026-08-16T05:42:59Z caller=logging.go:36 method=List tags= order=id pageNum=1 pageSize=10 result=9 err=null took=732.02碌s
ts=2026-08-16T05:42:59Z caller=logging.go:85 method=Health result=2 took=27.363碌s
ts=2026-08-16T05:42:59Z caller=logging.go:85 method=Health result=2 took=30.008碌s
ts=2026-08-16T05:43:01Z caller=logging.go:36 method=List tags= order=id pageNum=1 pageSize=10 result=9 err=null took=750.255碌s
ts=2026-08-16T05:43:02Z caller=logging.go:85 method=Health result=2 took=28.074碌s
ts=2026-08-16T05:43:02Z caller=logging.go:85 method=Health result=2 took=27.282碌s
ts=2026-08-16T05:43:04Z caller=logging.go:36 method=List tags= order=id pageNum=1 pageSize=10 result=9 err=null took=726.102碌s
ts=2026-08-16T05:43:05Z caller=logging.go:85 method=Health result=2 took=27.103碌s
ts=2026-08-16T05:43:05Z caller=logging.go:85 method=Health result=2 took=29.238碌s
ts=2026-08-16T05:43:06Z caller=logging.go:36 method=List tags= order=id pageNum=1 pageSize=10 result=9 err=null took=697.097碌s
ts=2026-08-16T05:43:08Z caller=logging.go:36 method=List tags= order=id pageNum=1 pageSize=10 result=9 err=null took=779.222碌s
ts=2026-08-16T05:43:08Z caller=logging.go:85 method=Health result=2 took=27.414碌s
ts=2026-08-16T05:43:08Z caller=logging.go:85 method=Health result=2 took=27.113碌s
ts=2026-08-16T05:43:10Z caller=logging.go:36 method=List tags= order=id pageNum=1 pageSize=10 result=9 err=null took=781.136碌s
ts=2026-08-16T05:43:11Z caller=logging.go:85 method=Health result=2 took=27.955碌s
ts=2026-08-16T05:43:11Z caller=logging.go:85 method=Health result=2 took=29.247碌s
ts=2026-08-16T05:43:13Z caller=logging.go:36 method=List tags= order=id pageNum=1 pageSize=10 result=9 err=null took=742.075碌s
ts=2026-08-16T05:43:14Z caller=logging.go:85 method=Health result=2 took=27.413碌s
ts=2026-08-16T05:43:14Z caller=logging.go:85 method=Health result=2 took=27.994碌s
ts=2026-08-16T05:43:16Z caller=logging.go:36 method=List tags= order=id pageNum=1 pageSize=10 result=9 err=null took=958.461碌s
ts=2026-08-16T05:43:17Z caller=logging.go:85 method=Health result=2 took=27.634碌s
ts=2026-08-16T05:43:17Z caller=logging.go:85 method=Health result=2 took=28.155碌s
ts=2026-08-16T05:43:19Z caller=logging.go:36 method=List tags= order=id pageNum=1 pageSize=10 result=9 err=null took=708.7碌s
ts=2026-08-16T05:43:20Z caller=logging.go:85 method=Health result=2 took=26.752碌s
ts=2026-08-16T05:43:20Z caller=logging.go:85 method=Health result=2 took=32.243碌s
ts=2026-08-16T05:43:22Z caller=logging.go:36 method=List tags= order=id pageNum=1 pageSize=10 result=9 err=null took=773.837碌s
ts=2026-08-16T05:43:23Z caller=logging.go:85 method=Health result=2 took=30.188碌s
ts=2026-08-16T05:43:23Z caller=logging.go:85 method=Health result=2 took=28.675碌s
ts=2026-08-16T05:43:25Z caller=logging.go:36 method=List tags= order=id pageNum=1 pageSize=10 result=9 err=null took=746.358碌s
ts=2026-08-16T05:43:26Z caller=logging.go:85 method=Health result=2 took=26.451碌s
ts=2026-08-16T05:43:26Z caller=logging.go:85 method=Health result=2 took=27.533碌s
ts=2026-08-16T05:43:28Z caller=logging.go:36 method=List tags= order=id pageNum=1 pageSize=10 result=9 err=null took=827.917碌s
ts=2026-08-16T05:43:29Z caller=logging.go:85 method=Health result=2 took=26.541碌s
ts=2026-08-16T05:43:29Z caller=logging.go:85 method=Health result=2 took=30.079碌s
ts=2026-08-16T05:43:31Z caller=logging.go:36 method=List tags= order=id pageNum=1 pageSize=10 result=9 err=null took=777.538碌s
ts=2026-08-16T05:43:32Z caller=logging.go:85 method=Health result=2 took=28.275碌s
ts=2026-08-16T05:43:32Z caller=logging.go:85 method=Health result=2 took=28.385碌s
ts=2026-08-16T05:43:34Z caller=logging.go:36 method=List tags= order=id pageNum=1 pageSize=10 result=9 err=null took=782.653碌s
ts=2026-08-16T05:43:35Z caller=logging.go:85 method=Health result=2 took=27.563碌s
ts=2026-08-16T05:43:35Z caller=logging.go:85 method=Health result=2 took=34.968碌s
ts=2026-08-16T05:43:38Z caller=logging.go:36 method=List tags= order=id pageNum=1 pageSize=10 result=9 err=null took=767.375碌s
ts=2026-08-16T05:43:38Z caller=logging.go:85 method=Health result=2 took=27.252碌s
ts=2026-08-16T05:43:38Z caller=logging.go:85 method=Health result=2 took=41.39碌s
ts=2026-08-16T05:43:41Z caller=logging.go:36 method=List tags= order=id pageNum=1 pageSize=10 result=9 err=null took=785.51碌s
ts=2026-08-16T05:43:41Z caller=logging.go:85 method=Health result=2 took=29.988碌s
ts=2026-08-16T05:43:41Z caller=logging.go:85 method=Health result=2 took=28.665碌s
ts=2026-08-16T05:43:44Z caller=logging.go:36 method=List tags= order=id pageNum=1 pageSize=10 result=9 err=null took=818.409碌s
ts=2026-08-16T05:43:44Z caller=logging.go:85 method=Health result=2 took=27.062碌s
ts=2026-08-16T05:43:44Z caller=logging.go:85 method=Health result=2 took=35.389碌s
ts=2026-08-16T05:43:47Z caller=logging.go:36 method=List tags= order=id pageNum=1 pageSize=10 result=9 err=null took=830.637碌s
ts=2026-08-16T05:43:47Z caller=logging.go:85 method=Health result=2 took=27.964碌s
ts=2026-08-16T05:43:47Z caller=logging.go:85 method=Health result=2 took=29.056碌s
ts=2026-08-16T05:43:50Z caller=logging.go:36 method=List tags= order=id pageNum=1 pageSize=10 result=9 err=null took=746.143碌s
ts=2026-08-16T05:43:50Z caller=logging.go:85 method=Health result=2 took=28.084碌s
ts=2026-08-16T05:43:50Z caller=logging.go:85 method=Health result=2 took=27.693碌s
ts=2026-08-16T05:43:53Z caller=logging.go:36 method=List tags= order=id pageNum=1 pageSize=10 result=9 err=null took=772.538碌s
ts=2026-08-16T05:43:53Z caller=logging.go:85 method=Health result=2 took=27.904碌s
ts=2026-08-16T05:43:53Z caller=logging.go:85 method=Health result=2 took=28.915碌s
ts=2026-08-16T05:43:56Z caller=logging.go:36 method=List tags= order=id pageNum=1 pageSize=10 result=9 err=null took=800.768碌s
ts=2026-08-16T05:43:56Z caller=logging.go:85 method=Health result=2 took=27.683碌s
ts=2026-08-16T05:43:56Z caller=logging.go:85 method=Health result=2 took=29.737碌s
ts=2026-08-16T05:43:59Z caller=logging.go:36 method=List tags= order=id pageNum=1 pageSize=10 result=9 err=null took=775.961碌s
ts=2026-08-16T05:43:59Z caller=logging.go:85 method=Health result=2 took=27.383碌s
ts=2026-08-16T05:43:59Z caller=logging.go:85 method=Health result=2 took=30.66碌s
ts=2026-08-16T05:44:02Z caller=logging.go:36 method=List tags= order=id pageNum=1 pageSize=10 result=9 err=null took=778.871碌s
ts=2026-08-16T05:44:02Z caller=logging.go:85 method=Health result=2 took=28.365碌s
ts=2026-08-16T05:44:02Z caller=logging.go:85 method=Health result=2 took=27.022碌s
ts=2026-08-16T05:44:05Z caller=logging.go:36 method=List tags= order=id pageNum=1 pageSize=10 result=9 err=null took=819.253碌s
ts=2026-08-16T05:44:05Z caller=logging.go:85 method=Health result=2 took=27.854碌s
ts=2026-08-16T05:44:05Z caller=logging.go:85 method=Health result=2 took=32.132碌s
ts=2026-08-16T05:44:08Z caller=logging.go:85 method=Health result=2 took=31.19碌s
ts=2026-08-16T05:44:08Z caller=logging.go:36 method=List tags= order=id pageNum=1 pageSize=10 result=9 err=null took=794.647碌s
ts=2026-08-16T05:44:08Z caller=logging.go:85 method=Health result=2 took=26.361碌s
ts=2026-08-16T05:44:11Z caller=logging.go:85 method=Health result=2 took=27.193碌s
ts=2026-08-16T05:44:11Z caller=logging.go:36 method=List tags= order=id pageNum=1 pageSize=10 result=9 err=null took=768.621碌s
ts=2026-08-16T05:44:11Z caller=logging.go:85 method=Health result=2 took=27.102碌s
ts=2026-08-16T05:44:13Z caller=logging.go:36 method=List tags= order=id pageNum=1 pageSize=10 result=9 err=null took=757.635碌s
ts=2026-08-16T05:44:13Z caller=logging.go:36 method=List tags= order=id pageNum=1 pageSize=10 result=9 err=null took=734.882碌s
ts=2026-08-16T05:44:13Z caller=logging.go:36 method=List tags= order=id pageNum=1 pageSize=10 result=9 err=null took=713.58碌s
ts=2026-08-16T05:44:13Z caller=logging.go:36 method=List tags= order=id pageNum=1 pageSize=10 result=9 err=null took=743.524碌s
ts=2026-08-16T05:44:13Z caller=logging.go:36 method=List tags= order=id pageNum=1 pageSize=10 result=9 err=null took=754.348碌s
ts=2026-08-16T05:44:14Z caller=logging.go:36 method=List tags= order=id pageNum=1 pageSize=10 result=9 err=null took=766.327碌s
ts=2026-08-16T05:44:14Z caller=logging.go:36 method=List tags= order=id pageNum=1 pageSize=10 result=9 err=null took=916.772碌s
ts=2026-08-16T05:44:14Z caller=logging.go:85 method=Health result=2 took=30.509碌s
ts=2026-08-16T05:44:14Z caller=logging.go:36 method=List tags= order=id pageNum=1 pageSize=10 result=9 err=null took=798.234碌s
ts=2026-08-16T05:44:14Z caller=logging.go:36 method=List tags= order=id pageNum=1 pageSize=10 result=9 err=null took=823.683碌s
ts=2026-08-16T05:44:14Z caller=logging.go:85 method=Health result=2 took=35.178碌s
ts=2026-08-16T05:44:14Z caller=logging.go:36 method=List tags= order=id pageNum=1 pageSize=10 result=9 err=null took=878.63碌s
ts=2026-08-16T05:44:17Z caller=logging.go:85 method=Health result=2 took=27.093碌s
ts=2026-08-16T05:44:17Z caller=logging.go:85 method=Health result=2 took=28.014碌s
ts=2026-08-16T05:44:18Z caller=logging.go:36 method=List tags= order=id pageNum=1 pageSize=10 result=9 err=null took=748.723碌s
ts=2026-08-16T05:44:20Z caller=logging.go:85 method=Health result=2 took=37.473碌s
ts=2026-08-16T05:44:20Z caller=logging.go:36 method=List tags= order=id pageNum=1 pageSize=10 result=9 err=null took=730.613碌s
ts=2026-08-16T05:44:20Z caller=logging.go:85 method=Health result=2 took=27.784碌s
ts=2026-08-16T05:44:22Z caller=logging.go:36 method=List tags= order=id pageNum=1 pageSize=10 result=9 err=null took=709.749碌s
ts=2026-08-16T05:44:23Z caller=logging.go:85 method=Health result=2 took=28.214碌s
ts=2026-08-16T05:44:23Z caller=logging.go:85 method=Health result=2 took=26.661碌s
ts=2026-08-16T05:44:24Z caller=logging.go:36 method=List tags= order=id pageNum=1 pageSize=10 result=9 err=null took=789.983碌s
ts=2026-08-16T05:44:26Z caller=logging.go:85 method=Health result=2 took=28.505碌s
ts=2026-08-16T05:44:26Z caller=logging.go:85 method=Health result=2 took=27.614碌s
ts=2026-08-16T05:44:27Z caller=logging.go:36 method=List tags= order=id pageNum=1 pageSize=10 result=9 err=null took=777.254碌s
ts=2026-08-16T05:44:29Z caller=logging.go:36 method=List tags= order=id pageNum=1 pageSize=10 result=9 err=null took=767.615碌s
ts=2026-08-16T05:44:29Z caller=logging.go:85 method=Health result=2 took=36.991碌s
ts=2026-08-16T05:44:29Z caller=logging.go:85 method=Health result=2 took=26.311碌s
ts=2026-08-16T05:44:31Z caller=logging.go:36 method=List tags= order=id pageNum=1 pageSize=10 result=9 err=null took=774.469碌s
ts=2026-08-16T05:44:32Z caller=logging.go:85 method=Health result=2 took=28.435碌s
ts=2026-08-16T05:44:32Z caller=logging.go:85 method=Health result=2 took=28.015碌s
ts=2026-08-16T05:44:33Z caller=logging.go:36 method=List tags= order=id pageNum=1 pageSize=10 result=9 err=null took=759.455碌s
ts=2026-08-16T05:44:35Z caller=logging.go:36 method=List tags= order=id pageNum=1 pageSize=10 result=9 err=null took=718.096碌s
ts=2026-08-16T05:44:35Z caller=logging.go:85 method=Health result=2 took=28.225碌s
ts=2026-08-16T05:44:35Z caller=logging.go:85 method=Health result=2 took=27.353碌s
ts=2026-08-16T05:44:37Z caller=logging.go:36 method=List tags= order=id pageNum=1 pageSize=10 result=9 err=null took=776.523碌s
ts=2026-08-16T05:44:38Z caller=logging.go:85 method=Health result=2 took=27.994碌s
ts=2026-08-16T05:44:38Z caller=logging.go:85 method=Health result=2 took=27.102碌s
ts=2026-08-16T05:44:39Z caller=logging.go:36 method=List tags= order=id pageNum=1 pageSize=10 result=9 err=null took=757.196碌s
ts=2026-08-16T05:44:41Z caller=logging.go:36 method=List tags= order=id pageNum=1 pageSize=10 result=9 err=null took=719.524碌s
ts=2026-08-16T05:44:41Z caller=logging.go:85 method=Health result=2 took=27.373碌s
ts=2026-08-16T05:44:41Z caller=logging.go:85 method=Health result=2 took=28.305碌s
ts=2026-08-16T05:44:43Z caller=logging.go:36 method=List tags= order=id pageNum=1 pageSize=10 result=9 err=null took=771.48碌s
ts=2026-08-16T05:44:44Z caller=logging.go:85 method=Health result=2 took=67.04碌s
ts=2026-08-16T05:44:44Z caller=logging.go:85 method=Health result=2 took=28.014碌s
ts=2026-08-16T05:44:45Z caller=logging.go:36 method=List tags= order=id pageNum=1 pageSize=10 result=9 err=null took=809.703碌s
ts=2026-08-16T05:44:47Z caller=logging.go:36 method=List tags= order=id pageNum=1 pageSize=10 result=9 err=null took=777.035碌s
ts=2026-08-16T05:44:47Z caller=logging.go:85 method=Health result=2 took=23.415碌s
ts=2026-08-16T05:44:47Z caller=logging.go:85 method=Health result=2 took=27.433碌s
ts=2026-08-16T05:44:49Z caller=logging.go:36 method=List tags= order=id pageNum=1 pageSize=10 result=9 err=null took=823.845碌s
ts=2026-08-16T05:44:50Z caller=logging.go:85 method=Health result=2 took=28.605碌s
ts=2026-08-16T05:44:50Z caller=logging.go:85 method=Health result=2 took=27.233碌s
ts=2026-08-16T05:44:51Z caller=logging.go:36 method=List tags= order=id pageNum=1 pageSize=10 result=9 err=null took=752.337碌s
ts=2026-08-16T05:44:53Z caller=logging.go:85 method=Health result=2 took=35.699碌s
ts=2026-08-16T05:44:53Z caller=logging.go:85 method=Health result=2 took=31碌s
ts=2026-08-16T05:44:54Z caller=logging.go:36 method=List tags= order=id pageNum=1 pageSize=10 result=9 err=null took=756.77碌s
ts=2026-08-16T05:44:56Z caller=logging.go:36 method=List tags= order=id pageNum=1 pageSize=10 result=9 err=null took=734.683碌s
ts=2026-08-16T05:44:56Z caller=logging.go:85 method=Health result=2 took=31.441碌s
ts=2026-08-16T05:44:56Z caller=logging.go:85 method=Health result=2 took=27.934碌s
ts=2026-08-16T05:44:58Z caller=logging.go:36 method=List tags= order=id pageNum=1 pageSize=10 result=9 err=null took=789.453碌s
ts=2026-08-16T05:44:59Z caller=logging.go:85 method=Health result=2 took=34.056碌s
ts=2026-08-16T05:44:59Z caller=logging.go:85 method=Health result=2 took=28.976碌s
ts=2026-08-16T05:45:00Z caller=logging.go:36 method=List tags= order=id pageNum=1 pageSize=10 result=9 err=null took=754.009碌s
ts=2026-08-16T05:45:02Z caller=logging.go:36 method=List tags= order=id pageNum=1 pageSize=10 result=9 err=null took=719.732碌s
ts=2026-08-16T05:45:02Z caller=logging.go:85 method=Health result=2 took=26.631碌s
ts=2026-08-16T05:45:02Z caller=logging.go:85 method=Health result=2 took=28.114碌s
ts=2026-08-16T05:45:04Z caller=logging.go:36 method=List tags= order=id pageNum=1 pageSize=10 result=9 err=null took=740.111碌s
ts=2026-08-16T05:45:05Z caller=logging.go:85 method=Health result=2 took=30.239碌s
ts=2026-08-16T05:45:05Z caller=logging.go:85 method=Health result=2 took=28.345碌s
ts=2026-08-16T05:45:06Z caller=logging.go:36 method=List tags= order=id pageNum=1 pageSize=10 result=9 err=null took=724.135碌s
ts=2026-08-16T05:45:08Z caller=logging.go:36 method=List tags= order=id pageNum=1 pageSize=10 result=9 err=null took=731.474碌s
ts=2026-08-16T05:45:08Z caller=logging.go:85 method=Health result=2 took=27.965碌s
ts=2026-08-16T05:45:08Z caller=logging.go:85 method=Health result=2 took=32.593碌s
ts=2026-08-16T05:45:10Z caller=logging.go:36 method=List tags= order=id pageNum=1 pageSize=10 result=9 err=null took=825.012碌s
ts=2026-08-16T05:45:11Z caller=logging.go:85 method=Health result=2 took=41.12碌s
ts=2026-08-16T05:45:11Z caller=logging.go:85 method=Health result=2 took=29.317碌s
ts=2026-08-16T05:45:12Z caller=logging.go:36 method=List tags= order=id pageNum=1 pageSize=10 result=9 err=null took=736.93碌s
ts=2026-08-16T05:45:14Z caller=logging.go:85 method=Health result=2 took=28.675碌s
ts=2026-08-16T05:45:14Z caller=logging.go:85 method=Health result=2 took=29.317碌s
ts=2026-08-16T05:45:15Z caller=logging.go:36 method=List tags= order=id pageNum=1 pageSize=10 result=9 err=null took=746.909碌s
ts=2026-08-16T05:45:17Z caller=logging.go:36 method=List tags= order=id pageNum=1 pageSize=10 result=9 err=null took=721.34碌s
ts=2026-08-16T05:45:17Z caller=logging.go:85 method=Health result=2 took=27.904碌s
ts=2026-08-16T05:45:17Z caller=logging.go:85 method=Health result=2 took=28.605碌s
ts=2026-08-16T05:45:19Z caller=logging.go:36 method=List tags= order=id pageNum=1 pageSize=10 result=9 err=null took=739.003碌s
ts=2026-08-16T05:45:20Z caller=logging.go:85 method=Health result=2 took=29.267碌s
ts=2026-08-16T05:45:20Z caller=logging.go:85 method=Health result=2 took=50.017碌s
ts=2026-08-16T05:45:21Z caller=logging.go:36 method=List tags= order=id pageNum=1 pageSize=10 result=9 err=null took=769.049碌s
ts=2026-08-16T05:45:23Z caller=logging.go:36 method=List tags= order=id pageNum=1 pageSize=10 result=9 err=null took=739.746碌s
ts=2026-08-16T05:45:23Z caller=logging.go:85 method=Health result=2 took=21.021碌s
ts=2026-08-16T05:45:23Z caller=logging.go:85 method=Health result=2 took=28.035碌s
ts=2026-08-16T05:45:26Z caller=logging.go:85 method=Health result=2 took=31.171碌s
ts=2026-08-16T05:45:26Z caller=logging.go:36 method=List tags= order=id pageNum=1 pageSize=10 result=9 err=null took=789.889碌s
ts=2026-08-16T05:45:26Z caller=logging.go:85 method=Health result=2 took=28.566碌s
ts=2026-08-16T05:45:29Z caller=logging.go:85 method=Health result=2 took=30.589碌s
ts=2026-08-16T05:45:29Z caller=logging.go:36 method=List tags= order=id pageNum=1 pageSize=10 result=9 err=null took=789.658碌s
ts=2026-08-16T05:45:29Z caller=logging.go:85 method=Health result=2 took=29.367碌s
ts=2026-08-16T05:45:32Z caller=logging.go:85 method=Health result=2 took=28.435碌s
ts=2026-08-16T05:45:32Z caller=logging.go:85 method=Health result=2 took=27.754碌s
ts=2026-08-16T05:45:32Z caller=logging.go:36 method=List tags= order=id pageNum=1 pageSize=10 result=9 err=null took=731.651碌s
ts=2026-08-16T05:45:35Z caller=logging.go:85 method=Health result=2 took=28.095碌s
ts=2026-08-16T05:45:35Z caller=logging.go:85 method=Health result=2 took=28.735碌s
ts=2026-08-16T05:45:36Z caller=logging.go:36 method=List tags= order=id pageNum=1 pageSize=10 result=9 err=null took=808.735碌s
ts=2026-08-16T05:45:38Z caller=logging.go:85 method=Health result=2 took=36.38碌s
ts=2026-08-16T05:45:38Z caller=logging.go:85 method=Health result=2 took=27.353碌s
ts=2026-08-16T05:45:39Z caller=logging.go:36 method=List tags= order=id pageNum=1 pageSize=10 result=9 err=null took=738.003碌s
ts=2026-08-16T05:45:41Z caller=logging.go:85 method=Health result=2 took=27.554碌s
ts=2026-08-16T05:45:41Z caller=logging.go:85 method=Health result=2 took=28.154碌s
ts=2026-08-16T05:45:42Z caller=logging.go:36 method=List tags= order=id pageNum=1 pageSize=10 result=9 err=null took=814.497碌s
ts=2026-08-16T05:45:44Z caller=logging.go:85 method=Health result=2 took=28.004碌s
ts=2026-08-16T05:45:44Z caller=logging.go:85 method=Health result=2 took=27.303碌s
ts=2026-08-16T05:45:45Z caller=logging.go:36 method=List tags= order=id pageNum=1 pageSize=10 result=9 err=null took=737.668碌s
ts=2026-08-16T05:45:47Z caller=logging.go:85 method=Health result=2 took=27.854碌s
ts=2026-08-16T05:45:47Z caller=logging.go:85 method=Health result=2 took=30.519碌s
ts=2026-08-16T05:45:48Z caller=logging.go:36 method=List tags= order=id pageNum=1 pageSize=10 result=9 err=null took=741.856碌s
ts=2026-08-16T05:45:50Z caller=logging.go:85 method=Health result=2 took=28.765碌s
ts=2026-08-16T05:45:50Z caller=logging.go:85 method=Health result=2 took=28.104碌s
ts=2026-08-16T05:45:51Z caller=logging.go:36 method=List tags= order=id pageNum=1 pageSize=10 result=9 err=null took=820.849碌s
ts=2026-08-16T05:45:53Z caller=logging.go:85 method=Health result=2 took=29.577碌s
ts=2026-08-16T05:45:53Z caller=logging.go:85 method=Health result=2 took=32.854碌s
ts=2026-08-16T05:45:54Z caller=logging.go:36 method=List tags= order=id pageNum=1 pageSize=10 result=9 err=null took=854.964碌s
ts=2026-08-16T05:45:56Z caller=logging.go:85 method=Health result=2 took=35.108碌s
ts=2026-08-16T05:45:56Z caller=logging.go:85 method=Health result=2 took=26.982碌s
ts=2026-08-16T05:45:57Z caller=logging.go:36 method=List tags= order=id pageNum=1 pageSize=10 result=9 err=null took=886.164碌s
ts=2026-08-16T05:45:59Z caller=logging.go:85 method=Health result=2 took=28.916碌s
ts=2026-08-16T05:45:59Z caller=logging.go:85 method=Health result=2 took=27.723碌s
ts=2026-08-16T05:46:00Z caller=logging.go:36 method=List tags= order=id pageNum=1 pageSize=10 result=9 err=null took=744.991碌s
ts=2026-08-16T05:46:02Z caller=logging.go:85 method=Health result=2 took=28.015碌s
ts=2026-08-16T05:46:02Z caller=logging.go:85 method=Health result=2 took=28.004碌s
ts=2026-08-16T05:46:03Z caller=logging.go:36 method=List tags= order=id pageNum=1 pageSize=10 result=9 err=null took=770.275碌s
ts=2026-08-16T05:46:05Z caller=logging.go:85 method=Health result=2 took=28.084碌s
ts=2026-08-16T05:46:05Z caller=logging.go:85 method=Health result=2 took=38.615碌s
ts=2026-08-16T05:46:06Z caller=logging.go:36 method=List tags= order=id pageNum=1 pageSize=10 result=9 err=null took=735.068碌s
ts=2026-08-16T05:46:08Z caller=logging.go:85 method=Health result=2 took=27.684碌s
ts=2026-08-16T05:46:08Z caller=logging.go:85 method=Health result=2 took=512.192碌s
ts=2026-08-16T05:46:10Z caller=logging.go:36 method=List tags= order=id pageNum=1 pageSize=10 result=9 err=null took=795.253碌s
ts=2026-08-16T05:46:11Z caller=logging.go:85 method=Health result=2 took=27.002碌s
ts=2026-08-16T05:46:11Z caller=logging.go:85 method=Health result=2 took=28.195碌s
ts=2026-08-16T05:46:13Z caller=logging.go:36 method=List tags= order=id pageNum=1 pageSize=10 result=9 err=null took=819.566碌s
ts=2026-08-16T05:46:14Z caller=logging.go:85 method=Health result=2 took=39.046碌s
ts=2026-08-16T05:46:14Z caller=logging.go:85 method=Health result=2 took=31.962碌s
ts=2026-08-16T05:46:16Z caller=logging.go:36 method=List tags= order=id pageNum=1 pageSize=10 result=9 err=null took=904.124碌s
ts=2026-08-16T05:46:17Z caller=logging.go:85 method=Health result=2 took=41.17碌s
ts=2026-08-16T05:46:17Z caller=logging.go:85 method=Health result=2 took=28.014碌s
ts=2026-08-16T05:46:19Z caller=logging.go:36 method=List tags= order=id pageNum=1 pageSize=10 result=9 err=null took=721.386碌s
ts=2026-08-16T05:46:20Z caller=logging.go:85 method=Health result=2 took=28.355碌s
ts=2026-08-16T05:46:20Z caller=logging.go:85 method=Health result=2 took=28.275碌s
ts=2026-08-16T05:46:22Z caller=logging.go:36 method=List tags= order=id pageNum=1 pageSize=10 result=9 err=null took=719.352碌s
ts=2026-08-16T05:46:23Z caller=logging.go:85 method=Health result=2 took=28.796碌s
ts=2026-08-16T05:46:23Z caller=logging.go:85 method=Health result=2 took=29.537碌s
ts=2026-08-16T05:46:25Z caller=logging.go:36 method=List tags= order=id pageNum=1 pageSize=10 result=9 err=null took=790.349碌s
