images: "./images/"
Abs(images): "/images" (<nil>)
Getwd: "/" (<nil>)
ls: ["images/WAT.jpg" "images/WAT2.jpg" "images/bit_of_leg_1.jpeg" "images/bit_of_leg_2.jpeg" "images/catsocks.jpg" "images/catsocks2.jpg" "images/classic.jpg" "images/classic2.jpg" "images/colourful_socks.jpg" "images/cross_1.jpeg" "images/cross_2.jpeg" "images/holy_1.jpeg" "images/holy_2.jpeg" "images/holy_3.jpeg" "images/puma_1.jpeg" "images/puma_2.jpeg" "images/rugby_socks.jpg" "images/sock.jpeg" "images/youtube_1.jpeg" "images/youtube_2.jpeg"]
ts=2026-08-16T07:45:24Z caller=main.go:136 transport=HTTP port=80
ts=2026-08-16T07:48:24Z caller=logging.go:85 method=Health result=2 took=179.873碌s
ts=2026-08-16T07:48:27Z caller=logging.go:36 method=List tags= order=id pageNum=1 pageSize=10 result=9 err=null took=1.439855ms
ts=2026-08-16T07:48:27Z caller=logging.go:85 method=Health result=2 took=27.032碌s
ts=2026-08-16T07:48:29Z caller=logging.go:36 method=List tags= order=id pageNum=1 pageSize=10 result=9 err=null took=958.132碌s
ts=2026-08-16T07:48:30Z caller=logging.go:85 method=Health result=2 took=28.586碌s
ts=2026-08-16T07:48:31Z caller=logging.go:36 method=List tags= order=id pageNum=1 pageSize=10 result=9 err=null took=878.527碌s
ts=2026-08-16T07:48:33Z caller=logging.go:85 method=Health result=2 took=27.564碌s
ts=2026-08-16T07:48:33Z caller=logging.go:36 method=List tags= order=id pageNum=1 pageSize=10 result=9 err=null took=738.933碌s
ts=2026-08-16T07:48:35Z caller=logging.go:36 method=List tags= order=id pageNum=1 pageSize=10 result=9 err=null took=810.442碌s
ts=2026-08-16T07:48:36Z caller=logging.go:85 method=Health result=2 took=27.673碌s
ts=2026-08-16T07:48:37Z caller=logging.go:36 method=List tags= order=id pageNum=1 pageSize=10 result=9 err=null took=759.921碌s
ts=2026-08-16T07:48:39Z caller=logging.go:85 method=Health result=2 took=27.894碌s
ts=2026-08-16T07:48:40Z caller=logging.go:36 method=List tags= order=id pageNum=1 pageSize=10 result=9 err=null took=807.09碌s
ts=2026-08-16T07:48:42Z caller=logging.go:85 method=Health result=2 took=29.637碌s
ts=2026-08-16T07:48:44Z caller=logging.go:36 method=List tags= order=id pageNum=1 pageSize=10 result=9 err=null took=745.446碌s
ts=2026-08-16T07:48:45Z caller=logging.go:85 method=Health result=2 took=29.658碌s
ts=2026-08-16T07:48:47Z caller=logging.go:36 method=List tags= order=id pageNum=1 pageSize=10 result=9 err=null took=782.114碌s
ts=2026-08-16T07:48:48Z caller=logging.go:85 method=Health result=2 took=29.738碌s
ts=2026-08-16T07:48:50Z caller=logging.go:36 method=List tags= order=id pageNum=1 pageSize=10 result=9 err=null took=715.538碌s
ts=2026-08-16T07:48:51Z caller=logging.go:85 method=Health result=2 took=36.922碌s
ts=2026-08-16T07:48:53Z caller=logging.go:36 method=List tags= order=id pageNum=1 pageSize=10 result=9 err=null took=764.827碌s
ts=2026-08-16T07:48:54Z caller=logging.go:85 method=Health result=2 took=27.854碌s
ts=2026-08-16T07:48:56Z caller=logging.go:36 method=List tags= order=id pageNum=1 pageSize=10 result=9 err=null took=759.498碌s
ts=2026-08-16T07:48:57Z caller=logging.go:85 method=Health result=2 took=26.943碌s
ts=2026-08-16T07:48:59Z caller=logging.go:36 method=List tags= order=id pageNum=1 pageSize=10 result=9 err=null took=819.56碌s
ts=2026-08-16T07:49:00Z caller=logging.go:85 method=Health result=2 took=31.972碌s
ts=2026-08-16T07:49:02Z caller=logging.go:36 method=List tags= order=id pageNum=1 pageSize=10 result=9 err=null took=865.69碌s
ts=2026-08-16T07:49:03Z caller=logging.go:85 method=Health result=2 took=30.038碌s
ts=2026-08-16T07:49:05Z caller=logging.go:36 method=List tags= order=id pageNum=1 pageSize=10 result=9 err=null took=809.28碌s
ts=2026-08-16T07:49:06Z caller=logging.go:85 method=Health result=2 took=31.962碌s
ts=2026-08-16T07:49:08Z caller=logging.go:36 method=List tags= order=id pageNum=1 pageSize=10 result=9 err=null took=794.03碌s
ts=2026-08-16T07:49:09Z caller=logging.go:85 method=Health result=2 took=27.463碌s
ts=2026-08-16T07:49:11Z caller=logging.go:36 method=List tags= order=id pageNum=1 pageSize=10 result=9 err=null took=820.268碌s
ts=2026-08-16T07:49:12Z caller=logging.go:85 method=Health result=2 took=34.366碌s
ts=2026-08-16T07:49:14Z caller=logging.go:36 method=List tags= order=id pageNum=1 pageSize=10 result=9 err=null took=763.387碌s
ts=2026-08-16T07:49:15Z caller=logging.go:85 method=Health result=2 took=42.452碌s
ts=2026-08-16T07:49:17Z caller=logging.go:36 method=List tags= order=id pageNum=1 pageSize=10 result=9 err=null took=755.907碌s
ts=2026-08-16T07:49:18Z caller=logging.go:85 method=Health result=2 took=27.734碌s
ts=2026-08-16T07:49:20Z caller=logging.go:36 method=List tags= order=id pageNum=1 pageSize=10 result=9 err=null took=808.319碌s
ts=2026-08-16T07:49:21Z caller=logging.go:85 method=Health result=2 took=35.639碌s
ts=2026-08-16T07:49:24Z caller=logging.go:36 method=List tags= order=id pageNum=1 pageSize=10 result=9 err=null took=844.568碌s
ts=2026-08-16T07:49:24Z caller=logging.go:85 method=Health result=2 took=48.083碌s
ts=2026-08-16T07:49:27Z caller=logging.go:36 method=List tags= order=id pageNum=1 pageSize=10 result=9 err=null took=750.395碌s
ts=2026-08-16T07:49:27Z caller=logging.go:85 method=Health result=2 took=27.693碌s
ts=2026-08-16T07:49:30Z caller=logging.go:36 method=List tags= order=id pageNum=1 pageSize=10 result=9 err=null took=903.442碌s
ts=2026-08-16T07:49:30Z caller=logging.go:85 method=Health result=2 took=29.727碌s
ts=2026-08-16T07:49:33Z caller=logging.go:36 method=List tags= order=id pageNum=1 pageSize=10 result=9 err=null took=758.747碌s
ts=2026-08-16T07:49:33Z caller=logging.go:85 method=Health result=2 took=27.954碌s
ts=2026-08-16T07:49:36Z caller=logging.go:36 method=List tags= order=id pageNum=1 pageSize=10 result=9 err=null took=768.862碌s
ts=2026-08-16T07:49:36Z caller=logging.go:85 method=Health result=2 took=33.315碌s
ts=2026-08-16T07:49:39Z caller=logging.go:36 method=List tags= order=id pageNum=1 pageSize=10 result=9 err=null took=705.113碌s
ts=2026-08-16T07:49:39Z caller=logging.go:85 method=Health result=2 took=28.696碌s
ts=2026-08-16T07:49:42Z caller=logging.go:36 method=List tags= order=id pageNum=1 pageSize=10 result=9 err=null took=769.339碌s
ts=2026-08-16T07:49:42Z caller=logging.go:36 method=List tags= order=id pageNum=1 pageSize=10 result=9 err=null took=744.634碌s
ts=2026-08-16T07:49:42Z caller=logging.go:36 method=List tags= order=id pageNum=1 pageSize=10 result=9 err=null took=764.919碌s
ts=2026-08-16T07:49:42Z caller=logging.go:36 method=List tags= order=id pageNum=1 pageSize=10 result=9 err=null took=829.545碌s
ts=2026-08-16T07:49:42Z caller=logging.go:36 method=List tags= order=id pageNum=1 pageSize=10 result=9 err=null took=686.382碌s
ts=2026-08-16T07:49:42Z caller=logging.go:85 method=Health result=2 took=28.094碌s
ts=2026-08-16T07:49:42Z caller=logging.go:36 method=List tags= order=id pageNum=1 pageSize=10 result=9 err=null took=770.605碌s
ts=2026-08-16T07:49:42Z caller=logging.go:36 method=List tags= order=id pageNum=1 pageSize=10 result=9 err=null took=817.146碌s
ts=2026-08-16T07:49:42Z caller=logging.go:36 method=List tags= order=id pageNum=1 pageSize=10 result=9 err=null took=912.33碌s
ts=2026-08-16T07:49:43Z caller=logging.go:36 method=List tags= order=id pageNum=1 pageSize=10 result=9 err=null took=889.435碌s
ts=2026-08-16T07:49:43Z caller=logging.go:36 method=List tags= order=id pageNum=1 pageSize=10 result=9 err=null took=806.605碌s
ts=2026-08-16T07:49:45Z caller=logging.go:85 method=Health result=2 took=28.215碌s
ts=2026-08-16T07:49:48Z caller=logging.go:85 method=Health result=2 took=70.828碌s
ts=2026-08-16T07:49:51Z caller=logging.go:85 method=Health result=2 took=27.423碌s
ts=2026-08-16T07:49:54Z caller=logging.go:85 method=Health result=2 took=30.63碌s
ts=2026-08-16T07:49:57Z caller=logging.go:85 method=Health result=2 took=27.203碌s
ts=2026-08-16T07:50:00Z caller=logging.go:85 method=Health result=2 took=26.862碌s
ts=2026-08-16T07:50:03Z caller=logging.go:85 method=Health result=2 took=30.409碌s
ts=2026-08-16T07:50:06Z caller=logging.go:85 method=Health result=2 took=40.148碌s
ts=2026-08-16T07:50:09Z caller=logging.go:85 method=Health result=2 took=26.641碌s
ts=2026-08-16T07:50:12Z caller=logging.go:85 method=Health result=2 took=28.485碌s
ts=2026-08-16T07:50:15Z caller=logging.go:85 method=Health result=2 took=28.254碌s
ts=2026-08-16T07:50:17Z caller=logging.go:36 method=List tags= order=id pageNum=1 pageSize=10 result=9 err=null took=777.959碌s
ts=2026-08-16T07:50:18Z caller=logging.go:85 method=Health result=2 took=37.092碌s
ts=2026-08-16T07:50:20Z caller=logging.go:36 method=List tags= order=id pageNum=1 pageSize=10 result=9 err=null took=782.808碌s
ts=2026-08-16T07:50:21Z caller=logging.go:85 method=Health result=2 took=37.783碌s
ts=2026-08-16T07:50:22Z caller=logging.go:36 method=List tags= order=id pageNum=1 pageSize=10 result=9 err=null took=942.733碌s
ts=2026-08-16T07:50:24Z caller=logging.go:85 method=Health result=2 took=29.547碌s
ts=2026-08-16T07:50:24Z caller=logging.go:36 method=List tags= order=id pageNum=1 pageSize=10 result=9 err=null took=725.387碌s
ts=2026-08-16T07:50:24Z caller=logging.go:85 method=Health result=2 took=27.283碌s
ts=2026-08-16T07:50:26Z caller=logging.go:36 method=List tags= order=id pageNum=1 pageSize=10 result=9 err=null took=728.497碌s
ts=2026-08-16T07:50:27Z caller=logging.go:85 method=Health result=2 took=28.404碌s
ts=2026-08-16T07:50:27Z caller=logging.go:85 method=Health result=2 took=28.274碌s
ts=2026-08-16T07:50:28Z caller=logging.go:36 method=List tags= order=id pageNum=1 pageSize=10 result=9 err=null took=746.457碌s
ts=2026-08-16T07:50:30Z caller=logging.go:85 method=Health result=2 took=33.515碌s
ts=2026-08-16T07:50:30Z caller=logging.go:85 method=Health result=2 took=34.627碌s
ts=2026-08-16T07:50:31Z caller=logging.go:36 method=List tags= order=id pageNum=1 pageSize=10 result=9 err=null took=782.036碌s
ts=2026-08-16T07:50:33Z caller=logging.go:85 method=Health result=2 took=29.537碌s
ts=2026-08-16T07:50:33Z caller=logging.go:85 method=Health result=2 took=27.623碌s
ts=2026-08-16T07:50:34Z caller=logging.go:36 method=List tags= order=id pageNum=1 pageSize=10 result=9 err=null took=756.54碌s
ts=2026-08-16T07:50:36Z caller=logging.go:85 method=Health result=2 took=38.295碌s
ts=2026-08-16T07:50:36Z caller=logging.go:85 method=Health result=2 took=28.064碌s
ts=2026-08-16T07:50:37Z caller=logging.go:36 method=List tags= order=id pageNum=1 pageSize=10 result=9 err=null took=751.56碌s
ts=2026-08-16T07:50:39Z caller=logging.go:85 method=Health result=2 took=33.905碌s
ts=2026-08-16T07:50:39Z caller=logging.go:85 method=Health result=2 took=27.414碌s
ts=2026-08-16T07:50:40Z caller=logging.go:36 method=List tags= order=id pageNum=1 pageSize=10 result=9 err=null took=746.694碌s
ts=2026-08-16T07:50:42Z caller=logging.go:85 method=Health result=2 took=27.503碌s
ts=2026-08-16T07:50:42Z caller=logging.go:85 method=Health result=2 took=36.662碌s
ts=2026-08-16T07:50:43Z caller=logging.go:36 method=List tags= order=id pageNum=1 pageSize=10 result=9 err=null took=768.106碌s
ts=2026-08-16T07:50:45Z caller=logging.go:85 method=Health result=2 took=27.594碌s
ts=2026-08-16T07:50:45Z caller=logging.go:85 method=Health result=2 took=26.963碌s
ts=2026-08-16T07:50:46Z caller=logging.go:36 method=List tags= order=id pageNum=1 pageSize=10 result=9 err=null took=784.156碌s
ts=2026-08-16T07:50:48Z caller=logging.go:85 method=Health result=2 took=29.568碌s
ts=2026-08-16T07:50:48Z caller=logging.go:85 method=Health result=2 took=28.816碌s
ts=2026-08-16T07:50:49Z caller=logging.go:36 method=List tags= order=id pageNum=1 pageSize=10 result=9 err=null took=769.919碌s
ts=2026-08-16T07:50:51Z caller=logging.go:85 method=Health result=2 took=27.553碌s
ts=2026-08-16T07:50:51Z caller=logging.go:85 method=Health result=2 took=28.626碌s
ts=2026-08-16T07:50:53Z caller=logging.go:36 method=List tags= order=id pageNum=1 pageSize=10 result=9 err=null took=884.344碌s
ts=2026-08-16T07:50:54Z caller=logging.go:85 method=Health result=2 took=30.238碌s
ts=2026-08-16T07:50:54Z caller=logging.go:85 method=Health result=2 took=28.415碌s
ts=2026-08-16T07:50:56Z caller=logging.go:36 method=List tags= order=id pageNum=1 pageSize=10 result=9 err=null took=758.247碌s
ts=2026-08-16T07:50:57Z caller=logging.go:85 method=Health result=2 took=27.714碌s
ts=2026-08-16T07:50:57Z caller=logging.go:85 method=Health result=2 took=29.407碌s
ts=2026-08-16T07:50:59Z caller=logging.go:36 method=List tags= order=id pageNum=1 pageSize=10 result=9 err=null took=811.03碌s
ts=2026-08-16T07:51:00Z caller=logging.go:85 method=Health result=2 took=28.355碌s
ts=2026-08-16T07:51:00Z caller=logging.go:85 method=Health result=2 took=34.547碌s
ts=2026-08-16T07:51:02Z caller=logging.go:36 method=List tags= order=id pageNum=1 pageSize=10 result=9 err=null took=737.438碌s
ts=2026-08-16T07:51:03Z caller=logging.go:85 method=Health result=2 took=28.305碌s
ts=2026-08-16T07:51:03Z caller=logging.go:85 method=Health result=2 took=28.145碌s
ts=2026-08-16T07:51:05Z caller=logging.go:36 method=List tags= order=id pageNum=1 pageSize=10 result=9 err=null took=882.273碌s
ts=2026-08-16T07:51:06Z caller=logging.go:85 method=Health result=2 took=28.385碌s
ts=2026-08-16T07:51:06Z caller=logging.go:85 method=Health result=2 took=28.456碌s
ts=2026-08-16T07:51:08Z caller=logging.go:36 method=List tags= order=id pageNum=1 pageSize=10 result=9 err=null took=760.583碌s
ts=2026-08-16T07:51:09Z caller=logging.go:85 method=Health result=2 took=28.776碌s
ts=2026-08-16T07:51:09Z caller=logging.go:85 method=Health result=2 took=26.561碌s
ts=2026-08-16T07:51:11Z caller=logging.go:36 method=List tags= order=id pageNum=1 pageSize=10 result=9 err=null took=793.822碌s
ts=2026-08-16T07:51:12Z caller=logging.go:85 method=Health result=2 took=42.883碌s
ts=2026-08-16T07:51:12Z caller=logging.go:85 method=Health result=2 took=42.713碌s
ts=2026-08-16T07:51:14Z caller=logging.go:36 method=List tags= order=id pageNum=1 pageSize=10 result=9 err=null took=747.317碌s
ts=2026-08-16T07:51:15Z caller=logging.go:85 method=Health result=2 took=44.747碌s
ts=2026-08-16T07:51:15Z caller=logging.go:85 method=Health result=2 took=30.429碌s
ts=2026-08-16T07:51:17Z caller=logging.go:36 method=List tags= order=id pageNum=1 pageSize=10 result=9 err=null took=764.615碌s
ts=2026-08-16T07:51:18Z caller=logging.go:85 method=Health result=2 took=29.678碌s
ts=2026-08-16T07:51:18Z caller=logging.go:85 method=Health result=2 took=35.619碌s
ts=2026-08-16T07:51:20Z caller=logging.go:36 method=List tags= order=id pageNum=1 pageSize=10 result=9 err=null took=771.863碌s
ts=2026-08-16T07:51:21Z caller=logging.go:85 method=Health result=2 took=28.655碌s
ts=2026-08-16T07:51:21Z caller=logging.go:85 method=Health result=2 took=28.876碌s
ts=2026-08-16T07:51:23Z caller=logging.go:36 method=List tags= order=id pageNum=1 pageSize=10 result=9 err=null took=816.795碌s
ts=2026-08-16T07:51:24Z caller=logging.go:85 method=Health result=2 took=30.71碌s
ts=2026-08-16T07:51:24Z caller=logging.go:85 method=Health result=2 took=26.301碌s
ts=2026-08-16T07:51:26Z caller=logging.go:36 method=List tags= order=id pageNum=1 pageSize=10 result=9 err=null took=767.64碌s
ts=2026-08-16T07:51:27Z caller=logging.go:85 method=Health result=2 took=27.744碌s
ts=2026-08-16T07:51:27Z caller=logging.go:85 method=Health result=2 took=34.748碌s
ts=2026-08-16T07:51:30Z caller=logging.go:36 method=List tags= order=id pageNum=1 pageSize=10 result=9 err=null took=781.762碌s
ts=2026-08-16T07:51:30Z caller=logging.go:85 method=Health result=2 took=29.287碌s
ts=2026-08-16T07:51:30Z caller=logging.go:85 method=Health result=2 took=28.906碌s
ts=2026-08-16T07:51:32Z caller=logging.go:36 method=List tags= order=id pageNum=1 pageSize=10 result=9 err=null took=911.458碌s
ts=2026-08-16T07:51:32Z caller=logging.go:36 method=List tags= order=id pageNum=1 pageSize=10 result=9 err=null took=800.908碌s
ts=2026-08-16T07:51:33Z caller=logging.go:36 method=List tags= order=id pageNum=1 pageSize=10 result=9 err=null took=751.944碌s
ts=2026-08-16T07:51:33Z caller=logging.go:85 method=Health result=2 took=29.948碌s
ts=2026-08-16T07:51:33Z caller=logging.go:36 method=List tags= order=id pageNum=1 pageSize=10 result=9 err=null took=754.404碌s
ts=2026-08-16T07:51:33Z caller=logging.go:36 method=List tags= order=id pageNum=1 pageSize=10 result=9 err=null took=828.928碌s
ts=2026-08-16T07:51:33Z caller=logging.go:85 method=Health result=2 took=25.82碌s
ts=2026-08-16T07:51:34Z caller=logging.go:36 method=List tags= order=id pageNum=1 pageSize=10 result=9 err=null took=841.733碌s
ts=2026-08-16T07:51:34Z caller=logging.go:36 method=List tags= order=id pageNum=1 pageSize=10 result=9 err=null took=799.662碌s
ts=2026-08-16T07:51:34Z caller=logging.go:36 method=List tags= order=id pageNum=1 pageSize=10 result=9 err=null took=717.672碌s
ts=2026-08-16T07:51:34Z caller=logging.go:36 method=List tags= order=id pageNum=1 pageSize=10 result=9 err=null took=720.938碌s
ts=2026-08-16T07:51:34Z caller=logging.go:36 method=List tags= order=id pageNum=1 pageSize=10 result=9 err=null took=751.107碌s
ts=2026-08-16T07:51:36Z caller=logging.go:85 method=Health result=2 took=27.493碌s
ts=2026-08-16T07:51:36Z caller=logging.go:85 method=Health result=2 took=36.491碌s
ts=2026-08-16T07:51:39Z caller=logging.go:85 method=Health result=2 took=26.872碌s
ts=2026-08-16T07:51:39Z caller=logging.go:85 method=Health result=2 took=28.235碌s
ts=2026-08-16T07:51:42Z caller=logging.go:85 method=Health result=2 took=30.349碌s
ts=2026-08-16T07:51:42Z caller=logging.go:85 method=Health result=2 took=27.864碌s
ts=2026-08-16T07:51:45Z caller=logging.go:85 method=Health result=2 took=27.113碌s
ts=2026-08-16T07:51:45Z caller=logging.go:85 method=Health result=2 took=26.401碌s
ts=2026-08-16T07:51:48Z caller=logging.go:85 method=Health result=2 took=29.307碌s
ts=2026-08-16T07:51:48Z caller=logging.go:85 method=Health result=2 took=40.709碌s
ts=2026-08-16T07:51:51Z caller=logging.go:85 method=Health result=2 took=26.631碌s
ts=2026-08-16T07:51:51Z caller=logging.go:85 method=Health result=2 took=28.395碌s
ts=2026-08-16T07:51:54Z caller=logging.go:85 method=Health result=2 took=29.387碌s
ts=2026-08-16T07:51:54Z caller=logging.go:85 method=Health result=2 took=27.393碌s
ts=2026-08-16T07:51:57Z caller=logging.go:85 method=Health result=2 took=27.573碌s
ts=2026-08-16T07:51:57Z caller=logging.go:85 method=Health result=2 took=28.224碌s
ts=2026-08-16T07:52:00Z caller=logging.go:85 method=Health result=2 took=36.821碌s
ts=2026-08-16T07:52:00Z caller=logging.go:85 method=Health result=2 took=34.386碌s
ts=2026-08-16T07:52:03Z caller=logging.go:85 method=Health result=2 took=32.103碌s
ts=2026-08-16T07:52:03Z caller=logging.go:85 method=Health result=2 took=31.191碌s
ts=2026-08-16T07:52:06Z caller=logging.go:85 method=Health result=2 took=30.208碌s
ts=2026-08-16T07:52:06Z caller=logging.go:85 method=Health result=2 took=27.524碌s
ts=2026-08-16T07:52:09Z caller=logging.go:36 method=List tags= order=id pageNum=1 pageSize=10 result=9 err=null took=735.65碌s
ts=2026-08-16T07:52:09Z caller=logging.go:85 method=Health result=2 took=25.399碌s
ts=2026-08-16T07:52:09Z caller=logging.go:85 method=Health result=2 took=33.586碌s
ts=2026-08-16T07:52:11Z caller=logging.go:36 method=List tags= order=id pageNum=1 pageSize=10 result=9 err=null took=742.3碌s
ts=2026-08-16T07:52:12Z caller=logging.go:85 method=Health result=2 took=27.864碌s
ts=2026-08-16T07:52:12Z caller=logging.go:85 method=Health result=2 took=27.594碌s
ts=2026-08-16T07:52:13Z caller=logging.go:36 method=List tags= order=id pageNum=1 pageSize=10 result=9 err=null took=775.133碌s
ts=2026-08-16T07:52:15Z caller=logging.go:85 method=Health result=2 took=28.125碌s
ts=2026-08-16T07:52:15Z caller=logging.go:36 method=List tags= order=id pageNum=1 pageSize=10 result=9 err=null took=2.202654ms
ts=2026-08-16T07:52:15Z caller=logging.go:85 method=Health result=2 took=28.926碌s
ts=2026-08-16T07:52:17Z caller=logging.go:36 method=List tags= order=id pageNum=1 pageSize=10 result=9 err=null took=765.986碌s
ts=2026-08-16T07:52:18Z caller=logging.go:85 method=Health result=2 took=27.704碌s
ts=2026-08-16T07:52:18Z caller=logging.go:85 method=Health result=2 took=27.904碌s
ts=2026-08-16T07:52:19Z caller=logging.go:36 method=List tags= order=id pageNum=1 pageSize=10 result=9 err=null took=741.097碌s
ts=2026-08-16T07:52:21Z caller=logging.go:85 method=Health result=2 took=32.272碌s
ts=2026-08-16T07:52:21Z caller=logging.go:85 method=Health result=2 took=27.443碌s
ts=2026-08-16T07:52:22Z caller=logging.go:36 method=List tags= order=id pageNum=1 pageSize=10 result=9 err=null took=777.177碌s
ts=2026-08-16T07:52:24Z caller=logging.go:85 method=Health result=2 took=27.723碌s
ts=2026-08-16T07:52:24Z caller=logging.go:85 method=Health result=2 took=28.044碌s
ts=2026-08-16T07:52:25Z caller=logging.go:36 method=List tags= order=id pageNum=1 pageSize=10 result=9 err=null took=765.765碌s
ts=2026-08-16T07:52:27Z caller=logging.go:85 method=Health result=2 took=30.339碌s
ts=2026-08-16T07:52:27Z caller=logging.go:85 method=Health result=2 took=34.767碌s
ts=2026-08-16T07:52:28Z caller=logging.go:36 method=List tags= order=id pageNum=1 pageSize=10 result=9 err=null took=740.974碌s
ts=2026-08-16T07:52:30Z caller=logging.go:85 method=Health result=2 took=34.437碌s
ts=2026-08-16T07:52:30Z caller=logging.go:85 method=Health result=2 took=31.33碌s
ts=2026-08-16T07:52:31Z caller=logging.go:36 method=List tags= order=id pageNum=1 pageSize=10 result=9 err=null took=887.188碌s
ts=2026-08-16T07:52:33Z caller=logging.go:85 method=Health result=2 took=28.255碌s
ts=2026-08-16T07:52:33Z caller=logging.go:85 method=Health result=2 took=27.573碌s
ts=2026-08-16T07:52:34Z caller=logging.go:36 method=List tags= order=id pageNum=1 pageSize=10 result=9 err=null took=704.306碌s
ts=2026-08-16T07:52:36Z caller=logging.go:85 method=Health result=2 took=32.534碌s
ts=2026-08-16T07:52:36Z caller=logging.go:85 method=Health result=2 took=27.463碌s
ts=2026-08-16T07:52:38Z caller=logging.go:36 method=List tags= order=id pageNum=1 pageSize=10 result=9 err=null took=705.463碌s
ts=2026-08-16T07:52:39Z caller=logging.go:85 method=Health result=2 took=29.136碌s
ts=2026-08-16T07:52:39Z caller=logging.go:85 method=Health result=2 took=35.478碌s
ts=2026-08-16T07:52:41Z caller=logging.go:36 method=List tags= order=id pageNum=1 pageSize=10 result=9 err=null took=755.274碌s
ts=2026-08-16T07:52:42Z caller=logging.go:85 method=Health result=2 took=29.107碌s
ts=2026-08-16T07:52:42Z caller=logging.go:85 method=Health result=2 took=34.687碌s
ts=2026-08-16T07:52:44Z caller=logging.go:36 method=List tags= order=id pageNum=1 pageSize=10 result=9 err=null took=696.94碌s
ts=2026-08-16T07:52:45Z caller=logging.go:85 method=Health result=2 took=30.058碌s
ts=2026-08-16T07:52:45Z caller=logging.go:85 method=Health result=2 took=26.992碌s
ts=2026-08-16T07:52:47Z caller=logging.go:36 method=List tags= order=id pageNum=1 pageSize=10 result=9 err=null took=726.575碌s
ts=2026-08-16T07:52:48Z caller=logging.go:85 method=Health result=2 took=27.524碌s
ts=2026-08-16T07:52:48Z caller=logging.go:85 method=Health result=2 took=28.245碌s
ts=2026-08-16T07:52:50Z caller=logging.go:36 method=List tags= order=id pageNum=1 pageSize=10 result=9 err=null took=756.853碌s
ts=2026-08-16T07:52:51Z caller=logging.go:85 method=Health result=2 took=25.74碌s
ts=2026-08-16T07:52:51Z caller=logging.go:85 method=Health result=2 took=27.994碌s
ts=2026-08-16T07:52:53Z caller=logging.go:36 method=List tags= order=id pageNum=1 pageSize=10 result=9 err=null took=769.202碌s
ts=2026-08-16T07:52:54Z caller=logging.go:85 method=Health result=2 took=27.543碌s
ts=2026-08-16T07:52:54Z caller=logging.go:85 method=Health result=2 took=35.559碌s
ts=2026-08-16T07:52:56Z caller=logging.go:36 method=List tags= order=id pageNum=1 pageSize=10 result=9 err=null took=786.876碌s
ts=2026-08-16T07:52:57Z caller=logging.go:85 method=Health result=2 took=27.994碌s
ts=2026-08-16T07:52:57Z caller=logging.go:85 method=Health result=2 took=28.024碌s
ts=2026-08-16T07:52:59Z caller=logging.go:36 method=List tags= order=id pageNum=1 pageSize=10 result=9 err=null took=775.514碌s
ts=2026-08-16T07:53:00Z caller=logging.go:85 method=Health result=2 took=36.5碌s
ts=2026-08-16T07:53:00Z caller=logging.go:85 method=Health result=2 took=27.002碌s
ts=2026-08-16T07:53:02Z caller=logging.go:36 method=List tags= order=id pageNum=1 pageSize=10 result=9 err=null took=797.496碌s
ts=2026-08-16T07:53:03Z caller=logging.go:85 method=Health result=2 took=26.05碌s
ts=2026-08-16T07:53:03Z caller=logging.go:85 method=Health result=2 took=28.475碌s
ts=2026-08-16T07:53:05Z caller=logging.go:36 method=List tags= order=id pageNum=1 pageSize=10 result=9 err=null took=752.33碌s
ts=2026-08-16T07:53:06Z caller=logging.go:85 method=Health result=2 took=37.032碌s
ts=2026-08-16T07:53:06Z caller=logging.go:85 method=Health result=2 took=34.807碌s
ts=2026-08-16T07:53:08Z caller=logging.go:36 method=List tags= order=id pageNum=1 pageSize=10 result=9 err=null took=810.819碌s
ts=2026-08-16T07:53:09Z caller=logging.go:85 method=Health result=2 took=28.034碌s
ts=2026-08-16T07:53:09Z caller=logging.go:85 method=Health result=2 took=28.986碌s
ts=2026-08-16T07:53:11Z caller=logging.go:36 method=List tags= order=id pageNum=1 pageSize=10 result=9 err=null took=897.276碌s
ts=2026-08-16T07:53:12Z caller=logging.go:85 method=Health result=2 took=28.234碌s
ts=2026-08-16T07:53:12Z caller=logging.go:85 method=Health result=2 took=27.623碌s
ts=2026-08-16T07:53:15Z caller=logging.go:36 method=List tags= order=id pageNum=1 pageSize=10 result=9 err=null took=713.799碌s
ts=2026-08-16T07:53:15Z caller=logging.go:85 method=Health result=2 took=27.192碌s
ts=2026-08-16T07:53:15Z caller=logging.go:85 method=Health result=2 took=28.505碌s
ts=2026-08-16T07:53:18Z caller=logging.go:36 method=List tags= order=id pageNum=1 pageSize=10 result=9 err=null took=779.659碌s
ts=2026-08-16T07:53:18Z caller=logging.go:85 method=Health result=2 took=23.836碌s
ts=2026-08-16T07:53:18Z caller=logging.go:85 method=Health result=2 took=28.295碌s
ts=2026-08-16T07:53:21Z caller=logging.go:85 method=Health result=2 took=35.048碌s
ts=2026-08-16T07:53:21Z caller=logging.go:36 method=List tags= order=id pageNum=1 pageSize=10 result=9 err=null took=750.887碌s
ts=2026-08-16T07:53:21Z caller=logging.go:85 method=Health result=2 took=44.826碌s
ts=2026-08-16T07:53:24Z caller=logging.go:36 method=List tags= order=id pageNum=1 pageSize=10 result=9 err=null took=716.065碌s
ts=2026-08-16T07:53:24Z caller=logging.go:85 method=Health result=2 took=29.577碌s
ts=2026-08-16T07:53:24Z caller=logging.go:36 method=List tags= order=id pageNum=1 pageSize=10 result=9 err=null took=692.74碌s
ts=2026-08-16T07:53:24Z caller=logging.go:36 method=List tags= order=id pageNum=1 pageSize=10 result=9 err=null took=755.291碌s
ts=2026-08-16T07:53:24Z caller=logging.go:36 method=List tags= order=id pageNum=1 pageSize=10 result=9 err=null took=756.082碌s
ts=2026-08-16T07:53:24Z caller=logging.go:36 method=List tags= order=id pageNum=1 pageSize=10 result=9 err=null took=721.195碌s
ts=2026-08-16T07:53:24Z caller=logging.go:85 method=Health result=2 took=48.094碌s
ts=2026-08-16T07:53:25Z caller=logging.go:36 method=List tags= order=id pageNum=1 pageSize=10 result=9 err=null took=730.637碌s
ts=2026-08-16T07:53:25Z caller=logging.go:36 method=List tags= order=id pageNum=1 pageSize=10 result=9 err=null took=700.309碌s
ts=2026-08-16T07:53:25Z caller=logging.go:36 method=List tags= order=id pageNum=1 pageSize=10 result=9 err=null took=739.08碌s
ts=2026-08-16T07:53:25Z caller=logging.go:36 method=List tags= order=id pageNum=1 pageSize=10 result=9 err=null took=705.595碌s
ts=2026-08-16T07:53:25Z caller=logging.go:36 method=List tags= order=id pageNum=1 pageSize=10 result=9 err=null took=692.174碌s
ts=2026-08-16T07:53:27Z caller=logging.go:85 method=Health result=2 took=27.593碌s
ts=2026-08-16T07:53:27Z caller=logging.go:85 method=Health result=2 took=30.169碌s
ts=2026-08-16T07:53:30Z caller=logging.go:85 method=Health result=2 took=27.142碌s
ts=2026-08-16T07:53:30Z caller=logging.go:85 method=Health result=2 took=28.084碌s
ts=2026-08-16T07:53:33Z caller=logging.go:85 method=Health result=2 took=39.116碌s
ts=2026-08-16T07:53:33Z caller=logging.go:85 method=Health result=2 took=26.742碌s
ts=2026-08-16T07:53:36Z caller=logging.go:85 method=Health result=2 took=32.463碌s
ts=2026-08-16T07:53:36Z caller=logging.go:85 method=Health result=2 took=27.433碌s
ts=2026-08-16T07:53:39Z caller=logging.go:85 method=Health result=2 took=28.205碌s
ts=2026-08-16T07:53:39Z caller=logging.go:85 method=Health result=2 took=27.413碌s
ts=2026-08-16T07:53:42Z caller=logging.go:85 method=Health result=2 took=27.744碌s
ts=2026-08-16T07:53:42Z caller=logging.go:85 method=Health result=2 took=26.912碌s
ts=2026-08-16T07:53:45Z caller=logging.go:85 method=Health result=2 took=37.051碌s
ts=2026-08-16T07:53:45Z caller=logging.go:85 method=Health result=2 took=27.283碌s
ts=2026-08-16T07:53:48Z caller=logging.go:85 method=Health result=2 took=29.117碌s
ts=2026-08-16T07:53:48Z caller=logging.go:85 method=Health result=2 took=26.712碌s
ts=2026-08-16T07:53:51Z caller=logging.go:85 method=Health result=2 took=31.752碌s
ts=2026-08-16T07:53:51Z caller=logging.go:85 method=Health result=2 took=28.886碌s
ts=2026-08-16T07:53:54Z caller=logging.go:85 method=Health result=2 took=28.715碌s
ts=2026-08-16T07:53:54Z caller=logging.go:85 method=Health result=2 took=26.321碌s
ts=2026-08-16T07:53:55Z caller=logging.go:36 method=List tags= order=id pageNum=1 pageSize=10 result=9 err=null took=818.992碌s
ts=2026-08-16T07:53:57Z caller=logging.go:85 method=Health result=2 took=26.903碌s
ts=2026-08-16T07:53:57Z caller=logging.go:85 method=Health result=2 took=26.582碌s
ts=2026-08-16T07:53:57Z caller=logging.go:36 method=List tags= order=id pageNum=1 pageSize=10 result=9 err=null took=719.121碌s
ts=2026-08-16T07:53:59Z caller=logging.go:36 method=List tags= order=id pageNum=1 pageSize=10 result=9 err=null took=860.037碌s
ts=2026-08-16T07:54:00Z caller=logging.go:85 method=Health result=2 took=41.33碌s
ts=2026-08-16T07:54:00Z caller=logging.go:85 method=Health result=2 took=29.437碌s
ts=2026-08-16T07:54:02Z caller=logging.go:36 method=List tags= order=id pageNum=1 pageSize=10 result=9 err=null took=753.531碌s
ts=2026-08-16T07:54:03Z caller=logging.go:85 method=Health result=2 took=26.782碌s
ts=2026-08-16T07:54:03Z caller=logging.go:85 method=Health result=2 took=27.483碌s
ts=2026-08-16T07:54:04Z caller=logging.go:36 method=List tags= order=id pageNum=1 pageSize=10 result=9 err=null took=824.839碌s
ts=2026-08-16T07:54:06Z caller=logging.go:85 method=Health result=2 took=29.918碌s
ts=2026-08-16T07:54:06Z caller=logging.go:36 method=List tags= order=id pageNum=1 pageSize=10 result=9 err=null took=752.41碌s
ts=2026-08-16T07:54:06Z caller=logging.go:85 method=Health result=2 took=28.856碌s
ts=2026-08-16T07:54:09Z caller=logging.go:85 method=Health result=2 took=34.447碌s
ts=2026-08-16T07:54:09Z caller=logging.go:36 method=List tags= order=id pageNum=1 pageSize=10 result=9 err=null took=799.862碌s
ts=2026-08-16T07:54:09Z caller=logging.go:85 method=Health result=2 took=27.593碌s
ts=2026-08-16T07:54:12Z caller=logging.go:85 method=Health result=2 took=28.395碌s
ts=2026-08-16T07:54:12Z caller=logging.go:36 method=List tags= order=id pageNum=1 pageSize=10 result=9 err=null took=771.224碌s
ts=2026-08-16T07:54:12Z caller=logging.go:85 method=Health result=2 took=35.388碌s
ts=2026-08-16T07:54:15Z caller=logging.go:85 method=Health result=2 took=26.993碌s
ts=2026-08-16T07:54:15Z caller=logging.go:36 method=List tags= order=id pageNum=1 pageSize=10 result=9 err=null took=874.971碌s
ts=2026-08-16T07:54:15Z caller=logging.go:85 method=Health result=2 took=27.523碌s
ts=2026-08-16T07:54:18Z caller=logging.go:85 method=Health result=2 took=69.405碌s
ts=2026-08-16T07:54:18Z caller=logging.go:36 method=List tags= order=id pageNum=1 pageSize=10 result=9 err=null took=1.001994ms
ts=2026-08-16T07:54:18Z caller=logging.go:85 method=Health result=2 took=19.708碌s
ts=2026-08-16T07:54:21Z caller=logging.go:85 method=Health result=2 took=27.454碌s
ts=2026-08-16T07:54:21Z caller=logging.go:85 method=Health result=2 took=38.515碌s
ts=2026-08-16T07:54:21Z caller=logging.go:36 method=List tags= order=id pageNum=1 pageSize=10 result=9 err=null took=767.849碌s
ts=2026-08-16T07:54:24Z caller=logging.go:85 method=Health result=2 took=28.175碌s
ts=2026-08-16T07:54:24Z caller=logging.go:85 method=Health result=2 took=26.011碌s
ts=2026-08-16T07:54:24Z caller=logging.go:36 method=List tags= order=id pageNum=1 pageSize=10 result=9 err=null took=735.404碌s
ts=2026-08-16T07:54:27Z caller=logging.go:85 method=Health result=2 took=36.721碌s
ts=2026-08-16T07:54:27Z caller=logging.go:85 method=Health result=2 took=27.944碌s
ts=2026-08-16T07:54:27Z caller=logging.go:36 method=List tags= order=id pageNum=1 pageSize=10 result=9 err=null took=802.805碌s
ts=2026-08-16T07:54:30Z caller=logging.go:85 method=Health result=2 took=28.956碌s
ts=2026-08-16T07:54:30Z caller=logging.go:85 method=Health result=2 took=34.427碌s
ts=2026-08-16T07:54:30Z caller=logging.go:36 method=List tags= order=id pageNum=1 pageSize=10 result=9 err=null took=761.039碌s
ts=2026-08-16T07:54:33Z caller=logging.go:85 method=Health result=2 took=35.188碌s
ts=2026-08-16T07:54:33Z caller=logging.go:85 method=Health result=2 took=28.385碌s
ts=2026-08-16T07:54:33Z caller=logging.go:36 method=List tags= order=id pageNum=1 pageSize=10 result=9 err=null took=750.768碌s
ts=2026-08-16T07:54:36Z caller=logging.go:85 method=Health result=2 took=28.766碌s
ts=2026-08-16T07:54:36Z caller=logging.go:85 method=Health result=2 took=34.126碌s
ts=2026-08-16T07:54:37Z caller=logging.go:36 method=List tags= order=id pageNum=1 pageSize=10 result=9 err=null took=765.63碌s
ts=2026-08-16T07:54:39Z caller=logging.go:85 method=Health result=2 took=26.933碌s
ts=2026-08-16T07:54:39Z caller=logging.go:85 method=Health result=2 took=28.185碌s
ts=2026-08-16T07:54:40Z caller=logging.go:36 method=List tags= order=id pageNum=1 pageSize=10 result=9 err=null took=791.505碌s
ts=2026-08-16T07:54:42Z caller=logging.go:85 method=Health result=2 took=32.794碌s
ts=2026-08-16T07:54:42Z caller=logging.go:85 method=Health result=2 took=31.05碌s
ts=2026-08-16T07:54:43Z caller=logging.go:36 method=List tags= order=id pageNum=1 pageSize=10 result=9 err=null took=717.287碌s
ts=2026-08-16T07:54:45Z caller=logging.go:85 method=Health result=2 took=27.183碌s
ts=2026-08-16T07:54:45Z caller=logging.go:85 method=Health result=2 took=28.766碌s
ts=2026-08-16T07:54:46Z caller=logging.go:36 method=List tags= order=id pageNum=1 pageSize=10 result=9 err=null took=778.696碌s
ts=2026-08-16T07:54:48Z caller=logging.go:85 method=Health result=2 took=28.145碌s
ts=2026-08-16T07:54:48Z caller=logging.go:85 method=Health result=2 took=29.077碌s
ts=2026-08-16T07:54:49Z caller=logging.go:36 method=List tags= order=id pageNum=1 pageSize=10 result=9 err=null took=861.397碌s
ts=2026-08-16T07:54:51Z caller=logging.go:85 method=Health result=2 took=27.393碌s
ts=2026-08-16T07:54:51Z caller=logging.go:85 method=Health result=2 took=29.256碌s
ts=2026-08-16T07:54:52Z caller=logging.go:36 method=List tags= order=id pageNum=1 pageSize=10 result=9 err=null took=979.921碌s
ts=2026-08-16T07:54:54Z caller=logging.go:85 method=Health result=2 took=42.723碌s
ts=2026-08-16T07:54:54Z caller=logging.go:85 method=Health result=2 took=28.255碌s
ts=2026-08-16T07:54:55Z caller=logging.go:36 method=List tags= order=id pageNum=1 pageSize=10 result=9 err=null took=799.642碌s
ts=2026-08-16T07:54:57Z caller=logging.go:85 method=Health result=2 took=30.799碌s
ts=2026-08-16T07:54:57Z caller=logging.go:85 method=Health result=2 took=30.279碌s
ts=2026-08-16T07:54:58Z caller=logging.go:36 method=List tags= order=id pageNum=1 pageSize=10 result=9 err=null took=997.816碌s
ts=2026-08-16T07:55:00Z caller=logging.go:85 method=Health result=2 took=27.794碌s
ts=2026-08-16T07:55:00Z caller=logging.go:85 method=Health result=2 took=29.487碌s
ts=2026-08-16T07:55:01Z caller=logging.go:36 method=List tags= order=id pageNum=1 pageSize=10 result=9 err=null took=781.766碌s
ts=2026-08-16T07:55:03Z caller=logging.go:85 method=Health result=2 took=28.255碌s
ts=2026-08-16T07:55:03Z caller=logging.go:85 method=Health result=2 took=27.984碌s
ts=2026-08-16T07:55:05Z caller=logging.go:36 method=List tags= order=id pageNum=1 pageSize=10 result=9 err=null took=795.397碌s
ts=2026-08-16T07:55:06Z caller=logging.go:85 method=Health result=2 took=30.94碌s
ts=2026-08-16T07:55:06Z caller=logging.go:85 method=Health result=2 took=26.632碌s
ts=2026-08-16T07:55:08Z caller=logging.go:36 method=List tags= order=id pageNum=1 pageSize=10 result=9 err=null took=737.702碌s
ts=2026-08-16T07:55:09Z caller=logging.go:85 method=Health result=2 took=28.786碌s
ts=2026-08-16T07:55:09Z caller=logging.go:85 method=Health result=2 took=26.531碌s
ts=2026-08-16T07:55:10Z caller=logging.go:36 method=List tags= order=id pageNum=1 pageSize=10 result=9 err=null took=716.329碌s
ts=2026-08-16T07:55:11Z caller=logging.go:36 method=List tags= order=id pageNum=1 pageSize=10 result=9 err=null took=727.01碌s
ts=2026-08-16T07:55:11Z caller=logging.go:36 method=List tags= order=id pageNum=1 pageSize=10 result=9 err=null took=716.66碌s
ts=2026-08-16T07:55:11Z caller=logging.go:36 method=List tags= order=id pageNum=1 pageSize=10 result=9 err=null took=685.049碌s
ts=2026-08-16T07:55:11Z caller=logging.go:36 method=List tags= order=id pageNum=1 pageSize=10 result=9 err=null took=734.175碌s
ts=2026-08-16T07:55:12Z caller=logging.go:36 method=List tags= order=id pageNum=1 pageSize=10 result=9 err=null took=815.753碌s
ts=2026-08-16T07:55:12Z caller=logging.go:36 method=List tags= order=id pageNum=1 pageSize=10 result=9 err=null took=1.044264ms
ts=2026-08-16T07:55:12Z caller=logging.go:85 method=Health result=2 took=24.237碌s
ts=2026-08-16T07:55:12Z caller=logging.go:36 method=List tags= order=id pageNum=1 pageSize=10 result=9 err=null took=764.022碌s
ts=2026-08-16T07:55:12Z caller=logging.go:36 method=List tags= order=id pageNum=1 pageSize=10 result=9 err=null took=724.746碌s
ts=2026-08-16T07:55:12Z caller=logging.go:36 method=List tags= order=id pageNum=1 pageSize=10 result=9 err=null took=717.763碌s
ts=2026-08-16T07:55:12Z caller=logging.go:85 method=Health result=2 took=51.039碌s
ts=2026-08-16T07:55:15Z caller=logging.go:85 method=Health result=2 took=28.786碌s
ts=2026-08-16T07:55:15Z caller=logging.go:85 method=Health result=2 took=57.793碌s
ts=2026-08-16T07:55:18Z caller=logging.go:85 method=Health result=2 took=30.088碌s
ts=2026-08-16T07:55:18Z caller=logging.go:85 method=Health result=2 took=35.238碌s
ts=2026-08-16T07:55:21Z caller=logging.go:85 method=Health result=2 took=30.71碌s
ts=2026-08-16T07:55:21Z caller=logging.go:85 method=Health result=2 took=27.914碌s
ts=2026-08-16T07:55:24Z caller=logging.go:85 method=Health result=2 took=28.025碌s
ts=2026-08-16T07:55:24Z caller=logging.go:85 method=Health result=2 took=27.984碌s
ts=2026-08-16T07:55:27Z caller=logging.go:85 method=Health result=2 took=30.188碌s
ts=2026-08-16T07:55:27Z caller=logging.go:85 method=Health result=2 took=28.305碌s
ts=2026-08-16T07:55:30Z caller=logging.go:85 method=Health result=2 took=29.898碌s
ts=2026-08-16T07:55:30Z caller=logging.go:85 method=Health result=2 took=34.447碌s
ts=2026-08-16T07:55:33Z caller=logging.go:85 method=Health result=2 took=31.421碌s
ts=2026-08-16T07:55:33Z caller=logging.go:85 method=Health result=2 took=27.263碌s
ts=2026-08-16T07:55:36Z caller=logging.go:85 method=Health result=2 took=28.145碌s
ts=2026-08-16T07:55:36Z caller=logging.go:85 method=Health result=2 took=28.756碌s
ts=2026-08-16T07:55:39Z caller=logging.go:85 method=Health result=2 took=27.052碌s
ts=2026-08-16T07:55:39Z caller=logging.go:85 method=Health result=2 took=27.153碌s
ts=2026-08-16T07:55:42Z caller=logging.go:85 method=Health result=2 took=37.022碌s
ts=2026-08-16T07:55:42Z caller=logging.go:85 method=Health result=2 took=26.922碌s
ts=2026-08-16T07:55:42Z caller=logging.go:36 method=List tags= order=id pageNum=1 pageSize=10 result=9 err=null took=713.224碌s
ts=2026-08-16T07:55:44Z caller=logging.go:36 method=List tags= order=id pageNum=1 pageSize=10 result=9 err=null took=798.229碌s
ts=2026-08-16T07:55:45Z caller=logging.go:85 method=Health result=2 took=29.117碌s
ts=2026-08-16T07:55:45Z caller=logging.go:85 method=Health result=2 took=30.82碌s
ts=2026-08-16T07:55:46Z caller=logging.go:36 method=List tags= order=id pageNum=1 pageSize=10 result=9 err=null took=782.819碌s
ts=2026-08-16T07:55:48Z caller=logging.go:85 method=Health result=2 took=30.73碌s
ts=2026-08-16T07:55:48Z caller=logging.go:85 method=Health result=2 took=28.245碌s
ts=2026-08-16T07:55:48Z caller=logging.go:36 method=List tags= order=id pageNum=1 pageSize=10 result=9 err=null took=731.378碌s
ts=2026-08-16T07:55:50Z caller=logging.go:36 method=List tags= order=id pageNum=1 pageSize=10 result=9 err=null took=754.494碌s
ts=2026-08-16T07:55:51Z caller=logging.go:85 method=Health result=2 took=26.942碌s
ts=2026-08-16T07:55:51Z caller=logging.go:85 method=Health result=2 took=28.125碌s
ts=2026-08-16T07:55:52Z caller=logging.go:36 method=List tags= order=id pageNum=1 pageSize=10 result=9 err=null took=762.273碌s
ts=2026-08-16T07:55:54Z caller=logging.go:85 method=Health result=2 took=34.878碌s
ts=2026-08-16T07:55:54Z caller=logging.go:85 method=Health result=2 took=27.303碌s
ts=2026-08-16T07:55:56Z caller=logging.go:36 method=List tags= order=id pageNum=1 pageSize=10 result=9 err=null took=741.88碌s
ts=2026-08-16T07:55:57Z caller=logging.go:85 method=Health result=2 took=28.264碌s
ts=2026-08-16T07:55:57Z caller=logging.go:85 method=Health result=2 took=28.325碌s
ts=2026-08-16T07:55:59Z caller=logging.go:36 method=List tags= order=id pageNum=1 pageSize=10 result=9 err=null took=734.093碌s
ts=2026-08-16T07:56:00Z caller=logging.go:85 method=Health result=2 took=26.582碌s
ts=2026-08-16T07:56:00Z caller=logging.go:85 method=Health result=2 took=26.371碌s
ts=2026-08-16T07:56:02Z caller=logging.go:36 method=List tags= order=id pageNum=1 pageSize=10 result=9 err=null took=723.243碌s
ts=2026-08-16T07:56:03Z caller=logging.go:85 method=Health result=2 took=30.499碌s
ts=2026-08-16T07:56:03Z caller=logging.go:85 method=Health result=2 took=28.185碌s
ts=2026-08-16T07:56:05Z caller=logging.go:36 method=List tags= order=id pageNum=1 pageSize=10 result=9 err=null took=741.709碌s
ts=2026-08-16T07:56:06Z caller=logging.go:85 method=Health result=2 took=27.132碌s
ts=2026-08-16T07:56:06Z caller=logging.go:85 method=Health result=2 took=31.28碌s
ts=2026-08-16T07:56:08Z caller=logging.go:36 method=List tags= order=id pageNum=1 pageSize=10 result=9 err=null took=804.296碌s
ts=2026-08-16T07:56:09Z caller=logging.go:85 method=Health result=2 took=29.397碌s
ts=2026-08-16T07:56:09Z caller=logging.go:85 method=Health result=2 took=27.052碌s
ts=2026-08-16T07:56:11Z caller=logging.go:36 method=List tags= order=id pageNum=1 pageSize=10 result=9 err=null took=802.597碌s
ts=2026-08-16T07:56:12Z caller=logging.go:85 method=Health result=2 took=49.927碌s
ts=2026-08-16T07:56:12Z caller=logging.go:85 method=Health result=2 took=46.39碌s
ts=2026-08-16T07:56:14Z caller=logging.go:36 method=List tags= order=id pageNum=1 pageSize=10 result=9 err=null took=741.689碌s
ts=2026-08-16T07:56:15Z caller=logging.go:85 method=Health result=2 took=28.896碌s
ts=2026-08-16T07:56:15Z caller=logging.go:85 method=Health result=2 took=32.854碌s
ts=2026-08-16T07:56:17Z caller=logging.go:36 method=List tags= order=id pageNum=1 pageSize=10 result=9 err=null took=712.547碌s
ts=2026-08-16T07:56:18Z caller=logging.go:85 method=Health result=2 took=29.648碌s
ts=2026-08-16T07:56:18Z caller=logging.go:85 method=Health result=2 took=31.381碌s
ts=2026-08-16T07:56:20Z caller=logging.go:36 method=List tags= order=id pageNum=1 pageSize=10 result=9 err=null took=775.865碌s
ts=2026-08-16T07:56:21Z caller=logging.go:85 method=Health result=2 took=28.104碌s
ts=2026-08-16T07:56:21Z caller=logging.go:85 method=Health result=2 took=32.262碌s
ts=2026-08-16T07:56:23Z caller=logging.go:36 method=List tags= order=id pageNum=1 pageSize=10 result=9 err=null took=743.747碌s
ts=2026-08-16T07:56:24Z caller=logging.go:85 method=Health result=2 took=36.06碌s
ts=2026-08-16T07:56:24Z caller=logging.go:85 method=Health result=2 took=27.403碌s
ts=2026-08-16T07:56:26Z caller=logging.go:36 method=List tags= order=id pageNum=1 pageSize=10 result=9 err=null took=737.321碌s
ts=2026-08-16T07:56:27Z caller=logging.go:85 method=Health result=2 took=27.984碌s
ts=2026-08-16T07:56:27Z caller=logging.go:85 method=Health result=2 took=27.593碌s
ts=2026-08-16T07:56:29Z caller=logging.go:36 method=List tags= order=id pageNum=1 pageSize=10 result=9 err=null took=776.542碌s
ts=2026-08-16T07:56:30Z caller=logging.go:85 method=Health result=2 took=29.938碌s
ts=2026-08-16T07:56:30Z caller=logging.go:85 method=Health result=2 took=27.512碌s
ts=2026-08-16T07:56:33Z caller=logging.go:36 method=List tags= order=id pageNum=1 pageSize=10 result=9 err=null took=750.501碌s
ts=2026-08-16T07:56:33Z caller=logging.go:85 method=Health result=2 took=29.387碌s
ts=2026-08-16T07:56:33Z caller=logging.go:85 method=Health result=2 took=27.944碌s
ts=2026-08-16T07:56:36Z caller=logging.go:85 method=Health result=2 took=27.544碌s
ts=2026-08-16T07:56:36Z caller=logging.go:36 method=List tags= order=id pageNum=1 pageSize=10 result=9 err=null took=748.932碌s
ts=2026-08-16T07:56:36Z caller=logging.go:85 method=Health result=2 took=28.486碌s
ts=2026-08-16T07:56:39Z caller=logging.go:85 method=Health result=2 took=29.057碌s
ts=2026-08-16T07:56:39Z caller=logging.go:36 method=List tags= order=id pageNum=1 pageSize=10 result=9 err=null took=743.587碌s
ts=2026-08-16T07:56:39Z caller=logging.go:85 method=Health result=2 took=29.117碌s
ts=2026-08-16T07:56:42Z caller=logging.go:85 method=Health result=2 took=35.459碌s
ts=2026-08-16T07:56:42Z caller=logging.go:36 method=List tags= order=id pageNum=1 pageSize=10 result=9 err=null took=753.061碌s
ts=2026-08-16T07:56:42Z caller=logging.go:85 method=Health result=2 took=29.066碌s
ts=2026-08-16T07:56:45Z caller=logging.go:85 method=Health result=2 took=27.644碌s
ts=2026-08-16T07:56:45Z caller=logging.go:36 method=List tags= order=id pageNum=1 pageSize=10 result=9 err=null took=828.17碌s
ts=2026-08-16T07:56:45Z caller=logging.go:85 method=Health result=2 took=29.648碌s
ts=2026-08-16T07:56:48Z caller=logging.go:85 method=Health result=2 took=27.323碌s
ts=2026-08-16T07:56:48Z caller=logging.go:36 method=List tags= order=id pageNum=1 pageSize=10 result=9 err=null took=736.276碌s
ts=2026-08-16T07:56:48Z caller=logging.go:85 method=Health result=2 took=27.503碌s
ts=2026-08-16T07:56:51Z caller=logging.go:85 method=Health result=2 took=27.363碌s
ts=2026-08-16T07:56:51Z caller=logging.go:36 method=List tags= order=id pageNum=1 pageSize=10 result=9 err=null took=737.951碌s
ts=2026-08-16T07:56:51Z caller=logging.go:85 method=Health result=2 took=34.768碌s
ts=2026-08-16T07:56:54Z caller=logging.go:85 method=Health result=2 took=28.445碌s
ts=2026-08-16T07:56:54Z caller=logging.go:85 method=Health result=2 took=35.238碌s
ts=2026-08-16T07:56:54Z caller=logging.go:36 method=List tags= order=id pageNum=1 pageSize=10 result=9 err=null took=760.645碌s
