2026-08-12T17:46:33.830507516Z 
2026-08-12T17:46:33.830540830Z   .   ____          _            __ _ _
2026-08-12T17:46:33.830545108Z  /\\ / ___'_ __ _ _(_)_ __  __ _ \ \ \ \
2026-08-12T17:46:33.830546712Z ( ( )\___ | '_ | '_| | '_ \/ _` | \ \ \ \
2026-08-12T17:46:33.830547844Z  \\/  ___)| |_)| | | | | || (_| |  ) ) ) )
2026-08-12T17:46:33.830548876Z   '  |____| .__|_| |_|_| |_\__, | / / / /
2026-08-12T17:46:33.830549928Z  =========|_|==============|___/=/_/_/_/
2026-08-12T17:46:33.830550890Z 
2026-08-12T17:46:33.830861971Z  :: Spring Boot ::                (v3.4.1)
2026-08-12T17:46:33.830868914Z 
2026-08-12T17:46:33.874199288Z 2026-08-12T17:46:33.873Z  INFO 1 --- [discovery-server] [           main] o.s.s.p.d.DiscoveryServerApplication     : Starting DiscoveryServerApplication v3.4.1 using Java 17.0.16 with PID 1 (/application/BOOT-INF/classes started by root in /application)
2026-08-12T17:46:33.874641097Z 2026-08-12T17:46:33.874Z  INFO 1 --- [discovery-server] [           main] o.s.s.p.d.DiscoveryServerApplication     : The following 1 profile is active: "docker"
2026-08-12T17:46:33.895548695Z 2026-08-12T17:46:33.895Z  INFO 1 --- [discovery-server] [           main] o.s.c.c.c.ConfigServerConfigDataLoader   : Fetching config from server at : http://localhost:8888/
2026-08-12T17:46:33.895655473Z 2026-08-12T17:46:33.895Z  INFO 1 --- [discovery-server] [           main] o.s.c.c.c.ConfigServerConfigDataLoader   : Exception on Url - http://localhost:8888/:org.springframework.web.client.ResourceAccessException: I/O error on GET request for "http://localhost:8888/discovery-server/default": Connection refused. Will be trying the next url if available
2026-08-12T17:46:33.895663138Z 2026-08-12T17:46:33.895Z  WARN 1 --- [discovery-server] [           main] o.s.c.c.c.ConfigServerConfigDataLoader   : Could not locate PropertySource ([ConfigServerConfigDataResource@194152cf uris = array<String>['http://localhost:8888/'], optional = true, profiles = 'default']): I/O error on GET request for "http://localhost:8888/discovery-server/default": Connection refused
2026-08-12T17:46:33.895886860Z 2026-08-12T17:46:33.895Z  INFO 1 --- [discovery-server] [           main] o.s.c.c.c.ConfigServerConfigDataLoader   : Fetching config from server at : http://config-server:8888
2026-08-12T17:46:33.895893763Z 2026-08-12T17:46:33.895Z  INFO 1 --- [discovery-server] [           main] o.s.c.c.c.ConfigServerConfigDataLoader   : Located environment: name=discovery-server, profiles=[docker], label=null, version=null, state=null
2026-08-12T17:46:33.895913832Z 2026-08-12T17:46:33.895Z  INFO 1 --- [discovery-server] [           main] o.s.c.c.c.ConfigServerConfigDataLoader   : Fetching config from server at : http://config-server:8888
2026-08-12T17:46:33.896107535Z 2026-08-12T17:46:33.895Z  INFO 1 --- [discovery-server] [           main] o.s.c.c.c.ConfigServerConfigDataLoader   : Located environment: name=discovery-server, profiles=[default], label=null, version=null, state=null
2026-08-12T17:46:33.896113868Z 2026-08-12T17:46:33.896Z  INFO 1 --- [discovery-server] [           main] o.s.c.c.c.ConfigServerConfigDataLoader   : Fetching config from server at : http://localhost:8888/
2026-08-12T17:46:33.896119258Z 2026-08-12T17:46:33.896Z  INFO 1 --- [discovery-server] [           main] o.s.c.c.c.ConfigServerConfigDataLoader   : Exception on Url - http://localhost:8888/:org.springframework.web.client.ResourceAccessException: I/O error on GET request for "http://localhost:8888/discovery-server/docker": Connection refused. Will be trying the next url if available
2026-08-12T17:46:33.896249025Z 2026-08-12T17:46:33.896Z  WARN 1 --- [discovery-server] [           main] o.s.c.c.c.ConfigServerConfigDataLoader   : Could not locate PropertySource ([ConfigServerConfigDataResource@30e92cb9 uris = array<String>['http://localhost:8888/'], optional = true, profiles = 'docker']): I/O error on GET request for "http://localhost:8888/discovery-server/docker": Connection refused
2026-08-12T17:46:33.896255197Z 2026-08-12T17:46:33.896Z  INFO 1 --- [discovery-server] [           main] o.s.c.c.c.ConfigServerConfigDataLoader   : Fetching config from server at : http://localhost:8888/
2026-08-12T17:46:33.896256630Z 2026-08-12T17:46:33.896Z  INFO 1 --- [discovery-server] [           main] o.s.c.c.c.ConfigServerConfigDataLoader   : Exception on Url - http://localhost:8888/:org.springframework.web.client.ResourceAccessException: I/O error on GET request for "http://localhost:8888/discovery-server/default": Connection refused. Will be trying the next url if available
2026-08-12T17:46:33.896396865Z 2026-08-12T17:46:33.896Z  WARN 1 --- [discovery-server] [           main] o.s.c.c.c.ConfigServerConfigDataLoader   : Could not locate PropertySource ([ConfigServerConfigDataResource@7fae4d4a uris = array<String>['http://localhost:8888/'], optional = true, profiles = 'default']): I/O error on GET request for "http://localhost:8888/discovery-server/default": Connection refused
2026-08-12T17:46:34.376092290Z 2026-08-12T17:46:34.375Z  INFO 1 --- [discovery-server] [           main] o.s.cloud.context.scope.GenericScope     : BeanFactory id=1c7de513-87e4-33e0-95ed-40962268646c
2026-08-12T17:46:34.499630752Z 2026-08-12T17:46:34.499Z  INFO 1 --- [discovery-server] [           main] o.s.b.w.embedded.tomcat.TomcatWebServer  : Tomcat initialized with port 8761 (http)
2026-08-12T17:46:34.504791279Z 2026-08-12T17:46:34.504Z  INFO 1 --- [discovery-server] [           main] o.apache.catalina.core.StandardService   : Starting service [Tomcat]
2026-08-12T17:46:34.504989462Z 2026-08-12T17:46:34.504Z  INFO 1 --- [discovery-server] [           main] o.apache.catalina.core.StandardEngine    : Starting Servlet engine: [Apache Tomcat/10.1.34]
2026-08-12T17:46:34.530394580Z 2026-08-12T17:46:34.530Z  INFO 1 --- [discovery-server] [           main] o.a.c.c.C.[Tomcat].[localhost].[/]       : Initializing Spring embedded WebApplicationContext
2026-08-12T17:46:34.531196755Z 2026-08-12T17:46:34.530Z  INFO 1 --- [discovery-server] [           main] w.s.c.ServletWebServerApplicationContext : Root WebApplicationContext: initialization completed in 633 ms
2026-08-12T17:46:35.006000565Z 2026-08-12T17:46:35.005Z  INFO 1 --- [discovery-server] [           main] c.n.d.provider.DiscoveryJerseyProvider   : Using JSON encoding codec LegacyJacksonJson
2026-08-12T17:46:35.006031054Z 2026-08-12T17:46:35.005Z  INFO 1 --- [discovery-server] [           main] c.n.d.provider.DiscoveryJerseyProvider   : Using JSON decoding codec LegacyJacksonJson
2026-08-12T17:46:35.084187760Z 2026-08-12T17:46:35.083Z  INFO 1 --- [discovery-server] [           main] c.n.d.provider.DiscoveryJerseyProvider   : Using XML encoding codec XStreamXml
2026-08-12T17:46:35.084216185Z 2026-08-12T17:46:35.083Z  INFO 1 --- [discovery-server] [           main] c.n.d.provider.DiscoveryJerseyProvider   : Using XML decoding codec XStreamXml
2026-08-12T17:46:35.158393330Z 2026-08-12T17:46:35.158Z  INFO 1 --- [discovery-server] [           main] o.s.v.b.OptionalValidatorFactoryBean     : Failed to set up a Bean Validation provider: jakarta.validation.NoProviderFoundException: Unable to create a Configuration, because no Jakarta Bean Validation provider could be found. Add a provider like Hibernate Validator (RI) to your classpath.
2026-08-12T17:46:35.444404359Z 2026-08-12T17:46:35.444Z  WARN 1 --- [discovery-server] [           main] iguration$LoadBalancerCaffeineWarnLogger : Spring Cloud LoadBalancer is currently working with the default cache. While this cache implementation is useful for development and tests, it's recommended to use Caffeine cache in production.You can switch to using Caffeine cache, by adding it and org.springframework.cache.caffeine.CaffeineCacheManager to the classpath.
2026-08-12T17:46:35.456661814Z 2026-08-12T17:46:35.456Z  INFO 1 --- [discovery-server] [           main] o.s.c.n.eureka.InstanceInfoFactory       : Setting initial instance status as: STARTING
2026-08-12T17:46:35.465287740Z 2026-08-12T17:46:35.465Z  INFO 1 --- [discovery-server] [           main] com.netflix.discovery.DiscoveryClient    : Initializing Eureka in region us-east-1
2026-08-12T17:46:35.465309102Z 2026-08-12T17:46:35.465Z  INFO 1 --- [discovery-server] [           main] com.netflix.discovery.DiscoveryClient    : Client configured to neither register nor query for data.
2026-08-12T17:46:35.465852313Z 2026-08-12T17:46:35.465Z  INFO 1 --- [discovery-server] [           main] com.netflix.discovery.DiscoveryClient    : Discovery Client initialized at timestamp 1786556795465 with initial instances count: 0
2026-08-12T17:46:35.483957661Z 2026-08-12T17:46:35.483Z  INFO 1 --- [discovery-server] [           main] c.n.eureka.DefaultEurekaServerContext    : Initializing ...
2026-08-12T17:46:35.484764204Z 2026-08-12T17:46:35.484Z  INFO 1 --- [discovery-server] [           main] c.n.eureka.cluster.PeerEurekaNodes       : Adding new peer nodes [http://localhost:8761/eureka/]
2026-08-12T17:46:35.540332947Z 2026-08-12T17:46:35.539Z  INFO 1 --- [discovery-server] [           main] c.n.d.provider.DiscoveryJerseyProvider   : Using JSON encoding codec LegacyJacksonJson
2026-08-12T17:46:35.540359118Z 2026-08-12T17:46:35.540Z  INFO 1 --- [discovery-server] [           main] c.n.d.provider.DiscoveryJerseyProvider   : Using JSON decoding codec LegacyJacksonJson
2026-08-12T17:46:35.540360471Z 2026-08-12T17:46:35.540Z  INFO 1 --- [discovery-server] [           main] c.n.d.provider.DiscoveryJerseyProvider   : Using XML encoding codec XStreamXml
2026-08-12T17:46:35.540361483Z 2026-08-12T17:46:35.540Z  INFO 1 --- [discovery-server] [           main] c.n.d.provider.DiscoveryJerseyProvider   : Using XML decoding codec XStreamXml
2026-08-12T17:46:35.565474344Z 2026-08-12T17:46:35.565Z  INFO 1 --- [discovery-server] [           main] c.n.eureka.cluster.PeerEurekaNodes       : Replica node URL:  http://localhost:8761/eureka/
2026-08-12T17:46:35.568983740Z 2026-08-12T17:46:35.568Z  INFO 1 --- [discovery-server] [           main] c.n.e.registry.AbstractInstanceRegistry  : Finished initializing remote region registries. All known remote regions: []
2026-08-12T17:46:35.569002166Z 2026-08-12T17:46:35.568Z  INFO 1 --- [discovery-server] [           main] c.n.eureka.DefaultEurekaServerContext    : Initialized
2026-08-12T17:46:35.573352607Z 2026-08-12T17:46:35.573Z  INFO 1 --- [discovery-server] [           main] o.s.b.a.e.web.EndpointLinksResolver      : Exposing 17 endpoints beneath base path '/actuator'
2026-08-12T17:46:35.600669960Z 2026-08-12T17:46:35.600Z  INFO 1 --- [discovery-server] [           main] o.s.c.n.e.s.EurekaServiceRegistry        : Registering application DISCOVERY-SERVER with eureka with status UP
2026-08-12T17:46:35.606487547Z 2026-08-12T17:46:35.606Z  INFO 1 --- [discovery-server] [       Thread-9] o.s.c.n.e.server.EurekaServerBootstrap   : isAws returned false
2026-08-12T17:46:35.606596044Z 2026-08-12T17:46:35.606Z  INFO 1 --- [discovery-server] [       Thread-9] o.s.c.n.e.server.EurekaServerBootstrap   : Initialized server context
2026-08-12T17:46:35.606665951Z 2026-08-12T17:46:35.606Z  INFO 1 --- [discovery-server] [       Thread-9] c.n.e.r.PeerAwareInstanceRegistryImpl    : Got 1 instances from neighboring DS node
2026-08-12T17:46:35.606757690Z 2026-08-12T17:46:35.606Z  INFO 1 --- [discovery-server] [       Thread-9] c.n.e.r.PeerAwareInstanceRegistryImpl    : Renew threshold is: 1
2026-08-12T17:46:35.606825563Z 2026-08-12T17:46:35.606Z  INFO 1 --- [discovery-server] [       Thread-9] c.n.e.r.PeerAwareInstanceRegistryImpl    : Changing status to UP
2026-08-12T17:46:35.608395264Z 2026-08-12T17:46:35.608Z  INFO 1 --- [discovery-server] [       Thread-9] e.s.EurekaServerInitializerConfiguration : Started Eureka Server
2026-08-12T17:46:35.610110079Z 2026-08-12T17:46:35.609Z  INFO 1 --- [discovery-server] [           main] o.s.b.w.embedded.tomcat.TomcatWebServer  : Tomcat started on port 8761 (http) with context path '/'
2026-08-12T17:46:35.610613879Z 2026-08-12T17:46:35.610Z  INFO 1 --- [discovery-server] [           main] .s.c.n.e.s.EurekaAutoServiceRegistration : Updating port to 8761
2026-08-12T17:46:35.654296715Z 2026-08-12T17:46:35.654Z  INFO 1 --- [discovery-server] [           main] o.s.s.p.d.DiscoveryServerApplication     : Started DiscoveryServerApplication in 2.306 seconds (process running for 2.681)
2026-08-12T17:46:37.558779519Z 2026-08-12T17:46:37.558Z  INFO 1 --- [discovery-server] [nio-8761-exec-1] o.a.c.c.C.[Tomcat].[localhost].[/]       : Initializing Spring DispatcherServlet 'dispatcherServlet'
2026-08-12T17:46:37.558889103Z 2026-08-12T17:46:37.558Z  INFO 1 --- [discovery-server] [nio-8761-exec-1] o.s.web.servlet.DispatcherServlet        : Initializing Servlet 'dispatcherServlet'
2026-08-12T17:46:37.559693998Z 2026-08-12T17:46:37.559Z  INFO 1 --- [discovery-server] [nio-8761-exec-1] o.s.web.servlet.DispatcherServlet        : Completed initialization in 1 ms
2026-08-12T17:46:37.844777954Z 2026-08-12T17:46:37.844Z  WARN 1 --- [discovery-server] [nio-8761-exec-2] c.n.e.registry.AbstractInstanceRegistry  : DS: Registry: lease doesn't exist, registering resource: API-GATEWAY - api-gateway-5c58fdb6dc-prggh:api-gateway:8080
2026-08-12T17:46:37.844803764Z 2026-08-12T17:46:37.844Z  WARN 1 --- [discovery-server] [nio-8761-exec-2] c.n.eureka.resources.InstanceResource    : Not Found (Renew): API-GATEWAY - api-gateway-5c58fdb6dc-prggh:api-gateway:8080
2026-08-12T17:46:37.872324114Z 2026-08-12T17:46:37.872Z  INFO 1 --- [discovery-server] [nio-8761-exec-3] c.n.e.registry.AbstractInstanceRegistry  : Registered instance API-GATEWAY/api-gateway-5c58fdb6dc-prggh:api-gateway:8080 with status UP (replication=false)
2026-08-12T17:46:38.431420815Z 2026-08-12T17:46:38.431Z  INFO 1 --- [discovery-server] [nio-8761-exec-6] c.n.e.registry.AbstractInstanceRegistry  : Registered instance API-GATEWAY/api-gateway-5c58fdb6dc-prggh:api-gateway:8080 with status UP (replication=true)
2026-08-12T17:46:41.310413623Z 2026-08-12T17:46:41.310Z  WARN 1 --- [discovery-server] [nio-8761-exec-9] c.n.e.registry.AbstractInstanceRegistry  : DS: Registry: lease doesn't exist, registering resource: ADMIN-SERVER - admin-server-857dcb68d-bckvt:admin-server:9090
2026-08-12T17:46:41.310428903Z 2026-08-12T17:46:41.310Z  WARN 1 --- [discovery-server] [nio-8761-exec-9] c.n.eureka.resources.InstanceResource    : Not Found (Renew): ADMIN-SERVER - admin-server-857dcb68d-bckvt:admin-server:9090
2026-08-12T17:46:41.316354186Z 2026-08-12T17:46:41.316Z  INFO 1 --- [discovery-server] [io-8761-exec-10] c.n.e.registry.AbstractInstanceRegistry  : Registered instance ADMIN-SERVER/admin-server-857dcb68d-bckvt:admin-server:9090 with status UP (replication=false)
2026-08-12T17:46:41.827186626Z 2026-08-12T17:46:41.826Z  INFO 1 --- [discovery-server] [nio-8761-exec-1] c.n.e.registry.AbstractInstanceRegistry  : Registered instance ADMIN-SERVER/admin-server-857dcb68d-bckvt:admin-server:9090 with status UP (replication=true)
2026-08-12T17:46:42.814311994Z 2026-08-12T17:46:42.813Z  WARN 1 --- [discovery-server] [nio-8761-exec-6] c.n.e.registry.AbstractInstanceRegistry  : DS: Registry: lease doesn't exist, registering resource: VISITS-SERVICE - visits-service-f9bbb799-r2mq2:visits-service:8082
2026-08-12T17:46:42.814450993Z 2026-08-12T17:46:42.814Z  WARN 1 --- [discovery-server] [nio-8761-exec-6] c.n.eureka.resources.InstanceResource    : Not Found (Renew): VISITS-SERVICE - visits-service-f9bbb799-r2mq2:visits-service:8082
2026-08-12T17:46:42.818584081Z 2026-08-12T17:46:42.818Z  INFO 1 --- [discovery-server] [nio-8761-exec-7] c.n.e.registry.AbstractInstanceRegistry  : Registered instance VISITS-SERVICE/visits-service-f9bbb799-r2mq2:visits-service:8082 with status UP (replication=false)
2026-08-12T17:46:43.198514647Z 2026-08-12T17:46:43.198Z  WARN 1 --- [discovery-server] [io-8761-exec-10] c.n.e.registry.AbstractInstanceRegistry  : DS: Registry: lease doesn't exist, registering resource: VETS-SERVICE - vets-service-7ccb8c6b9f-x7sbm:vets-service:8083
2026-08-12T17:46:43.198532472Z 2026-08-12T17:46:43.198Z  WARN 1 --- [discovery-server] [io-8761-exec-10] c.n.eureka.resources.InstanceResource    : Not Found (Renew): VETS-SERVICE - vets-service-7ccb8c6b9f-x7sbm:vets-service:8083
2026-08-12T17:46:43.203054479Z 2026-08-12T17:46:43.202Z  INFO 1 --- [discovery-server] [nio-8761-exec-1] c.n.e.registry.AbstractInstanceRegistry  : Registered instance VETS-SERVICE/vets-service-7ccb8c6b9f-x7sbm:vets-service:8083 with status UP (replication=false)
2026-08-12T17:46:43.326748609Z 2026-08-12T17:46:43.326Z  INFO 1 --- [discovery-server] [nio-8761-exec-2] c.n.e.registry.AbstractInstanceRegistry  : Registered instance VISITS-SERVICE/visits-service-f9bbb799-r2mq2:visits-service:8082 with status UP (replication=true)
2026-08-12T17:46:43.327004845Z 2026-08-12T17:46:43.326Z  INFO 1 --- [discovery-server] [nio-8761-exec-2] c.n.e.registry.AbstractInstanceRegistry  : Registered instance VETS-SERVICE/vets-service-7ccb8c6b9f-x7sbm:vets-service:8083 with status UP (replication=true)
2026-08-12T17:46:57.127742873Z 2026-08-12T17:46:57.127Z  WARN 1 --- [discovery-server] [nio-8761-exec-8] c.n.e.registry.AbstractInstanceRegistry  : DS: Registry: lease doesn't exist, registering resource: CUSTOMERS-SERVICE - customers-service-6979fc9974-8znm7:customers-service:8081
2026-08-12T17:46:57.127795384Z 2026-08-12T17:46:57.127Z  WARN 1 --- [discovery-server] [nio-8761-exec-8] c.n.eureka.resources.InstanceResource    : Not Found (Renew): CUSTOMERS-SERVICE - customers-service-6979fc9974-8znm7:customers-service:8081
2026-08-12T17:46:57.131466081Z 2026-08-12T17:46:57.131Z  INFO 1 --- [discovery-server] [io-8761-exec-10] c.n.e.registry.AbstractInstanceRegistry  : Registered instance CUSTOMERS-SERVICE/customers-service-6979fc9974-8znm7:customers-service:8081 with status UP (replication=false)
2026-08-12T17:46:57.641004019Z 2026-08-12T17:46:57.640Z  INFO 1 --- [discovery-server] [nio-8761-exec-3] c.n.e.registry.AbstractInstanceRegistry  : Registered instance CUSTOMERS-SERVICE/customers-service-6979fc9974-8znm7:customers-service:8081 with status UP (replication=true)
2026-08-12T17:47:35.608207277Z 2026-08-12T17:47:35.607Z  INFO 1 --- [discovery-server] [a-EvictionTimer] c.n.e.registry.AbstractInstanceRegistry  : Running the evict task with compensationTime 0ms
