2026-08-12T17:44:34.259776509Z 
2026-08-12T17:44:34.259816646Z   .   ____          _            __ _ _
2026-08-12T17:44:34.259818109Z  /\\ / ___'_ __ _ _(_)_ __  __ _ \ \ \ \
2026-08-12T17:44:34.259819181Z ( ( )\___ | '_ | '_| | '_ \/ _` | \ \ \ \
2026-08-12T17:44:34.259820103Z  \\/  ___)| |_)| | | | | || (_| |  ) ) ) )
2026-08-12T17:44:34.259820874Z   '  |____| .__|_| |_|_| |_\__, | / / / /
2026-08-12T17:44:34.259821566Z  =========|_|==============|___/=/_/_/_/
2026-08-12T17:44:34.259822227Z 
2026-08-12T17:44:34.260177999Z  :: Spring Boot ::                (v3.4.1)
2026-08-12T17:44:34.260186726Z 
2026-08-12T17:44:34.313472276Z 2026-08-12T17:44:34.312Z  INFO 1 --- [discovery-server] [           main] o.s.s.p.d.DiscoveryServerApplication     : Starting DiscoveryServerApplication v3.4.1 using Java 17.0.16 with PID 1 (/application/BOOT-INF/classes started by root in /application)
2026-08-12T17:44:34.313962521Z 2026-08-12T17:44:34.313Z  INFO 1 --- [discovery-server] [           main] o.s.s.p.d.DiscoveryServerApplication     : The following 1 profile is active: "docker"
2026-08-12T17:44:34.338248928Z 2026-08-12T17:44:34.338Z  INFO 1 --- [discovery-server] [           main] o.s.c.c.c.ConfigServerConfigDataLoader   : Fetching config from server at : http://localhost:8888/
2026-08-12T17:44:34.338415182Z 2026-08-12T17:44:34.338Z  INFO 1 --- [discovery-server] [           main] o.s.c.c.c.ConfigServerConfigDataLoader   : Exception on Url - http://localhost:8888/:org.springframework.web.client.ResourceAccessException: I/O error on GET request for "http://localhost:8888/discovery-server/default": Connection refused. Will be trying the next url if available
2026-08-12T17:44:34.338421915Z 2026-08-12T17:44:34.338Z  WARN 1 --- [discovery-server] [           main] o.s.c.c.c.ConfigServerConfigDataLoader   : Could not locate PropertySource ([ConfigServerConfigDataResource@194152cf uris = array<String>['http://localhost:8888/'], optional = true, profiles = 'default']): I/O error on GET request for "http://localhost:8888/discovery-server/default": Connection refused
2026-08-12T17:44:34.338619623Z 2026-08-12T17:44:34.338Z  INFO 1 --- [discovery-server] [           main] o.s.c.c.c.ConfigServerConfigDataLoader   : Fetching config from server at : http://config-server:8888
2026-08-12T17:44:34.338625524Z 2026-08-12T17:44:34.338Z  INFO 1 --- [discovery-server] [           main] o.s.c.c.c.ConfigServerConfigDataLoader   : Located environment: name=discovery-server, profiles=[docker], label=null, version=null, state=null
2026-08-12T17:44:34.338655983Z 2026-08-12T17:44:34.338Z  INFO 1 --- [discovery-server] [           main] o.s.c.c.c.ConfigServerConfigDataLoader   : Fetching config from server at : http://config-server:8888
2026-08-12T17:44:34.338852977Z 2026-08-12T17:44:34.338Z  INFO 1 --- [discovery-server] [           main] o.s.c.c.c.ConfigServerConfigDataLoader   : Located environment: name=discovery-server, profiles=[default], label=null, version=null, state=null
2026-08-12T17:44:34.338872705Z 2026-08-12T17:44:34.338Z  INFO 1 --- [discovery-server] [           main] o.s.c.c.c.ConfigServerConfigDataLoader   : Fetching config from server at : http://localhost:8888/
2026-08-12T17:44:34.338966396Z 2026-08-12T17:44:34.338Z  INFO 1 --- [discovery-server] [           main] o.s.c.c.c.ConfigServerConfigDataLoader   : Exception on Url - http://localhost:8888/:org.springframework.web.client.ResourceAccessException: I/O error on GET request for "http://localhost:8888/discovery-server/docker": Connection refused. Will be trying the next url if available
2026-08-12T17:44:34.338985593Z 2026-08-12T17:44:34.338Z  WARN 1 --- [discovery-server] [           main] o.s.c.c.c.ConfigServerConfigDataLoader   : Could not locate PropertySource ([ConfigServerConfigDataResource@30e92cb9 uris = array<String>['http://localhost:8888/'], optional = true, profiles = 'docker']): I/O error on GET request for "http://localhost:8888/discovery-server/docker": Connection refused
2026-08-12T17:44:34.339001344Z 2026-08-12T17:44:34.338Z  INFO 1 --- [discovery-server] [           main] o.s.c.c.c.ConfigServerConfigDataLoader   : Fetching config from server at : http://localhost:8888/
2026-08-12T17:44:34.339041843Z 2026-08-12T17:44:34.338Z  INFO 1 --- [discovery-server] [           main] o.s.c.c.c.ConfigServerConfigDataLoader   : Exception on Url - http://localhost:8888/:org.springframework.web.client.ResourceAccessException: I/O error on GET request for "http://localhost:8888/discovery-server/default": Connection refused. Will be trying the next url if available
2026-08-12T17:44:34.339048135Z 2026-08-12T17:44:34.338Z  WARN 1 --- [discovery-server] [           main] o.s.c.c.c.ConfigServerConfigDataLoader   : Could not locate PropertySource ([ConfigServerConfigDataResource@7fae4d4a uris = array<String>['http://localhost:8888/'], optional = true, profiles = 'default']): I/O error on GET request for "http://localhost:8888/discovery-server/default": Connection refused
2026-08-12T17:44:34.974392307Z 2026-08-12T17:44:34.974Z  INFO 1 --- [discovery-server] [           main] o.s.cloud.context.scope.GenericScope     : BeanFactory id=1c7de513-87e4-33e0-95ed-40962268646c
2026-08-12T17:44:35.106313211Z 2026-08-12T17:44:35.105Z  INFO 1 --- [discovery-server] [           main] o.s.b.w.embedded.tomcat.TomcatWebServer  : Tomcat initialized with port 8761 (http)
2026-08-12T17:44:35.112825770Z 2026-08-12T17:44:35.112Z  INFO 1 --- [discovery-server] [           main] o.apache.catalina.core.StandardService   : Starting service [Tomcat]
2026-08-12T17:44:35.113004973Z 2026-08-12T17:44:35.112Z  INFO 1 --- [discovery-server] [           main] o.apache.catalina.core.StandardEngine    : Starting Servlet engine: [Apache Tomcat/10.1.34]
2026-08-12T17:44:35.144210209Z 2026-08-12T17:44:35.143Z  INFO 1 --- [discovery-server] [           main] o.a.c.c.C.[Tomcat].[localhost].[/]       : Initializing Spring embedded WebApplicationContext
2026-08-12T17:44:35.145577637Z 2026-08-12T17:44:35.145Z  INFO 1 --- [discovery-server] [           main] w.s.c.ServletWebServerApplicationContext : Root WebApplicationContext: initialization completed in 804 ms
2026-08-12T17:44:35.630924917Z 2026-08-12T17:44:35.629Z  INFO 1 --- [discovery-server] [           main] c.n.d.provider.DiscoveryJerseyProvider   : Using JSON encoding codec LegacyJacksonJson
2026-08-12T17:44:35.630948833Z 2026-08-12T17:44:35.630Z  INFO 1 --- [discovery-server] [           main] c.n.d.provider.DiscoveryJerseyProvider   : Using JSON decoding codec LegacyJacksonJson
2026-08-12T17:44:35.730621576Z 2026-08-12T17:44:35.730Z  INFO 1 --- [discovery-server] [           main] c.n.d.provider.DiscoveryJerseyProvider   : Using XML encoding codec XStreamXml
2026-08-12T17:44:35.730641414Z 2026-08-12T17:44:35.730Z  INFO 1 --- [discovery-server] [           main] c.n.d.provider.DiscoveryJerseyProvider   : Using XML decoding codec XStreamXml
2026-08-12T17:44:35.821051029Z 2026-08-12T17:44:35.820Z  INFO 1 --- [discovery-server] [           main] o.s.v.b.OptionalValidatorFactoryBean     : Failed to set up a Bean Validation provider: jakarta.validation.NoProviderFoundException: Unable to create a Configuration, because no Jakarta Bean Validation provider could be found. Add a provider like Hibernate Validator (RI) to your classpath.
2026-08-12T17:44:36.164422075Z 2026-08-12T17:44:36.163Z  WARN 1 --- [discovery-server] [           main] iguration$LoadBalancerCaffeineWarnLogger : Spring Cloud LoadBalancer is currently working with the default cache. While this cache implementation is useful for development and tests, it's recommended to use Caffeine cache in production.You can switch to using Caffeine cache, by adding it and org.springframework.cache.caffeine.CaffeineCacheManager to the classpath.
2026-08-12T17:44:36.173398858Z 2026-08-12T17:44:36.173Z  INFO 1 --- [discovery-server] [           main] o.s.c.n.eureka.InstanceInfoFactory       : Setting initial instance status as: STARTING
2026-08-12T17:44:36.189208629Z 2026-08-12T17:44:36.188Z  INFO 1 --- [discovery-server] [           main] com.netflix.discovery.DiscoveryClient    : Initializing Eureka in region us-east-1
2026-08-12T17:44:36.189227916Z 2026-08-12T17:44:36.189Z  INFO 1 --- [discovery-server] [           main] com.netflix.discovery.DiscoveryClient    : Client configured to neither register nor query for data.
2026-08-12T17:44:36.189802403Z 2026-08-12T17:44:36.189Z  INFO 1 --- [discovery-server] [           main] com.netflix.discovery.DiscoveryClient    : Discovery Client initialized at timestamp 1786556676189 with initial instances count: 0
2026-08-12T17:44:36.208149188Z 2026-08-12T17:44:36.207Z  INFO 1 --- [discovery-server] [           main] c.n.eureka.DefaultEurekaServerContext    : Initializing ...
2026-08-12T17:44:36.208930770Z 2026-08-12T17:44:36.208Z  INFO 1 --- [discovery-server] [           main] c.n.eureka.cluster.PeerEurekaNodes       : Adding new peer nodes [http://localhost:8761/eureka/]
2026-08-12T17:44:36.270446279Z 2026-08-12T17:44:36.270Z  INFO 1 --- [discovery-server] [           main] c.n.d.provider.DiscoveryJerseyProvider   : Using JSON encoding codec LegacyJacksonJson
2026-08-12T17:44:36.270492759Z 2026-08-12T17:44:36.270Z  INFO 1 --- [discovery-server] [           main] c.n.d.provider.DiscoveryJerseyProvider   : Using JSON decoding codec LegacyJacksonJson
2026-08-12T17:44:36.270494392Z 2026-08-12T17:44:36.270Z  INFO 1 --- [discovery-server] [           main] c.n.d.provider.DiscoveryJerseyProvider   : Using XML encoding codec XStreamXml
2026-08-12T17:44:36.270495384Z 2026-08-12T17:44:36.270Z  INFO 1 --- [discovery-server] [           main] c.n.d.provider.DiscoveryJerseyProvider   : Using XML decoding codec XStreamXml
2026-08-12T17:44:36.300059892Z 2026-08-12T17:44:36.299Z  INFO 1 --- [discovery-server] [           main] c.n.eureka.cluster.PeerEurekaNodes       : Replica node URL:  http://localhost:8761/eureka/
2026-08-12T17:44:36.304824247Z 2026-08-12T17:44:36.304Z  INFO 1 --- [discovery-server] [           main] c.n.e.registry.AbstractInstanceRegistry  : Finished initializing remote region registries. All known remote regions: []
2026-08-12T17:44:36.304848113Z 2026-08-12T17:44:36.304Z  INFO 1 --- [discovery-server] [           main] c.n.eureka.DefaultEurekaServerContext    : Initialized
2026-08-12T17:44:36.310191490Z 2026-08-12T17:44:36.309Z  INFO 1 --- [discovery-server] [           main] o.s.b.a.e.web.EndpointLinksResolver      : Exposing 17 endpoints beneath base path '/actuator'
2026-08-12T17:44:36.342868437Z 2026-08-12T17:44:36.342Z  INFO 1 --- [discovery-server] [           main] o.s.c.n.e.s.EurekaServiceRegistry        : Registering application DISCOVERY-SERVER with eureka with status UP
2026-08-12T17:44:36.349687811Z 2026-08-12T17:44:36.349Z  INFO 1 --- [discovery-server] [       Thread-9] o.s.c.n.e.server.EurekaServerBootstrap   : isAws returned false
2026-08-12T17:44:36.349851462Z 2026-08-12T17:44:36.349Z  INFO 1 --- [discovery-server] [       Thread-9] o.s.c.n.e.server.EurekaServerBootstrap   : Initialized server context
2026-08-12T17:44:36.349982467Z 2026-08-12T17:44:36.349Z  INFO 1 --- [discovery-server] [       Thread-9] c.n.e.r.PeerAwareInstanceRegistryImpl    : Got 1 instances from neighboring DS node
2026-08-12T17:44:36.349990032Z 2026-08-12T17:44:36.349Z  INFO 1 --- [discovery-server] [       Thread-9] c.n.e.r.PeerAwareInstanceRegistryImpl    : Renew threshold is: 1
2026-08-12T17:44:36.350122868Z 2026-08-12T17:44:36.349Z  INFO 1 --- [discovery-server] [       Thread-9] c.n.e.r.PeerAwareInstanceRegistryImpl    : Changing status to UP
2026-08-12T17:44:36.351906426Z 2026-08-12T17:44:36.351Z  INFO 1 --- [discovery-server] [       Thread-9] e.s.EurekaServerInitializerConfiguration : Started Eureka Server
2026-08-12T17:44:36.353899909Z 2026-08-12T17:44:36.353Z  INFO 1 --- [discovery-server] [           main] o.s.b.w.embedded.tomcat.TomcatWebServer  : Tomcat started on port 8761 (http) with context path '/'
2026-08-12T17:44:36.354398158Z 2026-08-12T17:44:36.354Z  INFO 1 --- [discovery-server] [           main] .s.c.n.e.s.EurekaAutoServiceRegistration : Updating port to 8761
2026-08-12T17:44:36.402764417Z 2026-08-12T17:44:36.402Z  INFO 1 --- [discovery-server] [           main] o.s.s.p.d.DiscoveryServerApplication     : Started DiscoveryServerApplication in 2.751 seconds (process running for 3.164)
2026-08-12T17:44:37.670784052Z 2026-08-12T17:44:37.670Z  INFO 1 --- [discovery-server] [nio-8761-exec-1] o.a.c.c.C.[Tomcat].[localhost].[/]       : Initializing Spring DispatcherServlet 'dispatcherServlet'
2026-08-12T17:44:37.670855951Z 2026-08-12T17:44:37.670Z  INFO 1 --- [discovery-server] [nio-8761-exec-1] o.s.web.servlet.DispatcherServlet        : Initializing Servlet 'dispatcherServlet'
2026-08-12T17:44:37.671683022Z 2026-08-12T17:44:37.671Z  INFO 1 --- [discovery-server] [nio-8761-exec-1] o.s.web.servlet.DispatcherServlet        : Completed initialization in 1 ms
2026-08-12T17:44:37.708441538Z 2026-08-12T17:44:37.708Z  WARN 1 --- [discovery-server] [nio-8761-exec-1] c.n.e.registry.AbstractInstanceRegistry  : DS: Registry: lease doesn't exist, registering resource: API-GATEWAY - api-gateway-5c58fdb6dc-prggh:api-gateway:8080
2026-08-12T17:44:37.708466306Z 2026-08-12T17:44:37.708Z  WARN 1 --- [discovery-server] [nio-8761-exec-1] c.n.eureka.resources.InstanceResource    : Not Found (Renew): API-GATEWAY - api-gateway-5c58fdb6dc-prggh:api-gateway:8080
2026-08-12T17:44:37.803781699Z 2026-08-12T17:44:37.803Z  INFO 1 --- [discovery-server] [nio-8761-exec-2] c.n.e.registry.AbstractInstanceRegistry  : Registered instance API-GATEWAY/api-gateway-5c58fdb6dc-prggh:api-gateway:8080 with status UP (replication=false)
2026-08-12T17:44:38.379093698Z 2026-08-12T17:44:38.378Z  INFO 1 --- [discovery-server] [nio-8761-exec-6] c.n.e.registry.AbstractInstanceRegistry  : Registered instance API-GATEWAY/api-gateway-5c58fdb6dc-prggh:api-gateway:8080 with status UP (replication=true)
2026-08-12T17:44:41.276487371Z 2026-08-12T17:44:41.276Z  WARN 1 --- [discovery-server] [nio-8761-exec-7] c.n.e.registry.AbstractInstanceRegistry  : DS: Registry: lease doesn't exist, registering resource: ADMIN-SERVER - admin-server-857dcb68d-bckvt:admin-server:9090
2026-08-12T17:44:41.276513972Z 2026-08-12T17:44:41.276Z  WARN 1 --- [discovery-server] [nio-8761-exec-7] c.n.eureka.resources.InstanceResource    : Not Found (Renew): ADMIN-SERVER - admin-server-857dcb68d-bckvt:admin-server:9090
2026-08-12T17:44:41.285070003Z 2026-08-12T17:44:41.284Z  INFO 1 --- [discovery-server] [io-8761-exec-10] c.n.e.registry.AbstractInstanceRegistry  : Registered instance ADMIN-SERVER/admin-server-857dcb68d-bckvt:admin-server:9090 with status UP (replication=false)
2026-08-12T17:44:41.795348297Z 2026-08-12T17:44:41.795Z  INFO 1 --- [discovery-server] [nio-8761-exec-1] c.n.e.registry.AbstractInstanceRegistry  : Registered instance ADMIN-SERVER/admin-server-857dcb68d-bckvt:admin-server:9090 with status UP (replication=true)
2026-08-12T17:44:42.788476780Z 2026-08-12T17:44:42.788Z  WARN 1 --- [discovery-server] [nio-8761-exec-4] c.n.e.registry.AbstractInstanceRegistry  : DS: Registry: lease doesn't exist, registering resource: VISITS-SERVICE - visits-service-f9bbb799-r2mq2:visits-service:8082
2026-08-12T17:44:42.788505265Z 2026-08-12T17:44:42.788Z  WARN 1 --- [discovery-server] [nio-8761-exec-4] c.n.eureka.resources.InstanceResource    : Not Found (Renew): VISITS-SERVICE - visits-service-f9bbb799-r2mq2:visits-service:8082
2026-08-12T17:44:42.807076780Z 2026-08-12T17:44:42.806Z  INFO 1 --- [discovery-server] [nio-8761-exec-8] c.n.e.registry.AbstractInstanceRegistry  : Registered instance VISITS-SERVICE/visits-service-f9bbb799-r2mq2:visits-service:8082 with status UP (replication=false)
2026-08-12T17:44:43.168819290Z 2026-08-12T17:44:43.168Z  WARN 1 --- [discovery-server] [nio-8761-exec-7] c.n.e.registry.AbstractInstanceRegistry  : DS: Registry: lease doesn't exist, registering resource: VETS-SERVICE - vets-service-7ccb8c6b9f-x7sbm:vets-service:8083
2026-08-12T17:44:43.168834910Z 2026-08-12T17:44:43.168Z  WARN 1 --- [discovery-server] [nio-8761-exec-7] c.n.eureka.resources.InstanceResource    : Not Found (Renew): VETS-SERVICE - vets-service-7ccb8c6b9f-x7sbm:vets-service:8083
2026-08-12T17:44:43.190213942Z 2026-08-12T17:44:43.189Z  INFO 1 --- [discovery-server] [nio-8761-exec-1] c.n.e.registry.AbstractInstanceRegistry  : Registered instance VETS-SERVICE/vets-service-7ccb8c6b9f-x7sbm:vets-service:8083 with status UP (replication=false)
2026-08-12T17:44:43.315778784Z 2026-08-12T17:44:43.315Z  INFO 1 --- [discovery-server] [nio-8761-exec-2] c.n.e.registry.AbstractInstanceRegistry  : Registered instance VISITS-SERVICE/visits-service-f9bbb799-r2mq2:visits-service:8082 with status UP (replication=true)
2026-08-12T17:44:43.316422471Z 2026-08-12T17:44:43.316Z  INFO 1 --- [discovery-server] [nio-8761-exec-2] c.n.e.registry.AbstractInstanceRegistry  : Registered instance VETS-SERVICE/vets-service-7ccb8c6b9f-x7sbm:vets-service:8083 with status UP (replication=true)
2026-08-12T17:44:57.109758028Z 2026-08-12T17:44:57.109Z  WARN 1 --- [discovery-server] [nio-8761-exec-8] c.n.e.registry.AbstractInstanceRegistry  : DS: Registry: lease doesn't exist, registering resource: CUSTOMERS-SERVICE - customers-service-6979fc9974-8znm7:customers-service:8081
2026-08-12T17:44:57.109789609Z 2026-08-12T17:44:57.109Z  WARN 1 --- [discovery-server] [nio-8761-exec-8] c.n.eureka.resources.InstanceResource    : Not Found (Renew): CUSTOMERS-SERVICE - customers-service-6979fc9974-8znm7:customers-service:8081
2026-08-12T17:44:57.118097720Z 2026-08-12T17:44:57.117Z  INFO 1 --- [discovery-server] [io-8761-exec-10] c.n.e.registry.AbstractInstanceRegistry  : Registered instance CUSTOMERS-SERVICE/customers-service-6979fc9974-8znm7:customers-service:8081 with status UP (replication=false)
2026-08-12T17:44:57.627655287Z 2026-08-12T17:44:57.627Z  INFO 1 --- [discovery-server] [nio-8761-exec-1] c.n.e.registry.AbstractInstanceRegistry  : Registered instance CUSTOMERS-SERVICE/customers-service-6979fc9974-8znm7:customers-service:8081 with status UP (replication=true)
2026-08-12T17:45:36.350626052Z 2026-08-12T17:45:36.350Z  INFO 1 --- [discovery-server] [a-EvictionTimer] c.n.e.registry.AbstractInstanceRegistry  : Running the evict task with compensationTime 0ms
