57a98d98e4b00679b4a830b2
Merging carts for customer id: 57a98d98e4b00679b4a830b2 and session id: vy5mNRjjtCY17I-qNMdaVHrWSmtInNnI
Carts merged.
Sent cookies.
[0mGET /login [32m200 [0m12.487 ms - 13[0m
Request received with body: {}
Received response: "{\n  \"_embedded\" : {\n    \"customerOrders\" : [ ]\n  },\n  \"_links\" : {\n    \"self\" : {\n      \"href\" : \"http://orders/orders/search/customerId?sort=date&custId=57a98d98e4b00679b4a830b2\"\n    }\n  }\n}"
[0mGET /orders [32m201 [0m14.031 ms - -[0m
[0mGET /catalogue [32m200 [0m2.941 ms - -[0m
Received login request
{"user":{"firstName":"User","lastName":"Name","username":"user","id":"57a98d98e4b00679b4a830b2","_links":{"addresses":{"href":"http://user/customers/57a98d98e4b00679b4a830b2/addresses"},"cards":{"href":"http://user/customers/57a98d98e4b00679b4a830b2/cards"},"customer":{"href":"http://user/customers/57a98d98e4b00679b4a830b2"},"self":{"href":"http://user/customers/57a98d98e4b00679b4a830b2"}}}}

57a98d98e4b00679b4a830b2
Merging carts for customer id: 57a98d98e4b00679b4a830b2 and session id: KoyAf9dBaUNmKzv-cEOJvXGvbDvSgEdl
Carts merged.
Sent cookies.
[0mGET /login [32m200 [0m10.546 ms - 13[0m
Request received with body: {}
Received response: "{\n  \"_embedded\" : {\n    \"customerOrders\" : [ ]\n  },\n  \"_links\" : {\n    \"self\" : {\n      \"href\" : \"http://orders/orders/search/customerId?sort=date&custId=57a98d98e4b00679b4a830b2\"\n    }\n  }\n}"
[0mGET /orders [32m201 [0m4.256 ms - -[0m
[0mGET /catalogue [32m200 [0m3.037 ms - -[0m
Received login request
{"user":{"firstName":"User","lastName":"Name","username":"user","id":"57a98d98e4b00679b4a830b2","_links":{"addresses":{"href":"http://user/customers/57a98d98e4b00679b4a830b2/addresses"},"cards":{"href":"http://user/customers/57a98d98e4b00679b4a830b2/cards"},"customer":{"href":"http://user/customers/57a98d98e4b00679b4a830b2"},"self":{"href":"http://user/customers/57a98d98e4b00679b4a830b2"}}}}

57a98d98e4b00679b4a830b2
Merging carts for customer id: 57a98d98e4b00679b4a830b2 and session id: g45rfxprmI6yZeM4f5CN_ZRhLaRES5ex
Carts merged.
Sent cookies.
[0mGET /login [32m200 [0m12.069 ms - 13[0m
Request received with body: {}
Received response: "{\n  \"_embedded\" : {\n    \"customerOrders\" : [ ]\n  },\n  \"_links\" : {\n    \"self\" : {\n      \"href\" : \"http://orders/orders/search/customerId?sort=date&custId=57a98d98e4b00679b4a830b2\"\n    }\n  }\n}"
[0mGET /orders [32m201 [0m4.270 ms - -[0m
[0mGET /catalogue [32m200 [0m3.157 ms - -[0m
Received login request
{"user":{"firstName":"User","lastName":"Name","username":"user","id":"57a98d98e4b00679b4a830b2","_links":{"addresses":{"href":"http://user/customers/57a98d98e4b00679b4a830b2/addresses"},"cards":{"href":"http://user/customers/57a98d98e4b00679b4a830b2/cards"},"customer":{"href":"http://user/customers/57a98d98e4b00679b4a830b2"},"self":{"href":"http://user/customers/57a98d98e4b00679b4a830b2"}}}}

57a98d98e4b00679b4a830b2
Merging carts for customer id: 57a98d98e4b00679b4a830b2 and session id: mADBdh0Pfr9ZdBFrq-96CmuKh8iGPUSs
Carts merged.
Sent cookies.
[0mGET /login [32m200 [0m12.671 ms - 13[0m
Request received with body: {}
Received response: "{\n  \"_embedded\" : {\n    \"customerOrders\" : [ ]\n  },\n  \"_links\" : {\n    \"self\" : {\n      \"href\" : \"http://orders/orders/search/customerId?sort=date&custId=57a98d98e4b00679b4a830b2\"\n    }\n  }\n}"
[0mGET /orders [32m201 [0m4.057 ms - -[0m
[0mGET /catalogue [32m200 [0m2.769 ms - -[0m
Received login request
{"user":{"firstName":"User","lastName":"Name","username":"user","id":"57a98d98e4b00679b4a830b2","_links":{"addresses":{"href":"http://user/customers/57a98d98e4b00679b4a830b2/addresses"},"cards":{"href":"http://user/customers/57a98d98e4b00679b4a830b2/cards"},"customer":{"href":"http://user/customers/57a98d98e4b00679b4a830b2"},"self":{"href":"http://user/customers/57a98d98e4b00679b4a830b2"}}}}

57a98d98e4b00679b4a830b2
Merging carts for customer id: 57a98d98e4b00679b4a830b2 and session id: izseKLvV0JrQV38eMVB41uk7ZYUapxsT
Carts merged.
Sent cookies.
[0mGET /login [32m200 [0m10.408 ms - 13[0m
Request received with body: {}
Received response: "{\n  \"_embedded\" : {\n    \"customerOrders\" : [ ]\n  },\n  \"_links\" : {\n    \"self\" : {\n      \"href\" : \"http://orders/orders/search/customerId?sort=date&custId=57a98d98e4b00679b4a830b2\"\n    }\n  }\n}"
[0mGET /orders [32m201 [0m4.319 ms - -[0m
[0mGET /catalogue [32m200 [0m2.875 ms - -[0m
Received login request
{"user":{"firstName":"User","lastName":"Name","username":"user","id":"57a98d98e4b00679b4a830b2","_links":{"addresses":{"href":"http://user/customers/57a98d98e4b00679b4a830b2/addresses"},"cards":{"href":"http://user/customers/57a98d98e4b00679b4a830b2/cards"},"customer":{"href":"http://user/customers/57a98d98e4b00679b4a830b2"},"self":{"href":"http://user/customers/57a98d98e4b00679b4a830b2"}}}}

57a98d98e4b00679b4a830b2
Merging carts for customer id: 57a98d98e4b00679b4a830b2 and session id: piqhVy_5dF7edgbUo6ZIKzGUzEzL5uCE
Carts merged.
Sent cookies.
[0mGET /login [32m200 [0m10.926 ms - 13[0m
Request received with body: {}
Received response: "{\n  \"_embedded\" : {\n    \"customerOrders\" : [ ]\n  },\n  \"_links\" : {\n    \"self\" : {\n      \"href\" : \"http://orders/orders/search/customerId?sort=date&custId=57a98d98e4b00679b4a830b2\"\n    }\n  }\n}"
[0mGET /orders [32m201 [0m3.946 ms - -[0m
[0mGET /catalogue [32m200 [0m2.969 ms - -[0m
Received login request
{"user":{"firstName":"User","lastName":"Name","username":"user","id":"57a98d98e4b00679b4a830b2","_links":{"addresses":{"href":"http://user/customers/57a98d98e4b00679b4a830b2/addresses"},"cards":{"href":"http://user/customers/57a98d98e4b00679b4a830b2/cards"},"customer":{"href":"http://user/customers/57a98d98e4b00679b4a830b2"},"self":{"href":"http://user/customers/57a98d98e4b00679b4a830b2"}}}}

57a98d98e4b00679b4a830b2
Merging carts for customer id: 57a98d98e4b00679b4a830b2 and session id: qgamc29P1rwsSnfix1GWvy_o_piuutE7
Carts merged.
Sent cookies.
[0mGET /login [32m200 [0m10.485 ms - 13[0m
Request received with body: {}
Received response: "{\n  \"_embedded\" : {\n    \"customerOrders\" : [ ]\n  },\n  \"_links\" : {\n    \"self\" : {\n      \"href\" : \"http://orders/orders/search/customerId?sort=date&custId=57a98d98e4b00679b4a830b2\"\n    }\n  }\n}"
[0mGET /orders [32m201 [0m4.311 ms - -[0m
[0mGET /catalogue [32m200 [0m2.616 ms - -[0m
Received login request
{"user":{"firstName":"User","lastName":"Name","username":"user","id":"57a98d98e4b00679b4a830b2","_links":{"addresses":{"href":"http://user/customers/57a98d98e4b00679b4a830b2/addresses"},"cards":{"href":"http://user/customers/57a98d98e4b00679b4a830b2/cards"},"customer":{"href":"http://user/customers/57a98d98e4b00679b4a830b2"},"self":{"href":"http://user/customers/57a98d98e4b00679b4a830b2"}}}}

57a98d98e4b00679b4a830b2
Merging carts for customer id: 57a98d98e4b00679b4a830b2 and session id: pQ16b_zAFcmD7rbgEYqiRctjaHbFDLGT
Carts merged.
Sent cookies.
[0mGET /login [32m200 [0m12.604 ms - 13[0m
Request received with body: {}
Received response: "{\n  \"_embedded\" : {\n    \"customerOrders\" : [ ]\n  },\n  \"_links\" : {\n    \"self\" : {\n      \"href\" : \"http://orders/orders/search/customerId?sort=date&custId=57a98d98e4b00679b4a830b2\"\n    }\n  }\n}"
[0mGET /orders [32m201 [0m3.811 ms - -[0m
[0mGET /catalogue [32m200 [0m2.808 ms - -[0m
Received login request
{"user":{"firstName":"User","lastName":"Name","username":"user","id":"57a98d98e4b00679b4a830b2","_links":{"addresses":{"href":"http://user/customers/57a98d98e4b00679b4a830b2/addresses"},"cards":{"href":"http://user/customers/57a98d98e4b00679b4a830b2/cards"},"customer":{"href":"http://user/customers/57a98d98e4b00679b4a830b2"},"self":{"href":"http://user/customers/57a98d98e4b00679b4a830b2"}}}}

57a98d98e4b00679b4a830b2
Merging carts for customer id: 57a98d98e4b00679b4a830b2 and session id: -sCHfF3QomoMyQqqUE20ajPapgZHMhhq
Carts merged.
Sent cookies.
[0mGET /login [32m200 [0m10.460 ms - 13[0m
Request received with body: {}
Received response: "{\n  \"_embedded\" : {\n    \"customerOrders\" : [ ]\n  },\n  \"_links\" : {\n    \"self\" : {\n      \"href\" : \"http://orders/orders/search/customerId?sort=date&custId=57a98d98e4b00679b4a830b2\"\n    }\n  }\n}"
[0mGET /orders [32m201 [0m3.851 ms - -[0m
[0mGET /catalogue [32m200 [0m2.853 ms - -[0m
Received login request
{"user":{"firstName":"User","lastName":"Name","username":"user","id":"57a98d98e4b00679b4a830b2","_links":{"addresses":{"href":"http://user/customers/57a98d98e4b00679b4a830b2/addresses"},"cards":{"href":"http://user/customers/57a98d98e4b00679b4a830b2/cards"},"customer":{"href":"http://user/customers/57a98d98e4b00679b4a830b2"},"self":{"href":"http://user/customers/57a98d98e4b00679b4a830b2"}}}}

57a98d98e4b00679b4a830b2
Merging carts for customer id: 57a98d98e4b00679b4a830b2 and session id: mrX-qmH52i0cMWWVz84J0QgrdEJGIKgI
Carts merged.
Sent cookies.
[0mGET /login [32m200 [0m9.827 ms - 13[0m
Request received with body: {}
Received response: "{\n  \"_embedded\" : {\n    \"customerOrders\" : [ ]\n  },\n  \"_links\" : {\n    \"self\" : {\n      \"href\" : \"http://orders/orders/search/customerId?sort=date&custId=57a98d98e4b00679b4a830b2\"\n    }\n  }\n}"
[0mGET /orders [32m201 [0m4.071 ms - -[0m
[0mGET /catalogue [32m200 [0m2.713 ms - -[0m
Received login request
{"user":{"firstName":"User","lastName":"Name","username":"user","id":"57a98d98e4b00679b4a830b2","_links":{"addresses":{"href":"http://user/customers/57a98d98e4b00679b4a830b2/addresses"},"cards":{"href":"http://user/customers/57a98d98e4b00679b4a830b2/cards"},"customer":{"href":"http://user/customers/57a98d98e4b00679b4a830b2"},"self":{"href":"http://user/customers/57a98d98e4b00679b4a830b2"}}}}

57a98d98e4b00679b4a830b2
Merging carts for customer id: 57a98d98e4b00679b4a830b2 and session id: pZ8JgEqr43XFpTQFGGJ3VzdA5ORGU6wg
Carts merged.
Sent cookies.
[0mGET /login [32m200 [0m11.867 ms - 13[0m
Request received with body: {}
Received response: "{\n  \"_embedded\" : {\n    \"customerOrders\" : [ ]\n  },\n  \"_links\" : {\n    \"self\" : {\n      \"href\" : \"http://orders/orders/search/customerId?sort=date&custId=57a98d98e4b00679b4a830b2\"\n    }\n  }\n}"
[0mGET /orders [32m201 [0m3.740 ms - -[0m
[0mGET /catalogue [32m200 [0m2.936 ms - -[0m
Received login request
{"user":{"firstName":"User","lastName":"Name","username":"user","id":"57a98d98e4b00679b4a830b2","_links":{"addresses":{"href":"http://user/customers/57a98d98e4b00679b4a830b2/addresses"},"cards":{"href":"http://user/customers/57a98d98e4b00679b4a830b2/cards"},"customer":{"href":"http://user/customers/57a98d98e4b00679b4a830b2"},"self":{"href":"http://user/customers/57a98d98e4b00679b4a830b2"}}}}

57a98d98e4b00679b4a830b2
Merging carts for customer id: 57a98d98e4b00679b4a830b2 and session id: JdtuNASdNJQ8J0sRj6h5ZjXkfNyTSUzS
Carts merged.
Sent cookies.
[0mGET /login [32m200 [0m10.745 ms - 13[0m
Request received with body: {}
Received response: "{\n  \"_embedded\" : {\n    \"customerOrders\" : [ ]\n  },\n  \"_links\" : {\n    \"self\" : {\n      \"href\" : \"http://orders/orders/search/customerId?sort=date&custId=57a98d98e4b00679b4a830b2\"\n    }\n  }\n}"
[0mGET /orders [32m201 [0m4.126 ms - -[0m
[0mGET /catalogue [32m200 [0m2.496 ms - -[0m
Received login request
{"user":{"firstName":"User","lastName":"Name","username":"user","id":"57a98d98e4b00679b4a830b2","_links":{"addresses":{"href":"http://user/customers/57a98d98e4b00679b4a830b2/addresses"},"cards":{"href":"http://user/customers/57a98d98e4b00679b4a830b2/cards"},"customer":{"href":"http://user/customers/57a98d98e4b00679b4a830b2"},"self":{"href":"http://user/customers/57a98d98e4b00679b4a830b2"}}}}

57a98d98e4b00679b4a830b2
Merging carts for customer id: 57a98d98e4b00679b4a830b2 and session id: ZRYutrvLBngKVZW4vMj_pKp6BPiGcYoK
Carts merged.
Sent cookies.
[0mGET /login [32m200 [0m9.721 ms - 13[0m
Request received with body: {}
Received response: "{\n  \"_embedded\" : {\n    \"customerOrders\" : [ ]\n  },\n  \"_links\" : {\n    \"self\" : {\n      \"href\" : \"http://orders/orders/search/customerId?sort=date&custId=57a98d98e4b00679b4a830b2\"\n    }\n  }\n}"
[0mGET /orders [32m201 [0m3.647 ms - -[0m
[0mGET /catalogue [32m200 [0m2.524 ms - -[0m
Received login request
{"user":{"firstName":"User","lastName":"Name","username":"user","id":"57a98d98e4b00679b4a830b2","_links":{"addresses":{"href":"http://user/customers/57a98d98e4b00679b4a830b2/addresses"},"cards":{"href":"http://user/customers/57a98d98e4b00679b4a830b2/cards"},"customer":{"href":"http://user/customers/57a98d98e4b00679b4a830b2"},"self":{"href":"http://user/customers/57a98d98e4b00679b4a830b2"}}}}

57a98d98e4b00679b4a830b2
Merging carts for customer id: 57a98d98e4b00679b4a830b2 and session id: PeJCqtOChbLrtLq0KZuWT8UcAnQFDdNA
Carts merged.
Sent cookies.
[0mGET /login [32m200 [0m10.349 ms - 13[0m
Request received with body: {}
Received response: "{\n  \"_embedded\" : {\n    \"customerOrders\" : [ ]\n  },\n  \"_links\" : {\n    \"self\" : {\n      \"href\" : \"http://orders/orders/search/customerId?sort=date&custId=57a98d98e4b00679b4a830b2\"\n    }\n  }\n}"
[0mGET /orders [32m201 [0m3.905 ms - -[0m
[0mGET /catalogue [32m200 [0m2.773 ms - -[0m
Received login request
{"user":{"firstName":"User","lastName":"Name","username":"user","id":"57a98d98e4b00679b4a830b2","_links":{"addresses":{"href":"http://user/customers/57a98d98e4b00679b4a830b2/addresses"},"cards":{"href":"http://user/customers/57a98d98e4b00679b4a830b2/cards"},"customer":{"href":"http://user/customers/57a98d98e4b00679b4a830b2"},"self":{"href":"http://user/customers/57a98d98e4b00679b4a830b2"}}}}

57a98d98e4b00679b4a830b2
Merging carts for customer id: 57a98d98e4b00679b4a830b2 and session id: HVlXad8EjhL3BbJOyGBlVbAx2yujhymJ
Carts merged.
Sent cookies.
[0mGET /login [32m200 [0m9.699 ms - 13[0m
Request received with body: {}
Received response: "{\n  \"_embedded\" : {\n    \"customerOrders\" : [ ]\n  },\n  \"_links\" : {\n    \"self\" : {\n      \"href\" : \"http://orders/orders/search/customerId?sort=date&custId=57a98d98e4b00679b4a830b2\"\n    }\n  }\n}"
[0mGET /orders [32m201 [0m3.920 ms - -[0m
[0mGET /catalogue [32m200 [0m2.986 ms - -[0m
Received login request
{"user":{"firstName":"User","lastName":"Name","username":"user","id":"57a98d98e4b00679b4a830b2","_links":{"addresses":{"href":"http://user/customers/57a98d98e4b00679b4a830b2/addresses"},"cards":{"href":"http://user/customers/57a98d98e4b00679b4a830b2/cards"},"customer":{"href":"http://user/customers/57a98d98e4b00679b4a830b2"},"self":{"href":"http://user/customers/57a98d98e4b00679b4a830b2"}}}}

57a98d98e4b00679b4a830b2
Merging carts for customer id: 57a98d98e4b00679b4a830b2 and session id: R8PHG-OvpSsdCjqlrdeFoB-eJBBfaIB6
Carts merged.
Sent cookies.
[0mGET /login [32m200 [0m9.835 ms - 13[0m
Request received with body: {}
Received response: "{\n  \"_embedded\" : {\n    \"customerOrders\" : [ ]\n  },\n  \"_links\" : {\n    \"self\" : {\n      \"href\" : \"http://orders/orders/search/customerId?sort=date&custId=57a98d98e4b00679b4a830b2\"\n    }\n  }\n}"
[0mGET /orders [32m201 [0m4.363 ms - -[0m
[0mGET /catalogue [32m200 [0m2.926 ms - -[0m
Received login request
{"user":{"firstName":"User","lastName":"Name","username":"user","id":"57a98d98e4b00679b4a830b2","_links":{"addresses":{"href":"http://user/customers/57a98d98e4b00679b4a830b2/addresses"},"cards":{"href":"http://user/customers/57a98d98e4b00679b4a830b2/cards"},"customer":{"href":"http://user/customers/57a98d98e4b00679b4a830b2"},"self":{"href":"http://user/customers/57a98d98e4b00679b4a830b2"}}}}

57a98d98e4b00679b4a830b2
Merging carts for customer id: 57a98d98e4b00679b4a830b2 and session id: CkEMn_IyRrV0l9WnbFRU1sGjNPviEsa_
Carts merged.
Sent cookies.
[0mGET /login [32m200 [0m10.334 ms - 13[0m
Request received with body: {}
Received response: "{\n  \"_embedded\" : {\n    \"customerOrders\" : [ ]\n  },\n  \"_links\" : {\n    \"self\" : {\n      \"href\" : \"http://orders/orders/search/customerId?sort=date&custId=57a98d98e4b00679b4a830b2\"\n    }\n  }\n}"
[0mGET /orders [32m201 [0m3.880 ms - -[0m
[0mGET /catalogue [32m200 [0m2.735 ms - -[0m
Received login request
{"user":{"firstName":"User","lastName":"Name","username":"user","id":"57a98d98e4b00679b4a830b2","_links":{"addresses":{"href":"http://user/customers/57a98d98e4b00679b4a830b2/addresses"},"cards":{"href":"http://user/customers/57a98d98e4b00679b4a830b2/cards"},"customer":{"href":"http://user/customers/57a98d98e4b00679b4a830b2"},"self":{"href":"http://user/customers/57a98d98e4b00679b4a830b2"}}}}

57a98d98e4b00679b4a830b2
Merging carts for customer id: 57a98d98e4b00679b4a830b2 and session id: dYJjxloAgO5VY7LbynT8rYdvmjzilO1X
Carts merged.
Sent cookies.
[0mGET /login [32m200 [0m10.393 ms - 13[0m
Request received with body: {}
Received response: "{\n  \"_embedded\" : {\n    \"customerOrders\" : [ ]\n  },\n  \"_links\" : {\n    \"self\" : {\n      \"href\" : \"http://orders/orders/search/customerId?sort=date&custId=57a98d98e4b00679b4a830b2\"\n    }\n  }\n}"
[0mGET /orders [32m201 [0m3.914 ms - -[0m
[0mGET /catalogue [32m200 [0m3.036 ms - -[0m
Received login request
{"user":{"firstName":"User","lastName":"Name","username":"user","id":"57a98d98e4b00679b4a830b2","_links":{"addresses":{"href":"http://user/customers/57a98d98e4b00679b4a830b2/addresses"},"cards":{"href":"http://user/customers/57a98d98e4b00679b4a830b2/cards"},"customer":{"href":"http://user/customers/57a98d98e4b00679b4a830b2"},"self":{"href":"http://user/customers/57a98d98e4b00679b4a830b2"}}}}

57a98d98e4b00679b4a830b2
Merging carts for customer id: 57a98d98e4b00679b4a830b2 and session id: HgcXqHqMk23RcXg3MLBlaVis4IcyJqwb
Carts merged.
Sent cookies.
[0mGET /login [32m200 [0m10.505 ms - 13[0m
Request received with body: {}
Received response: "{\n  \"_embedded\" : {\n    \"customerOrders\" : [ ]\n  },\n  \"_links\" : {\n    \"self\" : {\n      \"href\" : \"http://orders/orders/search/customerId?sort=date&custId=57a98d98e4b00679b4a830b2\"\n    }\n  }\n}"
[0mGET /orders [32m201 [0m3.733 ms - -[0m
[0mGET /catalogue [32m200 [0m3.270 ms - -[0m
Received login request
{"user":{"firstName":"User","lastName":"Name","username":"user","id":"57a98d98e4b00679b4a830b2","_links":{"addresses":{"href":"http://user/customers/57a98d98e4b00679b4a830b2/addresses"},"cards":{"href":"http://user/customers/57a98d98e4b00679b4a830b2/cards"},"customer":{"href":"http://user/customers/57a98d98e4b00679b4a830b2"},"self":{"href":"http://user/customers/57a98d98e4b00679b4a830b2"}}}}

57a98d98e4b00679b4a830b2
Merging carts for customer id: 57a98d98e4b00679b4a830b2 and session id: qNIxjBXQ2Cr4rsOf3crh8LA-QQWStkzT
Carts merged.
Sent cookies.
[0mGET /login [32m200 [0m9.932 ms - 13[0m
Request received with body: {}
Received response: "{\n  \"_embedded\" : {\n    \"customerOrders\" : [ ]\n  },\n  \"_links\" : {\n    \"self\" : {\n      \"href\" : \"http://orders/orders/search/customerId?sort=date&custId=57a98d98e4b00679b4a830b2\"\n    }\n  }\n}"
[0mGET /orders [32m201 [0m4.030 ms - -[0m
[0mGET /catalogue [32m200 [0m3.184 ms - -[0m
Received login request
{"user":{"firstName":"User","lastName":"Name","username":"user","id":"57a98d98e4b00679b4a830b2","_links":{"addresses":{"href":"http://user/customers/57a98d98e4b00679b4a830b2/addresses"},"cards":{"href":"http://user/customers/57a98d98e4b00679b4a830b2/cards"},"customer":{"href":"http://user/customers/57a98d98e4b00679b4a830b2"},"self":{"href":"http://user/customers/57a98d98e4b00679b4a830b2"}}}}

57a98d98e4b00679b4a830b2
Merging carts for customer id: 57a98d98e4b00679b4a830b2 and session id: Z-ozuT-lS03SmdibeZqu5enr04xV9l1u
Carts merged.
Sent cookies.
[0mGET /login [32m200 [0m10.732 ms - 13[0m
Request received with body: {}
Received response: "{\n  \"_embedded\" : {\n    \"customerOrders\" : [ ]\n  },\n  \"_links\" : {\n    \"self\" : {\n      \"href\" : \"http://orders/orders/search/customerId?sort=date&custId=57a98d98e4b00679b4a830b2\"\n    }\n  }\n}"
[0mGET /orders [32m201 [0m5.047 ms - -[0m
[0mGET /catalogue [32m200 [0m2.982 ms - -[0m
Received login request
{"user":{"firstName":"User","lastName":"Name","username":"user","id":"57a98d98e4b00679b4a830b2","_links":{"addresses":{"href":"http://user/customers/57a98d98e4b00679b4a830b2/addresses"},"cards":{"href":"http://user/customers/57a98d98e4b00679b4a830b2/cards"},"customer":{"href":"http://user/customers/57a98d98e4b00679b4a830b2"},"self":{"href":"http://user/customers/57a98d98e4b00679b4a830b2"}}}}

57a98d98e4b00679b4a830b2
Merging carts for customer id: 57a98d98e4b00679b4a830b2 and session id: 2AsDJ0llDWX6hc4RRayYv493n0BSImOO
Carts merged.
Sent cookies.
[0mGET /login [32m200 [0m10.456 ms - 13[0m
Request received with body: {}
Received response: "{\n  \"_embedded\" : {\n    \"customerOrders\" : [ ]\n  },\n  \"_links\" : {\n    \"self\" : {\n      \"href\" : \"http://orders/orders/search/customerId?sort=date&custId=57a98d98e4b00679b4a830b2\"\n    }\n  }\n}"
[0mGET /orders [32m201 [0m3.942 ms - -[0m
[0mGET /catalogue [32m200 [0m2.854 ms - -[0m
Received login request
{"user":{"firstName":"User","lastName":"Name","username":"user","id":"57a98d98e4b00679b4a830b2","_links":{"addresses":{"href":"http://user/customers/57a98d98e4b00679b4a830b2/addresses"},"cards":{"href":"http://user/customers/57a98d98e4b00679b4a830b2/cards"},"customer":{"href":"http://user/customers/57a98d98e4b00679b4a830b2"},"self":{"href":"http://user/customers/57a98d98e4b00679b4a830b2"}}}}

57a98d98e4b00679b4a830b2
Merging carts for customer id: 57a98d98e4b00679b4a830b2 and session id: ZSf65q-91FzBZgvgZEvgM3db3FnnGzED
Carts merged.
Sent cookies.
[0mGET /login [32m200 [0m10.849 ms - 13[0m
Request received with body: {}
Received response: "{\n  \"_embedded\" : {\n    \"customerOrders\" : [ ]\n  },\n  \"_links\" : {\n    \"self\" : {\n      \"href\" : \"http://orders/orders/search/customerId?sort=date&custId=57a98d98e4b00679b4a830b2\"\n    }\n  }\n}"
[0mGET /orders [32m201 [0m3.983 ms - -[0m
[0mGET /catalogue [32m200 [0m3.263 ms - -[0m
Received login request
{"user":{"firstName":"User","lastName":"Name","username":"user","id":"57a98d98e4b00679b4a830b2","_links":{"addresses":{"href":"http://user/customers/57a98d98e4b00679b4a830b2/addresses"},"cards":{"href":"http://user/customers/57a98d98e4b00679b4a830b2/cards"},"customer":{"href":"http://user/customers/57a98d98e4b00679b4a830b2"},"self":{"href":"http://user/customers/57a98d98e4b00679b4a830b2"}}}}

57a98d98e4b00679b4a830b2
Merging carts for customer id: 57a98d98e4b00679b4a830b2 and session id: 649WSuKYZe8sCIS9BA3h_-mg9JCHgEVt
Carts merged.
Sent cookies.
[0mGET /login [32m200 [0m11.109 ms - 13[0m
Request received with body: {}
Received response: "{\n  \"_embedded\" : {\n    \"customerOrders\" : [ ]\n  },\n  \"_links\" : {\n    \"self\" : {\n      \"href\" : \"http://orders/orders/search/customerId?sort=date&custId=57a98d98e4b00679b4a830b2\"\n    }\n  }\n}"
[0mGET /orders [32m201 [0m4.172 ms - -[0m
[0mGET /catalogue [32m200 [0m3.143 ms - -[0m
Received login request
{"user":{"firstName":"User","lastName":"Name","username":"user","id":"57a98d98e4b00679b4a830b2","_links":{"addresses":{"href":"http://user/customers/57a98d98e4b00679b4a830b2/addresses"},"cards":{"href":"http://user/customers/57a98d98e4b00679b4a830b2/cards"},"customer":{"href":"http://user/customers/57a98d98e4b00679b4a830b2"},"self":{"href":"http://user/customers/57a98d98e4b00679b4a830b2"}}}}

57a98d98e4b00679b4a830b2
Merging carts for customer id: 57a98d98e4b00679b4a830b2 and session id: VH1mTiqmW7hYHz9n5Hanc5qhXXFE-XVv
Carts merged.
Sent cookies.
[0mGET /login [32m200 [0m21.153 ms - 13[0m
Request received with body: {}
Received response: "{\n  \"_embedded\" : {\n    \"customerOrders\" : [ ]\n  },\n  \"_links\" : {\n    \"self\" : {\n      \"href\" : \"http://orders/orders/search/customerId?sort=date&custId=57a98d98e4b00679b4a830b2\"\n    }\n  }\n}"
[0mGET /orders [32m201 [0m4.357 ms - -[0m
[0mGET /catalogue [32m200 [0m2.986 ms - -[0m
Received login request
{"user":{"firstName":"User","lastName":"Name","username":"user","id":"57a98d98e4b00679b4a830b2","_links":{"addresses":{"href":"http://user/customers/57a98d98e4b00679b4a830b2/addresses"},"cards":{"href":"http://user/customers/57a98d98e4b00679b4a830b2/cards"},"customer":{"href":"http://user/customers/57a98d98e4b00679b4a830b2"},"self":{"href":"http://user/customers/57a98d98e4b00679b4a830b2"}}}}

57a98d98e4b00679b4a830b2
Merging carts for customer id: 57a98d98e4b00679b4a830b2 and session id: sISBswvgHhG7KLXJY1kRWh9QxyvSaiCU
Carts merged.
Sent cookies.
[0mGET /login [32m200 [0m9.897 ms - 13[0m
Request received with body: {}
Received response: "{\n  \"_embedded\" : {\n    \"customerOrders\" : [ ]\n  },\n  \"_links\" : {\n    \"self\" : {\n      \"href\" : \"http://orders/orders/search/customerId?sort=date&custId=57a98d98e4b00679b4a830b2\"\n    }\n  }\n}"
[0mGET /orders [32m201 [0m3.841 ms - -[0m
[0mGET /catalogue [32m200 [0m3.038 ms - -[0m
Received login request
{"user":{"firstName":"User","lastName":"Name","username":"user","id":"57a98d98e4b00679b4a830b2","_links":{"addresses":{"href":"http://user/customers/57a98d98e4b00679b4a830b2/addresses"},"cards":{"href":"http://user/customers/57a98d98e4b00679b4a830b2/cards"},"customer":{"href":"http://user/customers/57a98d98e4b00679b4a830b2"},"self":{"href":"http://user/customers/57a98d98e4b00679b4a830b2"}}}}

57a98d98e4b00679b4a830b2
Merging carts for customer id: 57a98d98e4b00679b4a830b2 and session id: TKHTgpD6UhzADxFChsczdbCMJl8mr1UV
Carts merged.
Sent cookies.
[0mGET /login [32m200 [0m10.467 ms - 13[0m
Request received with body: {}
Received response: "{\n  \"_embedded\" : {\n    \"customerOrders\" : [ ]\n  },\n  \"_links\" : {\n    \"self\" : {\n      \"href\" : \"http://orders/orders/search/customerId?sort=date&custId=57a98d98e4b00679b4a830b2\"\n    }\n  }\n}"
[0mGET /orders [32m201 [0m3.945 ms - -[0m
[0mGET /catalogue [32m200 [0m2.862 ms - -[0m
Received login request
{"user":{"firstName":"User","lastName":"Name","username":"user","id":"57a98d98e4b00679b4a830b2","_links":{"addresses":{"href":"http://user/customers/57a98d98e4b00679b4a830b2/addresses"},"cards":{"href":"http://user/customers/57a98d98e4b00679b4a830b2/cards"},"customer":{"href":"http://user/customers/57a98d98e4b00679b4a830b2"},"self":{"href":"http://user/customers/57a98d98e4b00679b4a830b2"}}}}

57a98d98e4b00679b4a830b2
Merging carts for customer id: 57a98d98e4b00679b4a830b2 and session id: bCV0cVQsqwPGJU-iRaCS_ldF41A9EAs5
Carts merged.
Sent cookies.
[0mGET /login [32m200 [0m10.571 ms - 13[0m
Request received with body: {}
Received response: "{\n  \"_embedded\" : {\n    \"customerOrders\" : [ ]\n  },\n  \"_links\" : {\n    \"self\" : {\n      \"href\" : \"http://orders/orders/search/customerId?sort=date&custId=57a98d98e4b00679b4a830b2\"\n    }\n  }\n}"
[0mGET /orders [32m201 [0m3.864 ms - -[0m
[0mGET /catalogue [32m200 [0m2.792 ms - -[0m
Received login request
{"user":{"firstName":"User","lastName":"Name","username":"user","id":"57a98d98e4b00679b4a830b2","_links":{"addresses":{"href":"http://user/customers/57a98d98e4b00679b4a830b2/addresses"},"cards":{"href":"http://user/customers/57a98d98e4b00679b4a830b2/cards"},"customer":{"href":"http://user/customers/57a98d98e4b00679b4a830b2"},"self":{"href":"http://user/customers/57a98d98e4b00679b4a830b2"}}}}

57a98d98e4b00679b4a830b2
Merging carts for customer id: 57a98d98e4b00679b4a830b2 and session id: qqIgr3H3yw-77v7gITlhizoe67lHFnN9
Carts merged.
Sent cookies.
[0mGET /login [32m200 [0m9.361 ms - 13[0m
Request received with body: {}
Received response: "{\n  \"_embedded\" : {\n    \"customerOrders\" : [ ]\n  },\n  \"_links\" : {\n    \"self\" : {\n      \"href\" : \"http://orders/orders/search/customerId?sort=date&custId=57a98d98e4b00679b4a830b2\"\n    }\n  }\n}"
[0mGET /orders [32m201 [0m3.831 ms - -[0m
[0mGET /catalogue [32m200 [0m2.814 ms - -[0m
Received login request
{"user":{"firstName":"User","lastName":"Name","username":"user","id":"57a98d98e4b00679b4a830b2","_links":{"addresses":{"href":"http://user/customers/57a98d98e4b00679b4a830b2/addresses"},"cards":{"href":"http://user/customers/57a98d98e4b00679b4a830b2/cards"},"customer":{"href":"http://user/customers/57a98d98e4b00679b4a830b2"},"self":{"href":"http://user/customers/57a98d98e4b00679b4a830b2"}}}}

57a98d98e4b00679b4a830b2
Merging carts for customer id: 57a98d98e4b00679b4a830b2 and session id: SejZGwALH7qokdewKA6mHY1myHAcIRCH
Carts merged.
Sent cookies.
[0mGET /login [32m200 [0m9.873 ms - 13[0m
Request received with body: {}
Received response: "{\n  \"_embedded\" : {\n    \"customerOrders\" : [ ]\n  },\n  \"_links\" : {\n    \"self\" : {\n      \"href\" : \"http://orders/orders/search/customerId?sort=date&custId=57a98d98e4b00679b4a830b2\"\n    }\n  }\n}"
[0mGET /orders [32m201 [0m4.086 ms - -[0m
[0mGET /catalogue [32m200 [0m2.946 ms - -[0m
Received login request
{"user":{"firstName":"User","lastName":"Name","username":"user","id":"57a98d98e4b00679b4a830b2","_links":{"addresses":{"href":"http://user/customers/57a98d98e4b00679b4a830b2/addresses"},"cards":{"href":"http://user/customers/57a98d98e4b00679b4a830b2/cards"},"customer":{"href":"http://user/customers/57a98d98e4b00679b4a830b2"},"self":{"href":"http://user/customers/57a98d98e4b00679b4a830b2"}}}}

57a98d98e4b00679b4a830b2
Merging carts for customer id: 57a98d98e4b00679b4a830b2 and session id: MUlykTgquX_81jaFol6sfk4hzTDDyHzr
Carts merged.
Sent cookies.
[0mGET /login [32m200 [0m9.799 ms - 13[0m
Request received with body: {}
Received response: "{\n  \"_embedded\" : {\n    \"customerOrders\" : [ ]\n  },\n  \"_links\" : {\n    \"self\" : {\n      \"href\" : \"http://orders/orders/search/customerId?sort=date&custId=57a98d98e4b00679b4a830b2\"\n    }\n  }\n}"
[0mGET /orders [32m201 [0m4.363 ms - -[0m
[0mGET /catalogue [32m200 [0m2.821 ms - -[0m
Received login request
{"user":{"firstName":"User","lastName":"Name","username":"user","id":"57a98d98e4b00679b4a830b2","_links":{"addresses":{"href":"http://user/customers/57a98d98e4b00679b4a830b2/addresses"},"cards":{"href":"http://user/customers/57a98d98e4b00679b4a830b2/cards"},"customer":{"href":"http://user/customers/57a98d98e4b00679b4a830b2"},"self":{"href":"http://user/customers/57a98d98e4b00679b4a830b2"}}}}

57a98d98e4b00679b4a830b2
Merging carts for customer id: 57a98d98e4b00679b4a830b2 and session id: tP3OsIFLtv_sQNIWA12Tm8lHtCwbNWFN
Carts merged.
Sent cookies.
[0mGET /login [32m200 [0m9.907 ms - 13[0m
Request received with body: {}
Received response: "{\n  \"_embedded\" : {\n    \"customerOrders\" : [ ]\n  },\n  \"_links\" : {\n    \"self\" : {\n      \"href\" : \"http://orders/orders/search/customerId?sort=date&custId=57a98d98e4b00679b4a830b2\"\n    }\n  }\n}"
[0mGET /orders [32m201 [0m3.972 ms - -[0m
[0mGET /catalogue [32m200 [0m2.811 ms - -[0m
Received login request
{"user":{"firstName":"User","lastName":"Name","username":"user","id":"57a98d98e4b00679b4a830b2","_links":{"addresses":{"href":"http://user/customers/57a98d98e4b00679b4a830b2/addresses"},"cards":{"href":"http://user/customers/57a98d98e4b00679b4a830b2/cards"},"customer":{"href":"http://user/customers/57a98d98e4b00679b4a830b2"},"self":{"href":"http://user/customers/57a98d98e4b00679b4a830b2"}}}}

57a98d98e4b00679b4a830b2
Merging carts for customer id: 57a98d98e4b00679b4a830b2 and session id: HNmbdc-fWG4fWfxyrco9BolxALOpkuOW
Carts merged.
Sent cookies.
[0mGET /login [32m200 [0m9.467 ms - 13[0m
Request received with body: {}
Received response: "{\n  \"_embedded\" : {\n    \"customerOrders\" : [ ]\n  },\n  \"_links\" : {\n    \"self\" : {\n      \"href\" : \"http://orders/orders/search/customerId?sort=date&custId=57a98d98e4b00679b4a830b2\"\n    }\n  }\n}"
[0mGET /orders [32m201 [0m4.120 ms - -[0m
[0mGET /catalogue [32m200 [0m3.146 ms - -[0m
Received login request
{"user":{"firstName":"User","lastName":"Name","username":"user","id":"57a98d98e4b00679b4a830b2","_links":{"addresses":{"href":"http://user/customers/57a98d98e4b00679b4a830b2/addresses"},"cards":{"href":"http://user/customers/57a98d98e4b00679b4a830b2/cards"},"customer":{"href":"http://user/customers/57a98d98e4b00679b4a830b2"},"self":{"href":"http://user/customers/57a98d98e4b00679b4a830b2"}}}}

57a98d98e4b00679b4a830b2
Merging carts for customer id: 57a98d98e4b00679b4a830b2 and session id: MvpdC855TbOt73P1lUrutVHdxyL7_DvQ
Carts merged.
Sent cookies.
[0mGET /login [32m200 [0m10.333 ms - 13[0m
Request received with body: {}
Received response: "{\n  \"_embedded\" : {\n    \"customerOrders\" : [ ]\n  },\n  \"_links\" : {\n    \"self\" : {\n      \"href\" : \"http://orders/orders/search/customerId?sort=date&custId=57a98d98e4b00679b4a830b2\"\n    }\n  }\n}"
[0mGET /orders [32m201 [0m4.127 ms - -[0m
[0mGET /catalogue [32m200 [0m2.803 ms - -[0m
Received login request
{"user":{"firstName":"User","lastName":"Name","username":"user","id":"57a98d98e4b00679b4a830b2","_links":{"addresses":{"href":"http://user/customers/57a98d98e4b00679b4a830b2/addresses"},"cards":{"href":"http://user/customers/57a98d98e4b00679b4a830b2/cards"},"customer":{"href":"http://user/customers/57a98d98e4b00679b4a830b2"},"self":{"href":"http://user/customers/57a98d98e4b00679b4a830b2"}}}}

57a98d98e4b00679b4a830b2
Merging carts for customer id: 57a98d98e4b00679b4a830b2 and session id: -ax8Kkq5y9ubmPp18Wf8cQC3-YQInwy3
Carts merged.
Sent cookies.
[0mGET /login [32m200 [0m9.510 ms - 13[0m
Request received with body: {}
Received response: "{\n  \"_embedded\" : {\n    \"customerOrders\" : [ ]\n  },\n  \"_links\" : {\n    \"self\" : {\n      \"href\" : \"http://orders/orders/search/customerId?sort=date&custId=57a98d98e4b00679b4a830b2\"\n    }\n  }\n}"
[0mGET /orders [32m201 [0m4.748 ms - -[0m
[0mGET /catalogue [32m200 [0m2.966 ms - -[0m
Received login request
{"user":{"firstName":"User","lastName":"Name","username":"user","id":"57a98d98e4b00679b4a830b2","_links":{"addresses":{"href":"http://user/customers/57a98d98e4b00679b4a830b2/addresses"},"cards":{"href":"http://user/customers/57a98d98e4b00679b4a830b2/cards"},"customer":{"href":"http://user/customers/57a98d98e4b00679b4a830b2"},"self":{"href":"http://user/customers/57a98d98e4b00679b4a830b2"}}}}

57a98d98e4b00679b4a830b2
Merging carts for customer id: 57a98d98e4b00679b4a830b2 and session id: bZ8LO-kNS_nucPw_IZq5yDmR1_aXi_rB
Carts merged.
Sent cookies.
[0mGET /login [32m200 [0m10.458 ms - 13[0m
Request received with body: {}
Received response: "{\n  \"_embedded\" : {\n    \"customerOrders\" : [ ]\n  },\n  \"_links\" : {\n    \"self\" : {\n      \"href\" : \"http://orders/orders/search/customerId?sort=date&custId=57a98d98e4b00679b4a830b2\"\n    }\n  }\n}"
[0mGET /orders [32m201 [0m3.886 ms - -[0m
[0mGET /catalogue [32m200 [0m3.239 ms - -[0m
Received login request
{"user":{"firstName":"User","lastName":"Name","username":"user","id":"57a98d98e4b00679b4a830b2","_links":{"addresses":{"href":"http://user/customers/57a98d98e4b00679b4a830b2/addresses"},"cards":{"href":"http://user/customers/57a98d98e4b00679b4a830b2/cards"},"customer":{"href":"http://user/customers/57a98d98e4b00679b4a830b2"},"self":{"href":"http://user/customers/57a98d98e4b00679b4a830b2"}}}}

57a98d98e4b00679b4a830b2
Merging carts for customer id: 57a98d98e4b00679b4a830b2 and session id: mu4Ejxz2x_jZ7Z2dVHJVmJ_F8xhTEZnf
Carts merged.
Sent cookies.
[0mGET /login [32m200 [0m10.839 ms - 13[0m
Request received with body: {}
Received response: "{\n  \"_embedded\" : {\n    \"customerOrders\" : [ ]\n  },\n  \"_links\" : {\n    \"self\" : {\n      \"href\" : \"http://orders/orders/search/customerId?sort=date&custId=57a98d98e4b00679b4a830b2\"\n    }\n  }\n}"
[0mGET /orders [32m201 [0m4.325 ms - -[0m
[0mGET /catalogue [32m200 [0m2.754 ms - -[0m
Received login request
{"user":{"firstName":"User","lastName":"Name","username":"user","id":"57a98d98e4b00679b4a830b2","_links":{"addresses":{"href":"http://user/customers/57a98d98e4b00679b4a830b2/addresses"},"cards":{"href":"http://user/customers/57a98d98e4b00679b4a830b2/cards"},"customer":{"href":"http://user/customers/57a98d98e4b00679b4a830b2"},"self":{"href":"http://user/customers/57a98d98e4b00679b4a830b2"}}}}

57a98d98e4b00679b4a830b2
Merging carts for customer id: 57a98d98e4b00679b4a830b2 and session id: mUPceoVhYxZAXusOPpi90OWx2KTEhuPE
Carts merged.
Sent cookies.
[0mGET /login [32m200 [0m9.785 ms - 13[0m
Request received with body: {}
Received response: "{\n  \"_embedded\" : {\n    \"customerOrders\" : [ ]\n  },\n  \"_links\" : {\n    \"self\" : {\n      \"href\" : \"http://orders/orders/search/customerId?sort=date&custId=57a98d98e4b00679b4a830b2\"\n    }\n  }\n}"
[0mGET /orders [32m201 [0m3.796 ms - -[0m
[0mGET /catalogue [32m200 [0m2.785 ms - -[0m
Received login request
{"user":{"firstName":"User","lastName":"Name","username":"user","id":"57a98d98e4b00679b4a830b2","_links":{"addresses":{"href":"http://user/customers/57a98d98e4b00679b4a830b2/addresses"},"cards":{"href":"http://user/customers/57a98d98e4b00679b4a830b2/cards"},"customer":{"href":"http://user/customers/57a98d98e4b00679b4a830b2"},"self":{"href":"http://user/customers/57a98d98e4b00679b4a830b2"}}}}

57a98d98e4b00679b4a830b2
Merging carts for customer id: 57a98d98e4b00679b4a830b2 and session id: YSj5mFLuH4zri6mJcSt-qAZ5119_fNw6
Carts merged.
Sent cookies.
[0mGET /login [32m200 [0m10.947 ms - 13[0m
Request received with body: {}
Received response: "{\n  \"_embedded\" : {\n    \"customerOrders\" : [ ]\n  },\n  \"_links\" : {\n    \"self\" : {\n      \"href\" : \"http://orders/orders/search/customerId?sort=date&custId=57a98d98e4b00679b4a830b2\"\n    }\n  }\n}"
[0mGET /orders [32m201 [0m3.953 ms - -[0m
[0mGET /catalogue [32m200 [0m2.818 ms - -[0m
Received login request
{"user":{"firstName":"User","lastName":"Name","username":"user","id":"57a98d98e4b00679b4a830b2","_links":{"addresses":{"href":"http://user/customers/57a98d98e4b00679b4a830b2/addresses"},"cards":{"href":"http://user/customers/57a98d98e4b00679b4a830b2/cards"},"customer":{"href":"http://user/customers/57a98d98e4b00679b4a830b2"},"self":{"href":"http://user/customers/57a98d98e4b00679b4a830b2"}}}}

57a98d98e4b00679b4a830b2
Merging carts for customer id: 57a98d98e4b00679b4a830b2 and session id: qSOx050fMjV8C5p77wl-OSdz5URNCXI8
Carts merged.
Sent cookies.
[0mGET /login [32m200 [0m9.401 ms - 13[0m
Request received with body: {}
Received response: "{\n  \"_embedded\" : {\n    \"customerOrders\" : [ ]\n  },\n  \"_links\" : {\n    \"self\" : {\n      \"href\" : \"http://orders/orders/search/customerId?sort=date&custId=57a98d98e4b00679b4a830b2\"\n    }\n  }\n}"
[0mGET /orders [32m201 [0m3.862 ms - -[0m
[0mGET /catalogue [32m200 [0m3.319 ms - -[0m
Received login request
{"user":{"firstName":"User","lastName":"Name","username":"user","id":"57a98d98e4b00679b4a830b2","_links":{"addresses":{"href":"http://user/customers/57a98d98e4b00679b4a830b2/addresses"},"cards":{"href":"http://user/customers/57a98d98e4b00679b4a830b2/cards"},"customer":{"href":"http://user/customers/57a98d98e4b00679b4a830b2"},"self":{"href":"http://user/customers/57a98d98e4b00679b4a830b2"}}}}

57a98d98e4b00679b4a830b2
Merging carts for customer id: 57a98d98e4b00679b4a830b2 and session id: xB78LXebCSYFphHrBHPo_FNGx33t2pui
Carts merged.
Sent cookies.
[0mGET /login [32m200 [0m9.632 ms - 13[0m
Request received with body: {}
Received response: "{\n  \"_embedded\" : {\n    \"customerOrders\" : [ ]\n  },\n  \"_links\" : {\n    \"self\" : {\n      \"href\" : \"http://orders/orders/search/customerId?sort=date&custId=57a98d98e4b00679b4a830b2\"\n    }\n  }\n}"
[0mGET /orders [32m201 [0m3.889 ms - -[0m
[0mGET /catalogue [32m200 [0m2.842 ms - -[0m
Received login request
{"user":{"firstName":"User","lastName":"Name","username":"user","id":"57a98d98e4b00679b4a830b2","_links":{"addresses":{"href":"http://user/customers/57a98d98e4b00679b4a830b2/addresses"},"cards":{"href":"http://user/customers/57a98d98e4b00679b4a830b2/cards"},"customer":{"href":"http://user/customers/57a98d98e4b00679b4a830b2"},"self":{"href":"http://user/customers/57a98d98e4b00679b4a830b2"}}}}

57a98d98e4b00679b4a830b2
Merging carts for customer id: 57a98d98e4b00679b4a830b2 and session id: m7Sot-kS3ZewX2ny6TQ85TAB6Fu4KoUC
Carts merged.
Sent cookies.
[0mGET /login [32m200 [0m9.661 ms - 13[0m
Request received with body: {}
Received response: "{\n  \"_embedded\" : {\n    \"customerOrders\" : [ ]\n  },\n  \"_links\" : {\n    \"self\" : {\n      \"href\" : \"http://orders/orders/search/customerId?sort=date&custId=57a98d98e4b00679b4a830b2\"\n    }\n  }\n}"
[0mGET /orders [32m201 [0m3.807 ms - -[0m
