ts=2026-08-16T08:20:56Z caller=logging.go:36 method=List tags= order=id pageNum=1 pageSize=10 result=9 err=null took=742.32碌s
ts=2026-08-16T08:20:57Z caller=logging.go:85 method=Health result=2 took=29.958碌s
ts=2026-08-16T08:20:57Z caller=logging.go:85 method=Health result=2 took=39.237碌s
ts=2026-08-16T08:20:58Z caller=logging.go:36 method=List tags= order=id pageNum=1 pageSize=10 result=9 err=null took=705.829碌s
ts=2026-08-16T08:21:00Z caller=logging.go:85 method=Health result=2 took=27.093碌s
ts=2026-08-16T08:21:00Z caller=logging.go:85 method=Health result=2 took=34.807碌s
ts=2026-08-16T08:21:01Z caller=logging.go:36 method=List tags= order=id pageNum=1 pageSize=10 result=9 err=null took=786.245碌s
ts=2026-08-16T08:21:03Z caller=logging.go:85 method=Health result=2 took=26.732碌s
ts=2026-08-16T08:21:03Z caller=logging.go:36 method=List tags= order=id pageNum=1 pageSize=10 result=9 err=null took=770.415碌s
ts=2026-08-16T08:21:03Z caller=logging.go:85 method=Health result=2 took=27.914碌s
ts=2026-08-16T08:21:06Z caller=logging.go:85 method=Health result=2 took=28.224碌s
ts=2026-08-16T08:21:06Z caller=logging.go:36 method=List tags= order=id pageNum=1 pageSize=10 result=9 err=null took=724.475碌s
ts=2026-08-16T08:21:06Z caller=logging.go:85 method=Health result=2 took=27.383碌s
ts=2026-08-16T08:21:09Z caller=logging.go:85 method=Health result=2 took=26.652碌s
ts=2026-08-16T08:21:09Z caller=logging.go:36 method=List tags= order=id pageNum=1 pageSize=10 result=9 err=null took=722.872碌s
ts=2026-08-16T08:21:09Z caller=logging.go:85 method=Health result=2 took=27.423碌s
ts=2026-08-16T08:21:12Z caller=logging.go:85 method=Health result=2 took=32.152碌s
ts=2026-08-16T08:21:12Z caller=logging.go:36 method=List tags= order=id pageNum=1 pageSize=10 result=9 err=null took=762.916碌s
ts=2026-08-16T08:21:12Z caller=logging.go:85 method=Health result=2 took=49.977碌s
ts=2026-08-16T08:21:15Z caller=logging.go:85 method=Health result=2 took=29.948碌s
ts=2026-08-16T08:21:15Z caller=logging.go:36 method=List tags= order=id pageNum=1 pageSize=10 result=9 err=null took=765.909碌s
ts=2026-08-16T08:21:15Z caller=logging.go:85 method=Health result=2 took=31.371碌s
ts=2026-08-16T08:21:18Z caller=logging.go:85 method=Health result=2 took=27.543碌s
ts=2026-08-16T08:21:18Z caller=logging.go:85 method=Health result=2 took=27.102碌s
ts=2026-08-16T08:21:18Z caller=logging.go:36 method=List tags= order=id pageNum=1 pageSize=10 result=9 err=null took=724.795碌s
ts=2026-08-16T08:21:21Z caller=logging.go:85 method=Health result=2 took=28.976碌s
ts=2026-08-16T08:21:21Z caller=logging.go:85 method=Health result=2 took=37.252碌s
ts=2026-08-16T08:21:21Z caller=logging.go:36 method=List tags= order=id pageNum=1 pageSize=10 result=9 err=null took=747.565碌s
ts=2026-08-16T08:21:24Z caller=logging.go:85 method=Health result=2 took=28.204碌s
ts=2026-08-16T08:21:24Z caller=logging.go:85 method=Health result=2 took=28.185碌s
ts=2026-08-16T08:21:24Z caller=logging.go:36 method=List tags= order=id pageNum=1 pageSize=10 result=9 err=null took=844.805碌s
ts=2026-08-16T08:21:27Z caller=logging.go:85 method=Health result=2 took=29.577碌s
ts=2026-08-16T08:21:27Z caller=logging.go:85 method=Health result=2 took=27.423碌s
ts=2026-08-16T08:21:27Z caller=logging.go:36 method=List tags= order=id pageNum=1 pageSize=10 result=9 err=null took=701.803碌s
ts=2026-08-16T08:21:30Z caller=logging.go:85 method=Health result=2 took=31.571碌s
ts=2026-08-16T08:21:30Z caller=logging.go:85 method=Health result=2 took=29.066碌s
ts=2026-08-16T08:21:30Z caller=logging.go:36 method=List tags= order=id pageNum=1 pageSize=10 result=9 err=null took=812.14碌s
ts=2026-08-16T08:21:33Z caller=logging.go:85 method=Health result=2 took=29.026碌s
ts=2026-08-16T08:21:33Z caller=logging.go:85 method=Health result=2 took=48.043碌s
ts=2026-08-16T08:21:33Z caller=logging.go:36 method=List tags= order=id pageNum=1 pageSize=10 result=9 err=null took=743.392碌s
ts=2026-08-16T08:21:36Z caller=logging.go:85 method=Health result=2 took=29.016碌s
ts=2026-08-16T08:21:36Z caller=logging.go:85 method=Health result=2 took=39.907碌s
ts=2026-08-16T08:21:37Z caller=logging.go:36 method=List tags= order=id pageNum=1 pageSize=10 result=9 err=null took=734.99碌s
ts=2026-08-16T08:21:39Z caller=logging.go:85 method=Health result=2 took=33.024碌s
ts=2026-08-16T08:21:39Z caller=logging.go:85 method=Health result=2 took=31.291碌s
ts=2026-08-16T08:21:40Z caller=logging.go:36 method=List tags= order=id pageNum=1 pageSize=10 result=9 err=null took=682.173碌s
ts=2026-08-16T08:21:42Z caller=logging.go:85 method=Health result=2 took=27.283碌s
ts=2026-08-16T08:21:42Z caller=logging.go:85 method=Health result=2 took=34.848碌s
ts=2026-08-16T08:21:43Z caller=logging.go:36 method=List tags= order=id pageNum=1 pageSize=10 result=9 err=null took=776.796碌s
ts=2026-08-16T08:21:45Z caller=logging.go:85 method=Health result=2 took=27.233碌s
ts=2026-08-16T08:21:45Z caller=logging.go:85 method=Health result=2 took=28.395碌s
ts=2026-08-16T08:21:46Z caller=logging.go:36 method=List tags= order=id pageNum=1 pageSize=10 result=9 err=null took=733.829碌s
ts=2026-08-16T08:21:48Z caller=logging.go:85 method=Health result=2 took=28.064碌s
ts=2026-08-16T08:21:48Z caller=logging.go:85 method=Health result=2 took=27.864碌s
ts=2026-08-16T08:21:49Z caller=logging.go:36 method=List tags= order=id pageNum=1 pageSize=10 result=9 err=null took=753.231碌s
ts=2026-08-16T08:21:51Z caller=logging.go:85 method=Health result=2 took=29.978碌s
ts=2026-08-16T08:21:51Z caller=logging.go:85 method=Health result=2 took=29.518碌s
ts=2026-08-16T08:21:52Z caller=logging.go:36 method=List tags= order=id pageNum=1 pageSize=10 result=9 err=null took=712.858碌s
ts=2026-08-16T08:21:54Z caller=logging.go:85 method=Health result=2 took=34.026碌s
ts=2026-08-16T08:21:54Z caller=logging.go:85 method=Health result=2 took=26.651碌s
ts=2026-08-16T08:21:55Z caller=logging.go:36 method=List tags= order=id pageNum=1 pageSize=10 result=9 err=null took=736.959碌s
ts=2026-08-16T08:21:57Z caller=logging.go:85 method=Health result=2 took=28.165碌s
ts=2026-08-16T08:21:57Z caller=logging.go:85 method=Health result=2 took=28.866碌s
ts=2026-08-16T08:21:58Z caller=logging.go:36 method=List tags= order=id pageNum=1 pageSize=10 result=9 err=null took=723.191碌s
ts=2026-08-16T08:22:00Z caller=logging.go:85 method=Health result=2 took=28.044碌s
ts=2026-08-16T08:22:00Z caller=logging.go:85 method=Health result=2 took=28.796碌s
ts=2026-08-16T08:22:01Z caller=logging.go:36 method=List tags= order=id pageNum=1 pageSize=10 result=9 err=null took=752.487碌s
ts=2026-08-16T08:22:03Z caller=logging.go:85 method=Health result=2 took=28.706碌s
ts=2026-08-16T08:22:03Z caller=logging.go:85 method=Health result=2 took=27.443碌s
ts=2026-08-16T08:22:04Z caller=logging.go:36 method=List tags= order=id pageNum=1 pageSize=10 result=9 err=null took=756.708碌s
ts=2026-08-16T08:22:06Z caller=logging.go:85 method=Health result=2 took=53.364碌s
ts=2026-08-16T08:22:06Z caller=logging.go:85 method=Health result=2 took=32.613碌s
ts=2026-08-16T08:22:07Z caller=logging.go:36 method=List tags= order=id pageNum=1 pageSize=10 result=9 err=null took=746.778碌s
ts=2026-08-16T08:22:07Z caller=logging.go:36 method=List tags= order=id pageNum=1 pageSize=10 result=9 err=null took=750.321碌s
ts=2026-08-16T08:22:07Z caller=logging.go:36 method=List tags= order=id pageNum=1 pageSize=10 result=9 err=null took=702.012碌s
ts=2026-08-16T08:22:08Z caller=logging.go:36 method=List tags= order=id pageNum=1 pageSize=10 result=9 err=null took=716.45碌s
ts=2026-08-16T08:22:08Z caller=logging.go:36 method=List tags= order=id pageNum=1 pageSize=10 result=9 err=null took=701.462碌s
ts=2026-08-16T08:22:08Z caller=logging.go:36 method=List tags= order=id pageNum=1 pageSize=10 result=9 err=null took=719.727碌s
ts=2026-08-16T08:22:09Z caller=logging.go:85 method=Health result=2 took=43.915碌s
ts=2026-08-16T08:22:09Z caller=logging.go:36 method=List tags= order=id pageNum=1 pageSize=10 result=9 err=null took=715.814碌s
ts=2026-08-16T08:22:09Z caller=logging.go:36 method=List tags= order=id pageNum=1 pageSize=10 result=9 err=null took=665.41碌s
ts=2026-08-16T08:22:09Z caller=logging.go:36 method=List tags= order=id pageNum=1 pageSize=10 result=9 err=null took=746.498碌s
ts=2026-08-16T08:22:09Z caller=logging.go:36 method=List tags= order=id pageNum=1 pageSize=10 result=9 err=null took=687.854碌s
ts=2026-08-16T08:22:09Z caller=logging.go:85 method=Health result=2 took=28.485碌s
ts=2026-08-16T08:22:12Z caller=logging.go:85 method=Health result=2 took=25.911碌s
ts=2026-08-16T08:22:12Z caller=logging.go:85 method=Health result=2 took=31.992碌s
ts=2026-08-16T08:22:15Z caller=logging.go:85 method=Health result=2 took=27.083碌s
ts=2026-08-16T08:22:15Z caller=logging.go:85 method=Health result=2 took=27.935碌s
ts=2026-08-16T08:22:18Z caller=logging.go:85 method=Health result=2 took=30.039碌s
ts=2026-08-16T08:22:18Z caller=logging.go:85 method=Health result=2 took=36.22碌s
ts=2026-08-16T08:22:21Z caller=logging.go:85 method=Health result=2 took=37.333碌s
ts=2026-08-16T08:22:21Z caller=logging.go:85 method=Health result=2 took=27.764碌s
ts=2026-08-16T08:22:24Z caller=logging.go:85 method=Health result=2 took=27.423碌s
ts=2026-08-16T08:22:24Z caller=logging.go:85 method=Health result=2 took=31.41碌s
ts=2026-08-16T08:22:27Z caller=logging.go:85 method=Health result=2 took=27.424碌s
ts=2026-08-16T08:22:27Z caller=logging.go:85 method=Health result=2 took=32.333碌s
ts=2026-08-16T08:22:30Z caller=logging.go:85 method=Health result=2 took=28.265碌s
ts=2026-08-16T08:22:30Z caller=logging.go:85 method=Health result=2 took=52.021碌s
ts=2026-08-16T08:22:33Z caller=logging.go:85 method=Health result=2 took=28.214碌s
ts=2026-08-16T08:22:33Z caller=logging.go:85 method=Health result=2 took=26.882碌s
ts=2026-08-16T08:22:36Z caller=logging.go:85 method=Health result=2 took=25.91碌s
ts=2026-08-16T08:22:36Z caller=logging.go:85 method=Health result=2 took=28.415碌s
ts=2026-08-16T08:22:39Z caller=logging.go:85 method=Health result=2 took=25.88碌s
ts=2026-08-16T08:22:39Z caller=logging.go:85 method=Health result=2 took=26.962碌s
ts=2026-08-16T08:22:39Z caller=logging.go:36 method=List tags= order=id pageNum=1 pageSize=10 result=9 err=null took=734.952碌s
ts=2026-08-16T08:22:41Z caller=logging.go:36 method=List tags= order=id pageNum=1 pageSize=10 result=9 err=null took=845.477碌s
ts=2026-08-16T08:22:42Z caller=logging.go:85 method=Health result=2 took=27.143碌s
ts=2026-08-16T08:22:42Z caller=logging.go:85 method=Health result=2 took=28.385碌s
ts=2026-08-16T08:22:43Z caller=logging.go:36 method=List tags= order=id pageNum=1 pageSize=10 result=9 err=null took=718.339碌s
ts=2026-08-16T08:22:45Z caller=logging.go:85 method=Health result=2 took=27.393碌s
ts=2026-08-16T08:22:45Z caller=logging.go:85 method=Health result=2 took=29.207碌s
ts=2026-08-16T08:22:45Z caller=logging.go:36 method=List tags= order=id pageNum=1 pageSize=10 result=9 err=null took=764.819碌s
ts=2026-08-16T08:22:47Z caller=logging.go:36 method=List tags= order=id pageNum=1 pageSize=10 result=9 err=null took=750.216碌s
ts=2026-08-16T08:22:48Z caller=logging.go:85 method=Health result=2 took=30.088碌s
ts=2026-08-16T08:22:48Z caller=logging.go:85 method=Health result=2 took=28.195碌s
ts=2026-08-16T08:22:49Z caller=logging.go:36 method=List tags= order=id pageNum=1 pageSize=10 result=9 err=null took=908.309碌s
ts=2026-08-16T08:22:51Z caller=logging.go:85 method=Health result=2 took=34.818碌s
ts=2026-08-16T08:22:51Z caller=logging.go:85 method=Health result=2 took=28.265碌s
ts=2026-08-16T08:22:52Z caller=logging.go:36 method=List tags= order=id pageNum=1 pageSize=10 result=9 err=null took=762.057碌s
ts=2026-08-16T08:22:54Z caller=logging.go:85 method=Health result=2 took=35.789碌s
ts=2026-08-16T08:22:54Z caller=logging.go:85 method=Health result=2 took=30.118碌s
ts=2026-08-16T08:22:56Z caller=logging.go:36 method=List tags= order=id pageNum=1 pageSize=10 result=9 err=null took=748.421碌s
ts=2026-08-16T08:22:57Z caller=logging.go:85 method=Health result=2 took=27.383碌s
ts=2026-08-16T08:22:57Z caller=logging.go:85 method=Health result=2 took=26.751碌s
ts=2026-08-16T08:22:59Z caller=logging.go:36 method=List tags= order=id pageNum=1 pageSize=10 result=9 err=null took=808.106碌s
ts=2026-08-16T08:23:00Z caller=logging.go:85 method=Health result=2 took=27.313碌s
ts=2026-08-16T08:23:00Z caller=logging.go:85 method=Health result=2 took=27.383碌s
ts=2026-08-16T08:23:02Z caller=logging.go:36 method=List tags= order=id pageNum=1 pageSize=10 result=9 err=null took=743.507碌s
ts=2026-08-16T08:23:03Z caller=logging.go:85 method=Health result=2 took=30.269碌s
ts=2026-08-16T08:23:03Z caller=logging.go:85 method=Health result=2 took=27.823碌s
ts=2026-08-16T08:23:05Z caller=logging.go:36 method=List tags= order=id pageNum=1 pageSize=10 result=9 err=null took=708.976碌s
ts=2026-08-16T08:23:06Z caller=logging.go:85 method=Health result=2 took=30.268碌s
ts=2026-08-16T08:23:06Z caller=logging.go:85 method=Health result=2 took=42.934碌s
ts=2026-08-16T08:23:08Z caller=logging.go:36 method=List tags= order=id pageNum=1 pageSize=10 result=9 err=null took=722.357碌s
ts=2026-08-16T08:23:09Z caller=logging.go:85 method=Health result=2 took=32.584碌s
ts=2026-08-16T08:23:09Z caller=logging.go:85 method=Health result=2 took=27.784碌s
ts=2026-08-16T08:23:11Z caller=logging.go:36 method=List tags= order=id pageNum=1 pageSize=10 result=9 err=null took=928.806碌s
ts=2026-08-16T08:23:12Z caller=logging.go:85 method=Health result=2 took=28.034碌s
ts=2026-08-16T08:23:12Z caller=logging.go:85 method=Health result=2 took=28.866碌s
ts=2026-08-16T08:23:14Z caller=logging.go:36 method=List tags= order=id pageNum=1 pageSize=10 result=9 err=null took=721.79碌s
ts=2026-08-16T08:23:15Z caller=logging.go:85 method=Health result=2 took=27.173碌s
ts=2026-08-16T08:23:15Z caller=logging.go:85 method=Health result=2 took=27.323碌s
ts=2026-08-16T08:23:17Z caller=logging.go:36 method=List tags= order=id pageNum=1 pageSize=10 result=9 err=null took=751.137碌s
ts=2026-08-16T08:23:18Z caller=logging.go:85 method=Health result=2 took=26.631碌s
ts=2026-08-16T08:23:18Z caller=logging.go:85 method=Health result=2 took=30.569碌s
ts=2026-08-16T08:23:20Z caller=logging.go:36 method=List tags= order=id pageNum=1 pageSize=10 result=9 err=null took=720.297碌s
ts=2026-08-16T08:23:21Z caller=logging.go:85 method=Health result=2 took=27.783碌s
ts=2026-08-16T08:23:21Z caller=logging.go:85 method=Health result=2 took=30.91碌s
ts=2026-08-16T08:23:23Z caller=logging.go:36 method=List tags= order=id pageNum=1 pageSize=10 result=9 err=null took=711.759碌s
ts=2026-08-16T08:23:24Z caller=logging.go:85 method=Health result=2 took=27.253碌s
ts=2026-08-16T08:23:24Z caller=logging.go:85 method=Health result=2 took=37.021碌s
ts=2026-08-16T08:23:26Z caller=logging.go:36 method=List tags= order=id pageNum=1 pageSize=10 result=9 err=null took=784.498碌s
ts=2026-08-16T08:23:27Z caller=logging.go:85 method=Health result=2 took=27.033碌s
ts=2026-08-16T08:23:27Z caller=logging.go:85 method=Health result=2 took=27.463碌s
ts=2026-08-16T08:23:29Z caller=logging.go:36 method=List tags= order=id pageNum=1 pageSize=10 result=9 err=null took=740.901碌s
ts=2026-08-16T08:23:30Z caller=logging.go:85 method=Health result=2 took=50.998碌s
ts=2026-08-16T08:23:30Z caller=logging.go:85 method=Health result=2 took=27.433碌s
ts=2026-08-16T08:23:33Z caller=logging.go:85 method=Health result=2 took=28.205碌s
ts=2026-08-16T08:23:33Z caller=logging.go:36 method=List tags= order=id pageNum=1 pageSize=10 result=9 err=null took=755.559碌s
ts=2026-08-16T08:23:33Z caller=logging.go:85 method=Health result=2 took=36碌s
ts=2026-08-16T08:23:36Z caller=logging.go:85 method=Health result=2 took=28.776碌s
ts=2026-08-16T08:23:36Z caller=logging.go:36 method=List tags= order=id pageNum=1 pageSize=10 result=9 err=null took=771.163碌s
ts=2026-08-16T08:23:36Z caller=logging.go:85 method=Health result=2 took=28.094碌s
ts=2026-08-16T08:23:39Z caller=logging.go:85 method=Health result=2 took=29.958碌s
ts=2026-08-16T08:23:39Z caller=logging.go:36 method=List tags= order=id pageNum=1 pageSize=10 result=9 err=null took=786.035碌s
ts=2026-08-16T08:23:39Z caller=logging.go:85 method=Health result=2 took=29.928碌s
ts=2026-08-16T08:23:42Z caller=logging.go:85 method=Health result=2 took=29.868碌s
ts=2026-08-16T08:23:42Z caller=logging.go:36 method=List tags= order=id pageNum=1 pageSize=10 result=9 err=null took=801.723碌s
ts=2026-08-16T08:23:42Z caller=logging.go:85 method=Health result=2 took=47.703碌s
ts=2026-08-16T08:23:45Z caller=logging.go:85 method=Health result=2 took=43.244碌s
ts=2026-08-16T08:23:45Z caller=logging.go:36 method=List tags= order=id pageNum=1 pageSize=10 result=9 err=null took=708.461碌s
ts=2026-08-16T08:23:45Z caller=logging.go:85 method=Health result=2 took=29.998碌s
ts=2026-08-16T08:23:48Z caller=logging.go:85 method=Health result=2 took=29.347碌s
ts=2026-08-16T08:23:48Z caller=logging.go:36 method=List tags= order=id pageNum=1 pageSize=10 result=9 err=null took=775.085碌s
ts=2026-08-16T08:23:48Z caller=logging.go:85 method=Health result=2 took=27.414碌s
ts=2026-08-16T08:23:51Z caller=logging.go:85 method=Health result=2 took=32.203碌s
ts=2026-08-16T08:23:51Z caller=logging.go:36 method=List tags= order=id pageNum=1 pageSize=10 result=9 err=null took=789.918碌s
ts=2026-08-16T08:23:51Z caller=logging.go:85 method=Health result=2 took=19.318碌s
ts=2026-08-16T08:23:54Z caller=logging.go:85 method=Health result=2 took=36.34碌s
ts=2026-08-16T08:23:54Z caller=logging.go:36 method=List tags= order=id pageNum=1 pageSize=10 result=9 err=null took=742.562碌s
ts=2026-08-16T08:23:54Z caller=logging.go:36 method=List tags= order=id pageNum=1 pageSize=10 result=9 err=null took=720.227碌s
ts=2026-08-16T08:23:54Z caller=logging.go:36 method=List tags= order=id pageNum=1 pageSize=10 result=9 err=null took=815.166碌s
ts=2026-08-16T08:23:54Z caller=logging.go:85 method=Health result=2 took=2.17683ms
ts=2026-08-16T08:23:54Z caller=logging.go:36 method=List tags= order=id pageNum=1 pageSize=10 result=9 err=null took=726.358碌s
ts=2026-08-16T08:23:54Z caller=logging.go:36 method=List tags= order=id pageNum=1 pageSize=10 result=9 err=null took=1.240488ms
ts=2026-08-16T08:23:55Z caller=logging.go:36 method=List tags= order=id pageNum=1 pageSize=10 result=9 err=null took=749.429碌s
ts=2026-08-16T08:23:55Z caller=logging.go:36 method=List tags= order=id pageNum=1 pageSize=10 result=9 err=null took=1.048253ms
ts=2026-08-16T08:23:55Z caller=logging.go:36 method=List tags= order=id pageNum=1 pageSize=10 result=9 err=null took=800.763碌s
ts=2026-08-16T08:23:55Z caller=logging.go:36 method=List tags= order=id pageNum=1 pageSize=10 result=9 err=null took=733.564碌s
ts=2026-08-16T08:23:55Z caller=logging.go:36 method=List tags= order=id pageNum=1 pageSize=10 result=9 err=null took=719.481碌s
ts=2026-08-16T08:23:57Z caller=logging.go:85 method=Health result=2 took=29.296碌s
ts=2026-08-16T08:23:57Z caller=logging.go:85 method=Health result=2 took=26.411碌s
ts=2026-08-16T08:24:00Z caller=logging.go:85 method=Health result=2 took=32.012碌s
ts=2026-08-16T08:24:00Z caller=logging.go:85 method=Health result=2 took=27.393碌s
ts=2026-08-16T08:24:03Z caller=logging.go:85 method=Health result=2 took=27.513碌s
ts=2026-08-16T08:24:03Z caller=logging.go:85 method=Health result=2 took=27.743碌s
ts=2026-08-16T08:24:06Z caller=logging.go:85 method=Health result=2 took=29.197碌s
ts=2026-08-16T08:24:06Z caller=logging.go:85 method=Health result=2 took=29.769碌s
ts=2026-08-16T08:24:09Z caller=logging.go:85 method=Health result=2 took=27.604碌s
ts=2026-08-16T08:24:09Z caller=logging.go:85 method=Health result=2 took=27.674碌s
ts=2026-08-16T08:24:12Z caller=logging.go:85 method=Health result=2 took=27.222碌s
ts=2026-08-16T08:24:12Z caller=logging.go:85 method=Health result=2 took=30.379碌s
ts=2026-08-16T08:24:15Z caller=logging.go:85 method=Health result=2 took=26.992碌s
ts=2026-08-16T08:24:15Z caller=logging.go:85 method=Health result=2 took=27.063碌s
ts=2026-08-16T08:24:18Z caller=logging.go:85 method=Health result=2 took=28.205碌s
ts=2026-08-16T08:24:18Z caller=logging.go:85 method=Health result=2 took=36.39碌s
ts=2026-08-16T08:24:21Z caller=logging.go:85 method=Health result=2 took=28.164碌s
ts=2026-08-16T08:24:21Z caller=logging.go:85 method=Health result=2 took=29.316碌s
ts=2026-08-16T08:24:24Z caller=logging.go:85 method=Health result=2 took=75.025碌s
ts=2026-08-16T08:24:24Z caller=logging.go:85 method=Health result=2 took=28.415碌s
ts=2026-08-16T08:24:26Z caller=logging.go:36 method=List tags= order=id pageNum=1 pageSize=10 result=9 err=null took=743.782碌s
ts=2026-08-16T08:24:27Z caller=logging.go:85 method=Health result=2 took=31.431碌s
ts=2026-08-16T08:24:27Z caller=logging.go:85 method=Health result=2 took=26.752碌s
ts=2026-08-16T08:24:28Z caller=logging.go:36 method=List tags= order=id pageNum=1 pageSize=10 result=9 err=null took=722.12碌s
ts=2026-08-16T08:24:30Z caller=logging.go:85 method=Health result=2 took=26.942碌s
ts=2026-08-16T08:24:30Z caller=logging.go:36 method=List tags= order=id pageNum=1 pageSize=10 result=9 err=null took=741.814碌s
ts=2026-08-16T08:24:30Z caller=logging.go:85 method=Health result=2 took=28.896碌s
ts=2026-08-16T08:24:32Z caller=logging.go:36 method=List tags= order=id pageNum=1 pageSize=10 result=9 err=null took=844.259碌s
ts=2026-08-16T08:24:33Z caller=logging.go:85 method=Health result=2 took=32.373碌s
ts=2026-08-16T08:24:33Z caller=logging.go:85 method=Health result=2 took=41.46碌s
ts=2026-08-16T08:24:34Z caller=logging.go:36 method=List tags= order=id pageNum=1 pageSize=10 result=9 err=null took=756.516碌s
ts=2026-08-16T08:24:36Z caller=logging.go:85 method=Health result=2 took=29.878碌s
ts=2026-08-16T08:24:36Z caller=logging.go:36 method=List tags= order=id pageNum=1 pageSize=10 result=9 err=null took=740.292碌s
ts=2026-08-16T08:24:36Z caller=logging.go:85 method=Health result=2 took=24.958碌s
ts=2026-08-16T08:24:39Z caller=logging.go:85 method=Health result=2 took=28.255碌s
ts=2026-08-16T08:24:39Z caller=logging.go:85 method=Health result=2 took=27.954碌s
ts=2026-08-16T08:24:39Z caller=logging.go:36 method=List tags= order=id pageNum=1 pageSize=10 result=9 err=null took=811.014碌s
ts=2026-08-16T08:24:42Z caller=logging.go:85 method=Health result=2 took=28.054碌s
ts=2026-08-16T08:24:42Z caller=logging.go:85 method=Health result=2 took=37.302碌s
ts=2026-08-16T08:24:42Z caller=logging.go:36 method=List tags= order=id pageNum=1 pageSize=10 result=9 err=null took=789.621碌s
ts=2026-08-16T08:24:45Z caller=logging.go:85 method=Health result=2 took=27.884碌s
ts=2026-08-16T08:24:45Z caller=logging.go:85 method=Health result=2 took=28.716碌s
ts=2026-08-16T08:24:45Z caller=logging.go:36 method=List tags= order=id pageNum=1 pageSize=10 result=9 err=null took=767.959碌s
ts=2026-08-16T08:24:48Z caller=logging.go:85 method=Health result=2 took=31.19碌s
ts=2026-08-16T08:24:48Z caller=logging.go:85 method=Health result=2 took=28.355碌s
ts=2026-08-16T08:24:48Z caller=logging.go:36 method=List tags= order=id pageNum=1 pageSize=10 result=9 err=null took=766.15碌s
ts=2026-08-16T08:24:51Z caller=logging.go:85 method=Health result=2 took=27.173碌s
ts=2026-08-16T08:24:51Z caller=logging.go:85 method=Health result=2 took=27.373碌s
ts=2026-08-16T08:24:51Z caller=logging.go:36 method=List tags= order=id pageNum=1 pageSize=10 result=9 err=null took=737.65碌s
ts=2026-08-16T08:24:54Z caller=logging.go:85 method=Health result=2 took=32.323碌s
ts=2026-08-16T08:24:54Z caller=logging.go:85 method=Health result=2 took=28.155碌s
ts=2026-08-16T08:24:54Z caller=logging.go:36 method=List tags= order=id pageNum=1 pageSize=10 result=9 err=null took=772.446碌s
ts=2026-08-16T08:24:57Z caller=logging.go:85 method=Health result=2 took=28.244碌s
ts=2026-08-16T08:24:57Z caller=logging.go:85 method=Health result=2 took=28.035碌s
ts=2026-08-16T08:24:58Z caller=logging.go:36 method=List tags= order=id pageNum=1 pageSize=10 result=9 err=null took=771.274碌s
ts=2026-08-16T08:25:00Z caller=logging.go:85 method=Health result=2 took=29.046碌s
ts=2026-08-16T08:25:00Z caller=logging.go:85 method=Health result=2 took=27.954碌s
ts=2026-08-16T08:25:01Z caller=logging.go:36 method=List tags= order=id pageNum=1 pageSize=10 result=9 err=null took=723.067碌s
ts=2026-08-16T08:25:03Z caller=logging.go:85 method=Health result=2 took=27.403碌s
ts=2026-08-16T08:25:03Z caller=logging.go:85 method=Health result=2 took=30.91碌s
ts=2026-08-16T08:25:04Z caller=logging.go:36 method=List tags= order=id pageNum=1 pageSize=10 result=9 err=null took=723.754碌s
ts=2026-08-16T08:25:06Z caller=logging.go:85 method=Health result=2 took=29.387碌s
ts=2026-08-16T08:25:06Z caller=logging.go:85 method=Health result=2 took=51.61碌s
ts=2026-08-16T08:25:07Z caller=logging.go:36 method=List tags= order=id pageNum=1 pageSize=10 result=9 err=null took=756.296碌s
ts=2026-08-16T08:25:09Z caller=logging.go:85 method=Health result=2 took=28.145碌s
ts=2026-08-16T08:25:09Z caller=logging.go:85 method=Health result=2 took=28.305碌s
ts=2026-08-16T08:25:10Z caller=logging.go:36 method=List tags= order=id pageNum=1 pageSize=10 result=9 err=null took=732.511碌s
ts=2026-08-16T08:25:12Z caller=logging.go:85 method=Health result=2 took=28.385碌s
ts=2026-08-16T08:25:12Z caller=logging.go:85 method=Health result=2 took=27.544碌s
ts=2026-08-16T08:25:13Z caller=logging.go:36 method=List tags= order=id pageNum=1 pageSize=10 result=9 err=null took=789.432碌s
ts=2026-08-16T08:25:15Z caller=logging.go:85 method=Health result=2 took=44.507碌s
ts=2026-08-16T08:25:15Z caller=logging.go:85 method=Health result=2 took=28.405碌s
ts=2026-08-16T08:25:16Z caller=logging.go:36 method=List tags= order=id pageNum=1 pageSize=10 result=9 err=null took=749.263碌s
ts=2026-08-16T08:25:18Z caller=logging.go:85 method=Health result=2 took=27.463碌s
ts=2026-08-16T08:25:18Z caller=logging.go:85 method=Health result=2 took=27.914碌s
ts=2026-08-16T08:25:19Z caller=logging.go:36 method=List tags= order=id pageNum=1 pageSize=10 result=9 err=null took=725.608碌s
ts=2026-08-16T08:25:21Z caller=logging.go:85 method=Health result=2 took=27.333碌s
ts=2026-08-16T08:25:21Z caller=logging.go:85 method=Health result=2 took=36.831碌s
ts=2026-08-16T08:25:22Z caller=logging.go:36 method=List tags= order=id pageNum=1 pageSize=10 result=9 err=null took=755.446碌s
ts=2026-08-16T08:25:24Z caller=logging.go:85 method=Health result=2 took=34.677碌s
ts=2026-08-16T08:25:24Z caller=logging.go:85 method=Health result=2 took=29.718碌s
ts=2026-08-16T08:25:25Z caller=logging.go:36 method=List tags= order=id pageNum=1 pageSize=10 result=9 err=null took=788.883碌s
ts=2026-08-16T08:25:27Z caller=logging.go:85 method=Health result=2 took=28.555碌s
ts=2026-08-16T08:25:27Z caller=logging.go:85 method=Health result=2 took=29.166碌s
ts=2026-08-16T08:25:28Z caller=logging.go:36 method=List tags= order=id pageNum=1 pageSize=10 result=9 err=null took=736.082碌s
ts=2026-08-16T08:25:30Z caller=logging.go:85 method=Health result=2 took=49.626碌s
ts=2026-08-16T08:25:30Z caller=logging.go:85 method=Health result=2 took=35.419碌s
ts=2026-08-16T08:25:31Z caller=logging.go:36 method=List tags= order=id pageNum=1 pageSize=10 result=9 err=null took=817.416碌s
ts=2026-08-16T08:25:33Z caller=logging.go:85 method=Health result=2 took=27.142碌s
ts=2026-08-16T08:25:33Z caller=logging.go:85 method=Health result=2 took=28.285碌s
ts=2026-08-16T08:25:35Z caller=logging.go:36 method=List tags= order=id pageNum=1 pageSize=10 result=9 err=null took=788.074碌s
ts=2026-08-16T08:25:36Z caller=logging.go:85 method=Health result=2 took=26.19碌s
ts=2026-08-16T08:25:36Z caller=logging.go:85 method=Health result=2 took=33.866碌s
ts=2026-08-16T08:25:38Z caller=logging.go:36 method=List tags= order=id pageNum=1 pageSize=10 result=9 err=null took=767.489碌s
ts=2026-08-16T08:25:39Z caller=logging.go:85 method=Health result=2 took=41.159碌s
ts=2026-08-16T08:25:39Z caller=logging.go:85 method=Health result=2 took=26.361碌s
ts=2026-08-16T08:25:40Z caller=logging.go:36 method=List tags= order=id pageNum=1 pageSize=10 result=9 err=null took=725.343碌s
ts=2026-08-16T08:25:40Z caller=logging.go:36 method=List tags= order=id pageNum=1 pageSize=10 result=9 err=null took=722.303碌s
ts=2026-08-16T08:25:41Z caller=logging.go:36 method=List tags= order=id pageNum=1 pageSize=10 result=9 err=null took=732.932碌s
ts=2026-08-16T08:25:41Z caller=logging.go:36 method=List tags= order=id pageNum=1 pageSize=10 result=9 err=null took=727.201碌s
ts=2026-08-16T08:25:41Z caller=logging.go:36 method=List tags= order=id pageNum=1 pageSize=10 result=9 err=null took=709.507碌s
ts=2026-08-16T08:25:41Z caller=logging.go:36 method=List tags= order=id pageNum=1 pageSize=10 result=9 err=null took=752.315碌s
ts=2026-08-16T08:25:42Z caller=logging.go:85 method=Health result=2 took=26.291碌s
ts=2026-08-16T08:25:42Z caller=logging.go:85 method=Health result=2 took=29.787碌s
ts=2026-08-16T08:25:43Z caller=logging.go:36 method=List tags= order=id pageNum=1 pageSize=10 result=9 err=null took=823.351碌s
ts=2026-08-16T08:25:45Z caller=logging.go:85 method=Health result=2 took=27.774碌s
ts=2026-08-16T08:25:45Z caller=logging.go:36 method=List tags= order=id pageNum=1 pageSize=10 result=9 err=null took=744.634碌s
ts=2026-08-16T08:25:45Z caller=logging.go:85 method=Health result=2 took=28.906碌s
ts=2026-08-16T08:25:46Z caller=logging.go:36 method=List tags= order=id pageNum=1 pageSize=10 result=9 err=null took=722.361碌s
ts=2026-08-16T08:25:48Z caller=logging.go:85 method=Health result=2 took=29.657碌s
ts=2026-08-16T08:25:48Z caller=logging.go:36 method=List tags= order=id pageNum=1 pageSize=10 result=9 err=null took=825.497碌s
ts=2026-08-16T08:25:48Z caller=logging.go:85 method=Health result=2 took=39.858碌s
ts=2026-08-16T08:25:51Z caller=logging.go:85 method=Health result=2 took=28.174碌s
ts=2026-08-16T08:25:51Z caller=logging.go:85 method=Health result=2 took=26.832碌s
ts=2026-08-16T08:25:54Z caller=logging.go:85 method=Health result=2 took=27.534碌s
ts=2026-08-16T08:25:54Z caller=logging.go:85 method=Health result=2 took=27.293碌s
ts=2026-08-16T08:25:57Z caller=logging.go:85 method=Health result=2 took=26.732碌s
ts=2026-08-16T08:25:57Z caller=logging.go:85 method=Health result=2 took=27.113碌s
ts=2026-08-16T08:26:00Z caller=logging.go:85 method=Health result=2 took=29.687碌s
ts=2026-08-16T08:26:00Z caller=logging.go:85 method=Health result=2 took=26.732碌s
ts=2026-08-16T08:26:03Z caller=logging.go:85 method=Health result=2 took=27.172碌s
ts=2026-08-16T08:26:03Z caller=logging.go:85 method=Health result=2 took=27.514碌s
ts=2026-08-16T08:26:06Z caller=logging.go:85 method=Health result=2 took=47.893碌s
ts=2026-08-16T08:26:06Z caller=logging.go:85 method=Health result=2 took=30.279碌s
ts=2026-08-16T08:26:09Z caller=logging.go:85 method=Health result=2 took=28.625碌s
ts=2026-08-16T08:26:09Z caller=logging.go:85 method=Health result=2 took=26.452碌s
ts=2026-08-16T08:26:12Z caller=logging.go:85 method=Health result=2 took=36.13碌s
ts=2026-08-16T08:26:12Z caller=logging.go:85 method=Health result=2 took=27.193碌s
ts=2026-08-16T08:26:12Z caller=logging.go:36 method=List tags= order=id pageNum=1 pageSize=10 result=9 err=null took=700.09碌s
ts=2026-08-16T08:26:14Z caller=logging.go:36 method=List tags= order=id pageNum=1 pageSize=10 result=9 err=null took=742.125碌s
ts=2026-08-16T08:26:15Z caller=logging.go:85 method=Health result=2 took=48.725碌s
ts=2026-08-16T08:26:15Z caller=logging.go:85 method=Health result=2 took=28.184碌s
ts=2026-08-16T08:26:16Z caller=logging.go:36 method=List tags= order=id pageNum=1 pageSize=10 result=9 err=null took=772.209碌s
ts=2026-08-16T08:26:18Z caller=logging.go:85 method=Health result=2 took=27.263碌s
ts=2026-08-16T08:26:18Z caller=logging.go:85 method=Health result=2 took=27.724碌s
ts=2026-08-16T08:26:18Z caller=logging.go:36 method=List tags= order=id pageNum=1 pageSize=10 result=9 err=null took=750.907碌s
ts=2026-08-16T08:26:21Z caller=logging.go:85 method=Health result=2 took=26.832碌s
ts=2026-08-16T08:26:21Z caller=logging.go:36 method=List tags= order=id pageNum=1 pageSize=10 result=9 err=null took=859.598碌s
ts=2026-08-16T08:26:21Z caller=logging.go:85 method=Health result=2 took=28.886碌s
ts=2026-08-16T08:26:23Z caller=logging.go:36 method=List tags= order=id pageNum=1 pageSize=10 result=9 err=null took=756.284碌s
ts=2026-08-16T08:26:24Z caller=logging.go:85 method=Health result=2 took=38.796碌s
ts=2026-08-16T08:26:24Z caller=logging.go:85 method=Health result=2 took=42.202碌s
ts=2026-08-16T08:26:26Z caller=logging.go:36 method=List tags= order=id pageNum=1 pageSize=10 result=9 err=null took=977.54碌s
ts=2026-08-16T08:26:27Z caller=logging.go:85 method=Health result=2 took=28.074碌s
ts=2026-08-16T08:26:27Z caller=logging.go:85 method=Health result=2 took=29.437碌s
ts=2026-08-16T08:26:29Z caller=logging.go:36 method=List tags= order=id pageNum=1 pageSize=10 result=9 err=null took=779.08碌s
ts=2026-08-16T08:26:30Z caller=logging.go:85 method=Health result=2 took=25.62碌s
ts=2026-08-16T08:26:30Z caller=logging.go:85 method=Health result=2 took=31.902碌s
ts=2026-08-16T08:26:32Z caller=logging.go:36 method=List tags= order=id pageNum=1 pageSize=10 result=9 err=null took=715.638碌s
ts=2026-08-16T08:26:33Z caller=logging.go:85 method=Health result=2 took=30.179碌s
ts=2026-08-16T08:26:33Z caller=logging.go:85 method=Health result=2 took=28.285碌s
ts=2026-08-16T08:26:35Z caller=logging.go:36 method=List tags= order=id pageNum=1 pageSize=10 result=9 err=null took=792.187碌s
ts=2026-08-16T08:26:36Z caller=logging.go:85 method=Health result=2 took=26.842碌s
ts=2026-08-16T08:26:36Z caller=logging.go:85 method=Health result=2 took=28.305碌s
ts=2026-08-16T08:26:38Z caller=logging.go:36 method=List tags= order=id pageNum=1 pageSize=10 result=9 err=null took=707.917碌s
ts=2026-08-16T08:26:39Z caller=logging.go:85 method=Health result=2 took=28.735碌s
ts=2026-08-16T08:26:39Z caller=logging.go:85 method=Health result=2 took=27.624碌s
ts=2026-08-16T08:26:41Z caller=logging.go:36 method=List tags= order=id pageNum=1 pageSize=10 result=9 err=null took=755.282碌s
ts=2026-08-16T08:26:42Z caller=logging.go:85 method=Health result=2 took=27.583碌s
ts=2026-08-16T08:26:42Z caller=logging.go:85 method=Health result=2 took=37.072碌s
ts=2026-08-16T08:26:44Z caller=logging.go:36 method=List tags= order=id pageNum=1 pageSize=10 result=9 err=null took=803.429碌s
ts=2026-08-16T08:26:45Z caller=logging.go:85 method=Health result=2 took=29.468碌s
ts=2026-08-16T08:26:45Z caller=logging.go:85 method=Health result=2 took=30.239碌s
ts=2026-08-16T08:26:47Z caller=logging.go:36 method=List tags= order=id pageNum=1 pageSize=10 result=9 err=null took=765.425碌s
ts=2026-08-16T08:26:48Z caller=logging.go:85 method=Health result=2 took=28.365碌s
ts=2026-08-16T08:26:48Z caller=logging.go:85 method=Health result=2 took=31.491碌s
ts=2026-08-16T08:26:50Z caller=logging.go:36 method=List tags= order=id pageNum=1 pageSize=10 result=9 err=null took=837.249碌s
ts=2026-08-16T08:26:51Z caller=logging.go:85 method=Health result=2 took=29.247碌s
ts=2026-08-16T08:26:51Z caller=logging.go:85 method=Health result=2 took=32.673碌s
ts=2026-08-16T08:26:53Z caller=logging.go:36 method=List tags= order=id pageNum=1 pageSize=10 result=9 err=null took=726.358碌s
ts=2026-08-16T08:26:54Z caller=logging.go:85 method=Health result=2 took=28.125碌s
ts=2026-08-16T08:26:54Z caller=logging.go:85 method=Health result=2 took=27.393碌s
ts=2026-08-16T08:26:57Z caller=logging.go:85 method=Health result=2 took=27.373碌s
ts=2026-08-16T08:26:57Z caller=logging.go:36 method=List tags= order=id pageNum=1 pageSize=10 result=9 err=null took=724.845碌s
ts=2026-08-16T08:26:57Z caller=logging.go:85 method=Health result=2 took=27.753碌s
ts=2026-08-16T08:27:00Z caller=logging.go:85 method=Health result=2 took=28.986碌s
ts=2026-08-16T08:27:00Z caller=logging.go:36 method=List tags= order=id pageNum=1 pageSize=10 result=9 err=null took=724.676碌s
ts=2026-08-16T08:27:00Z caller=logging.go:85 method=Health result=2 took=27.724碌s
ts=2026-08-16T08:27:03Z caller=logging.go:85 method=Health result=2 took=27.404碌s
ts=2026-08-16T08:27:03Z caller=logging.go:36 method=List tags= order=id pageNum=1 pageSize=10 result=9 err=null took=758.472碌s
ts=2026-08-16T08:27:03Z caller=logging.go:85 method=Health result=2 took=27.383碌s
ts=2026-08-16T08:27:06Z caller=logging.go:85 method=Health result=2 took=27.813碌s
ts=2026-08-16T08:27:06Z caller=logging.go:36 method=List tags= order=id pageNum=1 pageSize=10 result=9 err=null took=909.52碌s
ts=2026-08-16T08:27:06Z caller=logging.go:85 method=Health result=2 took=31.902碌s
ts=2026-08-16T08:27:09Z caller=logging.go:85 method=Health result=2 took=28.114碌s
ts=2026-08-16T08:27:09Z caller=logging.go:36 method=List tags= order=id pageNum=1 pageSize=10 result=9 err=null took=754.705碌s
ts=2026-08-16T08:27:09Z caller=logging.go:85 method=Health result=2 took=23.135碌s
ts=2026-08-16T08:27:12Z caller=logging.go:85 method=Health result=2 took=33.705碌s
ts=2026-08-16T08:27:12Z caller=logging.go:85 method=Health result=2 took=36.43碌s
ts=2026-08-16T08:27:12Z caller=logging.go:36 method=List tags= order=id pageNum=1 pageSize=10 result=9 err=null took=765.711碌s
ts=2026-08-16T08:27:15Z caller=logging.go:85 method=Health result=2 took=29.607碌s
ts=2026-08-16T08:27:15Z caller=logging.go:85 method=Health result=2 took=26.051碌s
ts=2026-08-16T08:27:15Z caller=logging.go:36 method=List tags= order=id pageNum=1 pageSize=10 result=9 err=null took=761.167碌s
ts=2026-08-16T08:27:18Z caller=logging.go:85 method=Health result=2 took=27.793碌s
ts=2026-08-16T08:27:18Z caller=logging.go:85 method=Health result=2 took=29.457碌s
ts=2026-08-16T08:27:18Z caller=logging.go:36 method=List tags= order=id pageNum=1 pageSize=10 result=9 err=null took=769.695碌s
ts=2026-08-16T08:27:21Z caller=logging.go:85 method=Health result=2 took=31.972碌s
ts=2026-08-16T08:27:21Z caller=logging.go:85 method=Health result=2 took=37.583碌s
ts=2026-08-16T08:27:21Z caller=logging.go:36 method=List tags= order=id pageNum=1 pageSize=10 result=9 err=null took=923.538碌s
ts=2026-08-16T08:27:24Z caller=logging.go:85 method=Health result=2 took=30.82碌s
ts=2026-08-16T08:27:24Z caller=logging.go:85 method=Health result=2 took=27.994碌s
ts=2026-08-16T08:27:24Z caller=logging.go:36 method=List tags= order=id pageNum=1 pageSize=10 result=9 err=null took=755.204碌s
ts=2026-08-16T08:27:27Z caller=logging.go:85 method=Health result=2 took=26.842碌s
ts=2026-08-16T08:27:27Z caller=logging.go:85 method=Health result=2 took=26.572碌s
ts=2026-08-16T08:27:27Z caller=logging.go:36 method=List tags= order=id pageNum=1 pageSize=10 result=9 err=null took=749.122碌s
ts=2026-08-16T08:27:27Z caller=logging.go:36 method=List tags= order=id pageNum=1 pageSize=10 result=9 err=null took=750.555碌s
ts=2026-08-16T08:27:27Z caller=logging.go:36 method=List tags= order=id pageNum=1 pageSize=10 result=9 err=null took=724.133碌s
ts=2026-08-16T08:27:27Z caller=logging.go:36 method=List tags= order=id pageNum=1 pageSize=10 result=9 err=null took=693.433碌s
ts=2026-08-16T08:27:28Z caller=logging.go:36 method=List tags= order=id pageNum=1 pageSize=10 result=9 err=null took=856.155碌s
ts=2026-08-16T08:27:28Z caller=logging.go:36 method=List tags= order=id pageNum=1 pageSize=10 result=9 err=null took=784.381碌s
ts=2026-08-16T08:27:30Z caller=logging.go:85 method=Health result=2 took=32.343碌s
ts=2026-08-16T08:27:30Z caller=logging.go:36 method=List tags= order=id pageNum=1 pageSize=10 result=9 err=null took=765.7碌s
ts=2026-08-16T08:27:30Z caller=logging.go:85 method=Health result=2 took=23.616碌s
ts=2026-08-16T08:27:32Z caller=logging.go:36 method=List tags= order=id pageNum=1 pageSize=10 result=9 err=null took=788.75碌s
ts=2026-08-16T08:27:33Z caller=logging.go:85 method=Health result=2 took=26.822碌s
ts=2026-08-16T08:27:33Z caller=logging.go:85 method=Health result=2 took=28.275碌s
ts=2026-08-16T08:27:33Z caller=logging.go:36 method=List tags= order=id pageNum=1 pageSize=10 result=9 err=null took=766.778碌s
ts=2026-08-16T08:27:35Z caller=logging.go:36 method=List tags= order=id pageNum=1 pageSize=10 result=9 err=null took=859.013碌s
ts=2026-08-16T08:27:36Z caller=logging.go:85 method=Health result=2 took=27.524碌s
ts=2026-08-16T08:27:36Z caller=logging.go:85 method=Health result=2 took=30.82碌s
ts=2026-08-16T08:27:39Z caller=logging.go:85 method=Health result=2 took=27.924碌s
ts=2026-08-16T08:27:39Z caller=logging.go:85 method=Health result=2 took=26.611碌s
ts=2026-08-16T08:27:42Z caller=logging.go:85 method=Health result=2 took=27.784碌s
ts=2026-08-16T08:27:42Z caller=logging.go:85 method=Health result=2 took=27.945碌s
ts=2026-08-16T08:27:45Z caller=logging.go:85 method=Health result=2 took=29.658碌s
ts=2026-08-16T08:27:45Z caller=logging.go:85 method=Health result=2 took=27.543碌s
ts=2026-08-16T08:27:48Z caller=logging.go:85 method=Health result=2 took=33.115碌s
ts=2026-08-16T08:27:48Z caller=logging.go:85 method=Health result=2 took=27.053碌s
ts=2026-08-16T08:27:51Z caller=logging.go:85 method=Health result=2 took=27.784碌s
ts=2026-08-16T08:27:51Z caller=logging.go:85 method=Health result=2 took=31.181碌s
ts=2026-08-16T08:27:54Z caller=logging.go:85 method=Health result=2 took=29.317碌s
ts=2026-08-16T08:27:54Z caller=logging.go:85 method=Health result=2 took=29.307碌s
ts=2026-08-16T08:27:57Z caller=logging.go:85 method=Health result=2 took=35.699碌s
ts=2026-08-16T08:27:57Z caller=logging.go:85 method=Health result=2 took=32.774碌s
ts=2026-08-16T08:27:59Z caller=logging.go:36 method=List tags= order=id pageNum=1 pageSize=10 result=9 err=null took=724.465碌s
ts=2026-08-16T08:28:00Z caller=logging.go:85 method=Health result=2 took=31.051碌s
ts=2026-08-16T08:28:00Z caller=logging.go:85 method=Health result=2 took=31.622碌s
ts=2026-08-16T08:28:01Z caller=logging.go:36 method=List tags= order=id pageNum=1 pageSize=10 result=9 err=null took=739.45碌s
ts=2026-08-16T08:28:03Z caller=logging.go:85 method=Health result=2 took=29.748碌s
ts=2026-08-16T08:28:03Z caller=logging.go:85 method=Health result=2 took=26.221碌s
ts=2026-08-16T08:28:03Z caller=logging.go:36 method=List tags= order=id pageNum=1 pageSize=10 result=9 err=null took=917.103碌s
ts=2026-08-16T08:28:05Z caller=logging.go:36 method=List tags= order=id pageNum=1 pageSize=10 result=9 err=null took=752.47碌s
ts=2026-08-16T08:28:06Z caller=logging.go:85 method=Health result=2 took=27.735碌s
ts=2026-08-16T08:28:06Z caller=logging.go:85 method=Health result=2 took=28.606碌s
ts=2026-08-16T08:28:07Z caller=logging.go:36 method=List tags= order=id pageNum=1 pageSize=10 result=9 err=null took=804.937碌s
ts=2026-08-16T08:28:09Z caller=logging.go:85 method=Health result=2 took=29.057碌s
ts=2026-08-16T08:28:09Z caller=logging.go:85 method=Health result=2 took=27.374碌s
ts=2026-08-16T08:28:09Z caller=logging.go:36 method=List tags= order=id pageNum=1 pageSize=10 result=9 err=null took=758.708碌s
ts=2026-08-16T08:28:12Z caller=logging.go:85 method=Health result=2 took=33.916碌s
ts=2026-08-16T08:28:12Z caller=logging.go:85 method=Health result=2 took=27.774碌s
ts=2026-08-16T08:28:13Z caller=logging.go:36 method=List tags= order=id pageNum=1 pageSize=10 result=9 err=null took=714.688碌s
ts=2026-08-16T08:28:15Z caller=logging.go:85 method=Health result=2 took=44.326碌s
ts=2026-08-16T08:28:15Z caller=logging.go:85 method=Health result=2 took=28.726碌s
ts=2026-08-16T08:28:16Z caller=logging.go:36 method=List tags= order=id pageNum=1 pageSize=10 result=9 err=null took=784.394碌s
ts=2026-08-16T08:28:18Z caller=logging.go:85 method=Health result=2 took=27.253碌s
ts=2026-08-16T08:28:18Z caller=logging.go:85 method=Health result=2 took=27.674碌s
ts=2026-08-16T08:28:19Z caller=logging.go:36 method=List tags= order=id pageNum=1 pageSize=10 result=9 err=null took=1.229283ms
ts=2026-08-16T08:28:21Z caller=logging.go:85 method=Health result=2 took=28.476碌s
ts=2026-08-16T08:28:21Z caller=logging.go:85 method=Health result=2 took=28.275碌s
ts=2026-08-16T08:28:22Z caller=logging.go:36 method=List tags= order=id pageNum=1 pageSize=10 result=9 err=null took=744.142碌s
ts=2026-08-16T08:28:24Z caller=logging.go:85 method=Health result=2 took=35.819碌s
ts=2026-08-16T08:28:24Z caller=logging.go:85 method=Health result=2 took=28.245碌s
ts=2026-08-16T08:28:25Z caller=logging.go:36 method=List tags= order=id pageNum=1 pageSize=10 result=9 err=null took=749.111碌s
ts=2026-08-16T08:28:27Z caller=logging.go:85 method=Health result=2 took=30.059碌s
ts=2026-08-16T08:28:27Z caller=logging.go:85 method=Health result=2 took=27.744碌s
ts=2026-08-16T08:28:28Z caller=logging.go:36 method=List tags= order=id pageNum=1 pageSize=10 result=9 err=null took=709.815碌s
ts=2026-08-16T08:28:30Z caller=logging.go:85 method=Health result=2 took=29.237碌s
ts=2026-08-16T08:28:30Z caller=logging.go:85 method=Health result=2 took=27.644碌s
ts=2026-08-16T08:28:31Z caller=logging.go:36 method=List tags= order=id pageNum=1 pageSize=10 result=9 err=null took=763.22碌s
ts=2026-08-16T08:28:33Z caller=logging.go:85 method=Health result=2 took=28.075碌s
ts=2026-08-16T08:28:33Z caller=logging.go:85 method=Health result=2 took=29.567碌s
ts=2026-08-16T08:28:34Z caller=logging.go:36 method=List tags= order=id pageNum=1 pageSize=10 result=9 err=null took=819.129碌s
ts=2026-08-16T08:28:36Z caller=logging.go:85 method=Health result=2 took=26.522碌s
ts=2026-08-16T08:28:36Z caller=logging.go:85 method=Health result=2 took=28.045碌s
ts=2026-08-16T08:28:37Z caller=logging.go:36 method=List tags= order=id pageNum=1 pageSize=10 result=9 err=null took=736.805碌s
ts=2026-08-16T08:28:39Z caller=logging.go:85 method=Health result=2 took=28.746碌s
ts=2026-08-16T08:28:39Z caller=logging.go:85 method=Health result=2 took=27.714碌s
ts=2026-08-16T08:28:40Z caller=logging.go:36 method=List tags= order=id pageNum=1 pageSize=10 result=9 err=null took=760.005碌s
ts=2026-08-16T08:28:42Z caller=logging.go:85 method=Health result=2 took=26.852碌s
ts=2026-08-16T08:28:42Z caller=logging.go:85 method=Health result=2 took=27.242碌s
ts=2026-08-16T08:28:43Z caller=logging.go:36 method=List tags= order=id pageNum=1 pageSize=10 result=9 err=null took=703.792碌s
ts=2026-08-16T08:28:45Z caller=logging.go:85 method=Health result=2 took=32.834碌s
ts=2026-08-16T08:28:45Z caller=logging.go:85 method=Health result=2 took=26.432碌s
ts=2026-08-16T08:28:47Z caller=logging.go:36 method=List tags= order=id pageNum=1 pageSize=10 result=9 err=null took=722.281碌s
ts=2026-08-16T08:28:48Z caller=logging.go:85 method=Health result=2 took=28.736碌s
ts=2026-08-16T08:28:48Z caller=logging.go:85 method=Health result=2 took=27.293碌s
ts=2026-08-16T08:28:50Z caller=logging.go:36 method=List tags= order=id pageNum=1 pageSize=10 result=9 err=null took=768.011碌s
ts=2026-08-16T08:28:51Z caller=logging.go:85 method=Health result=2 took=29.458碌s
ts=2026-08-16T08:28:51Z caller=logging.go:85 method=Health result=2 took=30.499碌s
ts=2026-08-16T08:28:53Z caller=logging.go:36 method=List tags= order=id pageNum=1 pageSize=10 result=9 err=null took=762.384碌s
ts=2026-08-16T08:28:54Z caller=logging.go:85 method=Health result=2 took=26.621碌s
ts=2026-08-16T08:28:54Z caller=logging.go:85 method=Health result=2 took=28.035碌s
ts=2026-08-16T08:28:56Z caller=logging.go:36 method=List tags= order=id pageNum=1 pageSize=10 result=9 err=null took=778.87碌s
ts=2026-08-16T08:28:57Z caller=logging.go:85 method=Health result=2 took=28.555碌s
ts=2026-08-16T08:28:57Z caller=logging.go:85 method=Health result=2 took=29.187碌s
ts=2026-08-16T08:28:59Z caller=logging.go:36 method=List tags= order=id pageNum=1 pageSize=10 result=9 err=null took=870.011碌s
ts=2026-08-16T08:29:00Z caller=logging.go:85 method=Health result=2 took=33.646碌s
ts=2026-08-16T08:29:00Z caller=logging.go:85 method=Health result=2 took=30.409碌s
ts=2026-08-16T08:29:02Z caller=logging.go:36 method=List tags= order=id pageNum=1 pageSize=10 result=9 err=null took=744.104碌s
ts=2026-08-16T08:29:03Z caller=logging.go:85 method=Health result=2 took=29.527碌s
ts=2026-08-16T08:29:03Z caller=logging.go:85 method=Health result=2 took=26.201碌s
ts=2026-08-16T08:29:05Z caller=logging.go:36 method=List tags= order=id pageNum=1 pageSize=10 result=9 err=null took=816.905碌s
ts=2026-08-16T08:29:06Z caller=logging.go:85 method=Health result=2 took=46.119碌s
ts=2026-08-16T08:29:06Z caller=logging.go:85 method=Health result=2 took=28.976碌s
ts=2026-08-16T08:29:08Z caller=logging.go:36 method=List tags= order=id pageNum=1 pageSize=10 result=9 err=null took=766.958碌s
ts=2026-08-16T08:29:09Z caller=logging.go:85 method=Health result=2 took=31.02碌s
ts=2026-08-16T08:29:09Z caller=logging.go:85 method=Health result=2 took=26.571碌s
ts=2026-08-16T08:29:11Z caller=logging.go:36 method=List tags= order=id pageNum=1 pageSize=10 result=9 err=null took=747.21碌s
ts=2026-08-16T08:29:12Z caller=logging.go:85 method=Health result=2 took=26.652碌s
ts=2026-08-16T08:29:12Z caller=logging.go:85 method=Health result=2 took=31.29碌s
