ts=2026-08-16T08:22:42.504596395Z caller=middlewares.go:157 method=Health result=2 took=256.639碌s
ts=2026-08-16T08:22:43.019512774Z caller=middlewares.go:157 method=Health result=2 took=254.805碌s
ts=2026-08-16T08:22:43.706078496Z caller=middlewares.go:34 method=Login took=863.907碌s
ts=2026-08-16T08:22:45.504911291Z caller=middlewares.go:157 method=Health result=2 took=280.454碌s
ts=2026-08-16T08:22:45.785699311Z caller=middlewares.go:34 method=Login took=879.33碌s
ts=2026-08-16T08:22:46.019280923Z caller=middlewares.go:157 method=Health result=2 took=268.326碌s
ts=2026-08-16T08:22:47.875037942Z caller=middlewares.go:34 method=Login took=875.81碌s
ts=2026-08-16T08:22:48.504701746Z caller=middlewares.go:157 method=Health result=2 took=282.098碌s
ts=2026-08-16T08:22:49.018802416Z caller=middlewares.go:157 method=Health result=2 took=249.935碌s
ts=2026-08-16T08:22:49.933274611Z caller=middlewares.go:34 method=Login took=935.437碌s
ts=2026-08-16T08:22:51.504770141Z caller=middlewares.go:157 method=Health result=2 took=280.975碌s
ts=2026-08-16T08:22:52.019435897Z caller=middlewares.go:157 method=Health result=2 took=254.614碌s
ts=2026-08-16T08:22:53.004316337Z caller=middlewares.go:34 method=Login took=983.316碌s
ts=2026-08-16T08:22:54.50456586Z caller=middlewares.go:157 method=Health result=2 took=249.969碌s
ts=2026-08-16T08:22:55.018700944Z caller=middlewares.go:157 method=Health result=2 took=274.393碌s
ts=2026-08-16T08:22:56.115363095Z caller=middlewares.go:34 method=Login took=859.842碌s
ts=2026-08-16T08:22:57.504169843Z caller=middlewares.go:157 method=Health result=2 took=260.83碌s
ts=2026-08-16T08:22:58.018353296Z caller=middlewares.go:157 method=Health result=2 took=270.9碌s
ts=2026-08-16T08:22:59.172473731Z caller=middlewares.go:34 method=Login took=903.467碌s
ts=2026-08-16T08:23:00.503806688Z caller=middlewares.go:157 method=Health result=2 took=311.544碌s
ts=2026-08-16T08:23:01.017796776Z caller=middlewares.go:157 method=Health result=2 took=247.795碌s
ts=2026-08-16T08:23:02.259779157Z caller=middlewares.go:34 method=Login took=1.588371ms
ts=2026-08-16T08:23:03.504187643Z caller=middlewares.go:157 method=Health result=2 took=299.772碌s
ts=2026-08-16T08:23:04.018209314Z caller=middlewares.go:157 method=Health result=2 took=238.087碌s
ts=2026-08-16T08:23:05.348034458Z caller=middlewares.go:34 method=Login took=993.547碌s
ts=2026-08-16T08:23:06.504307533Z caller=middlewares.go:157 method=Health result=2 took=276.827碌s
ts=2026-08-16T08:23:07.017620482Z caller=middlewares.go:157 method=Health result=2 took=267.579碌s
ts=2026-08-16T08:23:08.446918901Z caller=middlewares.go:34 method=Login took=907.214碌s
ts=2026-08-16T08:23:09.503737744Z caller=middlewares.go:157 method=Health result=2 took=296.244碌s
ts=2026-08-16T08:23:10.017599386Z caller=middlewares.go:157 method=Health result=2 took=279.086碌s
ts=2026-08-16T08:23:11.539024608Z caller=middlewares.go:34 method=Login took=942.624碌s
ts=2026-08-16T08:23:12.503785923Z caller=middlewares.go:157 method=Health result=2 took=279.462碌s
ts=2026-08-16T08:23:13.017589142Z caller=middlewares.go:157 method=Health result=2 took=270.325碌s
ts=2026-08-16T08:23:14.618138451Z caller=middlewares.go:34 method=Login took=941.266碌s
ts=2026-08-16T08:23:15.503917784Z caller=middlewares.go:157 method=Health result=2 took=294.979碌s
ts=2026-08-16T08:23:16.017984479Z caller=middlewares.go:157 method=Health result=2 took=260.205碌s
ts=2026-08-16T08:23:17.684527144Z caller=middlewares.go:34 method=Login took=953.193碌s
ts=2026-08-16T08:23:18.503770022Z caller=middlewares.go:157 method=Health result=2 took=273.6碌s
ts=2026-08-16T08:23:19.018284858Z caller=middlewares.go:157 method=Health result=2 took=263.421碌s
ts=2026-08-16T08:23:20.75539477Z caller=middlewares.go:34 method=Login took=984.829碌s
ts=2026-08-16T08:23:21.503613266Z caller=middlewares.go:157 method=Health result=2 took=283.028碌s
ts=2026-08-16T08:23:22.018030253Z caller=middlewares.go:157 method=Health result=2 took=272.929碌s
ts=2026-08-16T08:23:23.815004249Z caller=middlewares.go:34 method=Login took=950.403碌s
ts=2026-08-16T08:23:24.503360227Z caller=middlewares.go:157 method=Health result=2 took=346.669碌s
ts=2026-08-16T08:23:25.018205783Z caller=middlewares.go:157 method=Health result=2 took=284.7碌s
ts=2026-08-16T08:23:26.911391022Z caller=middlewares.go:34 method=Login took=883.085碌s
ts=2026-08-16T08:23:27.50247355Z caller=middlewares.go:157 method=Health result=2 took=265.542碌s
ts=2026-08-16T08:23:28.016287323Z caller=middlewares.go:157 method=Health result=2 took=255.814碌s
ts=2026-08-16T08:23:29.994853001Z caller=middlewares.go:34 method=Login took=996.99碌s
ts=2026-08-16T08:23:30.501809516Z caller=middlewares.go:157 method=Health result=2 took=270.583碌s
ts=2026-08-16T08:23:31.016494412Z caller=middlewares.go:157 method=Health result=2 took=263.388碌s
ts=2026-08-16T08:23:33.069931144Z caller=middlewares.go:34 method=Login took=897.345碌s
ts=2026-08-16T08:23:33.501856076Z caller=middlewares.go:157 method=Health result=2 took=266.619碌s
ts=2026-08-16T08:23:34.016800472Z caller=middlewares.go:157 method=Health result=2 took=315.714碌s
ts=2026-08-16T08:23:36.137827032Z caller=middlewares.go:34 method=Login took=958.895碌s
ts=2026-08-16T08:23:36.502046262Z caller=middlewares.go:157 method=Health result=2 took=299.468碌s
ts=2026-08-16T08:23:37.01616513Z caller=middlewares.go:157 method=Health result=2 took=261.694碌s
ts=2026-08-16T08:23:39.216766489Z caller=middlewares.go:34 method=Login took=918.705碌s
ts=2026-08-16T08:23:39.501873464Z caller=middlewares.go:157 method=Health result=2 took=302.083碌s
ts=2026-08-16T08:23:40.016495345Z caller=middlewares.go:157 method=Health result=2 took=272.22碌s
ts=2026-08-16T08:23:42.30331086Z caller=middlewares.go:34 method=Login took=903.611碌s
ts=2026-08-16T08:23:42.501443785Z caller=middlewares.go:157 method=Health result=2 took=294.574碌s
ts=2026-08-16T08:23:43.015880615Z caller=middlewares.go:157 method=Health result=2 took=282.22碌s
ts=2026-08-16T08:23:45.352454983Z caller=middlewares.go:34 method=Login took=901.708碌s
ts=2026-08-16T08:23:45.501639427Z caller=middlewares.go:157 method=Health result=2 took=298.096碌s
ts=2026-08-16T08:23:46.016322548Z caller=middlewares.go:157 method=Health result=2 took=242.382碌s
ts=2026-08-16T08:23:48.446730526Z caller=middlewares.go:34 method=Login took=916.016碌s
ts=2026-08-16T08:23:48.502327127Z caller=middlewares.go:157 method=Health result=2 took=233.643碌s
ts=2026-08-16T08:23:49.016585754Z caller=middlewares.go:157 method=Health result=2 took=245.977碌s
ts=2026-08-16T08:23:51.502434673Z caller=middlewares.go:157 method=Health result=2 took=276.667碌s
ts=2026-08-16T08:23:51.512739895Z caller=middlewares.go:34 method=Login took=847.285碌s
ts=2026-08-16T08:23:52.016142138Z caller=middlewares.go:157 method=Health result=2 took=265.877碌s
ts=2026-08-16T08:23:54.353133987Z caller=middlewares.go:34 method=Login took=966.555碌s
ts=2026-08-16T08:23:54.437470239Z caller=middlewares.go:34 method=Login took=898.754碌s
ts=2026-08-16T08:23:54.50133748Z caller=middlewares.go:157 method=Health result=2 took=255.586碌s
ts=2026-08-16T08:23:54.523261543Z caller=middlewares.go:34 method=Login took=844.378碌s
ts=2026-08-16T08:23:54.614973598Z caller=middlewares.go:34 method=Login took=882.037碌s
ts=2026-08-16T08:23:54.675684711Z caller=middlewares.go:34 method=Login took=1.178887ms
ts=2026-08-16T08:23:55.015911829Z caller=middlewares.go:157 method=Health result=2 took=248.908碌s
ts=2026-08-16T08:23:55.49046672Z caller=middlewares.go:34 method=Login took=941.907碌s
ts=2026-08-16T08:23:55.564328159Z caller=middlewares.go:34 method=Login took=960.503碌s
ts=2026-08-16T08:23:55.662916701Z caller=middlewares.go:34 method=Login took=1.170396ms
ts=2026-08-16T08:23:55.754511965Z caller=middlewares.go:34 method=Login took=944.483碌s
ts=2026-08-16T08:23:55.8187882Z caller=middlewares.go:34 method=Login took=959.066碌s
ts=2026-08-16T08:23:57.500324356Z caller=middlewares.go:157 method=Health result=2 took=299.198碌s
ts=2026-08-16T08:23:58.014938396Z caller=middlewares.go:157 method=Health result=2 took=281.559碌s
ts=2026-08-16T08:24:00.50010337Z caller=middlewares.go:157 method=Health result=2 took=291.122碌s
ts=2026-08-16T08:24:01.014317659Z caller=middlewares.go:157 method=Health result=2 took=232.594碌s
ts=2026-08-16T08:24:03.500657142Z caller=middlewares.go:157 method=Health result=2 took=284.018碌s
ts=2026-08-16T08:24:04.015382311Z caller=middlewares.go:157 method=Health result=2 took=253.099碌s
ts=2026-08-16T08:24:06.501194065Z caller=middlewares.go:157 method=Health result=2 took=288.361碌s
ts=2026-08-16T08:24:07.015295858Z caller=middlewares.go:157 method=Health result=2 took=225.973碌s
ts=2026-08-16T08:24:09.500140875Z caller=middlewares.go:157 method=Health result=2 took=306.663碌s
ts=2026-08-16T08:24:10.015089631Z caller=middlewares.go:157 method=Health result=2 took=256.243碌s
ts=2026-08-16T08:24:12.501212574Z caller=middlewares.go:157 method=Health result=2 took=289.311碌s
ts=2026-08-16T08:24:13.014724655Z caller=middlewares.go:157 method=Health result=2 took=237.902碌s
ts=2026-08-16T08:24:15.500197586Z caller=middlewares.go:157 method=Health result=2 took=310.273碌s
ts=2026-08-16T08:24:16.015347044Z caller=middlewares.go:157 method=Health result=2 took=271.297碌s
ts=2026-08-16T08:24:18.500916753Z caller=middlewares.go:157 method=Health result=2 took=270.732碌s
ts=2026-08-16T08:24:19.014841882Z caller=middlewares.go:157 method=Health result=2 took=259.861碌s
ts=2026-08-16T08:24:21.500979145Z caller=middlewares.go:157 method=Health result=2 took=313.999碌s
ts=2026-08-16T08:24:22.01522375Z caller=middlewares.go:157 method=Health result=2 took=256.493碌s
ts=2026-08-16T08:24:24.500602611Z caller=middlewares.go:157 method=Health result=2 took=274.573碌s
ts=2026-08-16T08:24:25.014548367Z caller=middlewares.go:157 method=Health result=2 took=241.327碌s
ts=2026-08-16T08:24:26.071175326Z caller=middlewares.go:34 method=Login took=926.563碌s
ts=2026-08-16T08:24:27.500069645Z caller=middlewares.go:157 method=Health result=2 took=255.174碌s
ts=2026-08-16T08:24:28.013615436Z caller=middlewares.go:157 method=Health result=2 took=257.689碌s
ts=2026-08-16T08:24:28.162044146Z caller=middlewares.go:34 method=Login took=914.172碌s
ts=2026-08-16T08:24:30.24069577Z caller=middlewares.go:34 method=Login took=914.553碌s
ts=2026-08-16T08:24:30.499278275Z caller=middlewares.go:157 method=Health result=2 took=310.763碌s
ts=2026-08-16T08:24:31.013616663Z caller=middlewares.go:157 method=Health result=2 took=264.844碌s
ts=2026-08-16T08:24:32.3204068Z caller=middlewares.go:34 method=Login took=919.833碌s
ts=2026-08-16T08:24:33.500047135Z caller=middlewares.go:157 method=Health result=2 took=303.79碌s
ts=2026-08-16T08:24:34.01449235Z caller=middlewares.go:157 method=Health result=2 took=325.732碌s
ts=2026-08-16T08:24:34.417438626Z caller=middlewares.go:34 method=Login took=925.485碌s
ts=2026-08-16T08:24:36.499682301Z caller=middlewares.go:157 method=Health result=2 took=256.317碌s
ts=2026-08-16T08:24:36.505078144Z caller=middlewares.go:34 method=Login took=940.063碌s
ts=2026-08-16T08:24:37.014154866Z caller=middlewares.go:157 method=Health result=2 took=263.506碌s
ts=2026-08-16T08:24:39.499426327Z caller=middlewares.go:157 method=Health result=2 took=273.646碌s
ts=2026-08-16T08:24:39.617597501Z caller=middlewares.go:34 method=Login took=894.665碌s
ts=2026-08-16T08:24:40.014104028Z caller=middlewares.go:157 method=Health result=2 took=268.892碌s
ts=2026-08-16T08:24:42.499884164Z caller=middlewares.go:157 method=Health result=2 took=304.5碌s
ts=2026-08-16T08:24:42.692180178Z caller=middlewares.go:34 method=Login took=921.401碌s
ts=2026-08-16T08:24:43.01389999Z caller=middlewares.go:157 method=Health result=2 took=265.84碌s
ts=2026-08-16T08:24:45.499536645Z caller=middlewares.go:157 method=Health result=2 took=266.026碌s
ts=2026-08-16T08:24:45.77343984Z caller=middlewares.go:34 method=Login took=899.027碌s
ts=2026-08-16T08:24:46.013928127Z caller=middlewares.go:157 method=Health result=2 took=253.03碌s
ts=2026-08-16T08:24:48.49997289Z caller=middlewares.go:157 method=Health result=2 took=286.325碌s
ts=2026-08-16T08:24:48.857682824Z caller=middlewares.go:34 method=Login took=1.033283ms
ts=2026-08-16T08:24:49.013746772Z caller=middlewares.go:157 method=Health result=2 took=237.881碌s
ts=2026-08-16T08:24:51.500170013Z caller=middlewares.go:157 method=Health result=2 took=259.443碌s
ts=2026-08-16T08:24:51.93042274Z caller=middlewares.go:34 method=Login took=875.502碌s
ts=2026-08-16T08:24:52.013687431Z caller=middlewares.go:157 method=Health result=2 took=300.597碌s
ts=2026-08-16T08:24:54.49930643Z caller=middlewares.go:157 method=Health result=2 took=280.203碌s
ts=2026-08-16T08:24:55.014358916Z caller=middlewares.go:157 method=Health result=2 took=303.388碌s
ts=2026-08-16T08:24:55.017912193Z caller=middlewares.go:34 method=Login took=935.346碌s
ts=2026-08-16T08:24:57.49814646Z caller=middlewares.go:157 method=Health result=2 took=291.545碌s
ts=2026-08-16T08:24:58.012297321Z caller=middlewares.go:157 method=Health result=2 took=270.604碌s
ts=2026-08-16T08:24:58.098306075Z caller=middlewares.go:34 method=Login took=980.298碌s
ts=2026-08-16T08:25:00.497148289Z caller=middlewares.go:157 method=Health result=2 took=273.681碌s
ts=2026-08-16T08:25:01.011510384Z caller=middlewares.go:157 method=Health result=2 took=262.149碌s
ts=2026-08-16T08:25:01.172067427Z caller=middlewares.go:34 method=Login took=918.525碌s
ts=2026-08-16T08:25:03.497948322Z caller=middlewares.go:157 method=Health result=2 took=320.655碌s
ts=2026-08-16T08:25:04.01217367Z caller=middlewares.go:157 method=Health result=2 took=288.635碌s
ts=2026-08-16T08:25:04.258835254Z caller=middlewares.go:34 method=Login took=870.965碌s
ts=2026-08-16T08:25:06.497835013Z caller=middlewares.go:157 method=Health result=2 took=298.338碌s
ts=2026-08-16T08:25:07.01193194Z caller=middlewares.go:157 method=Health result=2 took=252.686碌s
ts=2026-08-16T08:25:07.332202242Z caller=middlewares.go:34 method=Login took=913.261碌s
ts=2026-08-16T08:25:09.497563279Z caller=middlewares.go:157 method=Health result=2 took=283.401碌s
ts=2026-08-16T08:25:10.011803336Z caller=middlewares.go:157 method=Health result=2 took=326.77碌s
ts=2026-08-16T08:25:10.432475136Z caller=middlewares.go:34 method=Login took=895.748碌s
ts=2026-08-16T08:25:12.497274778Z caller=middlewares.go:157 method=Health result=2 took=345.871碌s
ts=2026-08-16T08:25:13.011662781Z caller=middlewares.go:157 method=Health result=2 took=249.293碌s
ts=2026-08-16T08:25:13.512592612Z caller=middlewares.go:34 method=Login took=1.069515ms
ts=2026-08-16T08:25:15.498119013Z caller=middlewares.go:157 method=Health result=2 took=263.651碌s
ts=2026-08-16T08:25:16.012128703Z caller=middlewares.go:157 method=Health result=2 took=255.305碌s
ts=2026-08-16T08:25:16.580211297Z caller=middlewares.go:34 method=Login took=1.024887ms
ts=2026-08-16T08:25:18.497938322Z caller=middlewares.go:157 method=Health result=2 took=276.109碌s
ts=2026-08-16T08:25:19.012509846Z caller=middlewares.go:157 method=Health result=2 took=249.026碌s
ts=2026-08-16T08:25:19.655260822Z caller=middlewares.go:34 method=Login took=909.348碌s
ts=2026-08-16T08:25:21.497944546Z caller=middlewares.go:157 method=Health result=2 took=264.146碌s
ts=2026-08-16T08:25:22.011685264Z caller=middlewares.go:157 method=Health result=2 took=265.785碌s
ts=2026-08-16T08:25:22.747777053Z caller=middlewares.go:34 method=Login took=1.073283ms
ts=2026-08-16T08:25:24.497288581Z caller=middlewares.go:157 method=Health result=2 took=341.985碌s
ts=2026-08-16T08:25:25.012391264Z caller=middlewares.go:157 method=Health result=2 took=300.463碌s
ts=2026-08-16T08:25:25.840463076Z caller=middlewares.go:34 method=Login took=874.246碌s
ts=2026-08-16T08:25:27.496784472Z caller=middlewares.go:157 method=Health result=2 took=275.584碌s
ts=2026-08-16T08:25:28.010577422Z caller=middlewares.go:157 method=Health result=2 took=267.088碌s
ts=2026-08-16T08:25:28.934765706Z caller=middlewares.go:34 method=Login took=905.847碌s
ts=2026-08-16T08:25:30.496415406Z caller=middlewares.go:157 method=Health result=2 took=288.018碌s
ts=2026-08-16T08:25:31.011254108Z caller=middlewares.go:157 method=Health result=2 took=266.958碌s
ts=2026-08-16T08:25:31.996873041Z caller=middlewares.go:34 method=Login took=904.104碌s
ts=2026-08-16T08:25:33.496327511Z caller=middlewares.go:157 method=Health result=2 took=317.676碌s
ts=2026-08-16T08:25:34.010757166Z caller=middlewares.go:157 method=Health result=2 took=244.564碌s
ts=2026-08-16T08:25:35.0496429Z caller=middlewares.go:34 method=Login took=918.843碌s
ts=2026-08-16T08:25:36.496683916Z caller=middlewares.go:157 method=Health result=2 took=269.132碌s
ts=2026-08-16T08:25:37.010360395Z caller=middlewares.go:157 method=Health result=2 took=270.45碌s
ts=2026-08-16T08:25:38.111049746Z caller=middlewares.go:34 method=Login took=918.392碌s
ts=2026-08-16T08:25:39.496258276Z caller=middlewares.go:157 method=Health result=2 took=302.548碌s
ts=2026-08-16T08:25:40.010982512Z caller=middlewares.go:157 method=Health result=2 took=255.435碌s
ts=2026-08-16T08:25:40.878268448Z caller=middlewares.go:34 method=Login took=864.413碌s
ts=2026-08-16T08:25:40.956205842Z caller=middlewares.go:34 method=Login took=962.939碌s
ts=2026-08-16T08:25:41.026895984Z caller=middlewares.go:34 method=Login took=841.974碌s
ts=2026-08-16T08:25:41.087525042Z caller=middlewares.go:34 method=Login took=813.839碌s
ts=2026-08-16T08:25:41.180735383Z caller=middlewares.go:34 method=Login took=940.064碌s
ts=2026-08-16T08:25:42.996370633Z caller=middlewares.go:157 method=Health result=2 took=500.27352ms
ts=2026-08-16T08:25:43.493674968Z caller=middlewares.go:34 method=Login took=1.501442978s
ts=2026-08-16T08:25:43.510517811Z caller=middlewares.go:157 method=Health result=2 took=500.276105ms
ts=2026-08-16T08:25:45.097253616Z caller=middlewares.go:34 method=Login took=1.501631473s
ts=2026-08-16T08:25:45.99679486Z caller=middlewares.go:157 method=Health result=2 took=500.326594ms
ts=2026-08-16T08:25:46.511016847Z caller=middlewares.go:157 method=Health result=2 took=500.317466ms
ts=2026-08-16T08:25:46.696199085Z caller=middlewares.go:34 method=Login took=1.501597189s
ts=2026-08-16T08:25:48.291269414Z caller=middlewares.go:34 method=Login took=1.501480501s
ts=2026-08-16T08:25:48.996594296Z caller=middlewares.go:157 method=Health result=2 took=500.351119ms
ts=2026-08-16T08:25:49.510829243Z caller=middlewares.go:157 method=Health result=2 took=500.326442ms
ts=2026-08-16T08:25:49.881525904Z caller=middlewares.go:34 method=Login took=1.501544077s
ts=2026-08-16T08:25:51.996346193Z caller=middlewares.go:157 method=Health result=2 took=500.319587ms
ts=2026-08-16T08:25:52.510520032Z caller=middlewares.go:157 method=Health result=2 took=500.289951ms
ts=2026-08-16T08:25:54.99673042Z caller=middlewares.go:157 method=Health result=2 took=500.383622ms
ts=2026-08-16T08:25:55.510894028Z caller=middlewares.go:157 method=Health result=2 took=500.316263ms
ts=2026-08-16T08:25:57.994756853Z caller=middlewares.go:157 method=Health result=2 took=500.371589ms
ts=2026-08-16T08:25:58.509856179Z caller=middlewares.go:157 method=Health result=2 took=500.302995ms
ts=2026-08-16T08:26:00.994910333Z caller=middlewares.go:157 method=Health result=2 took=500.34085ms
ts=2026-08-16T08:26:01.509195589Z caller=middlewares.go:157 method=Health result=2 took=500.293978ms
ts=2026-08-16T08:26:03.99565124Z caller=middlewares.go:157 method=Health result=2 took=500.336621ms
ts=2026-08-16T08:26:04.509797407Z caller=middlewares.go:157 method=Health result=2 took=500.290873ms
ts=2026-08-16T08:26:06.995048947Z caller=middlewares.go:157 method=Health result=2 took=500.355701ms
ts=2026-08-16T08:26:07.509192055Z caller=middlewares.go:157 method=Health result=2 took=500.30392ms
ts=2026-08-16T08:26:09.995174814Z caller=middlewares.go:157 method=Health result=2 took=500.335883ms
ts=2026-08-16T08:26:10.509465131Z caller=middlewares.go:157 method=Health result=2 took=500.345586ms
ts=2026-08-16T08:26:12.495636993Z caller=middlewares.go:157 method=Health result=2 took=257.47碌s
ts=2026-08-16T08:26:12.685131979Z caller=middlewares.go:34 method=Login took=944.745碌s
ts=2026-08-16T08:26:13.009162649Z caller=middlewares.go:157 method=Health result=2 took=237.926碌s
ts=2026-08-16T08:26:14.76500613Z caller=middlewares.go:34 method=Login took=887.642碌s
ts=2026-08-16T08:26:15.495031612Z caller=middlewares.go:157 method=Health result=2 took=267.724碌s
ts=2026-08-16T08:26:16.009863977Z caller=middlewares.go:157 method=Health result=2 took=239.646碌s
ts=2026-08-16T08:26:16.867729106Z caller=middlewares.go:34 method=Login took=941.665碌s
ts=2026-08-16T08:26:18.495352185Z caller=middlewares.go:157 method=Health result=2 took=265.128碌s
ts=2026-08-16T08:26:18.952755401Z caller=middlewares.go:34 method=Login took=996.656碌s
ts=2026-08-16T08:26:19.009622212Z caller=middlewares.go:157 method=Health result=2 took=216.064碌s
ts=2026-08-16T08:26:21.042974883Z caller=middlewares.go:34 method=Login took=952.518碌s
ts=2026-08-16T08:26:21.495496609Z caller=middlewares.go:157 method=Health result=2 took=292.687碌s
ts=2026-08-16T08:26:22.009928223Z caller=middlewares.go:157 method=Health result=2 took=241.739碌s
ts=2026-08-16T08:26:23.12446391Z caller=middlewares.go:34 method=Login took=1.064865ms
ts=2026-08-16T08:26:24.494611538Z caller=middlewares.go:157 method=Health result=2 took=296.565碌s
ts=2026-08-16T08:26:25.009845823Z caller=middlewares.go:157 method=Health result=2 took=260.59碌s
ts=2026-08-16T08:26:26.236939977Z caller=middlewares.go:34 method=Login took=898.853碌s
ts=2026-08-16T08:26:27.493828141Z caller=middlewares.go:157 method=Health result=2 took=280.078碌s
ts=2026-08-16T08:26:28.008130474Z caller=middlewares.go:157 method=Health result=2 took=253.672碌s
ts=2026-08-16T08:26:29.323319685Z caller=middlewares.go:34 method=Login took=931.761碌s
ts=2026-08-16T08:26:30.493051307Z caller=middlewares.go:157 method=Health result=2 took=313.753碌s
ts=2026-08-16T08:26:31.007576254Z caller=middlewares.go:157 method=Health result=2 took=253.428碌s
ts=2026-08-16T08:26:32.422679233Z caller=middlewares.go:34 method=Login took=890.642碌s
ts=2026-08-16T08:26:33.493680156Z caller=middlewares.go:157 method=Health result=2 took=269.689碌s
ts=2026-08-16T08:26:34.007447316Z caller=middlewares.go:157 method=Health result=2 took=248.312碌s
ts=2026-08-16T08:26:35.524384891Z caller=middlewares.go:34 method=Login took=879.681碌s
ts=2026-08-16T08:26:36.493388491Z caller=middlewares.go:157 method=Health result=2 took=285.678碌s
ts=2026-08-16T08:26:37.00783503Z caller=middlewares.go:157 method=Health result=2 took=252.124碌s
ts=2026-08-16T08:26:38.589579353Z caller=middlewares.go:34 method=Login took=990.361碌s
ts=2026-08-16T08:26:39.493287919Z caller=middlewares.go:157 method=Health result=2 took=297.968碌s
ts=2026-08-16T08:26:40.007340942Z caller=middlewares.go:157 method=Health result=2 took=255.921碌s
ts=2026-08-16T08:26:41.655286722Z caller=middlewares.go:34 method=Login took=894.475碌s
ts=2026-08-16T08:26:42.493429143Z caller=middlewares.go:157 method=Health result=2 took=279.692碌s
ts=2026-08-16T08:26:43.008384228Z caller=middlewares.go:157 method=Health result=2 took=285.62碌s
ts=2026-08-16T08:26:44.752623285Z caller=middlewares.go:34 method=Login took=876.459碌s
ts=2026-08-16T08:26:45.493734928Z caller=middlewares.go:157 method=Health result=2 took=258.707碌s
ts=2026-08-16T08:26:46.007630431Z caller=middlewares.go:157 method=Health result=2 took=241.214碌s
ts=2026-08-16T08:26:47.85270938Z caller=middlewares.go:34 method=Login took=979.716碌s
ts=2026-08-16T08:26:48.494071835Z caller=middlewares.go:157 method=Health result=2 took=288.229碌s
ts=2026-08-16T08:26:49.007876039Z caller=middlewares.go:157 method=Health result=2 took=256.874碌s
ts=2026-08-16T08:26:50.92222935Z caller=middlewares.go:34 method=Login took=891.41碌s
ts=2026-08-16T08:26:51.493142197Z caller=middlewares.go:157 method=Health result=2 took=297.658碌s
ts=2026-08-16T08:26:52.008102184Z caller=middlewares.go:157 method=Health result=2 took=245.467碌s
ts=2026-08-16T08:26:53.996533796Z caller=middlewares.go:34 method=Login took=862.434碌s
ts=2026-08-16T08:26:54.492907142Z caller=middlewares.go:157 method=Health result=2 took=239.79碌s
ts=2026-08-16T08:26:55.007810338Z caller=middlewares.go:157 method=Health result=2 took=245.862碌s
ts=2026-08-16T08:26:57.068053064Z caller=middlewares.go:34 method=Login took=916.003碌s
ts=2026-08-16T08:26:57.49269971Z caller=middlewares.go:157 method=Health result=2 took=263.24碌s
ts=2026-08-16T08:26:58.007231243Z caller=middlewares.go:157 method=Health result=2 took=246.328碌s
ts=2026-08-16T08:27:00.146331432Z caller=middlewares.go:34 method=Login took=909.21碌s
ts=2026-08-16T08:27:00.493109107Z caller=middlewares.go:157 method=Health result=2 took=263.22碌s
ts=2026-08-16T08:27:01.007065664Z caller=middlewares.go:157 method=Health result=2 took=261.357碌s
ts=2026-08-16T08:27:03.220873432Z caller=middlewares.go:34 method=Login took=1.506272ms
ts=2026-08-16T08:27:03.492432128Z caller=middlewares.go:157 method=Health result=2 took=313.915碌s
ts=2026-08-16T08:27:04.0075087Z caller=middlewares.go:157 method=Health result=2 took=249.414碌s
ts=2026-08-16T08:27:06.300343767Z caller=middlewares.go:34 method=Login took=1.097404ms
ts=2026-08-16T08:27:06.492360626Z caller=middlewares.go:157 method=Health result=2 took=267.123碌s
ts=2026-08-16T08:27:07.00758824Z caller=middlewares.go:157 method=Health result=2 took=263.948碌s
ts=2026-08-16T08:27:09.475452138Z caller=middlewares.go:34 method=Login took=970.408碌s
ts=2026-08-16T08:27:09.492602718Z caller=middlewares.go:157 method=Health result=2 took=203.324碌s
ts=2026-08-16T08:27:10.006586727Z caller=middlewares.go:157 method=Health result=2 took=252.46碌s
ts=2026-08-16T08:27:12.492720511Z caller=middlewares.go:157 method=Health result=2 took=278.2碌s
ts=2026-08-16T08:27:12.576115091Z caller=middlewares.go:34 method=Login took=880.649碌s
ts=2026-08-16T08:27:13.006867957Z caller=middlewares.go:157 method=Health result=2 took=270.885碌s
ts=2026-08-16T08:27:15.492662122Z caller=middlewares.go:157 method=Health result=2 took=275.083碌s
ts=2026-08-16T08:27:15.667769447Z caller=middlewares.go:34 method=Login took=943.009碌s
ts=2026-08-16T08:27:16.007583849Z caller=middlewares.go:157 method=Health result=2 took=248.44碌s
ts=2026-08-16T08:27:18.492743841Z caller=middlewares.go:157 method=Health result=2 took=308.127碌s
ts=2026-08-16T08:27:18.743197457Z caller=middlewares.go:34 method=Login took=878.123碌s
ts=2026-08-16T08:27:19.007531502Z caller=middlewares.go:157 method=Health result=2 took=270.215碌s
ts=2026-08-16T08:27:21.492576372Z caller=middlewares.go:157 method=Health result=2 took=363.074碌s
ts=2026-08-16T08:27:21.833584025Z caller=middlewares.go:34 method=Login took=934.95碌s
ts=2026-08-16T08:27:22.006835707Z caller=middlewares.go:157 method=Health result=2 took=247.679碌s
ts=2026-08-16T08:27:24.492867673Z caller=middlewares.go:157 method=Health result=2 took=282.898碌s
ts=2026-08-16T08:27:24.922862513Z caller=middlewares.go:34 method=Login took=933.249碌s
ts=2026-08-16T08:27:25.00706181Z caller=middlewares.go:157 method=Health result=2 took=237.731碌s
ts=2026-08-16T08:27:27.491098811Z caller=middlewares.go:157 method=Health result=2 took=262.728碌s
ts=2026-08-16T08:27:27.729140666Z caller=middlewares.go:34 method=Login took=962.613碌s
ts=2026-08-16T08:27:27.821294779Z caller=middlewares.go:34 method=Login took=894.083碌s
ts=2026-08-16T08:27:27.915652674Z caller=middlewares.go:34 method=Login took=938.641碌s
ts=2026-08-16T08:27:27.992207646Z caller=middlewares.go:34 method=Login took=931.535碌s
ts=2026-08-16T08:27:28.004990848Z caller=middlewares.go:157 method=Health result=2 took=187.518碌s
ts=2026-08-16T08:27:28.069722338Z caller=middlewares.go:34 method=Login took=901.843碌s
ts=2026-08-16T08:27:30.371109987Z caller=middlewares.go:34 method=Login took=1.501570549s
ts=2026-08-16T08:27:31.491571034Z caller=middlewares.go:157 method=Health result=2 took=1.001009086s
ts=2026-08-16T08:27:31.505588022Z caller=middlewares.go:157 method=Health result=2 took=500.318864ms
ts=2026-08-16T08:27:31.961662191Z caller=middlewares.go:34 method=Login took=1.501488371s
ts=2026-08-16T08:27:33.52040901Z caller=middlewares.go:34 method=Login took=1.501573865s
ts=2026-08-16T08:27:33.99087669Z caller=middlewares.go:157 method=Health result=2 took=500.33781ms
ts=2026-08-16T08:27:34.504977473Z caller=middlewares.go:157 method=Health result=2 took=500.302076ms
ts=2026-08-16T08:27:35.121735335Z caller=middlewares.go:34 method=Login took=1.501541587s
ts=2026-08-16T08:27:36.712833421Z caller=middlewares.go:34 method=Login took=1.501486105s
ts=2026-08-16T08:27:36.990770482Z caller=middlewares.go:157 method=Health result=2 took=500.354171ms
ts=2026-08-16T08:27:37.504916032Z caller=middlewares.go:157 method=Health result=2 took=500.327969ms
ts=2026-08-16T08:27:39.990529964Z caller=middlewares.go:157 method=Health result=2 took=500.416652ms
ts=2026-08-16T08:27:40.505251039Z caller=middlewares.go:157 method=Health result=2 took=500.404817ms
ts=2026-08-16T08:27:42.990682516Z caller=middlewares.go:157 method=Health result=2 took=500.378034ms
ts=2026-08-16T08:27:43.504652599Z caller=middlewares.go:157 method=Health result=2 took=500.305875ms
ts=2026-08-16T08:27:45.99088514Z caller=middlewares.go:157 method=Health result=2 took=500.344609ms
ts=2026-08-16T08:27:46.505103013Z caller=middlewares.go:157 method=Health result=2 took=500.313328ms
ts=2026-08-16T08:27:48.9912285Z caller=middlewares.go:157 method=Health result=2 took=500.356556ms
ts=2026-08-16T08:27:49.505605603Z caller=middlewares.go:157 method=Health result=2 took=500.371498ms
ts=2026-08-16T08:27:51.991314706Z caller=middlewares.go:157 method=Health result=2 took=500.361203ms
ts=2026-08-16T08:27:52.504763722Z caller=middlewares.go:157 method=Health result=2 took=500.347731ms
ts=2026-08-16T08:27:54.990663826Z caller=middlewares.go:157 method=Health result=2 took=500.409988ms
ts=2026-08-16T08:27:55.5049537Z caller=middlewares.go:157 method=Health result=2 took=500.3393ms
ts=2026-08-16T08:27:57.989809649Z caller=middlewares.go:157 method=Health result=2 took=500.352279ms
ts=2026-08-16T08:27:58.74124984Z caller=middlewares.go:157 method=Health result=2 took=738.08984ms
ts=2026-08-16T08:27:59.560056887Z caller=middlewares.go:34 method=Login took=924.257碌s
ts=2026-08-16T08:28:00.489948076Z caller=middlewares.go:157 method=Health result=2 took=258.502碌s
ts=2026-08-16T08:28:01.00399769Z caller=middlewares.go:157 method=Health result=2 took=246.077碌s
ts=2026-08-16T08:28:01.64173542Z caller=middlewares.go:34 method=Login took=916.327碌s
ts=2026-08-16T08:28:03.489363512Z caller=middlewares.go:157 method=Health result=2 took=323.511碌s
ts=2026-08-16T08:28:03.756494593Z caller=middlewares.go:34 method=Login took=1.304649ms
ts=2026-08-16T08:28:04.004407589Z caller=middlewares.go:157 method=Health result=2 took=264.223碌s
ts=2026-08-16T08:28:05.82143171Z caller=middlewares.go:34 method=Login took=960.533碌s
ts=2026-08-16T08:28:06.489130247Z caller=middlewares.go:157 method=Health result=2 took=307.623碌s
ts=2026-08-16T08:28:07.003795005Z caller=middlewares.go:157 method=Health result=2 took=278.881碌s
ts=2026-08-16T08:28:07.892561368Z caller=middlewares.go:34 method=Login took=942.588碌s
ts=2026-08-16T08:28:09.489508906Z caller=middlewares.go:157 method=Health result=2 took=214.442碌s
ts=2026-08-16T08:28:09.985728046Z caller=middlewares.go:34 method=Login took=933.429碌s
ts=2026-08-16T08:28:10.003584795Z caller=middlewares.go:157 method=Health result=2 took=197.212碌s
ts=2026-08-16T08:28:12.489797517Z caller=middlewares.go:157 method=Health result=2 took=300.856碌s
ts=2026-08-16T08:28:13.00400258Z caller=middlewares.go:157 method=Health result=2 took=251.247碌s
ts=2026-08-16T08:28:13.064845218Z caller=middlewares.go:34 method=Login took=844.935碌s
ts=2026-08-16T08:28:15.489755035Z caller=middlewares.go:157 method=Health result=2 took=268.672碌s
ts=2026-08-16T08:28:16.004043466Z caller=middlewares.go:157 method=Health result=2 took=250.422碌s
ts=2026-08-16T08:28:16.150845215Z caller=middlewares.go:34 method=Login took=846.695碌s
ts=2026-08-16T08:28:18.489870617Z caller=middlewares.go:157 method=Health result=2 took=276.868碌s
ts=2026-08-16T08:28:19.003895507Z caller=middlewares.go:157 method=Health result=2 took=320.639碌s
ts=2026-08-16T08:28:19.247018397Z caller=middlewares.go:34 method=Login took=1.01612ms
ts=2026-08-16T08:28:21.489496616Z caller=middlewares.go:157 method=Health result=2 took=268.861碌s
ts=2026-08-16T08:28:22.003421292Z caller=middlewares.go:157 method=Health result=2 took=278.148碌s
ts=2026-08-16T08:28:22.342311275Z caller=middlewares.go:34 method=Login took=955.67碌s
ts=2026-08-16T08:28:24.489514266Z caller=middlewares.go:157 method=Health result=2 took=272.799碌s
ts=2026-08-16T08:28:25.00363285Z caller=middlewares.go:157 method=Health result=2 took=254.032碌s
ts=2026-08-16T08:28:25.428394512Z caller=middlewares.go:34 method=Login took=938.513碌s
ts=2026-08-16T08:28:27.488001487Z caller=middlewares.go:157 method=Health result=2 took=326.393碌s
ts=2026-08-16T08:28:28.002843841Z caller=middlewares.go:157 method=Health result=2 took=288.818碌s
ts=2026-08-16T08:28:28.517976991Z caller=middlewares.go:34 method=Login took=970.44碌s
ts=2026-08-16T08:28:30.488557766Z caller=middlewares.go:157 method=Health result=2 took=312.105碌s
ts=2026-08-16T08:28:31.003171661Z caller=middlewares.go:157 method=Health result=2 took=269.061碌s
ts=2026-08-16T08:28:31.611598145Z caller=middlewares.go:34 method=Login took=946.285碌s
ts=2026-08-16T08:28:33.488912683Z caller=middlewares.go:157 method=Health result=2 took=277.865碌s
ts=2026-08-16T08:28:34.002460892Z caller=middlewares.go:157 method=Health result=2 took=271.531碌s
ts=2026-08-16T08:28:34.708290699Z caller=middlewares.go:34 method=Login took=959.255碌s
ts=2026-08-16T08:28:36.488838249Z caller=middlewares.go:157 method=Health result=2 took=264.559碌s
ts=2026-08-16T08:28:37.002195041Z caller=middlewares.go:157 method=Health result=2 took=237.407碌s
ts=2026-08-16T08:28:37.800579957Z caller=middlewares.go:34 method=Login took=919.855碌s
ts=2026-08-16T08:28:39.487953384Z caller=middlewares.go:157 method=Health result=2 took=264.513碌s
ts=2026-08-16T08:28:40.003030459Z caller=middlewares.go:157 method=Health result=2 took=249.019碌s
ts=2026-08-16T08:28:40.882997581Z caller=middlewares.go:34 method=Login took=918.202碌s
ts=2026-08-16T08:28:42.488083212Z caller=middlewares.go:157 method=Health result=2 took=329.97碌s
ts=2026-08-16T08:28:43.002359745Z caller=middlewares.go:157 method=Health result=2 took=251.087碌s
ts=2026-08-16T08:28:43.953856229Z caller=middlewares.go:34 method=Login took=914.163碌s
ts=2026-08-16T08:28:45.488677004Z caller=middlewares.go:157 method=Health result=2 took=290.483碌s
ts=2026-08-16T08:28:46.0024237Z caller=middlewares.go:157 method=Health result=2 took=257.149碌s
ts=2026-08-16T08:28:47.015016088Z caller=middlewares.go:34 method=Login took=887.636碌s
ts=2026-08-16T08:28:48.48823573Z caller=middlewares.go:157 method=Health result=2 took=279.739碌s
ts=2026-08-16T08:28:49.002859667Z caller=middlewares.go:157 method=Health result=2 took=250.482碌s
ts=2026-08-16T08:28:50.095734791Z caller=middlewares.go:34 method=Login took=913.723碌s
ts=2026-08-16T08:28:51.488174236Z caller=middlewares.go:157 method=Health result=2 took=342.85碌s
ts=2026-08-16T08:28:52.002468193Z caller=middlewares.go:157 method=Health result=2 took=235.446碌s
ts=2026-08-16T08:28:53.146384675Z caller=middlewares.go:34 method=Login took=927.769碌s
ts=2026-08-16T08:28:54.487869004Z caller=middlewares.go:157 method=Health result=2 took=311.204碌s
ts=2026-08-16T08:28:55.00244734Z caller=middlewares.go:157 method=Health result=2 took=256.201碌s
ts=2026-08-16T08:28:56.210962292Z caller=middlewares.go:34 method=Login took=938.991碌s
ts=2026-08-16T08:28:57.487046998Z caller=middlewares.go:157 method=Health result=2 took=273.851碌s
ts=2026-08-16T08:28:58.001178074Z caller=middlewares.go:157 method=Health result=2 took=256.768碌s
ts=2026-08-16T08:28:59.306067716Z caller=middlewares.go:34 method=Login took=988.687碌s
ts=2026-08-16T08:29:00.486789594Z caller=middlewares.go:157 method=Health result=2 took=285.624碌s
ts=2026-08-16T08:29:01.000995272Z caller=middlewares.go:157 method=Health result=2 took=291.635碌s
ts=2026-08-16T08:29:02.385455127Z caller=middlewares.go:34 method=Login took=961.345碌s
ts=2026-08-16T08:29:03.487496385Z caller=middlewares.go:157 method=Health result=2 took=605.374碌s
ts=2026-08-16T08:29:04.000934221Z caller=middlewares.go:157 method=Health result=2 took=259.794碌s
ts=2026-08-16T08:29:05.460837548Z caller=middlewares.go:34 method=Login took=947.923碌s
ts=2026-08-16T08:29:06.486799621Z caller=middlewares.go:157 method=Health result=2 took=290.073碌s
ts=2026-08-16T08:29:07.000922607Z caller=middlewares.go:157 method=Health result=2 took=254.354碌s
ts=2026-08-16T08:29:08.549408009Z caller=middlewares.go:34 method=Login took=1.019292ms
ts=2026-08-16T08:29:09.486831321Z caller=middlewares.go:157 method=Health result=2 took=372.785碌s
ts=2026-08-16T08:29:10.001443673Z caller=middlewares.go:157 method=Health result=2 took=279.586碌s
ts=2026-08-16T08:29:11.638788631Z caller=middlewares.go:34 method=Login took=996.147碌s
ts=2026-08-16T08:29:12.487341047Z caller=middlewares.go:157 method=Health result=2 took=281.977碌s
ts=2026-08-16T08:29:13.001429008Z caller=middlewares.go:157 method=Health result=2 took=262.74碌s
ts=2026-08-16T08:29:14.386901479Z caller=middlewares.go:34 method=Login took=1.024217ms
ts=2026-08-16T08:29:14.484069971Z caller=middlewares.go:34 method=Login took=920.415碌s
ts=2026-08-16T08:29:14.561270359Z caller=middlewares.go:34 method=Login took=878.084碌s
ts=2026-08-16T08:29:14.639349493Z caller=middlewares.go:34 method=Login took=904.064碌s
ts=2026-08-16T08:29:14.701196161Z caller=middlewares.go:34 method=Login took=774.092碌s
ts=2026-08-16T08:29:15.486430756Z caller=middlewares.go:157 method=Health result=2 took=298.198碌s
ts=2026-08-16T08:29:15.511952516Z caller=middlewares.go:34 method=Login took=907.878碌s
ts=2026-08-16T08:29:15.598684268Z caller=middlewares.go:34 method=Login took=1.001834ms
ts=2026-08-16T08:29:15.650376394Z caller=middlewares.go:34 method=Login took=897.972碌s
ts=2026-08-16T08:29:15.726812823Z caller=middlewares.go:34 method=Login took=918.156碌s
ts=2026-08-16T08:29:15.822302778Z caller=middlewares.go:34 method=Login took=895.101碌s
ts=2026-08-16T08:29:16.001944806Z caller=middlewares.go:157 method=Health result=2 took=245.767碌s
ts=2026-08-16T08:29:18.486789779Z caller=middlewares.go:157 method=Health result=2 took=267.674碌s
ts=2026-08-16T08:29:19.033948937Z caller=middlewares.go:157 method=Health result=2 took=319.67碌s
ts=2026-08-16T08:29:21.486640699Z caller=middlewares.go:157 method=Health result=2 took=312.918碌s
ts=2026-08-16T08:29:22.001399339Z caller=middlewares.go:157 method=Health result=2 took=198.125碌s
ts=2026-08-16T08:29:24.486253524Z caller=middlewares.go:157 method=Health result=2 took=243.852碌s
ts=2026-08-16T08:29:25.001395321Z caller=middlewares.go:157 method=Health result=2 took=237.14碌s
ts=2026-08-16T08:29:27.485564736Z caller=middlewares.go:157 method=Health result=2 took=259.253碌s
ts=2026-08-16T08:29:27.999402426Z caller=middlewares.go:157 method=Health result=2 took=267.69碌s
ts=2026-08-16T08:29:30.485100557Z caller=middlewares.go:157 method=Health result=2 took=331.813碌s
ts=2026-08-16T08:29:31.031875817Z caller=middlewares.go:157 method=Health result=2 took=295.21碌s
ts=2026-08-16T08:29:33.485200177Z caller=middlewares.go:157 method=Health result=2 took=295.925碌s
ts=2026-08-16T08:29:33.999844082Z caller=middlewares.go:157 method=Health result=2 took=284.676碌s
ts=2026-08-16T08:29:36.485360145Z caller=middlewares.go:157 method=Health result=2 took=268.551碌s
ts=2026-08-16T08:29:37.039029454Z caller=middlewares.go:157 method=Health result=2 took=299.282碌s
ts=2026-08-16T08:29:39.484673274Z caller=middlewares.go:157 method=Health result=2 took=241.424碌s
ts=2026-08-16T08:29:40.041409099Z caller=middlewares.go:157 method=Health result=2 took=395.507碌s
ts=2026-08-16T08:29:42.485209088Z caller=middlewares.go:157 method=Health result=2 took=265.38碌s
ts=2026-08-16T08:29:42.99982581Z caller=middlewares.go:157 method=Health result=2 took=244.258碌s
ts=2026-08-16T08:29:45.485000611Z caller=middlewares.go:157 method=Health result=2 took=268.911碌s
ts=2026-08-16T08:29:45.999858363Z caller=middlewares.go:157 method=Health result=2 took=327.265碌s
ts=2026-08-16T08:29:46.072508758Z caller=middlewares.go:34 method=Login took=965.319碌s
ts=2026-08-16T08:29:48.166673391Z caller=middlewares.go:34 method=Login took=899.947碌s
ts=2026-08-16T08:29:48.485381073Z caller=middlewares.go:157 method=Health result=2 took=274.583碌s
ts=2026-08-16T08:29:48.999239925Z caller=middlewares.go:157 method=Health result=2 took=264.518碌s
ts=2026-08-16T08:29:50.239178156Z caller=middlewares.go:34 method=Login took=936.568碌s
ts=2026-08-16T08:29:51.485297705Z caller=middlewares.go:157 method=Health result=2 took=288.99碌s
ts=2026-08-16T08:29:51.99954773Z caller=middlewares.go:157 method=Health result=2 took=281.647碌s
ts=2026-08-16T08:29:52.318871645Z caller=middlewares.go:34 method=Login took=941.237碌s
ts=2026-08-16T08:29:54.409076175Z caller=middlewares.go:34 method=Login took=953.46碌s
ts=2026-08-16T08:29:54.484706545Z caller=middlewares.go:157 method=Health result=2 took=211.851碌s
ts=2026-08-16T08:29:54.999545313Z caller=middlewares.go:157 method=Health result=2 took=293.148碌s
ts=2026-08-16T08:29:56.480177172Z caller=middlewares.go:34 method=Login took=939.434碌s
ts=2026-08-16T08:29:57.483581638Z caller=middlewares.go:157 method=Health result=2 took=327.205碌s
ts=2026-08-16T08:29:57.998498211Z caller=middlewares.go:157 method=Health result=2 took=296.766碌s
ts=2026-08-16T08:29:59.565002226Z caller=middlewares.go:34 method=Login took=935.234碌s
ts=2026-08-16T08:30:00.484461276Z caller=middlewares.go:157 method=Health result=2 took=297.127碌s
ts=2026-08-16T08:30:00.998597015Z caller=middlewares.go:157 method=Health result=2 took=280.935碌s
ts=2026-08-16T08:30:02.65206101Z caller=middlewares.go:34 method=Login took=986.324碌s
ts=2026-08-16T08:30:03.483969506Z caller=middlewares.go:157 method=Health result=2 took=310.345碌s
ts=2026-08-16T08:30:03.998585316Z caller=middlewares.go:157 method=Health result=2 took=267.529碌s
ts=2026-08-16T08:30:05.737998765Z caller=middlewares.go:34 method=Login took=941.675碌s
ts=2026-08-16T08:30:06.483470548Z caller=middlewares.go:157 method=Health result=2 took=285.224碌s
ts=2026-08-16T08:30:06.998394717Z caller=middlewares.go:157 method=Health result=2 took=301.887碌s
ts=2026-08-16T08:30:08.802723755Z caller=middlewares.go:34 method=Login took=909.038碌s
ts=2026-08-16T08:30:09.483451603Z caller=middlewares.go:157 method=Health result=2 took=245.487碌s
ts=2026-08-16T08:30:09.997973851Z caller=middlewares.go:157 method=Health result=2 took=286.847碌s
ts=2026-08-16T08:30:11.876228095Z caller=middlewares.go:34 method=Login took=971.744碌s
ts=2026-08-16T08:30:12.484414921Z caller=middlewares.go:157 method=Health result=2 took=271.999碌s
ts=2026-08-16T08:30:12.998346056Z caller=middlewares.go:157 method=Health result=2 took=281.337碌s
ts=2026-08-16T08:30:14.944994478Z caller=middlewares.go:34 method=Login took=994.895碌s
ts=2026-08-16T08:30:15.484393595Z caller=middlewares.go:157 method=Health result=2 took=271.267碌s
ts=2026-08-16T08:30:15.997980004Z caller=middlewares.go:157 method=Health result=2 took=281.388碌s
ts=2026-08-16T08:30:18.019812428Z caller=middlewares.go:34 method=Login took=989.546碌s
ts=2026-08-16T08:30:18.483915347Z caller=middlewares.go:157 method=Health result=2 took=265.657碌s
ts=2026-08-16T08:30:18.997855739Z caller=middlewares.go:157 method=Health result=2 took=277.019碌s
ts=2026-08-16T08:30:21.07697938Z caller=middlewares.go:34 method=Login took=957.392碌s
ts=2026-08-16T08:30:21.484487256Z caller=middlewares.go:157 method=Health result=2 took=263.852碌s
ts=2026-08-16T08:30:21.99772395Z caller=middlewares.go:157 method=Health result=2 took=277.569碌s
ts=2026-08-16T08:30:24.170163339Z caller=middlewares.go:34 method=Login took=899.786碌s
ts=2026-08-16T08:30:24.483744102Z caller=middlewares.go:157 method=Health result=2 took=247.31碌s
ts=2026-08-16T08:30:24.998472322Z caller=middlewares.go:157 method=Health result=2 took=270.977碌s
ts=2026-08-16T08:30:27.247244111Z caller=middlewares.go:34 method=Login took=1.00513ms
ts=2026-08-16T08:30:27.483211924Z caller=middlewares.go:157 method=Health result=2 took=260.566碌s
ts=2026-08-16T08:30:27.997545518Z caller=middlewares.go:157 method=Health result=2 took=266.867碌s
ts=2026-08-16T08:30:30.32175057Z caller=middlewares.go:34 method=Login took=943.327碌s
ts=2026-08-16T08:30:30.483115082Z caller=middlewares.go:157 method=Health result=2 took=337.184碌s
ts=2026-08-16T08:30:30.997631269Z caller=middlewares.go:157 method=Health result=2 took=278.58碌s
ts=2026-08-16T08:30:33.394376498Z caller=middlewares.go:34 method=Login took=905.818碌s
ts=2026-08-16T08:30:33.483018415Z caller=middlewares.go:157 method=Health result=2 took=249.935碌s
ts=2026-08-16T08:30:33.997812672Z caller=middlewares.go:157 method=Health result=2 took=299.14碌s
ts=2026-08-16T08:30:36.475459735Z caller=middlewares.go:34 method=Login took=1.049152ms
ts=2026-08-16T08:30:36.482436366Z caller=middlewares.go:157 method=Health result=2 took=194.788碌s
ts=2026-08-16T08:30:36.997252516Z caller=middlewares.go:157 method=Health result=2 took=283.189碌s
ts=2026-08-16T08:30:39.482408833Z caller=middlewares.go:157 method=Health result=2 took=256.277碌s
ts=2026-08-16T08:30:39.53868794Z caller=middlewares.go:34 method=Login took=1.008598ms
ts=2026-08-16T08:30:39.997776471Z caller=middlewares.go:157 method=Health result=2 took=375.188碌s
ts=2026-08-16T08:30:42.482550948Z caller=middlewares.go:157 method=Health result=2 took=343.947碌s
ts=2026-08-16T08:30:42.608298963Z caller=middlewares.go:34 method=Login took=937.835碌s
ts=2026-08-16T08:30:42.996906343Z caller=middlewares.go:157 method=Health result=2 took=268.591碌s
ts=2026-08-16T08:30:45.483234184Z caller=middlewares.go:157 method=Health result=2 took=288.109碌s
ts=2026-08-16T08:30:45.694078683Z caller=middlewares.go:34 method=Login took=967.598碌s
ts=2026-08-16T08:30:45.997170147Z caller=middlewares.go:157 method=Health result=2 took=281.005碌s
ts=2026-08-16T08:30:48.482806802Z caller=middlewares.go:157 method=Health result=2 took=282.559碌s
ts=2026-08-16T08:30:48.780009177Z caller=middlewares.go:34 method=Login took=1.018667ms
ts=2026-08-16T08:30:48.99755915Z caller=middlewares.go:157 method=Health result=2 took=293.609碌s
ts=2026-08-16T08:30:51.482959848Z caller=middlewares.go:157 method=Health result=2 took=264.864碌s
ts=2026-08-16T08:30:51.851840806Z caller=middlewares.go:34 method=Login took=904.606碌s
ts=2026-08-16T08:30:51.997835134Z caller=middlewares.go:157 method=Health result=2 took=302.197碌s
ts=2026-08-16T08:30:54.483066794Z caller=middlewares.go:157 method=Health result=2 took=320.261碌s
ts=2026-08-16T08:30:54.913117058Z caller=middlewares.go:34 method=Login took=913.613碌s
ts=2026-08-16T08:30:54.997651872Z caller=middlewares.go:157 method=Health result=2 took=256.898碌s
ts=2026-08-16T08:30:57.481023049Z caller=middlewares.go:157 method=Health result=2 took=273.661碌s
ts=2026-08-16T08:30:57.99528798Z caller=middlewares.go:157 method=Health result=2 took=297.14碌s
ts=2026-08-16T08:30:58.004952605Z caller=middlewares.go:34 method=Login took=1.101726ms
