2026-08-15T11:14:41.382+0000 I CONTROL  [initandlisten] MongoDB starting : pid=1 port=27017 dbpath=/data/db-users 64-bit host=user-db-874ffcd78-9bgnl
2026-08-15T11:14:41.383+0000 I CONTROL  [initandlisten] db version v3.2.10
2026-08-15T11:14:41.383+0000 I CONTROL  [initandlisten] git version: 79d9b3ab5ce20f51c272b4411202710a082d0317
2026-08-15T11:14:41.383+0000 I CONTROL  [initandlisten] OpenSSL version: OpenSSL 1.0.1t  3 May 2016
2026-08-15T11:14:41.383+0000 I CONTROL  [initandlisten] allocator: tcmalloc
2026-08-15T11:14:41.383+0000 I CONTROL  [initandlisten] modules: none
2026-08-15T11:14:41.383+0000 I CONTROL  [initandlisten] build environment:
2026-08-15T11:14:41.383+0000 I CONTROL  [initandlisten]     distmod: debian81
2026-08-15T11:14:41.383+0000 I CONTROL  [initandlisten]     distarch: x86_64
2026-08-15T11:14:41.383+0000 I CONTROL  [initandlisten]     target_arch: x86_64
2026-08-15T11:14:41.383+0000 I CONTROL  [initandlisten] options: { config: "/etc/mongodb.conf", storage: { dbPath: "/data/db-users", mmapv1: { smallFiles: true } } }
2026-08-15T11:14:41.385+0000 I -        [initandlisten] Detected data files in /data/db-users created by the 'wiredTiger' storage engine, so setting the active storage engine to 'wiredTiger'.
2026-08-15T11:14:41.386+0000 I STORAGE  [initandlisten] wiredtiger_open config: create,cache_size=17G,session_max=20000,eviction=(threads_max=4),config_base=false,statistics=(fast),log=(enabled=true,archive=true,path=journal,compressor=snappy),file_manager=(close_idle_time=100000),checkpoint=(wait=60,log_size=2GB),statistics_log=(wait=0),
2026-08-15T11:14:41.671+0000 W STORAGE  [initandlisten] Detected configuration for non-active storage engine mmapv1 when current storage engine is wiredTiger
2026-08-15T11:14:41.676+0000 I FTDC     [initandlisten] Initializing full-time diagnostic data capture with directory '/data/db-users/diagnostic.data'
2026-08-15T11:14:41.676+0000 I NETWORK  [HostnameCanonicalizationWorker] Starting hostname canonicalization worker
2026-08-15T11:14:41.677+0000 I NETWORK  [initandlisten] waiting for connections on port 27017
2026-08-15T11:14:42.119+0000 I NETWORK  [initandlisten] connection accepted from 10.244.2.65:56802 #1 (1 connection now open)
2026-08-15T11:14:42.120+0000 I NETWORK  [initandlisten] connection accepted from 10.244.2.65:56812 #2 (2 connections now open)
2026-08-15T11:14:42.120+0000 I NETWORK  [initandlisten] connection accepted from 10.244.2.65:56826 #3 (3 connections now open)
2026-08-15T11:14:42.120+0000 I NETWORK  [initandlisten] connection accepted from 10.244.2.65:56838 #4 (4 connections now open)
